============================= test session starts ==============================
platform linux -- Python 3.12.11, pytest-8.3.4, pluggy-1.6.0
rootdir: /mnt/e/source/personal_repos/homeassistant/custom_components/price_tracker
configfile: pytest.ini
plugins: asyncio-0.24.0, socket-0.7.0, picked-0.5.0, xdist-3.6.1, syrupy-4.8.0, unordered-0.6.1, respx-0.21.1, anyio-4.10.0, pytest_freezer-0.4.8, sugar-1.0.0, aiohttp-1.0.5, requests-mock-1.12.1, cov-6.0.0, homeassistant-custom-component-0.13.205, github-actions-annotate-failures-0.2.0, timeout-2.3.1
asyncio: mode=Mode.AUTO, default_loop_scope="function"
collected 1 item

tests/buywisely/test_buywisely_parser.py::test_hydration_parser_with_real_data 
-------------------------------- live log setup --------------------------------
2025-09-22 13:00:45 [DEBUG] Using selector: EpollSelector (selector_events.py:64)
2025-09-22 13:00:45 [DEBUG] Using selector: EpollSelector (selector_events.py:64)
-------------------------------- live log call ---------------------------------
2025-09-22 13:00:45 [DEBUG] [_extract_raw_next_f_push_strings] Input HTML: <html><body><script>self.__next_f.push([1,"1:HL[\"/_next/static/media/2b3f1035ed87a788-s.p.woff2\",\"font\",{\"crossOrigin\":\"\",\"type\":\"font/woff2\"}]\n2:HL[\"/_next/static/media/8bf7b2ceda89477b... (hydration_parser.py:13)
2025-09-22 13:00:45 [DEBUG] [_extract_raw_next_f_push_strings] Found script tag: <script>self.__next_f.push([1,"1:HL[\"/_next/static/media/2b3f1035ed87a788-s.p.woff2\",\"font\",{\"crossOrigin\":\"\",\"type\":\"font/woff2\"}]\n2:HL[\"/_next/static/media/8bf7b2ceda89477b-s.p.woff2\",\"font\",{\"crossOrigin\":\"\",\"type\":\"font/woff2\"}]\n3:HL[\"/_next/static/css/e0d445a9cf4aff75.css\",\"style\"]\n"])
self.__next_f.push([1,"4:I[89562,[],\"\"]\n7:I[78703,[],\"\"]\n9:I[53751,[],\"\"]\nc:I[11478,[\"3655\",\"static/chunks/3655-f78e4e363a5541d0.js\",\"395\",\"static/chunks/app/product/%5Bslug%5D/layout-afd1e0771fc65a8b.js\"],\"\"]\nd:I[25719,[\"3655\",\"static/chunks/3655-f78e4e363a5541d0.js\",\"6290\",\"static/chunks/6290-2a8ce89a0b5a3df8.js\",\"3895\",\"static/chunks/app/product/%5Bslug%5D/@offers/loading-91e67d2edba3eaa4.js\"],\"default\"]\ne:I[88170,[\"3655\",\"static/chunks/3655-f78e4e363a5541d0.js\",\"6290\",\"static/chunks/6290-2a8ce89a0b5a3df8.js\",\"3895\",\"static/chunks/app/product/%5Bslug%5D/@offers/loading-91e67d2edba3eaa4.js\"],\"\"]\nf:I[44863,[\"3655\",\"static/chunks/3655-f78e4e363a5541d0.js\",\"395\",\"static/chunks/app/product/%5Bslug%5D/layout-afd1e0771fc65a8b.js\"],\"\"]\n10:I[39146,[\"3655\",\"static/chunks/3655-f78e4e363a5541d0.js\",\"6290\",\"static/chunks/6290-2a8ce89a0b5a3df8.js\",\"2665\",\"static/chunks/2665-2d172eda87a962e3.js\",\"6435\",\"static/chunks/app/product/%5Bslug%5D/@info/loading-1c1ee849e97e6a1a.js\"],\"\"]\n13:I[79165,[\"3655\",\"static/chunks/3655-f78e4e363a5541d0.js\",\"6290\",\"static/chunks/6290-2a8ce89a0b5a3df8.js\",\"6381\",\"static/chunks/6381-2b873addadcb95f3.js\",\"6310\",\"static/chunks/6310-99207018fb617736.js\",\"5469\",\"static/chunks/5469-d5f85e2b5dbb2663.js\",\"6341\",\"static/chunks/6341-ca54939c2b36d77d.js\",\"6252\",\"static/chunks/6252-920c83842bca245b.js\",\"6574\",\"static/chunks/6574-85b13196e7d2f55e.js\",\"307\",\"static/chunks/307-cefa9bd2f7381bf5.js\",\"2665\",\"static/chunks/2665-2d172eda87a962e3.js\",\"684\",\"static/chunks/684-7de3c401504b82a2.js\",\"7269\",\"static/chunks/7269-a4bddb872ba784d5.js\",\"8327\",\"static/chunks/8327-5596df2c7a80e7eb.js\",\"5135\",\"static/chunks/5135-e150b38f04bc4ae4.js\",\"5127\",\"static/chunks/5127-7de194f1c35db063.js\",\"5805\",\"static/chunks/5805-5009d17ba83b5e07.js\",\"3185\",\"static/chunks/app/layout-0606493c769120ee.js\"],\"default\"]\n14:I[72470,[\"3655\",\"static/chunks/3655-f78e4e363a5541d0.js\",\"6290\",\"static/chunks/6290-2a8ce89a0b5a3df8.js\",\"6381\",\"static/chunks/6381-2b873addadcb95f3.js\",\"6310\",\"static/chunks/6310-99207018fb617736.js\",\"5469\",\"static/chunks/5469-d5f85e2b5dbb2663"])
self.__next_f.push([1,".js\",\"6341\",\"static/chunks/6341-ca54939c2b36d77d.js\",\"6252\",\"static/chunks/6252-920c83842bca245b.js\",\"6574\",\"static/chunks/6574-85b13196e7d2f55e.js\",\"307\",\"static/chunks/307-cefa9bd2f7381bf5.js\",\"2665\",\"static/chunks/2665-2d172eda87a962e3.js\",\"684\",\"static/chunks/684-7de3c401504b82a2.js\",\"7269\",\"static/chunks/7269-a4bddb872ba784d5.js\",\"8327\",\"static/chunks/8327-5596df2c7a80e7eb.js\",\"5135\",\"static/chunks/5135-e150b38f04bc4ae4.js\",\"5127\",\"static/chunks/5127-7de194f1c35db063.js\",\"5805\",\"static/chunks/5805-5009d17ba83b5e07.js\",\"3185\",\"static/chunks/app/layout-0606493c769120ee.js\"],\"UserProvider\"]\n15:I[68744,[\"3655\",\"static/chunks/3655-f78e4e363a5541d0.js\",\"6290\",\"static/chunks/6290-2a8ce89a0b5a3df8.js\",\"6381\",\"static/chunks/6381-2b873addadcb95f3.js\",\"6310\",\"static/chunks/6310-99207018fb617736.js\",\"5469\",\"static/chunks/5469-d5f85e2b5dbb2663.js\",\"6341\",\"static/chunks/6341-ca54939c2b36d77d.js\",\"6252\",\"static/chunks/6252-920c83842bca245b.js\",\"6574\",\"static/chunks/6574-85b13196e7d2f55e.js\",\"307\",\"static/chunks/307-cefa9bd2f7381bf5.js\",\"2665\",\"static/chunks/2665-2d172eda87a962e3.js\",\"684\",\"static/chunks/684-7de3c401504b82a2.js\",\"7269\",\"static/chunks/7269-a4bddb872ba784d5.js\",\"8327\",\"static/chunks/8327-5596df2c7a80e7eb.js\",\"5135\",\"static/chunks/5135-e150b38f04bc4ae4.js\",\"5127\",\"static/chunks/5127-7de194f1c35db063.js\",\"5805\",\"static/chunks/5805-5009d17ba83b5e07.js\",\"3185\",\"static/chunks/app/layout-0606493c769120ee.js\"],\"EventsProvider\"]\n16:I[58977,[\"3655\",\"static/chunks/3655-f78e4e363a5541d0.js\",\"6290\",\"static/chunks/6290-2a8ce89a0b5a3df8.js\",\"6381\",\"static/chunks/6381-2b873addadcb95f3.js\",\"6310\",\"static/chunks/6310-99207018fb617736.js\",\"5469\",\"static/chunks/5469-d5f85e2b5dbb2663.js\",\"6341\",\"static/chunks/6341-ca54939c2b36d77d.js\",\"6252\",\"static/chunks/6252-920c83842bca245b.js\",\"6574\",\"static/chunks/6574-85b13196e7d2f55e.js\",\"307\",\"static/chunks/307-cefa9bd2f7381bf5.js\",\"2665\",\"static/chunks/2665-2d172eda87a962e3.js\",\"684\",\"static/chunks/684-7de3c401504b82a2.js\",\"7269\",\"static/chunks/7269-a4bddb872ba784d5.js\",\"8327\",\"static/"])
self.__next_f.push([1,"chunks/8327-5596df2c7a80e7eb.js\",\"5135\",\"static/chunks/5135-e150b38f04bc4ae4.js\",\"5127\",\"static/chunks/5127-7de194f1c35db063.js\",\"5805\",\"static/chunks/5805-5009d17ba83b5e07.js\",\"3185\",\"static/chunks/app/layout-0606493c769120ee.js\"],\"default\"]\n17:I[66973,[\"3655\",\"static/chunks/3655-f78e4e363a5541d0.js\",\"6290\",\"static/chunks/6290-2a8ce89a0b5a3df8.js\",\"6381\",\"static/chunks/6381-2b873addadcb95f3.js\",\"6310\",\"static/chunks/6310-99207018fb617736.js\",\"5469\",\"static/chunks/5469-d5f85e2b5dbb2663.js\",\"6341\",\"static/chunks/6341-ca54939c2b36d77d.js\",\"6252\",\"static/chunks/6252-920c83842bca245b.js\",\"6574\",\"static/chunks/6574-85b13196e7d2f55e.js\",\"307\",\"static/chunks/307-cefa9bd2f7381bf5.js\",\"2665\",\"static/chunks/2665-2d172eda87a962e3.js\",\"684\",\"static/chunks/684-7de3c401504b82a2.js\",\"7269\",\"static/chunks/7269-a4bddb872ba784d5.js\",\"8327\",\"static/chunks/8327-5596df2c7a80e7eb.js\",\"5135\",\"static/chunks/5135-e150b38f04bc4ae4.js\",\"5127\",\"static/chunks/5127-7de194f1c35db063.js\",\"5805\",\"static/chunks/5805-5009d17ba83b5e07.js\",\"3185\",\"static/chunks/app/layout-0606493c769120ee.js\"],\"CollectionsProvider\"]\n18:I[32206,[\"3655\",\"static/chunks/3655-f78e4e363a5541d0.js\",\"6290\",\"static/chunks/6290-2a8ce89a0b5a3df8.js\",\"6381\",\"static/chunks/6381-2b873addadcb95f3.js\",\"6310\",\"static/chunks/6310-99207018fb617736.js\",\"5469\",\"static/chunks/5469-d5f85e2b5dbb2663.js\",\"6341\",\"static/chunks/6341-ca54939c2b36d77d.js\",\"6252\",\"static/chunks/6252-920c83842bca245b.js\",\"6574\",\"static/chunks/6574-85b13196e7d2f55e.js\",\"307\",\"static/chunks/307-cefa9bd2f7381bf5.js\",\"2665\",\"static/chunks/2665-2d172eda87a962e3.js\",\"684\",\"static/chunks/684-7de3c401504b82a2.js\",\"7269\",\"static/chunks/7269-a4bddb872ba784d5.js\",\"8327\",\"static/chunks/8327-5596df2c7a80e7eb.js\",\"5135\",\"static/chunks/5135-e150b38f04bc4ae4.js\",\"5127\",\"static/chunks/5127-7de194f1c35db063.js\",\"5805\",\"static/chunks/5805-5009d17ba83b5e07.js\",\"3185\",\"static/chunks/app/layout-0606493c769120ee.js\"],\"SearchProvider\"]\n19:I[25115,[\"3655\",\"static/chunks/3655-f78e4e363a5541d0.js\",\"6290\",\"static/chunks/6290-2a8ce89a0b5a3df"])
self.__next_f.push([1,"8.js\",\"6381\",\"static/chunks/6381-2b873addadcb95f3.js\",\"6310\",\"static/chunks/6310-99207018fb617736.js\",\"5469\",\"static/chunks/5469-d5f85e2b5dbb2663.js\",\"6341\",\"static/chunks/6341-ca54939c2b36d77d.js\",\"6252\",\"static/chunks/6252-920c83842bca245b.js\",\"6574\",\"static/chunks/6574-85b13196e7d2f55e.js\",\"307\",\"static/chunks/307-cefa9bd2f7381bf5.js\",\"2665\",\"static/chunks/2665-2d172eda87a962e3.js\",\"684\",\"static/chunks/684-7de3c401504b82a2.js\",\"7269\",\"static/chunks/7269-a4bddb872ba784d5.js\",\"8327\",\"static/chunks/8327-5596df2c7a80e7eb.js\",\"5135\",\"static/chunks/5135-e150b38f04bc4ae4.js\",\"5127\",\"static/chunks/5127-7de194f1c35db063.js\",\"5805\",\"static/chunks/5805-5009d17ba83b5e07.js\",\"3185\",\"static/chunks/app/layout-0606493c769120ee.js\"],\"DropdownProvider\"]\n1b:I[20977,[\"3655\",\"static/chunks/3655-f78e4e363a5541d0.js\",\"6290\",\"static/chunks/6290-2a8ce89a0b5a3df8.js\",\"6381\",\"static/chunks/6381-2b873addadcb95f3.js\",\"6310\",\"static/chunks/6310-99207018fb617736.js\",\"5469\",\"static/chunks/5469-d5f85e2b5dbb2663.js\",\"9160\",\"static/chunks/app/not-found-9fe2d208d6f479a3.js\"],\"default\"]\n1c:I[79529,[\"3655\",\"static/chunks/3655-f78e4e363a5541d0.js\",\"6290\",\"static/chunks/6290-2a8ce89a0b5a3df8.js\",\"6381\",\"static/chunks/6381-2b873addadcb95f3.js\",\"6310\",\"static/chunks/6310-99207018fb617736.js\",\"5469\",\"static/chunks/5469-d5f85e2b5dbb2663.js\",\"6341\",\"static/chunks/6341-ca54939c2b36d77d.js\",\"6252\",\"static/chunks/6252-920c83842bca245b.js\",\"6574\",\"static/chunks/6574-85b13196e7d2f55e.js\",\"307\",\"static/chunks/307-cefa9bd2f7381bf5.js\",\"2665\",\"static/chunks/2665-2d172eda87a962e3.js\",\"684\",\"static/chunks/684-7de3c401504b82a2.js\",\"7269\",\"static/chunks/7269-a4bddb872ba784d5.js\",\"8327\",\"static/chunks/8327-5596df2c7a80e7eb.js\",\"5135\",\"static/chunks/5135-e150b38f04bc4ae4.js\",\"5127\",\"static/chunks/5127-7de194f1c35db063.js\",\"5805\",\"static/chunks/5805-5009d17ba83b5e07.js\",\"3185\",\"static/chunks/app/layout-0606493c769120ee.js\"],\"default\"]\n1d:I[74906,[\"3655\",\"static/chunks/3655-f78e4e363a5541d0.js\",\"6290\",\"static/chunks/6290-2a8ce89a0b5a3df8.js\",\"6381\",\"static/chunks/6381-2"])
self.__next_f.push([1,"b873addadcb95f3.js\",\"6310\",\"static/chunks/6310-99207018fb617736.js\",\"5469\",\"static/chunks/5469-d5f85e2b5dbb2663.js\",\"6341\",\"static/chunks/6341-ca54939c2b36d77d.js\",\"6252\",\"static/chunks/6252-920c83842bca245b.js\",\"6574\",\"static/chunks/6574-85b13196e7d2f55e.js\",\"307\",\"static/chunks/307-cefa9bd2f7381bf5.js\",\"2665\",\"static/chunks/2665-2d172eda87a962e3.js\",\"684\",\"static/chunks/684-7de3c401504b82a2.js\",\"7269\",\"static/chunks/7269-a4bddb872ba784d5.js\",\"8327\",\"static/chunks/8327-5596df2c7a80e7eb.js\",\"5135\",\"static/chunks/5135-e150b38f04bc4ae4.js\",\"5127\",\"static/chunks/5127-7de194f1c35db063.js\",\"5805\",\"static/chunks/5805-5009d17ba83b5e07.js\",\"3185\",\"static/chunks/app/layout-0606493c769120ee.js\"],\"GoogleAnalytics\"]\n1e:I[25327,[\"3655\",\"static/chunks/3655-f78e4e363a5541d0.js\",\"6290\",\"static/chunks/6290-2a8ce89a0b5a3df8.js\",\"6381\",\"static/chunks/6381-2b873addadcb95f3.js\",\"6310\",\"static/chunks/6310-99207018fb617736.js\",\"5469\",\"static/chunks/5469-d5f85e2b5dbb2663.js\",\"6341\",\"static/chunks/6341-ca54939c2b36d77d.js\",\"6252\",\"static/chunks/6252-920c83842bca245b.js\",\"6574\",\"static/chunks/6574-85b13196e7d2f55e.js\",\"307\",\"static/chunks/307-cefa9bd2f7381bf5.js\",\"2665\",\"static/chunks/2665-2d172eda87a962e3.js\",\"684\",\"static/chunks/684-7de3c401504b82a2.js\",\"7269\",\"static/chunks/7269-a4bddb872ba784d5.js\",\"8327\",\"static/chunks/8327-5596df2c7a80e7eb.js\",\"5135\",\"static/chunks/5135-e150b38f04bc4ae4.js\",\"5127\",\"static/chunks/5127-7de194f1c35db063.js\",\"5805\",\"static/chunks/5805-5009d17ba83b5e07.js\",\"3185\",\"static/chunks/app/layout-0606493c769120ee.js\"],\"\"]\n20:I[51395,[],\"\"]\n8:[\"slug\",\"motorola-moto-g75-5g-256gb-grey-with-buds\",\"d\"]\n21:[]\n"])
self.__next_f.push([1,"0:[[[\"$\",\"link\",\"0\",{\"rel\":\"stylesheet\",\"href\":\"/_next/static/css/e0d445a9cf4aff75.css\",\"precedence\":\"next\",\"crossOrigin\":\"$undefined\"}]],[\"$\",\"$L4\",null,{\"buildId\":\"vVT_ICiXqaGX8gcuY6VmE\",\"assetPrefix\":\"\",\"initialCanonicalUrl\":\"/product/motorola-moto-g75-5g-256gb-grey-with-buds\",\"initialTree\":[\"\",{\"children\":[\"product\",{\"children\":[[\"slug\",\"motorola-moto-g75-5g-256gb-grey-with-buds\",\"d\"],{\"category\":[\"__PAGE__\",{\"children\":[\"__PAGE__\",{}]}],\"info\":[\"__PAGE__\",{\"children\":[\"__PAGE__\",{}]}],\"offers\":[\"__PAGE__\",{\"children\":[\"__PAGE__\",{}]}],\"children\":[\"__DEFAULT__\",{}]}]}]},\"$undefined\",\"$undefined\",true],\"initialSeedData\":[\"\",{\"children\":[\"product\",{\"children\":[[\"slug\",\"motorola-moto-g75-5g-256gb-grey-with-buds\",\"d\"],{\"category\":[\"__PAGE__\",{\"children\":[\"__PAGE__\",{},[[\"$L5\",\"$L6\"],null],null]},[\"$\",\"$L7\",null,{\"parallelRouterKey\":\"children\",\"segmentPath\":[\"children\",\"product\",\"children\",\"$8\",\"category\",\"__PAGE__\",\"children\"],\"error\":\"$undefined\",\"errorStyles\":\"$undefined\",\"errorScripts\":\"$undefined\",\"template\":[\"$\",\"$L9\",null,{}],\"templateStyles\":\"$undefined\",\"templateScripts\":\"$undefined\",\"notFound\":\"$undefined\",\"notFoundStyles\":\"$undefined\",\"styles\":null}],null],\"info\":[\"__PAGE__\",{\"children\":[\"__PAGE__\",{},[[\"$a\",\"$Lb\"],null],null]},[\"$\",\"$L7\",null,{\"parallelRouterKey\":\"children\",\"segmentPath\":[\"children\",\"product\",\"children\",\"$8\",\"info\",\"__PAGE__\",\"children\"],\"error\":\"$undefined\",\"errorStyles\":\"$undefined\",\"errorScripts\":\"$undefined\",\"template\":[\"$\",\"$L9\",null,{}],\"templateStyles\":\"$undefined\",\"templateScripts\":\"$undefined\",\"notFound\":\"$undefined\",\"notFoundStyles\":\"$undefined\",\"styles\":null}],[[[\"$\",\"$Lc\",null,{\"sx\":{\"display\":{\"xs\":\"flex\",\"md\":\"none\"},\"width\":\"100%\"},\"children\":[\"$\",\"$Ld\",null,{\"width\":\"100%\",\"spacing\":2,\"mb\":2,\"children\":[[\"$\",\"$Le\",null,{\"variant\":\"rectangular\",\"width\":\"100%\",\"height\":300}],[\"$\",\"$Le\",null,{\"variant\":\"rounded\",\"height\":250}]]}]}],[\"$\",\"$Lc\",null,{\"sx\":{\"display\":{\"xs\":\"none\",\"md\":\"flex\"}},\"children\":[\"$\",\"$Lf\",null,{\"children\":[\"$\",\"$Lc\",null,{\"width\":\"100%\",\"mb\":2,\"children\":[\"$\",\"$L10\",null,{\"container\":true,\"justifyContent\":\"space-around\",\"children\":[[\"$\",\"$Le\",null,{\"variant\":\"rectangular\",\"width\":380,\"height\":400}],[\"$\",\"$L10\",null,{\"item\":true,\"md\":6,\"xs\":12,\"alignItems\":\"center\",\"children\":[[\"$\",\"$Le\",null,{\"width\":400,\"height\":50}],[\"$\",\"$Lc\",null,{\"my\":4,\"children\":[\"$\",\"$Le\",null,{\"variant\":\"rounded\",\"width\":600,\"height\":200}]}]]}]]}]}]}]}]],[],[]]],\"offers\":[\"__PAGE__\",{\"children\":[\"__PAGE__\",{},[[\"$a\",\"$L11\"],null],null]},[\"$\",\"$L7\",null,{\"parallelRouterKey\":\"children\",\"segmentPath\":[\"children\",\"product\",\"children\",\"$8\",\"offers\",\"__PAGE__\",\"children\"],\"error\":\"$undefined\",\"errorStyles\":\"$undefined\",\"errorScripts\":\"$undefined\",\"template\":[\"$\",\"$L9\",null,{}],\"templateStyles\":\"$undefined\",\"templateScripts\":\"$undefined\",\"notFound\":\"$undefined\",\"notFoundStyles\":\"$undefined\",\"styles\":null}],[[[\"$\",\"$Lc\",null,{\"sx\":{\"display\":{\"xs\":\"flex\",\"md\":\"none\"}},\"children\":[\"$\",\"$Ld\",null,{\"spacing\":2,\"width\":\"100%\",\"pt\":2,\"children\":[[\"$\",\"$Le\",null,{\"variant\":\"rounded\",\"width\":\"100%\",\"height\":30}],[[\"$\",\"$Le\",\"0\",{\"width\":\"100%\",\"height\":80,\"variant\":\"rounded\"}],[\"$\",\"$Le\",\"1\",{\"width\":\"100%\",\"height\":80,\"variant\":\"rounded\"}],[\"$\",\"$Le\",\"2\",{\"width\":\"100%\",\"height\":80,\"variant\":\"rounded\"}],[\"$\",\"$Le\",\"3\",{\"width\":\"100%\",\"height\":80,\"variant\":\"rounded\"}],[\"$\",\"$Le\",\"4\",{\"width\":\"100%\",\"height\":80,\"variant\":\"rounded\"}]]]}]}],[\"$\",\"$Lc\",null,{\"sx\":{\"display\":{\"xs\":\"none\",\"md\":\"flex\"}},\"children\":[\"$\",\"$Ld\",null,{\"spacing\":2,\"my\":2,\"width\":\"100%\",\"children\":[[\"$\",\"$Le\",null,{\"variant\":\"rounded\",\"width\":280,\"height\":30}],[\"$\",\"$Ld\",null,{\"spacing\":2,\"children\":[[\"$\",\"$Le\",\"0\",{\"width\":\"100%\",\"height\":60,\"variant\":\"rounded\"}],[\"$\",\"$Le\",\"1\",{\"width\":\"100%\",\"height\":60,\"variant\":\"rounded\"}],[\"$\",\"$Le\",\"2\",{\"width\":\"100%\",\"height\":60,\"variant\":\"rounded\"}],[\"$\",\"$Le\",\"3\",{\"width\":\"100%\",\"height\":60,\"variant\":\"rounded\"}],[\"$\",\"$Le\",\"4\",{\"width\":\"100%\",\"height\":60,\"variant\":\"rounded\"}],[\"$\",\"$Le\",\"5\",{\"width\":\"100%\",\"height\":60,\"variant\":\"rounded\"}],[\"$\",\"$Le\",\"6\",{\"width\":\"100%\",\"height\":60,\"variant\":\"rounded\"}],[\"$\",\"$Le\",\"7\",{\"width\":\"100%\",\"height\":60,\"variant\":\"rounded\"}],[\"$\",\"$Le\",\"8\",{\"width\":\"100%\",\"height\":60,\"variant\":\"rounded\"}],[\"$\",\"$Le\",\"9\",{\"width\":\"100%\",\"height\":60,\"variant\":\"rounded\"}]]}]]}]}]],[],[]]],\"children\":[\"__DEFAULT__\",{},[[\"$a\",\"$L12\"],null],null]},[[\"$\",\"$Lc\",null,{\"children\":[[\"$\",\"$Lc\",null,{\"sx\":{\"bgcolor\":\"background.paper\",\"boxShadow\":\"0 2px 4px rgba(0,0,0,0.1)\"},\"pt\":2,\"children\":[\"$\",\"$Lf\",null,{\"children\":[[\"$\",\"$L7\",null,{\"parallelRouterKey\":\"category\",\"segmentPath\":[\"children\",\"product\",\"children\",\"$8\",\"category\"],\"error\":\"$undefined\",\"errorStyles\":\"$undefined\",\"errorScripts\":\"$undefined\",\"template\":[\"$\",\"$L9\",null,{}],\"templateStyles\":\"$undefined\",\"templateScripts\":\"$undefined\",\"notFound\":\"$undefined\",\"notFoundStyles\":\"$undefined\",\"styles\":null}],[\"$\",\"$L7\",null,{\"parallelRouterKey\":\"info\",\"segmentPath\":[\"children\",\"product\",\"children\",\"$8\",\"info\"],\"error\":\"$undefined\",\"errorStyles\":\"$undefined\",\"errorScripts\":\"$undefined\",\"template\":[\"$\",\"$L9\",null,{}],\"templateStyles\":\"$undefined\",\"templateScripts\":\"$undefined\",\"notFound\":\"$undefined\",\"notFoundStyles\":\"$undefined\",\"styles\":null}]]}]}],[\"$\",\"$Lf\",null,{\"children\":[\"$\",\"$L7\",null,{\"parallelRouterKey\":\"offers\",\"segmentPath\":[\"children\",\"product\",\"children\",\"$8\",\"offers\"],\"error\":\"$undefined\",\"errorStyles\":\"$undefined\",\"errorScripts\":\"$undefined\",\"template\":[\"$\",\"$L9\",null,{}],\"templateStyles\":\"$undefined\",\"templateScripts\":\"$undefined\",\"notFound\":\"$undefined\",\"notFoundStyles\":\"$undefined\",\"styles\":null}]}]]}],null],null]},[\"$\",\"$L7\",null,{\"parallelRouterKey\":\"children\",\"segmentPath\":[\"children\",\"product\",\"children\"],\"error\":\"$undefined\",\"errorStyles\":\"$undefined\",\"errorScripts\":\"$undefined\",\"template\":[\"$\",\"$L9\",null,{}],\"templateStyles\":\"$undefined\",\"templateScripts\":\"$undefined\",\"notFound\":\"$undefined\",\"notFoundStyles\":\"$undefined\",\"styles\":null}],null]},[[\"$\",\"html\",null,{\"lang\":\"en\",\"className\":\"__className_6b8127\",\"children\":[[\"$\",\"body\",null,{\"children\":[[\"$\",\"$L13\",null,{\"options\":{\"enableCssLayer\":true},\"children\":[\"$\",\"$L14\",null,{\"children\":[\"$\",\"$L15\",null,{\"children\":[\"$\",\"$L16\",null,{\"children\":[\"$\",\"$L17\",null,{\"children\":[\"$\",\"$L18\",null,{\"children\":[\"$\",\"$L19\",null,{\"children\":[\"$\",\"$Ld\",null,{\"sx\":{\"minHeight\":\"100vh\",\"display\":\"flex\",\"flexDirection\":\"column\"},\"children\":[\"$L1a\",[\"$\",\"$Lc\",null,{\"sx\":{\"mt\":8,\"flex\":1},\"children\":[\"$\",\"$L7\",null,{\"parallelRouterKey\":\"children\",\"segmentPath\":[\"children\"],\"error\":\"$undefined\",\"errorStyles\":\"$undefined\",\"errorScripts\":\"$undefined\",\"template\":[\"$\",\"$L9\",null,{}],\"templateStyles\":\"$undefined\",\"templateScripts\":\"$undefined\",\"notFound\":[\"$\",\"$L1b\",null,{}],\"notFoundStyles\":[],\"styles\":null}]}],[\"$\",\"$L1c\",null,{}]]}]}]}]}]}]}]}]}],[\"$\",\"$L1d\",null,{\"gaId\":\"G-M91Z4R0XFN\"}]]}],[\"$\",\"$L1e\",null,{\"async\":true,\"strategy\":\"lazyOnload\",\"src\":\"https://pagead2.googlesyndication.com/pagead/js/adsbygoogle.js?client=ca-pub-3043658465039401\",\"crossOrigin\":\"anonymous\"}]]}],null],null],\"couldBeIntercepted\":false,\"initialHead\":[null,\"$L1f\"],\"globalErrorComponent\":\"$20\",\"missingSlots\":\"$W21\"}]]\n"])
self.__next_f.push([1,"12:E{\"digest\":\"NEXT_NOT_FOUND\"}\n"])
self.__next_f.push([1,"22:I[5821,[\"3655\",\"static/chunks/3655-f78e4e363a5541d0.js\",\"6290\",\"static/chunks/6290-2a8ce89a0b5a3df8.js\",\"6381\",\"static/chunks/6381-2b873addadcb95f3.js\",\"6310\",\"static/chunks/6310-99207018fb617736.js\",\"5469\",\"static/chunks/5469-d5f85e2b5dbb2663.js\",\"6341\",\"static/chunks/6341-ca54939c2b36d77d.js\",\"6252\",\"static/chunks/6252-920c83842bca245b.js\",\"6574\",\"static/chunks/6574-85b13196e7d2f55e.js\",\"307\",\"static/chunks/307-cefa9bd2f7381bf5.js\",\"2665\",\"static/chunks/2665-2d172eda87a962e3.js\",\"684\",\"static/chunks/684-7de3c401504b82a2.js\",\"7269\",\"static/chunks/7269-a4bddb872ba784d5.js\",\"8327\",\"static/chunks/8327-5596df2c7a80e7eb.js\",\"5135\",\"static/chunks/5135-e150b38f04bc4ae4.js\",\"5127\",\"static/chunks/5127-7de194f1c35db063.js\",\"5805\",\"static/chunks/5805-5009d17ba83b5e07.js\",\"3185\",\"static/chunks/app/layout-0606493c769120ee.js\"],\"\"]\n23:I[6063,[\"3655\",\"static/chunks/3655-f78e4e363a5541d0.js\",\"6290\",\"static/chunks/6290-2a8ce89a0b5a3df8.js\",\"6381\",\"static/chunks/6381-2b873addadcb95f3.js\",\"6310\",\"static/chunks/6310-99207018fb617736.js\",\"5469\",\"static/chunks/5469-d5f85e2b5dbb2663.js\",\"6341\",\"static/chunks/6341-ca54939c2b36d77d.js\",\"6252\",\"static/chunks/6252-920c83842bca245b.js\",\"6574\",\"static/chunks/6574-85b13196e7d2f55e.js\",\"307\",\"static/chunks/307-cefa9bd2f7381bf5.js\",\"2665\",\"static/chunks/2665-2d172eda87a962e3.js\",\"684\",\"static/chunks/684-7de3c401504b82a2.js\",\"7269\",\"static/chunks/7269-a4bddb872ba784d5.js\",\"8327\",\"static/chunks/8327-5596df2c7a80e7eb.js\",\"5135\",\"static/chunks/5135-e150b38f04bc4ae4.js\",\"5127\",\"static/chunks/5127-7de194f1c35db063.js\",\"5805\",\"static/chunks/5805-5009d17ba83b5e07.js\",\"3185\",\"static/chunks/app/layout-0606493c769120ee.js\"],\"default\"]\n24:I[92163,[\"3655\",\"static/chunks/3655-f78e4e363a5541d0.js\",\"6290\",\"static/chunks/6290-2a8ce89a0b5a3df8.js\",\"6381\",\"static/chunks/6381-2b873addadcb95f3.js\",\"6310\",\"static/chunks/6310-99207018fb617736.js\",\"5469\",\"static/chunks/5469-d5f85e2b5dbb2663.js\",\"6341\",\"static/chunks/6341-ca54939c2b36d77d.js\",\"6252\",\"static/chunks/6252-920c83842bca245b.js\",\"6574\",\"static/chunks/657"])
self.__next_f.push([1,"4-85b13196e7d2f55e.js\",\"307\",\"static/chunks/307-cefa9bd2f7381bf5.js\",\"2665\",\"static/chunks/2665-2d172eda87a962e3.js\",\"684\",\"static/chunks/684-7de3c401504b82a2.js\",\"7269\",\"static/chunks/7269-a4bddb872ba784d5.js\",\"8327\",\"static/chunks/8327-5596df2c7a80e7eb.js\",\"5135\",\"static/chunks/5135-e150b38f04bc4ae4.js\",\"5127\",\"static/chunks/5127-7de194f1c35db063.js\",\"5805\",\"static/chunks/5805-5009d17ba83b5e07.js\",\"3185\",\"static/chunks/app/layout-0606493c769120ee.js\"],\"default\"]\n25:I[5281,[\"3655\",\"static/chunks/3655-f78e4e363a5541d0.js\",\"6290\",\"static/chunks/6290-2a8ce89a0b5a3df8.js\",\"6381\",\"static/chunks/6381-2b873addadcb95f3.js\",\"6310\",\"static/chunks/6310-99207018fb617736.js\",\"5469\",\"static/chunks/5469-d5f85e2b5dbb2663.js\",\"6341\",\"static/chunks/6341-ca54939c2b36d77d.js\",\"6252\",\"static/chunks/6252-920c83842bca245b.js\",\"6574\",\"static/chunks/6574-85b13196e7d2f55e.js\",\"307\",\"static/chunks/307-cefa9bd2f7381bf5.js\",\"2665\",\"static/chunks/2665-2d172eda87a962e3.js\",\"684\",\"static/chunks/684-7de3c401504b82a2.js\",\"7269\",\"static/chunks/7269-a4bddb872ba784d5.js\",\"8327\",\"static/chunks/8327-5596df2c7a80e7eb.js\",\"5135\",\"static/chunks/5135-e150b38f04bc4ae4.js\",\"5127\",\"static/chunks/5127-7de194f1c35db063.js\",\"5805\",\"static/chunks/5805-5009d17ba83b5e07.js\",\"3185\",\"static/chunks/app/layout-0606493c769120ee.js\"],\"default\"]\n26:I[90996,[\"3655\",\"static/chunks/3655-f78e4e363a5541d0.js\",\"6290\",\"static/chunks/6290-2a8ce89a0b5a3df8.js\",\"6381\",\"static/chunks/6381-2b873addadcb95f3.js\",\"6310\",\"static/chunks/6310-99207018fb617736.js\",\"5469\",\"static/chunks/5469-d5f85e2b5dbb2663.js\",\"6341\",\"static/chunks/6341-ca54939c2b36d77d.js\",\"6252\",\"static/chunks/6252-920c83842bca245b.js\",\"6574\",\"static/chunks/6574-85b13196e7d2f55e.js\",\"307\",\"static/chunks/307-cefa9bd2f7381bf5.js\",\"2665\",\"static/chunks/2665-2d172eda87a962e3.js\",\"684\",\"static/chunks/684-7de3c401504b82a2.js\",\"7269\",\"static/chunks/7269-a4bddb872ba784d5.js\",\"8327\",\"static/chunks/8327-5596df2c7a80e7eb.js\",\"5135\",\"static/chunks/5135-e150b38f04bc4ae4.js\",\"5127\",\"static/chunks/5127-7de194f1c35db063.js\",\"5805\",\"st"])
self.__next_f.push([1,"atic/chunks/5805-5009d17ba83b5e07.js\",\"3185\",\"static/chunks/app/layout-0606493c769120ee.js\"],\"default\"]\n"])
self.__next_f.push([1,"1a:[\"$\",\"$L22\",null,{\"sx\":{\"backdropFilter\":\"blur(6px)\",\"backgroundColor\":\"rgba(255, 255, 255, 0.8)\",\"boxShadow\":\"0 2px 4px rgba(0,0,0,0.1)\"},\"children\":[\"$\",\"$Lf\",null,{\"children\":[[\"$\",\"$Ld\",null,{\"direction\":\"row\",\"alignItems\":\"center\",\"justifyContent\":\"space-between\",\"sx\":{\"display\":{\"xs\":\"flex\",\"md\":\"none\"},\"height\":64},\"children\":[[\"$\",\"$L23\",null,{\"isMobile\":true}],[\"$\",\"$L24\",null,{}]]}],[\"$\",\"$Ld\",null,{\"direction\":\"row\",\"alignItems\":\"center\",\"justifyContent\":\"space-between\",\"sx\":{\"display\":{\"xs\":\"none\",\"md\":\"flex\"},\"height\":64},\"children\":[[\"$\",\"$L23\",null,{}],[\"$\",\"$Lc\",null,{\"sx\":{\"display\":\"flex\",\"alignItems\":\"center\",\"gap\":2},\"children\":[[\"$\",\"$L25\",null,{\"trend\":0.235162889442607,\"history\":[{\"average_price_trend\":0.235162889442607,\"cycle\":{\"id\":722,\"cycle_timestamp\":\"$D2025-09-16T23:51:09.041Z\"}},{\"average_price_trend\":-0.3933975791444141,\"cycle\":{\"id\":721,\"cycle_timestamp\":\"$D2025-09-14T08:21:18.130Z\"}},{\"average_price_trend\":0.03076422666606666,\"cycle\":{\"id\":720,\"cycle_timestamp\":\"$D2025-09-13T12:04:33.238Z\"}},{\"average_price_trend\":0.1977091683052522,\"cycle\":{\"id\":719,\"cycle_timestamp\":\"$D2025-09-10T07:47:00.349Z\"}},{\"average_price_trend\":0.04236148797531323,\"cycle\":{\"id\":718,\"cycle_timestamp\":\"$D2025-09-06T06:54:04.013Z\"}},{\"average_price_trend\":0.487140901639648,\"cycle\":{\"id\":717,\"cycle_timestamp\":\"$D2025-09-03T22:06:25.743Z\"}},{\"average_price_trend\":0.6299343931703866,\"cycle\":{\"id\":716,\"cycle_timestamp\":\"$D2025-09-02T03:43:59.557Z\"}},{\"average_price_trend\":0.113508464842328,\"cycle\":{\"id\":715,\"cycle_timestamp\":\"$D2025-08-31T05:27:25.945Z\"}},{\"average_price_trend\":-0.5754341906543936,\"cycle\":{\"id\":714,\"cycle_timestamp\":\"$D2025-08-29T23:01:56.416Z\"}},{\"average_price_trend\":-0.1559035659718694,\"cycle\":{\"id\":713,\"cycle_timestamp\":\"$D2025-08-29T02:54:11.330Z\"}},{\"average_price_trend\":0.1019465491560324,\"cycle\":{\"id\":712,\"cycle_timestamp\":\"$D2025-08-26T02:50:00.523Z\"}},{\"average_price_trend\":-0.01461561512320754,\"cycle\":{\"id\":711,\"cycle_timestamp\":\"$D2025-08-23T14:42:35.806Z\"}},{\"average_price_trend\":0.08809242857108397,\"cycle\":{\"id\":710,\"cycle_timestamp\":\"$D2025-08-22T06:13:19.862Z\"}},{\"average_price_trend\":0.923648449936234,\"cycle\":{\"id\":709,\"cycle_timestamp\":\"$D2025-08-21T09:57:08.076Z\"}},{\"average_price_trend\":1.36612974824761,\"cycle\":{\"id\":708,\"cycle_timestamp\":\"$D2025-08-19T08:46:17.702Z\"}},{\"average_price_trend\":-0.01859939297230051,\"cycle\":{\"id\":707,\"cycle_timestamp\":\"$D2025-08-16T15:23:55.519Z\"}},{\"average_price_trend\":-1.438164423979347,\"cycle\":{\"id\":706,\"cycle_timestamp\":\"$D2025-08-15T02:13:45.730Z\"}},{\"average_price_trend\":-0.1492754721908467,\"cycle\":{\"id\":705,\"cycle_timestamp\":\"$D2025-08-14T06:11:54.445Z\"}},{\"average_price_trend\":-0.0814588900931564,\"cycle\":{\"id\":704,\"cycle_timestamp\":\"$D2025-08-08T09:30:50.961Z\"}},{\"average_price_trend\":0.06597306483095598,\"cycle\":{\"id\":703,\"cycle_timestamp\":\"$D2025-08-06T09:58:55.283Z\"}}]}],[\"$\",\"$L26\",null,{}]]}]]}]]}]}]\n"])
self.__next_f.push([1,"27:\"$Sreact.fragment\"\n29:I[6632,[\"3655\",\"static/chunks/3655-f78e4e363a5541d0.js\",\"6381\",\"static/chunks/6381-2b873addadcb95f3.js\",\"635\",\"static/chunks/635-de4a99a005c429a5.js\",\"5153\",\"static/chunks/app/product/%5Bslug%5D/@category/page-e562e2b22b747881.js\"],\"\"]\n2a:I[36049,[\"3655\",\"static/chunks/3655-f78e4e363a5541d0.js\",\"6381\",\"static/chunks/6381-2b873addadcb95f3.js\",\"635\",\"static/chunks/635-de4a99a005c429a5.js\",\"5153\",\"static/chunks/app/product/%5Bslug%5D/@category/page-e562e2b22b747881.js\"],\"\"]\n"])
self.__next_f.push([1,"28:[[\"$\",\"meta\",\"0\",{\"name\":\"viewport\",\"content\":\"width=device-width, initial-scale=1, maximum-scale=1\"}],[\"$\",\"meta\",\"1\",{\"charSet\":\"utf-8\"}],[\"$\",\"title\",\"2\",{\"children\":\"Motorola Moto G75 5G 256GB Grey with Buds - Price History, Comparison \u0026 Alerts | BuyWisely\"}],[\"$\",\"meta\",\"3\",{\"name\":\"description\",\"content\":\"Crafted from premium materials and featuring military-grade¹ durability, moto g75 5G is made for everyday life. Capture sharp photos and smooth videos using the... Compare prices, track history, set alerts on BuyWisely.\"}],[\"$\",\"meta\",\"4\",{\"name\":\"keywords\",\"content\":\"Motorola Moto G75 5G 256GB Grey with Buds, price comparison, price history, price alerts, best deals, online shopping, BuyWisely\"}],[\"$\",\"meta\",\"5\",{\"name\":\"robots\",\"content\":\"index, follow\"}],[\"$\",\"meta\",\"6\",{\"name\":\"googlebot\",\"content\":\"index, follow, max-video-preview:-1, max-image-preview:large, max-snippet:-1\"}],[\"$\",\"link\",\"7\",{\"rel\":\"canonical\",\"href\":\"https://buywisely.com.au/product/motorola-moto-g75-5g-256gb-grey-with-buds\"}],[\"$\",\"meta\",\"8\",{\"property\":\"og:title\",\"content\":\"Motorola Moto G75 5G 256GB Grey with Buds - Price History, Comparison \u0026 Alerts\"}],[\"$\",\"meta\",\"9\",{\"property\":\"og:description\",\"content\":\"Crafted from premium materials and featuring military-grade¹ durability, moto g75 5G is made for everyday life. Capture sharp photos and smooth videos using the... Compare prices, track history, set alerts on BuyWisely.\"}],[\"$\",\"meta\",\"10\",{\"property\":\"og:image\",\"content\":\"https://encrypted-tbn0.gstatic.com/shopping?q=tbn:ANd9GcTN0NDdrPCDIn9NaiVIb7vTMSRVKBOQbkBMTHJyb9dzqC_WY5IGMoYuvnsDtsI8XvfpsX50GHyVY5kvPm-1nSr2bXEkwcR1sLJr1IR1dAkwVcXTXGOCB8frf7o\"}],[\"$\",\"meta\",\"11\",{\"name\":\"twitter:card\",\"content\":\"summary_large_image\"}],[\"$\",\"meta\",\"12\",{\"name\":\"twitter:title\",\"content\":\"Price History, Comparison \u0026 Tracking | Save Money on Your Purchases\"}],[\"$\",\"meta\",\"13\",{\"name\":\"twitter:description\",\"content\":\"Track price history, compare prices, and set price alerts for products across 20,000+ online shops. BuyWisely helps you find the best deals and make informed buying decisions.\"}],[\"$\",\"meta\",\"14\",{\"name\":\"twitter:image\",\"content\":\"https://buywisely.com.au/assets/images/landing/preview.png\"}],[\"$\",\"meta\",\"15\",{\"name\":\"next-size-adjust\"}]]\n"])
self.__next_f.push([1,"1f:[\"$\",\"$27\",\"k4GjLZXGGia1x7jDr8PXF\",{\"children\":\"$28\"}]\n5:null\na:null\n6:[\"$\",\"$L29\",null,{\"sx\":{\"pb\":2},\"children\":[[\"$\",\"$L2a\",null,{\"underline\":\"hover\",\"color\":\"inherit\",\"href\":\"/\",\"children\":\"Home\"}],[[\"$\",\"$L2a\",\"0\",{\"underline\":\"hover\",\"color\":\"inherit\",\"href\":\"/category/New Arrivals\",\"children\":\"New Arrivals\"}]]]}]\n"])
self.__next_f.push([1,"2b:I[70760,[\"3655\",\"static/chunks/3655-f78e4e363a5541d0.js\",\"6290\",\"static/chunks/6290-2a8ce89a0b5a3df8.js\",\"6381\",\"static/chunks/6381-2b873addadcb95f3.js\",\"6310\",\"static/chunks/6310-99207018fb617736.js\",\"5469\",\"static/chunks/5469-d5f85e2b5dbb2663.js\",\"6341\",\"static/chunks/6341-ca54939c2b36d77d.js\",\"6252\",\"static/chunks/6252-920c83842bca245b.js\",\"6574\",\"static/chunks/6574-85b13196e7d2f55e.js\",\"307\",\"static/chunks/307-cefa9bd2f7381bf5.js\",\"2665\",\"static/chunks/2665-2d172eda87a962e3.js\",\"8393\",\"static/chunks/8393-4175fa3c3129adeb.js\",\"1682\",\"static/chunks/1682-b2e703b472c280ea.js\",\"9999\",\"static/chunks/9999-f564e2e7fc5b6c44.js\",\"4824\",\"static/chunks/4824-507f78e55d96f9dc.js\",\"1203\",\"static/chunks/app/product/%5Bslug%5D/@info/page-4236f2b80fc1d44c.js\"],\"default\"]\n2c:I[61165,[\"3655\",\"static/chunks/3655-f78e4e363a5541d0.js\",\"6290\",\"static/chunks/6290-2a8ce89a0b5a3df8.js\",\"6381\",\"static/chunks/6381-2b873addadcb95f3.js\",\"6310\",\"static/chunks/6310-99207018fb617736.js\",\"5469\",\"static/chunks/5469-d5f85e2b5dbb2663.js\",\"6341\",\"static/chunks/6341-ca54939c2b36d77d.js\",\"6252\",\"static/chunks/6252-920c83842bca245b.js\",\"6574\",\"static/chunks/6574-85b13196e7d2f55e.js\",\"307\",\"static/chunks/307-cefa9bd2f7381bf5.js\",\"2665\",\"static/chunks/2665-2d172eda87a962e3.js\",\"8393\",\"static/chunks/8393-4175fa3c3129adeb.js\",\"1682\",\"static/chunks/1682-b2e703b472c280ea.js\",\"9999\",\"static/chunks/9999-f564e2e7fc5b6c44.js\",\"4824\",\"static/chunks/4824-507f78e55d96f9dc.js\",\"1203\",\"static/chunks/app/product/%5Bslug%5D/@info/page-4236f2b80fc1d44c.js\"],\"H2\"]\n2d:I[67988,[\"3655\",\"static/chunks/3655-f78e4e363a5541d0.js\",\"6290\",\"static/chunks/6290-2a8ce89a0b5a3df8.js\",\"6381\",\"static/chunks/6381-2b873addadcb95f3.js\",\"6310\",\"static/chunks/6310-99207018fb617736.js\",\"5469\",\"static/chunks/5469-d5f85e2b5dbb2663.js\",\"6341\",\"static/chunks/6341-ca54939c2b36d77d.js\",\"6252\",\"static/chunks/6252-920c83842bca245b.js\",\"6574\",\"static/chunks/6574-85b13196e7d2f55e.js\",\"307\",\"static/chunks/307-cefa9bd2f7381bf5.js\",\"2665\",\"static/chunks/2665-2d172eda87a962e3.js\",\"8393\",\"static/chunks"])
self.__next_f.push([1,"/8393-4175fa3c3129adeb.js\",\"1682\",\"static/chunks/1682-b2e703b472c280ea.js\",\"9999\",\"static/chunks/9999-f564e2e7fc5b6c44.js\",\"4824\",\"static/chunks/4824-507f78e55d96f9dc.js\",\"1203\",\"static/chunks/app/product/%5Bslug%5D/@info/page-4236f2b80fc1d44c.js\"],\"\"]\n2e:I[66079,[\"3655\",\"static/chunks/3655-f78e4e363a5541d0.js\",\"6290\",\"static/chunks/6290-2a8ce89a0b5a3df8.js\",\"6381\",\"static/chunks/6381-2b873addadcb95f3.js\",\"6310\",\"static/chunks/6310-99207018fb617736.js\",\"5469\",\"static/chunks/5469-d5f85e2b5dbb2663.js\",\"6341\",\"static/chunks/6341-ca54939c2b36d77d.js\",\"6252\",\"static/chunks/6252-920c83842bca245b.js\",\"6574\",\"static/chunks/6574-85b13196e7d2f55e.js\",\"307\",\"static/chunks/307-cefa9bd2f7381bf5.js\",\"2665\",\"static/chunks/2665-2d172eda87a962e3.js\",\"8393\",\"static/chunks/8393-4175fa3c3129adeb.js\",\"1682\",\"static/chunks/1682-b2e703b472c280ea.js\",\"9999\",\"static/chunks/9999-f564e2e7fc5b6c44.js\",\"4824\",\"static/chunks/4824-507f78e55d96f9dc.js\",\"1203\",\"static/chunks/app/product/%5Bslug%5D/@info/page-4236f2b80fc1d44c.js\"],\"\"]\n2f:I[61165,[\"3655\",\"static/chunks/3655-f78e4e363a5541d0.js\",\"6290\",\"static/chunks/6290-2a8ce89a0b5a3df8.js\",\"6381\",\"static/chunks/6381-2b873addadcb95f3.js\",\"6310\",\"static/chunks/6310-99207018fb617736.js\",\"5469\",\"static/chunks/5469-d5f85e2b5dbb2663.js\",\"6341\",\"static/chunks/6341-ca54939c2b36d77d.js\",\"6252\",\"static/chunks/6252-920c83842bca245b.js\",\"6574\",\"static/chunks/6574-85b13196e7d2f55e.js\",\"307\",\"static/chunks/307-cefa9bd2f7381bf5.js\",\"2665\",\"static/chunks/2665-2d172eda87a962e3.js\",\"8393\",\"static/chunks/8393-4175fa3c3129adeb.js\",\"1682\",\"static/chunks/1682-b2e703b472c280ea.js\",\"9999\",\"static/chunks/9999-f564e2e7fc5b6c44.js\",\"4824\",\"static/chunks/4824-507f78e55d96f9dc.js\",\"1203\",\"static/chunks/app/product/%5Bslug%5D/@info/page-4236f2b80fc1d44c.js\"],\"H6\"]\n30:I[74191,[\"3655\",\"static/chunks/3655-f78e4e363a5541d0.js\",\"6290\",\"static/chunks/6290-2a8ce89a0b5a3df8.js\",\"6381\",\"static/chunks/6381-2b873addadcb95f3.js\",\"6310\",\"static/chunks/6310-99207018fb617736.js\",\"5469\",\"static/chunks/5469-d5f85e2b5dbb2663.js\",\"6341\",\"stati"])
self.__next_f.push([1,"c/chunks/6341-ca54939c2b36d77d.js\",\"6252\",\"static/chunks/6252-920c83842bca245b.js\",\"6574\",\"static/chunks/6574-85b13196e7d2f55e.js\",\"307\",\"static/chunks/307-cefa9bd2f7381bf5.js\",\"2665\",\"static/chunks/2665-2d172eda87a962e3.js\",\"8393\",\"static/chunks/8393-4175fa3c3129adeb.js\",\"1682\",\"static/chunks/1682-b2e703b472c280ea.js\",\"9999\",\"static/chunks/9999-f564e2e7fc5b6c44.js\",\"4824\",\"static/chunks/4824-507f78e55d96f9dc.js\",\"1203\",\"static/chunks/app/product/%5Bslug%5D/@info/page-4236f2b80fc1d44c.js\"],\"default\"]\n31:I[61165,[\"3655\",\"static/chunks/3655-f78e4e363a5541d0.js\",\"6290\",\"static/chunks/6290-2a8ce89a0b5a3df8.js\",\"6381\",\"static/chunks/6381-2b873addadcb95f3.js\",\"6310\",\"static/chunks/6310-99207018fb617736.js\",\"5469\",\"static/chunks/5469-d5f85e2b5dbb2663.js\",\"6341\",\"static/chunks/6341-ca54939c2b36d77d.js\",\"6252\",\"static/chunks/6252-920c83842bca245b.js\",\"6574\",\"static/chunks/6574-85b13196e7d2f55e.js\",\"307\",\"static/chunks/307-cefa9bd2f7381bf5.js\",\"2665\",\"static/chunks/2665-2d172eda87a962e3.js\",\"8393\",\"static/chunks/8393-4175fa3c3129adeb.js\",\"1682\",\"static/chunks/1682-b2e703b472c280ea.js\",\"9999\",\"static/chunks/9999-f564e2e7fc5b6c44.js\",\"4824\",\"static/chunks/4824-507f78e55d96f9dc.js\",\"1203\",\"static/chunks/app/product/%5Bslug%5D/@info/page-4236f2b80fc1d44c.js\"],\"Paragraph\"]\n32:I[40958,[\"3655\",\"static/chunks/3655-f78e4e363a5541d0.js\",\"6290\",\"static/chunks/6290-2a8ce89a0b5a3df8.js\",\"6381\",\"static/chunks/6381-2b873addadcb95f3.js\",\"6310\",\"static/chunks/6310-99207018fb617736.js\",\"5469\",\"static/chunks/5469-d5f85e2b5dbb2663.js\",\"6341\",\"static/chunks/6341-ca54939c2b36d77d.js\",\"6252\",\"static/chunks/6252-920c83842bca245b.js\",\"6574\",\"static/chunks/6574-85b13196e7d2f55e.js\",\"307\",\"static/chunks/307-cefa9bd2f7381bf5.js\",\"2665\",\"static/chunks/2665-2d172eda87a962e3.js\",\"8393\",\"static/chunks/8393-4175fa3c3129adeb.js\",\"1682\",\"static/chunks/1682-b2e703b472c280ea.js\",\"9999\",\"static/chunks/9999-f564e2e7fc5b6c44.js\",\"4824\",\"static/chunks/4824-507f78e55d96f9dc.js\",\"1203\",\"static/chunks/app/product/%5Bslug%5D/@info/page-4236f2b80fc1d44c.js\"],\"default\""])
self.__next_f.push([1,"]\n51:I[61165,[\"3655\",\"static/chunks/3655-f78e4e363a5541d0.js\",\"6290\",\"static/chunks/6290-2a8ce89a0b5a3df8.js\",\"6381\",\"static/chunks/6381-2b873addadcb95f3.js\",\"6310\",\"static/chunks/6310-99207018fb617736.js\",\"5469\",\"static/chunks/5469-d5f85e2b5dbb2663.js\",\"6341\",\"static/chunks/6341-ca54939c2b36d77d.js\",\"6252\",\"static/chunks/6252-920c83842bca245b.js\",\"6574\",\"static/chunks/6574-85b13196e7d2f55e.js\",\"307\",\"static/chunks/307-cefa9bd2f7381bf5.js\",\"2665\",\"static/chunks/2665-2d172eda87a962e3.js\",\"8393\",\"static/chunks/8393-4175fa3c3129adeb.js\",\"1682\",\"static/chunks/1682-b2e703b472c280ea.js\",\"9999\",\"static/chunks/9999-f564e2e7fc5b6c44.js\",\"4824\",\"static/chunks/4824-507f78e55d96f9dc.js\",\"1203\",\"static/chunks/app/product/%5Bslug%5D/@info/page-4236f2b80fc1d44c.js\"],\"H4\"]\n52:I[97452,[\"3655\",\"static/chunks/3655-f78e4e363a5541d0.js\",\"6290\",\"static/chunks/6290-2a8ce89a0b5a3df8.js\",\"6381\",\"static/chunks/6381-2b873addadcb95f3.js\",\"6310\",\"static/chunks/6310-99207018fb617736.js\",\"5469\",\"static/chunks/5469-d5f85e2b5dbb2663.js\",\"6341\",\"static/chunks/6341-ca54939c2b36d77d.js\",\"6252\",\"static/chunks/6252-920c83842bca245b.js\",\"6574\",\"static/chunks/6574-85b13196e7d2f55e.js\",\"307\",\"static/chunks/307-cefa9bd2f7381bf5.js\",\"2665\",\"static/chunks/2665-2d172eda87a962e3.js\",\"8393\",\"static/chunks/8393-4175fa3c3129adeb.js\",\"1682\",\"static/chunks/1682-b2e703b472c280ea.js\",\"9999\",\"static/chunks/9999-f564e2e7fc5b6c44.js\",\"4824\",\"static/chunks/4824-507f78e55d96f9dc.js\",\"1203\",\"static/chunks/app/product/%5Bslug%5D/@info/page-4236f2b80fc1d44c.js\"],\"\"]\n53:I[65469,[\"3655\",\"static/chunks/3655-f78e4e363a5541d0.js\",\"6290\",\"static/chunks/6290-2a8ce89a0b5a3df8.js\",\"6381\",\"static/chunks/6381-2b873addadcb95f3.js\",\"6310\",\"static/chunks/6310-99207018fb617736.js\",\"5469\",\"static/chunks/5469-d5f85e2b5dbb2663.js\",\"6341\",\"static/chunks/6341-ca54939c2b36d77d.js\",\"6252\",\"static/chunks/6252-920c83842bca245b.js\",\"6574\",\"static/chunks/6574-85b13196e7d2f55e.js\",\"307\",\"static/chunks/307-cefa9bd2f7381bf5.js\",\"2665\",\"static/chunks/2665-2d172eda87a962e3.js\",\"8393\",\"static/chunks/8393"])
self.__next_f.push([1,"-4175fa3c3129adeb.js\",\"1682\",\"static/chunks/1682-b2e703b472c280ea.js\",\"9999\",\"static/chunks/9999-f564e2e7fc5b6c44.js\",\"4824\",\"static/chunks/4824-507f78e55d96f9dc.js\",\"1203\",\"static/chunks/app/product/%5Bslug%5D/@info/page-4236f2b80fc1d44c.js\"],\"\"]\n54:I[77509,[\"3655\",\"static/chunks/3655-f78e4e363a5541d0.js\",\"6290\",\"static/chunks/6290-2a8ce89a0b5a3df8.js\",\"6381\",\"static/chunks/6381-2b873addadcb95f3.js\",\"6310\",\"static/chunks/6310-99207018fb617736.js\",\"5469\",\"static/chunks/5469-d5f85e2b5dbb2663.js\",\"6341\",\"static/chunks/6341-ca54939c2b36d77d.js\",\"6252\",\"static/chunks/6252-920c83842bca245b.js\",\"6574\",\"static/chunks/6574-85b13196e7d2f55e.js\",\"307\",\"static/chunks/307-cefa9bd2f7381bf5.js\",\"2665\",\"static/chunks/2665-2d172eda87a962e3.js\",\"8393\",\"static/chunks/8393-4175fa3c3129adeb.js\",\"1682\",\"static/chunks/1682-b2e703b472c280ea.js\",\"9999\",\"static/chunks/9999-f564e2e7fc5b6c44.js\",\"4824\",\"static/chunks/4824-507f78e55d96f9dc.js\",\"1203\",\"static/chunks/app/product/%5Bslug%5D/@info/page-4236f2b80fc1d44c.js\"],\"default\"]\n55:I[61165,[\"3655\",\"static/chunks/3655-f78e4e363a5541d0.js\",\"6290\",\"static/chunks/6290-2a8ce89a0b5a3df8.js\",\"6381\",\"static/chunks/6381-2b873addadcb95f3.js\",\"6310\",\"static/chunks/6310-99207018fb617736.js\",\"5469\",\"static/chunks/5469-d5f85e2b5dbb2663.js\",\"6341\",\"static/chunks/6341-ca54939c2b36d77d.js\",\"6252\",\"static/chunks/6252-920c83842bca245b.js\",\"6574\",\"static/chunks/6574-85b13196e7d2f55e.js\",\"307\",\"static/chunks/307-cefa9bd2f7381bf5.js\",\"2665\",\"static/chunks/2665-2d172eda87a962e3.js\",\"8393\",\"static/chunks/8393-4175fa3c3129adeb.js\",\"1682\",\"static/chunks/1682-b2e703b472c280ea.js\",\"9999\",\"static/chunks/9999-f564e2e7fc5b6c44.js\",\"4824\",\"static/chunks/4824-507f78e55d96f9dc.js\",\"1203\",\"static/chunks/app/product/%5Bslug%5D/@info/page-4236f2b80fc1d44c.js\"],\"H3\"]\n56:I[61165,[\"3655\",\"static/chunks/3655-f78e4e363a5541d0.js\",\"6290\",\"static/chunks/6290-2a8ce89a0b5a3df8.js\",\"6381\",\"static/chunks/6381-2b873addadcb95f3.js\",\"6310\",\"static/chunks/6310-99207018fb617736.js\",\"5469\",\"static/chunks/5469-d5f85e2b5dbb2663.js\",\"6341\",\"sta"])
self.__next_f.push([1,"tic/chunks/6341-ca54939c2b36d77d.js\",\"6252\",\"static/chunks/6252-920c83842bca245b.js\",\"6574\",\"static/chunks/6574-85b13196e7d2f55e.js\",\"307\",\"static/chunks/307-cefa9bd2f7381bf5.js\",\"2665\",\"static/chunks/2665-2d172eda87a962e3.js\",\"8393\",\"static/chunks/8393-4175fa3c3129adeb.js\",\"1682\",\"static/chunks/1682-b2e703b472c280ea.js\",\"9999\",\"static/chunks/9999-f564e2e7fc5b6c44.js\",\"4824\",\"static/chunks/4824-507f78e55d96f9dc.js\",\"1203\",\"static/chunks/app/product/%5Bslug%5D/@info/page-4236f2b80fc1d44c.js\"],\"Small\"]\n57:I[61165,[\"3655\",\"static/chunks/3655-f78e4e363a5541d0.js\",\"6290\",\"static/chunks/6290-2a8ce89a0b5a3df8.js\",\"6381\",\"static/chunks/6381-2b873addadcb95f3.js\",\"6310\",\"static/chunks/6310-99207018fb617736.js\",\"5469\",\"static/chunks/5469-d5f85e2b5dbb2663.js\",\"6341\",\"static/chunks/6341-ca54939c2b36d77d.js\",\"6252\",\"static/chunks/6252-920c83842bca245b.js\",\"6574\",\"static/chunks/6574-85b13196e7d2f55e.js\",\"307\",\"static/chunks/307-cefa9bd2f7381bf5.js\",\"2665\",\"static/chunks/2665-2d172eda87a962e3.js\",\"8393\",\"static/chunks/8393-4175fa3c3129adeb.js\",\"1682\",\"static/chunks/1682-b2e703b472c280ea.js\",\"9999\",\"static/chunks/9999-f564e2e7fc5b6c44.js\",\"4824\",\"static/chunks/4824-507f78e55d96f9dc.js\",\"1203\",\"static/chunks/app/product/%5Bslug%5D/@info/page-4236f2b80fc1d44c.js\"],\"H5\"]\n58:I[35658,[\"3655\",\"static/chunks/3655-f78e4e363a5541d0.js\",\"6290\",\"static/chunks/6290-2a8ce89a0b5a3df8.js\",\"6381\",\"static/chunks/6381-2b873addadcb95f3.js\",\"6310\",\"static/chunks/6310-99207018fb617736.js\",\"5469\",\"static/chunks/5469-d5f85e2b5dbb2663.js\",\"6341\",\"static/chunks/6341-ca54939c2b36d77d.js\",\"6252\",\"static/chunks/6252-920c83842bca245b.js\",\"6574\",\"static/chunks/6574-85b13196e7d2f55e.js\",\"307\",\"static/chunks/307-cefa9bd2f7381bf5.js\",\"2665\",\"static/chunks/2665-2d172eda87a962e3.js\",\"8393\",\"static/chunks/8393-4175fa3c3129adeb.js\",\"1682\",\"static/chunks/1682-b2e703b472c280ea.js\",\"9999\",\"static/chunks/9999-f564e2e7fc5b6c44.js\",\"4824\",\"static/chunks/4824-507f78e55d96f9dc.js\",\"1203\",\"static/chunks/app/product/%5Bslug%5D/@info/page-4236f2b80fc1d44c.js\"],\"Image\"]\n34:[]\n3"])
self.__next_f.push([1,"6:{\"gid\":\"15797211988331096831\",\"image\":\"https://encrypted-tbn0.gstatic.com/shopping?q=tbn:ANd9GcSMKJEcJ5xuZEACgvb5b-OsiulwL1b5Ivy7wbsYiJ3A2vpwsAhIjV_QMfs2iyap5nDsHiEzTcaeGYaz_I5WBRrUjD5abtI2D4WPYd1uowVZArHKnsIo95M\u0026usqp=CAY\"}\n37:{\"gid\":\"7830005719273689496\",\"image\":\"https://encrypted-tbn2.gstatic.com/shopping?q=tbn:ANd9GcRj65GJdYa0MGuv8L9RWAAJVks98kaBva-KPH34o7Nn8_xgtjFvHpEsyG-G9u_PAZwKCzR1UnPFs6JC5duNRu9kW-AZSxHpJQaql2ly1iZ6Cl09iaqRzqc\u0026usqp=CAY\"}\n38:{\"gid\":\"10929348810251206946\",\"image\":\"https://encrypted-tbn3.gstatic.com/shopping?q=tbn:ANd9GcQktEYbdVk26_5fVXmkf85U_V4MhhlgNSCKuEGMaIHFomdm78AIUKXN6e8XyuLWwiqXOJc6OF55c3TRby_V36YYx0Twj-TArJEJ3e_Z\u0026usqp=CAY\"}\n35:[\"$36\",\"$37\",\"$38\"]\n39:[\"https://encrypted-tbn0.gstatic.com/shopping?q=tbn:ANd9GcSqDaT816y1UmPhBrzkea3Dn_Hh8yTT3fZX4XBtJEkQcCWOz-LJ1AMEbRRDBSKM-M061mIP09PmjUwBgDldhA0acuhIAop7lQ\u0026usqp=CAY\",\"https://encrypted-tbn3.gstatic.com/shopping?q=tbn:ANd9GcQfbnmIwlniWJ2_8uNp4bDf-6Ju-12jrovvM3RkZ_F8hYC0DcS85hBW3VZ9oCT7zcvdcW7cG-u8JHbZQMXKs0v2Co4aSaICOQ\u0026usqp=CAY\",\"https://encrypted-tbn0.gstatic.com/shopping?q=tbn:ANd9GcR8UqT2y3HwL6mbcrp9X3EK1qROspiqDkg2j-9eEDSoFr4zLWQaFn_YrCOAi5hlWIs3MKewSYZSOFGmiREKJJNSBeWTMR7I\u0026usqp=CAY\",\"https://encrypted-tbn3.gstatic.com/shopping?q=tbn:ANd9GcSqlFWOdYRimHwGbRJI5IbP1AoXqAoJxhYRcQyn_ApjOgs6Plh_8JB3o2ty4s-L5Cg5FksrYalJmjsHi8o23nCuDdFhKywx\u0026usqp=CAY\",\"https://encrypted-tbn3.gstatic.com/shopping?q=tbn:ANd9GcTGaMNVsjZ6wopAkoCqf1frqUqC33R2pndPv3vm8_EbCO6PYXg6BBsU3OD398cOK_BW1ThT4nJXKLSf30DZHd0mG8Zq0KPDnw\u0026usqp=CAY\",\"https://encrypted-tbn3.gstatic.com/shopping?q=tbn:ANd9GcSNnV_WMDGVD4l6oHYCubmAQT7jpJwR2zyu-MbXinPr0z2qL-TKjOS5KkDIYnN4Fn69kQ-BiBFAiYqv9rH5kvHsmNICBre4\u0026usqp=CAY\",\"https://encrypted-tbn3.gstatic.com/shopping?q=tbn:ANd9GcTT9EARYceKt_jqn9X4MH43Ey1bIDrsnZc5wPjG0wS-F-wQ9PJta1l4A-AxAAyko3Z5IvHSgO0_Gnn4enHFUQoYVIaWvMZk\u0026usqp=CAY\",\"https://encrypted-tbn0.gstatic.com/shopping?q=tbn:ANd9GcTpF9PimunMhlcnHfgzkn895rKQb35EW48PS-IM0lwnuADaF5tC3szKbe9ZkxnAHAXp6fnGEBkgzmDcz0ElPmL-WzR4HBShmg\u0026usqp=CAY\",\"https://encrypted-tbn2.gstatic.com/shopping?q=tbn:AN"])
self.__next_f.push([1,"d9GcT56PnF6Ir30ACBooV4QML9XqGxPMeS0UD-J-IOmt4RfpWkpWyt9SsenHDo-DCqfhurJ2kXsVOBsMMEV9L72XZYRPTuRv6C\u0026usqp=CAY\",\"https://encrypted-tbn2.gstatic.com/shopping?q=tbn:ANd9GcRG-GwVx5yd5FeS1o4JqlvUNwo3MPbl6Vc91YmWDI7TxsS8K17-ngY2Swkyvx_kAQg74KZJLwhOXKfvPq_3PHKWlmwNPzLPfg\u0026usqp=CAY\",\"https://encrypted-tbn0.gstatic.com/shopping?q=tbn:ANd9GcTcKKMgCXlJBxNH38rkCOoEjV0HdTnoWIilR_2EhskIJR6-4tF8CNhNhqIGSunQGyXQXvQG3Cy2lWEVq7bg-_x8LP0YeD6ZVQ\u0026usqp=CAY\",\"https://encrypted-tbn2.gstatic.com/shopping?q=tbn:ANd9GcSrenO1gNc233DGNWBIH4nRqrJPMwjW9ZIOfZ-NwBq8vYwNzpba6jAeRAkG5OVrB7tCPhPT_E-ODrd0HhJgHD33EjgK7MZTNA\u0026usqp=CAY\"]\n3b:{\"name\":\"Network\",\"value\":\"5G\"}\n3c:{\"name\":\"Sim Card Type\",\"value\":\"eSIM / Nano\"}\n3d:{\"name\":\"Operating System\",\"value\":\"Android 14\"}\n3e:{\"name\":\"Display\",\"value\":\"6.8 inches Full HD+\"}\n3f:{\"name\":\"Video Recording\",\"value\":\"4K\"}\n40:{\"name\":\"Phone Family\",\"value\":\"Moto g75\"}\n41:{\"name\":\"Expandable Storage\",\"value\":\"up to 1TB microSD card expandable\"}\n42:{\"name\":\"RAM Size\",\"value\":\"8GB\"}\n43:{\"name\":\"Bluetooth\",\"value\":\"5.4\"}\n44:{\"name\":\"GPS\",\"value\":\"GPS A-GPS LTEPP SUPL GLONASS Galileo QZSS BeiDou\"}\n45:{\"name\":\"Product Width (mm)\",\"value\":\"77.1\"}\n46:{\"name\":\"Product Height (mm)\",\"value\":\"165.95\"}\n47:{\"name\":\"Product Depth (mm)\",\"value\":\"7.99\"}\n48:{\"name\":\"Battery\",\"value\":\"5000mAh\"}\n49:{\"name\":\"Manufacturer's Warranty\",\"value\":\"2 Years\"}\n4a:{\"name\":\"Storage Size\",\"value\":\"256GB\"}\n4b:{\"name\":\"Colour\",\"value\":\"Charcoal Grey\"}\n4c:{\"name\":\"Display Resolution\",\"value\":\"2388 1080\"}\n4d:{\"name\":\"Weight (g)\",\"value\":\"180\"}\n4e:{\"name\":\"Front Camera\",\"value\":\"8MP\"}\n4f:{\"name\":\"Rear Camera\",\"value\":\"50MP\"}\n50:{\"name\":\"Release Year\",\"value\":\"2024\"}\n3a:[\"$3b\",\"$3c\",\"$3d\",\"$3e\",\"$3f\",\"$40\",\"$41\",\"$42\",\"$43\",\"$44\",\"$45\",\"$46\",\"$47\",\"$48\",\"$49\",\"$4a\",\"$4b\",\"$4c\",\"$4d\",\"$4e\",\"$4f\",\"$50\"]\n33:{\"title\":\"Motorola Moto G75 5G 256GB Grey with Buds\",\"image\":\"https://encrypted-tbn0.gstatic.com/shopping?q=tbn:ANd9GcTN0NDdrPCDIn9NaiVIb7vTMSRVKBOQbkBMTHJyb9dzqC_WY5IGMoYuvnsDtsI8XvfpsX50GHyVY5kvPm-1nSr2bXEkwcR1sLJr1IR1dAkwVcXTXGOCB8frf7o\",\"variants\":"])
self.__next_f.push([1,"\"$34\",\"colors\":\"$35\",\"thumbnails\":\"$39\",\"details\":\"Crafted from premium materials and featuring military-grade¹ durability, moto g75 5G is made for everyday life. Capture sharp photos and smooth videos using the Sony - LYTIA 600 camera with OIS. Enjoy endless entertainment on a super-bright 6.8\\\" Full HD+ display backed by Dolby Atmos sound. Plus, be the first to experience the efficiency of the latest Qualcomm Snapdragon processor, a 5000mAh battery with 30W TurboPower charging²,15W wireless charging³, and 256GB⁴ of built-in storage. And it comes bundled with moto buds earbuds, featuring a large dynamic driver, and Hi-Res Audio. Immerse yourself in music and movies, experiencing high-quality, balanced sound with enhanced bass.\",\"specs\":\"$3a\",\"id\":83429707,\"reviews_count\":976,\"reviews_rating\":\"4.5\",\"discount\":\"0\",\"offer_amount\":24,\"lowest_price\":\"391.00\",\"highest_price\":\"499.00\"}\n"])
self.__next_f.push([1,"b:[[\"$\",\"$L10\",null,{\"container\":true,\"justifyContent\":\"space-around\",\"spacing\":{\"xs\":0,\"md\":0},\"children\":[[\"$\",\"$L10\",null,{\"item\":true,\"md\":4,\"xs\":12,\"children\":[\"$\",\"$L2b\",null,{\"product\":{\"title\":\"Motorola Moto G75 5G 256GB Grey with Buds\",\"image\":\"https://encrypted-tbn0.gstatic.com/shopping?q=tbn:ANd9GcTN0NDdrPCDIn9NaiVIb7vTMSRVKBOQbkBMTHJyb9dzqC_WY5IGMoYuvnsDtsI8XvfpsX50GHyVY5kvPm-1nSr2bXEkwcR1sLJr1IR1dAkwVcXTXGOCB8frf7o\",\"variants\":[],\"colors\":[{\"gid\":\"15797211988331096831\",\"image\":\"https://encrypted-tbn0.gstatic.com/shopping?q=tbn:ANd9GcSMKJEcJ5xuZEACgvb5b-OsiulwL1b5Ivy7wbsYiJ3A2vpwsAhIjV_QMfs2iyap5nDsHiEzTcaeGYaz_I5WBRrUjD5abtI2D4WPYd1uowVZArHKnsIo95M\u0026usqp=CAY\"},{\"gid\":\"7830005719273689496\",\"image\":\"https://encrypted-tbn2.gstatic.com/shopping?q=tbn:ANd9GcRj65GJdYa0MGuv8L9RWAAJVks98kaBva-KPH34o7Nn8_xgtjFvHpEsyG-G9u_PAZwKCzR1UnPFs6JC5duNRu9kW-AZSxHpJQaql2ly1iZ6Cl09iaqRzqc\u0026usqp=CAY\"},{\"gid\":\"10929348810251206946\",\"image\":\"https://encrypted-tbn3.gstatic.com/shopping?q=tbn:ANd9GcQktEYbdVk26_5fVXmkf85U_V4MhhlgNSCKuEGMaIHFomdm78AIUKXN6e8XyuLWwiqXOJc6OF55c3TRby_V36YYx0Twj-TArJEJ3e_Z\u0026usqp=CAY\"}],\"thumbnails\":[\"https://encrypted-tbn0.gstatic.com/shopping?q=tbn:ANd9GcSqDaT816y1UmPhBrzkea3Dn_Hh8yTT3fZX4XBtJEkQcCWOz-LJ1AMEbRRDBSKM-M061mIP09PmjUwBgDldhA0acuhIAop7lQ\u0026usqp=CAY\",\"https://encrypted-tbn3.gstatic.com/shopping?q=tbn:ANd9GcQfbnmIwlniWJ2_8uNp4bDf-6Ju-12jrovvM3RkZ_F8hYC0DcS85hBW3VZ9oCT7zcvdcW7cG-u8JHbZQMXKs0v2Co4aSaICOQ\u0026usqp=CAY\",\"https://encrypted-tbn0.gstatic.com/shopping?q=tbn:ANd9GcR8UqT2y3HwL6mbcrp9X3EK1qROspiqDkg2j-9eEDSoFr4zLWQaFn_YrCOAi5hlWIs3MKewSYZSOFGmiREKJJNSBeWTMR7I\u0026usqp=CAY\",\"https://encrypted-tbn3.gstatic.com/shopping?q=tbn:ANd9GcSqlFWOdYRimHwGbRJI5IbP1AoXqAoJxhYRcQyn_ApjOgs6Plh_8JB3o2ty4s-L5Cg5FksrYalJmjsHi8o23nCuDdFhKywx\u0026usqp=CAY\",\"https://encrypted-tbn3.gstatic.com/shopping?q=tbn:ANd9GcTGaMNVsjZ6wopAkoCqf1frqUqC33R2pndPv3vm8_EbCO6PYXg6BBsU3OD398cOK_BW1ThT4nJXKLSf30DZHd0mG8Zq0KPDnw\u0026usqp=CAY\",\"https://encrypted-tbn3.gstatic.com/shopping?q=tbn:ANd9GcSNnV_WMDGVD4l6oHYCubmAQT7jpJwR2zyu-MbXinPr0z2qL-TKjOS5KkDIYnN4Fn69kQ-BiBFAiYqv9rH5kvHsmNICBre4\u0026usqp=CAY\",\"https://encrypted-tbn3.gstatic.com/shopping?q=tbn:ANd9GcTT9EARYceKt_jqn9X4MH43Ey1bIDrsnZc5wPjG0wS-F-wQ9PJta1l4A-AxAAyko3Z5IvHSgO0_Gnn4enHFUQoYVIaWvMZk\u0026usqp=CAY\",\"https://encrypted-tbn0.gstatic.com/shopping?q=tbn:ANd9GcTpF9PimunMhlcnHfgzkn895rKQb35EW48PS-IM0lwnuADaF5tC3szKbe9ZkxnAHAXp6fnGEBkgzmDcz0ElPmL-WzR4HBShmg\u0026usqp=CAY\",\"https://encrypted-tbn2.gstatic.com/shopping?q=tbn:ANd9GcT56PnF6Ir30ACBooV4QML9XqGxPMeS0UD-J-IOmt4RfpWkpWyt9SsenHDo-DCqfhurJ2kXsVOBsMMEV9L72XZYRPTuRv6C\u0026usqp=CAY\",\"https://encrypted-tbn2.gstatic.com/shopping?q=tbn:ANd9GcRG-GwVx5yd5FeS1o4JqlvUNwo3MPbl6Vc91YmWDI7TxsS8K17-ngY2Swkyvx_kAQg74KZJLwhOXKfvPq_3PHKWlmwNPzLPfg\u0026usqp=CAY\",\"https://encrypted-tbn0.gstatic.com/shopping?q=tbn:ANd9GcTcKKMgCXlJBxNH38rkCOoEjV0HdTnoWIilR_2EhskIJR6-4tF8CNhNhqIGSunQGyXQXvQG3Cy2lWEVq7bg-_x8LP0YeD6ZVQ\u0026usqp=CAY\",\"https://encrypted-tbn2.gstatic.com/shopping?q=tbn:ANd9GcSrenO1gNc233DGNWBIH4nRqrJPMwjW9ZIOfZ-NwBq8vYwNzpba6jAeRAkG5OVrB7tCPhPT_E-ODrd0HhJgHD33EjgK7MZTNA\u0026usqp=CAY\"],\"details\":\"Crafted from premium materials and featuring military-grade¹ durability, moto g75 5G is made for everyday life. Capture sharp photos and smooth videos using the Sony - LYTIA 600 camera with OIS. Enjoy endless entertainment on a super-bright 6.8\\\" Full HD+ display backed by Dolby Atmos sound. Plus, be the first to experience the efficiency of the latest Qualcomm Snapdragon processor, a 5000mAh battery with 30W TurboPower charging²,15W wireless charging³, and 256GB⁴ of built-in storage. And it comes bundled with moto buds earbuds, featuring a large dynamic driver, and Hi-Res Audio. Immerse yourself in music and movies, experiencing high-quality, balanced sound with enhanced bass.\",\"specs\":[{\"name\":\"Network\",\"value\":\"5G\"},{\"name\":\"Sim Card Type\",\"value\":\"eSIM / Nano\"},{\"name\":\"Operating System\",\"value\":\"Android 14\"},{\"name\":\"Display\",\"value\":\"6.8 inches Full HD+\"},{\"name\":\"Video Recording\",\"value\":\"4K\"},{\"name\":\"Phone Family\",\"value\":\"Moto g75\"},{\"name\":\"Expandable Storage\",\"value\":\"up to 1TB microSD card expandable\"},{\"name\":\"RAM Size\",\"value\":\"8GB\"},{\"name\":\"Bluetooth\",\"value\":\"5.4\"},{\"name\":\"GPS\",\"value\":\"GPS A-GPS LTEPP SUPL GLONASS Galileo QZSS BeiDou\"},{\"name\":\"Product Width (mm)\",\"value\":\"77.1\"},{\"name\":\"Product Height (mm)\",\"value\":\"165.95\"},{\"name\":\"Product Depth (mm)\",\"value\":\"7.99\"},{\"name\":\"Battery\",\"value\":\"5000mAh\"},{\"name\":\"Manufacturer's Warranty\",\"value\":\"2 Years\"},{\"name\":\"Storage Size\",\"value\":\"256GB\"},{\"name\":\"Colour\",\"value\":\"Charcoal Grey\"},{\"name\":\"Display Resolution\",\"value\":\"2388 1080\"},{\"name\":\"Weight (g)\",\"value\":\"180\"},{\"name\":\"Front Camera\",\"value\":\"8MP\"},{\"name\":\"Rear Camera\",\"value\":\"50MP\"},{\"name\":\"Release Year\",\"value\":\"2024\"}],\"id\":83429707,\"reviews_count\":976,\"reviews_rating\":\"4.5\",\"discount\":\"0\",\"offer_amount\":24,\"lowest_price\":\"391.00\",\"highest_price\":\"499.00\"}}]}],[\"$\",\"$L10\",null,{\"item\":true,\"md\":8,\"xs\":12,\"children\":[\"$\",\"$Ld\",null,{\"px\":4,\"sx\":{\"display\":{\"xs\":\"none\",\"md\":\"flex\"}},\"children\":[[\"$\",\"$L2c\",null,{\"mb\":1,\"children\":\"Motorola Moto G75 5G 256GB Grey with Buds\"}],[\"$\",\"$Lc\",null,{\"display\":\"flex\",\"alignItems\":\"center\",\"gap\":1,\"children\":[[\"$\",\"$Lc\",null,{\"sx\":{\"display\":\"flex\",\"color\":\"#faaf00\"},\"children\":[[\"$\",\"$L2d\",\"1\",{\"sx\":{\"fontSize\":\"1.25rem\"}}],[\"$\",\"$L2d\",\"2\",{\"sx\":{\"fontSize\":\"1.25rem\"}}],[\"$\",\"$L2d\",\"3\",{\"sx\":{\"fontSize\":\"1.25rem\"}}],[\"$\",\"$L2d\",\"4\",{\"sx\":{\"fontSize\":\"1.25rem\"}}],[\"$\",\"$L2e\",\"5\",{\"sx\":{\"fontSize\":\"1.25rem\"}}]]}],[\"$\",\"$L2f\",null,{\"lineHeight\":\"1\",\"children\":[\"(\",\"976\",\" reviews)\"]}]]}],[\"$\",\"$Lc\",null,{\"my\":2,\"children\":[\"$\",\"$L30\",null,{\"content\":\"Crafted from premium materials and featuring military-grade¹ durability, moto g75 5G is made for everyday life. Capture sharp photos and smooth videos using the Sony - LYTIA 600 camera with OIS. Enjoy endless entertainment on a super-bright 6.8\\\" Full HD+ display backed by Dolby Atmos sound. Plus, be the first to experience the efficiency of the latest Qualcomm Snapdragon processor, a 5000mAh battery with 30W TurboPower charging²,15W wireless charging³, and 256GB⁴ of built-in storage. And it comes bundled with moto buds earbuds, featuring a large dynamic driver, and Hi-Res Audio. Immerse yourself in music and movies, experiencing high-quality, balanced sound with enhanced bass.\"}]}],[\"$\",\"$Lc\",null,{\"display\":\"flex\",\"alignItems\":\"center\",\"justifyContent\":\"space-between\",\"children\":[[\"$\",\"$Lc\",null,{\"display\":\"flex\",\"alignItems\":\"center\",\"children\":[[\"$\",\"$L2c\",null,{\"color\":\"primary.main\",\"mr\":2,\"children\":\"$$391.00 - $499.00\"}],[\"$\",\"$L31\",null,{\"children\":[\"in \",24,\" offers\"]}]]}],[\"$\",\"$L32\",null,{\"product\":\"$33\"}]]}],[\"$\",\"$Lc\",null,{\"display\":\"flex\",\"alignItems\":\"center\",\"my\":1,\"flexWrap\":\"wrap\",\"rowGap\":1,\"children\":[[\"$\",\"$L51\",null,{\"mr\":1,\"children\":\"Colour:\"}],[[\"$\",\"$Lc\",\"0\",{\"display\":\"flex\",\"justifyContent\":\"center\",\"alignItems\":\"center\",\"width\":48,\"height\":48,\"minWidth\":48,\"bgcolor\":\"white\",\"border\":\"1px solid\",\"borderRadius\":\"10px\",\"style\":{\"cursor\":\"unset\"},\"borderColor\":\"primary.main\",\"mr\":\"10px\",\"children\":[\"$\",\"$L52\",null,{\"title\":false,\"children\":[\"$\",\"$L53\",null,{\"href\":\"\",\"ref\":\"$undefined\",\"prefetch\":\"$undefined\",\"target\":\"_blank\",\"children\":[\"$\",\"$L54\",null,{\"src\":\"https://encrypted-tbn0.gstatic.com/shopping?q=tbn:ANd9GcSMKJEcJ5xuZEACgvb5b-OsiulwL1b5Ivy7wbsYiJ3A2vpwsAhIjV_QMfs2iyap5nDsHiEzTcaeGYaz_I5WBRrUjD5abtI2D4WPYd1uowVZArHKnsIo95M\u0026usqp=CAY\",\"alt\":\"Motorola Moto G75 5G 256GB Grey with Buds\",\"width\":40,\"height\":40,\"style\":{\"objectFit\":\"contain\"}}]}]}]}],[\"$\",\"$Lc\",\"1\",{\"display\":\"flex\",\"justifyContent\":\"center\",\"alignItems\":\"center\",\"width\":48,\"height\":48,\"minWidth\":48,\"bgcolor\":\"white\",\"border\":\"1px solid\",\"borderRadius\":\"10px\",\"style\":{\"cursor\":\"pointer\"},\"borderColor\":\"grey.400\",\"mr\":\"10px\",\"children\":[\"$\",\"$L52\",null,{\"title\":\"Motorola Moto G75 5G 256GB Blue with Buds\",\"children\":[\"$\",\"$L53\",null,{\"href\":\"/product/motorola-moto-g75-5g-256gb-blue-with-buds\",\"ref\":\"$undefined\",\"prefetch\":false,\"target\":\"_blank\",\"children\":[\"$\",\"$L54\",null,{\"src\":\"https://encrypted-tbn2.gstatic.com/shopping?q=tbn:ANd9GcRj65GJdYa0MGuv8L9RWAAJVks98kaBva-KPH34o7Nn8_xgtjFvHpEsyG-G9u_PAZwKCzR1UnPFs6JC5duNRu9kW-AZSxHpJQaql2ly1iZ6Cl09iaqRzqc\u0026usqp=CAY\",\"alt\":\"Motorola Moto G75 5G 256GB Blue with Buds\",\"width\":40,\"height\":40,\"style\":{\"objectFit\":\"contain\"}}]}]}]}],[\"$\",\"$Lc\",\"2\",{\"display\":\"flex\",\"justifyContent\":\"center\",\"alignItems\":\"center\",\"width\":48,\"height\":48,\"minWidth\":48,\"bgcolor\":\"white\",\"border\":\"1px solid\",\"borderRadius\":\"10px\",\"style\":{\"cursor\":\"pointer\"},\"borderColor\":\"grey.400\",\"mr\":\"auto\",\"children\":[\"$\",\"$L52\",null,{\"title\":\"Motorola Moto G75 5G 256GB - Succulent Green + Moto Buds\",\"children\":[\"$\",\"$L53\",null,{\"href\":\"/product/motorola-moto-g75-5g-256gb-succulent-green-moto-buds\",\"ref\":\"$undefined\",\"prefetch\":false,\"target\":\"_blank\",\"children\":[\"$\",\"$L54\",null,{\"src\":\"https://encrypted-tbn3.gstatic.com/shopping?q=tbn:ANd9GcQktEYbdVk26_5fVXmkf85U_V4MhhlgNSCKuEGMaIHFomdm78AIUKXN6e8XyuLWwiqXOJc6OF55c3TRby_V36YYx0Twj-TArJEJ3e_Z\u0026usqp=CAY\",\"alt\":\"Motorola Moto G75 5G 256GB - Succulent Green + Moto Buds\",\"width\":40,\"height\":40,\"style\":{\"objectFit\":\"contain\"}}]}]}]}]]]}],[]]}]}]]}],[\"$\",\"$Ld\",null,{\"pb\":2,\"sx\":{\"display\":{\"xs\":\"flex\",\"md\":\"none\"}},\"children\":[[\"$\",\"$L51\",null,{\"children\":\"Motorola Moto G75 5G 256GB Grey with Buds\"}],[\"$\",\"$Ld\",null,{\"direction\":\"row\",\"justifyContent\":\"flex-start\",\"my\":1,\"children\":[[\"$\",\"$L55\",null,{\"color\":\"primary.main\",\"mr\":2,\"children\":\"$$391.00\"}],[\"$\",\"$Lc\",null,{\"display\":\"flex\",\"alignItems\":\"center\",\"gap\":1,\"children\":[[\"$\",\"$Lc\",null,{\"sx\":{\"display\":\"flex\",\"color\":\"#faaf00\"},\"children\":[[\"$\",\"$L2d\",\"1\",{\"sx\":{\"fontSize\":\"1.25rem\"}}],[\"$\",\"$L2d\",\"2\",{\"sx\":{\"fontSize\":\"1.25rem\"}}],[\"$\",\"$L2d\",\"3\",{\"sx\":{\"fontSize\":\"1.25rem\"}}],[\"$\",\"$L2d\",\"4\",{\"sx\":{\"fontSize\":\"1.25rem\"}}],[\"$\",\"$L2e\",\"5\",{\"sx\":{\"fontSize\":\"1.25rem\"}}]]}],[\"$\",\"$L56\",null,{\"children\":[\"(\",\"976\",\" reviews)\"]}]]}]]}],[\"$\",\"$L30\",null,{\"content\":\"Crafted from premium materials and featuring military-grade¹ durability, moto g75 5G is made for everyday life. Capture sharp photos and smooth videos using the Sony - LYTIA 600 camera with OIS. Enjoy endless entertainment on a super-bright 6.8\\\" Full HD+ display backed by Dolby Atmos sound. Plus, be the first to experience the efficiency of the latest Qualcomm Snapdragon processor, a 5000mAh battery with 30W TurboPower charging²,15W wireless charging³, and 256GB⁴ of built-in storage. And it comes bundled with moto buds earbuds, featuring a large dynamic driver, and Hi-Res Audio. Immerse yourself in music and movies, experiencing high-quality, balanced sound with enhanced bass.\",\"fontSize\":14,\"maxHeight\":63}],[\"$\",\"$Lc\",null,{\"display\":\"flex\",\"sx\":{\"overflowX\":\"auto\",\"whiteSpace\":\"nowrap\",\"my\":1},\"children\":[\"$\",\"$Lc\",null,{\"display\":\"flex\",\"alignItems\":\"center\",\"children\":[[\"$\",\"$L57\",null,{\"mr\":1,\"children\":\"Colour:\"}],[[\"$\",\"$Lc\",\"0\",{\"display\":\"flex\",\"justifyContent\":\"center\",\"alignItems\":\"center\",\"width\":48,\"height\":48,\"minWidth\":48,\"bgcolor\":\"white\",\"border\":\"1px solid\",\"borderRadius\":\"10px\",\"style\":{\"cursor\":\"unset\"},\"borderColor\":\"primary.main\",\"mr\":\"6px\",\"children\":[\"$\",\"$L53\",null,{\"href\":\"\",\"ref\":\"$undefined\",\"prefetch\":\"$undefined\",\"target\":\"_blank\",\"children\":[\"$\",\"$L58\",null,{\"src\":\"https://encrypted-tbn0.gstatic.com/shopping?q=tbn:ANd9GcSMKJEcJ5xuZEACgvb5b-OsiulwL1b5Ivy7wbsYiJ3A2vpwsAhIjV_QMfs2iyap5nDsHiEzTcaeGYaz_I5WBRrUjD5abtI2D4WPYd1uowVZArHKnsIo95M\u0026usqp=CAY\",\"alt\":\"Motorola Moto G75 5G 256GB Grey with Buds\",\"width\":40,\"height\":40,\"style\":{\"objectFit\":\"contain\"}}]}]}],[\"$\",\"$Lc\",\"1\",{\"display\":\"flex\",\"justifyContent\":\"center\",\"alignItems\":\"center\",\"width\":48,\"height\":48,\"minWidth\":48,\"bgcolor\":\"white\",\"border\":\"1px solid\",\"borderRadius\":\"10px\",\"style\":{\"cursor\":\"pointer\"},\"borderColor\":\"grey.400\",\"mr\":\"6px\",\"children\":[\"$\",\"$L53\",null,{\"href\":\"/product/motorola-moto-g75-5g-256gb-blue-with-buds\",\"ref\":\"$undefined\",\"prefetch\":false,\"target\":\"_blank\",\"children\":[\"$\",\"$L58\",null,{\"src\":\"https://encrypted-tbn2.gstatic.com/shopping?q=tbn:ANd9GcRj65GJdYa0MGuv8L9RWAAJVks98kaBva-KPH34o7Nn8_xgtjFvHpEsyG-G9u_PAZwKCzR1UnPFs6JC5duNRu9kW-AZSxHpJQaql2ly1iZ6Cl09iaqRzqc\u0026usqp=CAY\",\"alt\":\"Motorola Moto G75 5G 256GB Blue with Buds\",\"width\":40,\"height\":40,\"style\":{\"objectFit\":\"contain\"}}]}]}],[\"$\",\"$Lc\",\"2\",{\"display\":\"flex\",\"justifyContent\":\"center\",\"alignItems\":\"center\",\"width\":48,\"height\":48,\"minWidth\":48,\"bgcolor\":\"white\",\"border\":\"1px solid\",\"borderRadius\":\"10px\",\"style\":{\"cursor\":\"pointer\"},\"borderColor\":\"grey.400\",\"mr\":\"auto\",\"children\":[\"$\",\"$L53\",null,{\"href\":\"/product/motorola-moto-g75-5g-256gb-succulent-green-moto-buds\",\"ref\":\"$undefined\",\"prefetch\":false,\"target\":\"_blank\",\"children\":[\"$\",\"$L58\",null,{\"src\":\"https://encrypted-tbn3.gstatic.com/shopping?q=tbn:ANd9GcQktEYbdVk26_5fVXmkf85U_V4MhhlgNSCKuEGMaIHFomdm78AIUKXN6e8XyuLWwiqXOJc6OF55c3TRby_V36YYx0Twj-TArJEJ3e_Z\u0026usqp=CAY\",\"alt\":\"Motorola Moto G75 5G 256GB - Succulent Green + Moto Buds\",\"width\":40,\"height\":40,\"style\":{\"objectFit\":\"contain\"}}]}]}]]]}]}],[\"$\",\"$Lc\",null,{\"children\":false}]]}]]\n"])
self.__next_f.push([1,"59:I[65161,[\"3655\",\"static/chunks/3655-f78e4e363a5541d0.js\",\"6290\",\"static/chunks/6290-2a8ce89a0b5a3df8.js\",\"6381\",\"static/chunks/6381-2b873addadcb95f3.js\",\"6310\",\"static/chunks/6310-99207018fb617736.js\",\"5469\",\"static/chunks/5469-d5f85e2b5dbb2663.js\",\"6341\",\"static/chunks/6341-ca54939c2b36d77d.js\",\"6252\",\"static/chunks/6252-920c83842bca245b.js\",\"6574\",\"static/chunks/6574-85b13196e7d2f55e.js\",\"307\",\"static/chunks/307-cefa9bd2f7381bf5.js\",\"2665\",\"static/chunks/2665-2d172eda87a962e3.js\",\"684\",\"static/chunks/684-7de3c401504b82a2.js\",\"8393\",\"static/chunks/8393-4175fa3c3129adeb.js\",\"7269\",\"static/chunks/7269-a4bddb872ba784d5.js\",\"3691\",\"static/chunks/3691-4bb5861e2d594f2b.js\",\"8368\",\"static/chunks/8368-d0cd9f9fca0712a7.js\",\"1682\",\"static/chunks/1682-b2e703b472c280ea.js\",\"2917\",\"static/chunks/2917-184ec9877565fafd.js\",\"4824\",\"static/chunks/4824-507f78e55d96f9dc.js\",\"7614\",\"static/chunks/app/product/%5Bslug%5D/@offers/page-8d4c61690e8d9066.js\"],\"default\"]\n5a:T6c8,Bought this for my daughter and I'm very impressed. The camera is more than capable for daylight photos and selfies. The processor and RAM are fast enough. I compared APP loading and camera launching vs my Samsung Ultra and there's little difference for normal use (processing video or intense gaming you can see a difference, but in normal use, they're close).It's a little on the big side, especially for a child, but the Military toughness and optional screen repair service make up for that. The battery beats my Samsung phone in real every day use hands down.Absolute standout feature for me is Wireless Charging. This means the phone is left on our charger in the living room, and doesn't go up to bedrooms in the evening. Google Family Link works well too.Overall ... MoreBought this for my daughter and I'm very impressed. The camera is more than capable for daylight photos and selfies. The processor and RAM are fast enough. I compared APP loading and camera launching vs my Samsung Ultra and there's little difference for normal use (processing video or intense gam"])
self.__next_f.push([1,"ing you can see a difference, but in normal use, they're close).It's a little on the big side, especially for a child, but the Military toughness and optional screen repair service make up for that. The battery beats my Samsung phone in real every day use hands down.Absolute standout feature for me is Wireless Charging. This means the phone is left on our charger in the living room, and doesn't go up to bedrooms in the evening. Google Family Link works well too.Overall really impressed with the quality, features and toughness. Oh, and finally Motorola have guaranteed a few years updates, I wouldn't have bought it without the new Android Update policy."])
self.__next_f.push([1,"11:[\"$\",\"$L59\",null,{\"product\":{\"id\":83429707,\"gid\":\"15797211988331096831\",\"title\":\"Motorola Moto G75 5G 256GB Grey with Buds\",\"image\":\"https://encrypted-tbn0.gstatic.com/shopping?q=tbn:ANd9GcTN0NDdrPCDIn9NaiVIb7vTMSRVKBOQbkBMTHJyb9dzqC_WY5IGMoYuvnsDtsI8XvfpsX50GHyVY5kvPm-1nSr2bXEkwcR1sLJr1IR1dAkwVcXTXGOCB8frf7o\",\"created_at\":\"$D2024-11-30T20:11:12.579Z\",\"updated_at\":\"$D2024-12-01T03:20:16.117Z\",\"slug\":\"motorola-moto-g75-5g-256gb-grey-with-buds\",\"thumbnails\":[\"https://encrypted-tbn0.gstatic.com/shopping?q=tbn:ANd9GcSqDaT816y1UmPhBrzkea3Dn_Hh8yTT3fZX4XBtJEkQcCWOz-LJ1AMEbRRDBSKM-M061mIP09PmjUwBgDldhA0acuhIAop7lQ\u0026usqp=CAY\",\"https://encrypted-tbn3.gstatic.com/shopping?q=tbn:ANd9GcQfbnmIwlniWJ2_8uNp4bDf-6Ju-12jrovvM3RkZ_F8hYC0DcS85hBW3VZ9oCT7zcvdcW7cG-u8JHbZQMXKs0v2Co4aSaICOQ\u0026usqp=CAY\",\"https://encrypted-tbn0.gstatic.com/shopping?q=tbn:ANd9GcR8UqT2y3HwL6mbcrp9X3EK1qROspiqDkg2j-9eEDSoFr4zLWQaFn_YrCOAi5hlWIs3MKewSYZSOFGmiREKJJNSBeWTMR7I\u0026usqp=CAY\",\"https://encrypted-tbn3.gstatic.com/shopping?q=tbn:ANd9GcSqlFWOdYRimHwGbRJI5IbP1AoXqAoJxhYRcQyn_ApjOgs6Plh_8JB3o2ty4s-L5Cg5FksrYalJmjsHi8o23nCuDdFhKywx\u0026usqp=CAY\",\"https://encrypted-tbn3.gstatic.com/shopping?q=tbn:ANd9GcTGaMNVsjZ6wopAkoCqf1frqUqC33R2pndPv3vm8_EbCO6PYXg6BBsU3OD398cOK_BW1ThT4nJXKLSf30DZHd0mG8Zq0KPDnw\u0026usqp=CAY\",\"https://encrypted-tbn3.gstatic.com/shopping?q=tbn:ANd9GcSNnV_WMDGVD4l6oHYCubmAQT7jpJwR2zyu-MbXinPr0z2qL-TKjOS5KkDIYnN4Fn69kQ-BiBFAiYqv9rH5kvHsmNICBre4\u0026usqp=CAY\",\"https://encrypted-tbn3.gstatic.com/shopping?q=tbn:ANd9GcTT9EARYceKt_jqn9X4MH43Ey1bIDrsnZc5wPjG0wS-F-wQ9PJta1l4A-AxAAyko3Z5IvHSgO0_Gnn4enHFUQoYVIaWvMZk\u0026usqp=CAY\",\"https://encrypted-tbn0.gstatic.com/shopping?q=tbn:ANd9GcTpF9PimunMhlcnHfgzkn895rKQb35EW48PS-IM0lwnuADaF5tC3szKbe9ZkxnAHAXp6fnGEBkgzmDcz0ElPmL-WzR4HBShmg\u0026usqp=CAY\",\"https://encrypted-tbn2.gstatic.com/shopping?q=tbn:ANd9GcT56PnF6Ir30ACBooV4QML9XqGxPMeS0UD-J-IOmt4RfpWkpWyt9SsenHDo-DCqfhurJ2kXsVOBsMMEV9L72XZYRPTuRv6C\u0026usqp=CAY\",\"https://encrypted-tbn2.gstatic.com/shopping?q=tbn:ANd9GcRG-GwVx5yd5FeS1o4JqlvUNwo3MPbl6Vc91YmWDI7TxsS8K17-ngY2Swkyvx_kAQg74KZJLwhOXKfvPq_3PHKWlmwNPzLPfg\u0026usqp=CAY\",\"https://encrypted-tbn0.gstatic.com/shopping?q=tbn:ANd9GcTcKKMgCXlJBxNH38rkCOoEjV0HdTnoWIilR_2EhskIJR6-4tF8CNhNhqIGSunQGyXQXvQG3Cy2lWEVq7bg-_x8LP0YeD6ZVQ\u0026usqp=CAY\",\"https://encrypted-tbn2.gstatic.com/shopping?q=tbn:ANd9GcSrenO1gNc233DGNWBIH4nRqrJPMwjW9ZIOfZ-NwBq8vYwNzpba6jAeRAkG5OVrB7tCPhPT_E-ODrd0HhJgHD33EjgK7MZTNA\u0026usqp=CAY\"],\"details\":\"Crafted from premium materials and featuring military-grade¹ durability, moto g75 5G is made for everyday life. Capture sharp photos and smooth videos using the Sony - LYTIA 600 camera with OIS. Enjoy endless entertainment on a super-bright 6.8\\\" Full HD+ display backed by Dolby Atmos sound. Plus, be the first to experience the efficiency of the latest Qualcomm Snapdragon processor, a 5000mAh battery with 30W TurboPower charging²,15W wireless charging³, and 256GB⁴ of built-in storage. And it comes bundled with moto buds earbuds, featuring a large dynamic driver, and Hi-Res Audio. Immerse yourself in music and movies, experiencing high-quality, balanced sound with enhanced bass.\",\"variants\":[],\"category_id\":null,\"offline_at\":null,\"colors\":[{\"gid\":\"15797211988331096831\",\"image\":\"https://encrypted-tbn0.gstatic.com/shopping?q=tbn:ANd9GcSMKJEcJ5xuZEACgvb5b-OsiulwL1b5Ivy7wbsYiJ3A2vpwsAhIjV_QMfs2iyap5nDsHiEzTcaeGYaz_I5WBRrUjD5abtI2D4WPYd1uowVZArHKnsIo95M\u0026usqp=CAY\"},{\"gid\":\"7830005719273689496\",\"image\":\"https://encrypted-tbn2.gstatic.com/shopping?q=tbn:ANd9GcRj65GJdYa0MGuv8L9RWAAJVks98kaBva-KPH34o7Nn8_xgtjFvHpEsyG-G9u_PAZwKCzR1UnPFs6JC5duNRu9kW-AZSxHpJQaql2ly1iZ6Cl09iaqRzqc\u0026usqp=CAY\"},{\"gid\":\"10929348810251206946\",\"image\":\"https://encrypted-tbn3.gstatic.com/shopping?q=tbn:ANd9GcQktEYbdVk26_5fVXmkf85U_V4MhhlgNSCKuEGMaIHFomdm78AIUKXN6e8XyuLWwiqXOJc6OF55c3TRby_V36YYx0Twj-TArJEJ3e_Z\u0026usqp=CAY\"}],\"product_status\":{\"pid\":83429707,\"offer_amount\":24,\"lowest_price\":391,\"highest_price\":499,\"single_seller_id\":null,\"discount\":0,\"featured\":true,\"last_price_updated_at\":\"$D2025-09-14T01:53:37.581Z\",\"discount_seller_id\":1392573,\"last_lowest_price\":391,\"reviews_count\":976,\"reviews_rating\":4.5,\"country_code\":\"au\",\"language_code\":null},\"offers\":[{\"pid\":83429707,\"seller_product_url\":\"https://www.mydeal.com.au/motorola-g75-5g-256gb-with-moto-buds-charcoal-grey-au-stock-6-8-full-hd-120hz-8gb-256gb-dual-sim-50mp-16mp-water-protection-5000mah-2year-warranty-14598762\",\"created_at\":\"$D2025-09-14T01:53:37.581Z\",\"offer_id\":null,\"base_price\":471.25,\"shipping\":0,\"seller_id\":908,\"condition\":\"new\",\"country_code\":null,\"seller\":{\"seller_id\":908,\"name\":\"MyDeal\",\"url\":\"mydeal.com.au\",\"shopback\":{\"sb_id\":7696,\"sb_name\":\"MyDeal.com.au\",\"url\":\"www.shopback.com.au/mydeal\",\"commission\":\"Up to 3.6% Cashback\",\"created_at\":\"$D2023-08-01T09:56:13.775Z\",\"updated_at\":\"$D2023-11-25T10:32:54.782Z\",\"hostname\":\"mydeal.com.au\"},\"cashrewards\":{\"cr_id\":1004953,\"name\":\"MyDeal\",\"hyphenated_name\":\"mydeal\",\"logo\":\"//cdn.cashrewards.com/mydeal.png?t=637672695131179086\",\"created_at\":\"$D2023-07-30T11:50:50.100Z\",\"commission\":4.2,\"commission_string\":\"Up to 4.2% cashback\",\"online\":true,\"instore\":false,\"hostname\":\"mydeal.com.au\",\"updated_at\":\"$D2023-11-30T03:50:38.698Z\"}}},{\"pid\":83429707,\"seller_product_url\":\"https://www.lwt.com.au/Product/MOT5690517/PB3Y0024AU/Motorola-G75-5G-256GB-With-Moto-Buds-Charcoal-GreyAU-STOCK68Full-HD120Hz8GB-256GBDual-SIM50MP-16MPWater-Protection5000mAh2Year-Warranty/ws/Business\",\"created_at\":\"$D2025-09-14T01:53:37.581Z\",\"offer_id\":null,\"base_price\":400.4,\"shipping\":16.5,\"seller_id\":555296346,\"condition\":\"new\",\"country_code\":null,\"seller\":{\"seller_id\":555296346,\"name\":\"LWT\",\"url\":\"www.lwt.com.au\",\"shopback\":null,\"cashrewards\":null}},{\"pid\":83429707,\"seller_product_url\":\"https://www.flashtrend.com.au/motorola-g75-5g-256gb-with-moto-buds-charcoal-grey\",\"created_at\":\"$D2025-09-14T01:53:37.581Z\",\"offer_id\":null,\"base_price\":479.77,\"shipping\":7.95,\"seller_id\":99,\"condition\":\"new\",\"country_code\":null,\"seller\":{\"seller_id\":99,\"name\":\"Flashtrend.com.au\",\"url\":\"www.flashtrend.com.au\",\"shopback\":null,\"cashrewards\":null}},{\"pid\":83429707,\"seller_product_url\":\"https://shop.zelrose.com.au/products/motorola-g75-5g-256gb-with-moto-buds-charcoal-grey-au-stock-6-8-full-hd-120hz-8gb-256gb-dual-sim-50mp-16mp-water-protection-5000mah-2year-warranty?variant=50892878020887\",\"created_at\":\"$D2025-09-14T01:53:37.581Z\",\"offer_id\":null,\"base_price\":499,\"shipping\":12.5,\"seller_id\":51017477,\"condition\":\"new\",\"country_code\":null,\"seller\":{\"seller_id\":51017477,\"name\":\"Zelrose IT\",\"url\":null,\"shopback\":null,\"cashrewards\":null}},{\"pid\":83429707,\"seller_product_url\":\"https://www.techciti.com.au/motorola-moto-g75-5g-w-moto-buds-dual-sim-256gb-8gb-6-8-grey\",\"created_at\":\"$D2025-09-14T01:53:37.581Z\",\"offer_id\":null,\"base_price\":438,\"shipping\":0,\"seller_id\":1400,\"condition\":\"new\",\"country_code\":null,\"seller\":{\"seller_id\":1400,\"name\":\"Techciti\",\"url\":\"www.techciti.com.au\",\"shopback\":null,\"cashrewards\":null}},{\"pid\":83429707,\"seller_product_url\":\"https://betteroffice.store/products/motorola-g75-5g-256gb-with-moto-buds-charcoal-grey-au-stock-6-8full-hd-120hz8gb-256gbdual-sim50mp-16mpwater-protection5000mah2year-warranty?variant=45678834450586\",\"created_at\":\"$D2025-09-14T01:53:37.581Z\",\"offer_id\":null,\"base_price\":499,\"shipping\":12,\"seller_id\":1210947108,\"condition\":\"new\",\"country_code\":null,\"seller\":{\"seller_id\":1210947108,\"name\":\"betteroffice.store\",\"url\":\"betteroffice.store\",\"shopback\":null,\"cashrewards\":null}},{\"pid\":83429707,\"seller_product_url\":\"https://vtechindustries.com.au/products/motorola-g75-5g-256gb-with-moto-buds-charcoal-grey-au-stock-6-8-full-hd-120hz-8gb-256gb-dual-sim-50mp-16mp-water-protection-5000mah-2year-warranty-pb3y0024au?variant=50641766383904\",\"created_at\":\"$D2025-09-14T01:53:37.581Z\",\"offer_id\":null,\"base_price\":391,\"shipping\":13,\"seller_id\":1392573,\"condition\":\"new\",\"country_code\":null,\"seller\":{\"seller_id\":1392573,\"name\":\"VTech Industries\",\"url\":\"www.vtechindustries.com.au\",\"shopback\":null,\"cashrewards\":null}},{\"pid\":83429707,\"seller_product_url\":\"https://i-tech.com.au/pb3y0024au-motorola-g75-5g-256gb-with-moto-buds-charcoal-430730.html\",\"created_at\":\"$D2025-09-14T01:53:37.581Z\",\"offer_id\":null,\"base_price\":415,\"shipping\":15,\"seller_id\":175,\"condition\":\"new\",\"country_code\":null,\"seller\":{\"seller_id\":175,\"name\":\"www.i-tech.com.au\",\"url\":\"i-tech.com.au\",\"shopback\":null,\"cashrewards\":null}},{\"pid\":83429707,\"seller_product_url\":\"https://www.itnest.com.au/hardware/other/motorola-g75-5g-256gb-with-moto-buds-charcoal-grey(pb3y0024au)-pb3y0024au\",\"created_at\":\"$D2025-09-14T01:53:37.581Z\",\"offer_id\":null,\"base_price\":409,\"shipping\":16.95,\"seller_id\":283,\"condition\":\"new\",\"country_code\":null,\"seller\":{\"seller_id\":283,\"name\":\"itnest.com.au\",\"url\":\"www.itnest.com.au\",\"shopback\":null,\"cashrewards\":null}},{\"pid\":83429707,\"seller_product_url\":\"https://www.allphones.com.au/motorola-moto-g75-5g-w-moto-buds-dual-sim-256gb-8gb-6-8-grey\",\"created_at\":\"$D2025-09-14T01:53:37.581Z\",\"offer_id\":null,\"base_price\":438,\"shipping\":0,\"seller_id\":8569,\"condition\":\"new\",\"country_code\":null,\"seller\":{\"seller_id\":8569,\"name\":\"Allphones Online\",\"url\":\"www.allphones.com.au\",\"shopback\":null,\"cashrewards\":null}},{\"pid\":83429707,\"seller_product_url\":\"https://www.ozspots.com.au/product/motorola-g75-5g-256gb-with-moto-buds-charcoal-greyau-stock6-8full-hd120hz8gb-256gbdual-sim50mp-16mpwater-protection5000mah2year-warranty/\",\"created_at\":\"$D2025-09-14T01:53:37.581Z\",\"offer_id\":null,\"base_price\":400.02,\"shipping\":9.7,\"seller_id\":1525538,\"condition\":\"new\",\"country_code\":null,\"seller\":{\"seller_id\":1525538,\"name\":\"OzSpots Wireless\",\"url\":\"www.ozspots.com.au\",\"shopback\":null,\"cashrewards\":null}},{\"pid\":83429707,\"seller_product_url\":\"https://www.jw.com.au/product/motorola-moto-g75-5g-256gb-8gb-6-8-charcoal-grey\",\"created_at\":\"$D2025-09-14T01:53:37.581Z\",\"offer_id\":null,\"base_price\":459,\"shipping\":0,\"seller_id\":138,\"condition\":\"new\",\"country_code\":null,\"seller\":{\"seller_id\":138,\"name\":\"JW Computers\",\"url\":\"www.jw.com.au\",\"shopback\":null,\"cashrewards\":null}},{\"pid\":83429707,\"seller_product_url\":\"https://www.woolworths.com.au/shop/productdetails/1123910867\",\"created_at\":\"$D2025-09-14T01:53:37.581Z\",\"offer_id\":null,\"base_price\":471.25,\"shipping\":10,\"seller_id\":97,\"condition\":\"new\",\"country_code\":null,\"seller\":{\"seller_id\":97,\"name\":\"Woolworths\",\"url\":\"www.woolworths.com.au\",\"shopback\":null,\"cashrewards\":null}},{\"pid\":83429707,\"seller_product_url\":\"https://www.ebay.com.au/itm/167115114606\",\"created_at\":\"$D2025-09-14T01:53:37.581Z\",\"offer_id\":null,\"base_price\":467.7,\"shipping\":0,\"seller_id\":1042295139,\"condition\":\"new\",\"country_code\":null,\"seller\":{\"seller_id\":1042295139,\"name\":\"eBay\",\"url\":\"www.ebay.com.au\",\"shopback\":null,\"cashrewards\":null}},{\"pid\":83429707,\"seller_product_url\":\"https://ezypcsales.com.au/product/motorola-g75-5g-256gb-with-moto-buds-charcoal-greyau-stock6-8full-hd120hz8gb-256gbdual-sim50mp-16mpwater-protection5000mah2year-warranty/\",\"created_at\":\"$D2025-09-14T01:53:37.581Z\",\"offer_id\":null,\"base_price\":391.56,\"shipping\":12.95,\"seller_id\":2808065,\"condition\":\"new\",\"country_code\":null,\"seller\":{\"seller_id\":2808065,\"name\":\"Ezy P.C. Sales\",\"url\":\"ezypcsales.com.au\",\"shopback\":null,\"cashrewards\":null}},{\"pid\":83429707,\"seller_product_url\":\"https://www.dicksmith.com.au/da/buy/motorola-moto-g75-5g-bonus-moto-buds-dual-sim-256gb8gb-68-00840023276545/\",\"created_at\":\"$D2025-09-14T01:53:37.581Z\",\"offer_id\":null,\"base_price\":438.99,\"shipping\":0,\"seller_id\":156,\"condition\":\"new\",\"country_code\":null,\"seller\":{\"seller_id\":156,\"name\":\"Dick Smith AU\",\"url\":\"www.dicksmith.com.au\",\"shopback\":null,\"cashrewards\":null}},{\"pid\":83429707,\"seller_product_url\":\"https://www.bigw.com.au/product/motorola-g75-5g-256gb-with-moto-buds-charcoal-grey-au-stock-6-8-full-hd-120hz-8gb-256gb-dual-sim-50mp-16mp-water-protection-5000mah-2year-warranty/p/9901208423\",\"created_at\":\"$D2025-09-14T01:53:37.581Z\",\"offer_id\":null,\"base_price\":471.25,\"shipping\":0,\"seller_id\":769007327,\"condition\":\"new\",\"country_code\":null,\"seller\":{\"seller_id\":769007327,\"name\":\"BIG W - BIG W MARKET\",\"url\":\"www.bigw.com.au\",\"shopback\":null,\"cashrewards\":null}},{\"pid\":83429707,\"seller_product_url\":\"https://campcomprep.com.au/product/motorola-g75-5g-256gb-with-moto-buds-charcoal-greyau-stock6-8full-hd120hz8gb-256gbdual-sim50mp-16mpwater-protection5000mah2year-warranty/\",\"created_at\":\"$D2025-09-14T01:53:37.581Z\",\"offer_id\":null,\"base_price\":499,\"shipping\":15,\"seller_id\":1374,\"condition\":\"new\",\"country_code\":null,\"seller\":{\"seller_id\":1374,\"name\":\"Campbelltown Computer Repairs\",\"url\":\"campcomprep.com.au\",\"shopback\":null,\"cashrewards\":null}},{\"pid\":83429707,\"seller_product_url\":\"https://www.kogan.com/au/buy/motorola-moto-g75-5g-bonus-moto-buds-dual-sim-256gb8gb-68-00840023276545/\",\"created_at\":\"$D2025-09-14T01:53:37.581Z\",\"offer_id\":null,\"base_price\":438.99,\"shipping\":0,\"seller_id\":103,\"condition\":\"new\",\"country_code\":null,\"seller\":{\"seller_id\":103,\"name\":\"Kogan.com\",\"url\":\"www.kogan.com\",\"shopback\":null,\"cashrewards\":null}},{\"pid\":83429707,\"seller_product_url\":\"https://www.bunnings.com.au/motorola-moto-g75-5g-8gb-256gb-6-8-w-moto-buds-charcoal-grey_p0826330\",\"created_at\":\"$D2025-09-14T01:53:37.581Z\",\"offer_id\":null,\"base_price\":495.72,\"shipping\":15,\"seller_id\":47,\"condition\":\"new\",\"country_code\":null,\"seller\":{\"seller_id\":47,\"name\":\"Bunnings Warehouse\",\"url\":\"www.bunnings.com.au\",\"shopback\":null,\"cashrewards\":null}},{\"pid\":83429707,\"seller_product_url\":\"https://www.mobileciti.com.au/motorola-moto-g75-5g-w-moto-buds-dual-sim-256gb-8gb-6-8-grey\",\"created_at\":\"$D2025-09-14T01:53:37.581Z\",\"offer_id\":null,\"base_price\":438,\"shipping\":0,\"seller_id\":202,\"condition\":\"new\",\"country_code\":null,\"seller\":{\"seller_id\":202,\"name\":\"Mobileciti\",\"url\":\"www.mobileciti.com.au\",\"shopback\":{\"sb_id\":8410,\"sb_name\":\"Mobileciti\",\"url\":\"www.shopback.com.au/mobileciti\",\"commission\":\"Up to 2.10% Cashback\",\"created_at\":\"$D2023-08-01T09:56:13.775Z\",\"updated_at\":null,\"hostname\":\"mobileciti.com.au\"},\"cashrewards\":{\"cr_id\":1005098,\"name\":\"Mobileciti\",\"hyphenated_name\":\"mobileciti\",\"logo\":\"//cdn.cashrewards.com/mobileciti.jpg?t=637765071372444088\",\"created_at\":\"$D2023-07-30T11:50:50.100Z\",\"commission\":2.2,\"commission_string\":\"Up to 2.2% cashback\",\"online\":true,\"instore\":false,\"hostname\":\"mobileciti.com.au\",\"updated_at\":null}}},{\"pid\":83429707,\"seller_product_url\":\"https://www.thegoodguys.com.au/motorola-g75-5g-256gb-charcoal-grey-11901327984\",\"created_at\":\"$D2025-09-14T01:53:37.581Z\",\"offer_id\":null,\"base_price\":497,\"shipping\":3,\"seller_id\":10,\"condition\":\"new\",\"country_code\":null,\"seller\":{\"seller_id\":10,\"name\":\"The Good Guys\",\"url\":\"www.thegoodguys.com.au\",\"shopback\":{\"sb_id\":8367,\"sb_name\":\"The Good Guys\",\"url\":\"www.shopback.com.au/the-good-guys\",\"commission\":\"Up to 3% Cashback\",\"created_at\":\"$D2023-08-01T09:56:13.775Z\",\"updated_at\":\"$D2023-11-25T10:32:54.782Z\",\"hostname\":\"thegoodguys.com.au\"},\"cashrewards\":{\"cr_id\":1004849,\"name\":\"The Good Guys\",\"hyphenated_name\":\"the-good-guys\",\"logo\":\"//cdn.cashrewards.com/the-good-guys.jpg?t=637599296823973829\",\"created_at\":\"$D2023-07-30T11:50:50.100Z\",\"commission\":2.3,\"commission_string\":\"Up to 2.3% cashback\",\"online\":true,\"instore\":false,\"hostname\":\"thegoodguys.com.au\",\"updated_at\":\"$D2023-11-25T10:32:11.855Z\"}}},{\"pid\":83429707,\"seller_product_url\":\"https://www.amazon.com.au/dp/B0DKXB12CP\",\"created_at\":\"$D2025-09-14T01:53:37.581Z\",\"offer_id\":null,\"base_price\":438,\"shipping\":0,\"seller_id\":60,\"condition\":\"new\",\"country_code\":null,\"seller\":{\"seller_id\":60,\"name\":\"Amazon.com.au\",\"url\":\"www.amazon.com.au\",\"shopback\":{\"sb_id\":8448,\"sb_name\":\"Amazon Australia\",\"url\":\"www.shopback.com.au/amazon-australia\",\"commission\":\"Up to 7% Cashback\",\"created_at\":\"$D2023-08-01T09:56:13.775Z\",\"updated_at\":\"$D2023-11-25T10:32:54.782Z\",\"hostname\":\"amazon.com.au\"},\"cashrewards\":{\"cr_id\":1003434,\"name\":\"Amazon Australia\",\"hyphenated_name\":\"amazon-australia\",\"logo\":\"//cdn.cashrewards.com/amazon-australia.jpg\",\"created_at\":\"$D2023-07-30T11:50:50.100Z\",\"commission\":7,\"commission_string\":\"Up to 7% cashback\",\"online\":true,\"instore\":false,\"hostname\":\"amazon.com.au\",\"updated_at\":\"$D2023-11-30T03:50:38.698Z\"}}},{\"pid\":83429707,\"seller_product_url\":\"https://www.harveynorman.com.au/motorola-moto-g75-5g-256gb-charcoal-grey.html\",\"created_at\":\"$D2025-09-14T01:53:37.581Z\",\"offer_id\":null,\"base_price\":499,\"shipping\":7.95,\"seller_id\":11,\"condition\":\"new\",\"country_code\":null,\"seller\":{\"seller_id\":11,\"name\":\"Harvey Norman Australia\",\"url\":\"www.harveynorman.com.au\",\"shopback\":null,\"cashrewards\":null}},{\"pid\":83429707,\"seller_product_url\":\"https://www.lasoo.com.au/products/personal-digital/1716909/motorola-moto-g75-5g-dual-sim-256gb8gb-68-charcoal-grey\",\"created_at\":\"$D2025-08-29T20:03:27.652Z\",\"offer_id\":null,\"base_price\":529,\"shipping\":0,\"seller_id\":6823,\"condition\":\"new\",\"country_code\":null,\"seller\":{\"seller_id\":6823,\"name\":\"Lasoo\",\"url\":\"www.lasoo.com.au\",\"shopback\":null,\"cashrewards\":null}},{\"pid\":83429707,\"seller_product_url\":\"https://www.personaldigital.com.au/products/motorola-moto-g75-5g-dual-sim-256gb-8gb-6-8-bonus-moto-buds-charcoal-grey?variant=43108785651811\",\"created_at\":\"$D2025-08-28T23:53:56.005Z\",\"offer_id\":null,\"base_price\":529,\"shipping\":0,\"seller_id\":14764,\"condition\":\"new\",\"country_code\":null,\"seller\":{\"seller_id\":14764,\"name\":\"Personal Digital\",\"url\":\"www.personaldigital.com.au\",\"shopback\":null,\"cashrewards\":null}},{\"pid\":83429707,\"seller_product_url\":\"https://www.mobilewizardstore.com.au/product-page/motorola-g75-5g-256gb-with-moto-buds-charcoal-grey-au-stock-6-8-full\",\"created_at\":\"$D2025-08-23T11:01:27.827Z\",\"offer_id\":null,\"base_price\":499,\"shipping\":15,\"seller_id\":1212885227,\"condition\":\"new\",\"country_code\":null,\"seller\":{\"seller_id\":1212885227,\"name\":\"Mobile Wizard Store\",\"url\":\"www.mobilewizardstore.com.au\",\"shopback\":null,\"cashrewards\":null}},{\"pid\":83429707,\"seller_product_url\":\"https://www.bigw.com.au/product/moto-g75-5g-256gb-grey-with-moto-buds/p/6001651\",\"created_at\":\"$D2025-08-23T11:01:27.827Z\",\"offer_id\":null,\"base_price\":399,\"shipping\":0,\"seller_id\":52,\"condition\":\"new\",\"country_code\":null,\"seller\":{\"seller_id\":52,\"name\":\"BIG W\",\"url\":\"www.bigw.com.au\",\"shopback\":{\"sb_id\":17706,\"sb_name\":\"Big W\",\"url\":\"www.shopback.com.au/bigw\",\"commission\":\"Up to 4% Cashback\",\"created_at\":\"$D2023-08-01T09:56:13.775Z\",\"updated_at\":\"$D2023-11-25T10:32:54.782Z\",\"hostname\":\"bigw.com.au\"},\"cashrewards\":{\"cr_id\":1004971,\"name\":\"BIG W\",\"hyphenated_name\":\"big-w\",\"logo\":\"//cdn.cashrewards.com/big-w.png?t=637690919703543365\",\"created_at\":\"$D2023-07-30T11:50:50.100Z\",\"commission\":2.4,\"commission_string\":\"Up to 2.4% cashback\",\"online\":true,\"instore\":false,\"hostname\":\"bigw.com.au\",\"updated_at\":\"$D2023-11-30T03:50:38.698Z\"}}},{\"pid\":83429707,\"seller_product_url\":\"https://cybertechlab.com.au/products/motorola-g75-5g-256gb-with-moto-buds-charcoal-grey-au-stock-6-8-full-hd-120hz-8gb-256gb-dual-sim-50mp-16mp-water-protection-5000mah-2year-warranty\",\"created_at\":\"$D2025-07-28T22:35:09.370Z\",\"offer_id\":null,\"base_price\":424.15,\"shipping\":20,\"seller_id\":1464195854,\"condition\":\"new\",\"country_code\":null,\"seller\":{\"seller_id\":1464195854,\"name\":\"cybertechlab.com.au\",\"url\":null,\"shopback\":null,\"cashrewards\":null}},{\"pid\":83429707,\"seller_product_url\":\"https://horizonstore.com.au/products/motorola-moto-g75-5g-8gb-256gb-6-8-w-moto-buds-charcoal-grey?variant=44615659061436\",\"created_at\":\"$D2025-07-10T08:25:35.929Z\",\"offer_id\":null,\"base_price\":399.99,\"shipping\":0,\"seller_id\":395586347,\"condition\":\"new\",\"country_code\":null,\"seller\":{\"seller_id\":395586347,\"name\":\"Horizon Store\",\"url\":\"www.horizonstore.com.au\",\"shopback\":null,\"cashrewards\":null}},{\"pid\":83429707,\"seller_product_url\":\"https://www.officeworks.com.au/shop/officeworks/p/moto-g75-5g-256gb-grey-with-buds-motog75gry\",\"created_at\":\"$D2025-06-20T16:42:06.111Z\",\"offer_id\":null,\"base_price\":277,\"shipping\":0,\"seller_id\":57,\"condition\":\"new\",\"country_code\":null,\"seller\":{\"seller_id\":57,\"name\":\"Officeworks\",\"url\":\"www.officeworks.com.au\",\"shopback\":null,\"cashrewards\":null}},{\"pid\":83429707,\"seller_product_url\":\"https://www.domayne.com.au/motorola-moto-g75-5g-256gb-charcoal-grey.html\",\"created_at\":\"$D2025-06-20T16:42:06.111Z\",\"offer_id\":null,\"base_price\":277,\"shipping\":7.95,\"seller_id\":1364130860,\"condition\":\"new\",\"country_code\":null,\"seller\":{\"seller_id\":1364130860,\"name\":\"Domayne\",\"url\":\"www.domayne.com.au\",\"shopback\":null,\"cashrewards\":null}},{\"pid\":83429707,\"seller_product_url\":\"https://www.joycemayne.com.au/motorola-moto-g75-5g-256gb-charcoal-grey.html\",\"created_at\":\"$D2025-06-20T16:42:06.111Z\",\"offer_id\":null,\"base_price\":277,\"shipping\":7.95,\"seller_id\":711746650,\"condition\":\"new\",\"country_code\":null,\"seller\":{\"seller_id\":711746650,\"name\":\"Joyce Mayne\",\"url\":\"www.joycemayne.com.au\",\"shopback\":null,\"cashrewards\":null}},{\"pid\":83429707,\"seller_product_url\":\"https://www.ebay.com.au/itm/335991073910\",\"created_at\":\"$D2025-06-16T07:03:09.539Z\",\"offer_id\":null,\"base_price\":395,\"shipping\":5,\"seller_id\":467756700,\"condition\":\"new\",\"country_code\":null,\"seller\":{\"seller_id\":467756700,\"name\":\"eBay - ozzie_collecta\",\"url\":null,\"shopback\":null,\"cashrewards\":null}},{\"pid\":83429707,\"seller_product_url\":\"https://www.jbhifi.com.au/products/moto-g75-5g-256gb-with-moto-buds-charcoal-grey\",\"created_at\":\"$D2025-06-05T03:15:37.431Z\",\"offer_id\":null,\"base_price\":499,\"shipping\":6.99,\"seller_id\":9,\"condition\":\"new\",\"country_code\":null,\"seller\":{\"seller_id\":9,\"name\":\"JB Hi-Fi\",\"url\":\"www.jbhifi.com.au\",\"shopback\":null,\"cashrewards\":null}},{\"pid\":83429707,\"seller_product_url\":\"https://auzzistore.com.au/products/motorola-moto-g75-5g-with-moto-buds-256gb-charcoal-grey?variant=46348469862617\",\"created_at\":\"$D2025-06-01T17:31:11.420Z\",\"offer_id\":null,\"base_price\":718.96,\"shipping\":0,\"seller_id\":6332,\"condition\":\"new\",\"country_code\":null,\"seller\":{\"seller_id\":6332,\"name\":\"Auzzi Store\",\"url\":\"www.auzzistore.com.au\",\"shopback\":null,\"cashrewards\":null}},{\"pid\":83429707,\"seller_product_url\":\"https://www.lenovo.com/au/en/p/accessories-and-software/moto-phones/moto-g-series/78808445\",\"created_at\":\"$D2025-05-22T09:46:29.425Z\",\"offer_id\":null,\"base_price\":499,\"shipping\":0,\"seller_id\":1580,\"condition\":\"new\",\"country_code\":null,\"seller\":{\"seller_id\":1580,\"name\":\"Lenovo\",\"url\":\"www.lenovo.com\",\"shopback\":{\"sb_id\":8373,\"sb_name\":\"Lenovo\",\"url\":\"www.shopback.com.au/lenovo\",\"commission\":\"10% Cashback\",\"created_at\":\"$D2023-08-01T09:56:13.775Z\",\"updated_at\":\"$D2023-11-25T10:32:54.782Z\",\"hostname\":\"lenovo.com\"},\"cashrewards\":{\"cr_id\":1005943,\"name\":\"Lenovo\",\"hyphenated_name\":\"lenovo\",\"logo\":\"//cdn.cashrewards.com/lenovo.png?t=638261059478146003\",\"created_at\":\"$D2023-07-30T11:50:50.100Z\",\"commission\":3.3,\"commission_string\":\"3.3% cashback\",\"online\":true,\"instore\":false,\"hostname\":\"lenovo.com\",\"updated_at\":\"$D2023-11-30T03:50:38.698Z\"}}},{\"pid\":83429707,\"seller_product_url\":\"https://www.retravision.com.au/motorola-moto-g75-5g-256gb-charcoal-grey-moto-buds-11901327984-pb3y0024au\",\"created_at\":\"$D2025-05-20T07:46:42.621Z\",\"offer_id\":null,\"base_price\":328,\"shipping\":7.76,\"seller_id\":80,\"condition\":\"new\",\"country_code\":null,\"seller\":{\"seller_id\":80,\"name\":\"Retravision\",\"url\":\"www.retravision.com.au\",\"shopback\":null,\"cashrewards\":null}},{\"pid\":83429707,\"seller_product_url\":\"https://www.catch.com.au/product/motorola-moto-g75-5g-bonus-moto-buds-dual-sim-256gb-8gb-6-8-grey-33244983/\",\"created_at\":\"$D2025-05-01T20:06:57.701Z\",\"offer_id\":null,\"base_price\":506.8,\"shipping\":0,\"seller_id\":115,\"condition\":\"new\",\"country_code\":null,\"seller\":{\"seller_id\":115,\"name\":\"Catch.com.au\",\"url\":\"www.catch.com.au\",\"shopback\":null,\"cashrewards\":null}},{\"pid\":83429707,\"seller_product_url\":\"https://www.mwave.com.au/product/motorola-g75-5g-256gb-smartphone-with-buds-grey-ac82193\",\"created_at\":\"$D2025-03-30T19:36:19.814Z\",\"offer_id\":null,\"base_price\":481.95,\"shipping\":9.95,\"seller_id\":278,\"condition\":\"new\",\"country_code\":null,\"seller\":{\"seller_id\":278,\"name\":\"Mwave Australia\",\"url\":\"mwave.com.au\",\"shopback\":{\"sb_id\":63702,\"sb_name\":\"Mwave\",\"url\":\"www.shopback.com.au/mwave\",\"commission\":\"0.5% Cashback\",\"created_at\":\"$D2023-08-01T09:56:13.775Z\",\"updated_at\":\"$D2023-11-25T10:32:54.782Z\",\"hostname\":\"mwave.com.au\"},\"cashrewards\":{\"cr_id\":1004885,\"name\":\"Mwave\",\"hyphenated_name\":\"mwave\",\"logo\":\"//cdn.cashrewards.com/mwave.png?t=637622737569102693\",\"created_at\":\"$D2023-07-30T11:50:50.100Z\",\"commission\":0.6,\"commission_string\":\"0.6% cashback\",\"online\":true,\"instore\":false,\"hostname\":\"mwave.com.au\",\"updated_at\":\"$D2024-09-18T10:29:30.752Z\"}}},{\"pid\":83429707,\"seller_product_url\":\"https://www.ebay.com.au/itm/395926055872\",\"created_at\":\"$D2025-03-25T23:36:19.529Z\",\"offer_id\":null,\"base_price\":388.64,\"shipping\":0,\"seller_id\":157,\"condition\":\"new\",\"country_code\":null,\"seller\":{\"seller_id\":157,\"name\":\"eBay.com.au\",\"url\":\"www.ebay.com.au\",\"shopback\":{\"sb_id\":25493,\"sb_name\":\"eBay\",\"url\":\"www.shopback.com.au/ebay\",\"commission\":\"Up to 4% Cashback\",\"created_at\":\"$D2023-08-01T09:56:13.775Z\",\"updated_at\":\"$D2023-11-25T10:32:54.782Z\",\"hostname\":\"ebay.com.au\"},\"cashrewards\":{\"cr_id\":1001163,\"name\":\"eBay Australia\",\"hyphenated_name\":\"ebay-australia\",\"logo\":\"//cdn.cashrewards.com/ebay-australia.jpg\",\"created_at\":\"$D2023-07-30T11:50:50.100Z\",\"commission\":5,\"commission_string\":\"Up to 5% cashback\",\"online\":true,\"instore\":false,\"hostname\":\"stores.ebay.com.au\",\"updated_at\":\"$D2024-09-18T10:29:30.752Z\"}}},{\"pid\":83429707,\"seller_product_url\":\"https://www.snaffle.com.au/p/%7B%7Bprocess.slugify(decodeURIComponent(Variant.Slug))%7D%7D/\",\"created_at\":\"$D2025-03-18T23:28:30.123Z\",\"offer_id\":null,\"base_price\":795.08,\"shipping\":0,\"seller_id\":78499855,\"condition\":\"new\",\"country_code\":null,\"seller\":{\"seller_id\":78499855,\"name\":\"Snaffle\",\"url\":\"www.snaffle.com.au\",\"shopback\":null,\"cashrewards\":null}},{\"pid\":83429707,\"seller_product_url\":\"https://mylayby.com/product_via_sku/1442822\",\"created_at\":\"$D2024-12-26T09:11:29.984Z\",\"offer_id\":null,\"base_price\":534,\"shipping\":0,\"seller_id\":215,\"condition\":\"new\",\"country_code\":null,\"seller\":{\"seller_id\":215,\"name\":\"MyLayby\",\"url\":\"mylayby.com\",\"shopback\":null,\"cashrewards\":null}}],\"reviews\":[{\"review_id\":12146952,\"pid\":83429707,\"gid\":\"15797211988331096831\",\"title\":\"Excellent value for money\",\"details\":\"$5a\",\"rating\":5,\"review_date\":\"3 November 2024\",\"reviewer\":\"KentishLad\",\"store\":\"motorola.co.uk\",\"created_at\":\"$D2024-12-01T14:01:57.793Z\",\"thumbnails\":null},{\"review_id\":12146960,\"pid\":83429707,\"gid\":\"15797211988331096831\",\"title\":\"great bargain\",\"details\":\"great price ... great specs... great phone... i am satisfied\",\"rating\":5,\"review_date\":\"28 October 2024\",\"reviewer\":\"trindik\",\"store\":\"motorola.co.uk\",\"created_at\":\"$D2024-12-01T14:01:57.793Z\",\"thumbnails\":null},{\"review_id\":12146959,\"pid\":83429707,\"gid\":\"15797211988331096831\",\"title\":\"Great features.\",\"details\":\"I'm so happy with it.Nice phone and features compared with other phones and its price too.\",\"rating\":5,\"review_date\":\"20 November 2024\",\"reviewer\":\"Nusrat\",\"store\":\"motorola.co.uk\",\"created_at\":\"$D2024-12-01T14:01:57.793Z\",\"thumbnails\":null},{\"review_id\":12146961,\"pid\":83429707,\"gid\":\"15797211988331096831\",\"title\":\"Must buy\",\"details\":\"Best budget mobile with all the best features.\",\"rating\":4,\"review_date\":\"16 November 2024\",\"reviewer\":\"\",\"store\":\"noon.com/uae-en/\",\"created_at\":\"$D2024-12-01T14:01:57.793Z\",\"thumbnails\":null},{\"review_id\":12146958,\"pid\":83429707,\"gid\":\"15797211988331096831\",\"title\":\"On internet everywhere they said this is a snapdragon 6gen3\",\"details\":\"On internet everywhere they said this is a snapdragon 6gen3, but when I received this phone and I checked microprocessor it was not the same, microprocessor is something else not the snapdragon\",\"rating\":4,\"review_date\":\"9 November 2024\",\"reviewer\":\"Farhan P.\",\"store\":\"noon.com/uae-en/\",\"created_at\":\"$D2024-12-01T14:01:57.793Z\",\"thumbnails\":null},{\"review_id\":12146957,\"pid\":83429707,\"gid\":\"15797211988331096831\",\"title\":\"people purchased thinking it was nano + nano sim\",\"details\":\"People purchased this phone thinking it was nano + nano configuration and then got sent esim + nano instead. motorola uk website showed that the mot g75 had nano sim + nano sim. but later changed it to esim + nano sim. so either motorola initially put the wrong details on the website , or it was a mess up at the factory , ie did motorola order nano + nano configuration from factory in china and they messed up ? and then when they shipped the phone with wrong configuration they just changed spec on their website ? because all the reviews that came out first stated it had nano + nano facility.\",\"rating\":1,\"review_date\":\"14 November 2024\",\"reviewer\":\"wizdumb\",\"store\":\"motorola.co.uk\",\"created_at\":\"$D2024-12-01T14:01:57.793Z\",\"thumbnails\":[\"https://encrypted-tbn2.gstatic.com/shopping?q=tbn:ANd9GcRIt9VoCvfxQOjQnzzO4k1rizOQl9Y5tUeODDYJu-SNtZDuqyNgnqGj38gD1_mK5EIBUxuusMz4RWvxA6-dnUELNzuNJtqQ9woySfRgPRNiej5W5URwvdQdGQ\",\"https://encrypted-tbn1.gstatic.com/shopping?q=tbn:ANd9GcR2HqJ4hYu9-qIowJ4Dl-TvENKO-d_dXEXLofIJInNQzlG7-Jl7AgWeF7J46DRiQSAOgDGoNf_2ESJaIoBeSBxKdKhSGrj5hNt_fXdTwkwGeic-7LPqxPFDig\",\"https://encrypted-tbn2.gstatic.com/shopping?q=tbn:ANd9GcSBpWTE7-ivCZyUCeAGXIyrIMXKEboYFdJdNKbeSr35-BaMg4U5mn-ilzH4fLm8YYvP6AKH3WbVknoXx8huEC9psXOzL1apuElUPsmyjXpnAYYwjvy4F90pdDE\"]},{\"review_id\":12146956,\"pid\":83429707,\"gid\":\"15797211988331096831\",\"title\":\"The only phone that has everything I want\",\"details\":\"Absolute Pinnacle of Value such a bargain. It's fast, has support for dual SIM and eSIM. Has expandable storage, IP68 so it can be submerged into water, it has wireless charging, Military drop tested approved, has Gorilla Glass 5. The screen is LCD rather than OLED, which in my view is better because it's more eye friendly than OLED (PWM method that OLED uses can cause eyestrain and headaches)I went for green because the black option does not have the faux leather on the back and I found it to be too slippy so I returned it.The battery lasts a long time, after a full days use it still shows 50 percent. I'm very happy with image quality.Oh and the camera has Optical image stabilisation and at this price point it is hard to find.\",\"rating\":5,\"review_date\":\"10 November 2024\",\"reviewer\":\"Smithy\",\"store\":\"motorola.co.uk\",\"created_at\":\"$D2024-12-01T14:01:57.793Z\",\"thumbnails\":[\"https://encrypted-tbn1.gstatic.com/shopping?q=tbn:ANd9GcSb1QrN0DeSZDPRzuEYbkHKq9puZRr_-o9vzFhg5GK47QP70agUJyeMsNwDxH2PB6E1Jf2SfruHSs1pxhRdiFOKB0D9hibbbGLDvSMaLUMDB3Rc4_Arl9enpQ8\",\"https://encrypted-tbn1.gstatic.com/shopping?q=tbn:ANd9GcTynVt7ocP6bzQ7c56Ac_gq3REyxv0EFXGeOjgUTTMk3cZdnQN06NPOgVUDqtzOo-rAeLclMXLVRmlHW9g47fg2fViEDG-nSBVbJ9KeaqMyS4dKkp0f2kySs7g\"]}],\"detail\":{\"specs\":[{\"name\":\"Network\",\"value\":\"5G\"},{\"name\":\"Sim Card Type\",\"value\":\"eSIM / Nano\"},{\"name\":\"Operating System\",\"value\":\"Android 14\"},{\"name\":\"Display\",\"value\":\"6.8 inches Full HD+\"},{\"name\":\"Video Recording\",\"value\":\"4K\"},{\"name\":\"Phone Family\",\"value\":\"Moto g75\"},{\"name\":\"Expandable Storage\",\"value\":\"up to 1TB microSD card expandable\"},{\"name\":\"RAM Size\",\"value\":\"8GB\"},{\"name\":\"Bluetooth\",\"value\":\"5.4\"},{\"name\":\"GPS\",\"value\":\"GPS A-GPS LTEPP SUPL GLONASS Galileo QZSS BeiDou\"},{\"name\":\"Product Width (mm)\",\"value\":\"77.1\"},{\"name\":\"Product Height (mm)\",\"value\":\"165.95\"},{\"name\":\"Product Depth (mm)\",\"value\":\"7.99\"},{\"name\":\"Battery\",\"value\":\"5000mAh\"},{\"name\":\"Manufacturer's Warranty\",\"value\":\"2 Years\"},{\"name\":\"Storage Size\",\"value\":\"256GB\"},{\"name\":\"Colour\",\"value\":\"Charcoal Grey\"},{\"name\":\"Display Resolution\",\"value\":\"2388 1080\"},{\"name\":\"Weight (g)\",\"value\":\"180\"},{\"name\":\"Front Camera\",\"value\":\"8MP\"},{\"name\":\"Rear Camera\",\"value\":\"50MP\"},{\"name\":\"Release Year\",\"value\":\"2024\"}],\"pid\":83429707,\"gid\":\"15797211988331096831\",\"created_at\":\"$D2024-12-01T10:50:07.893Z\"},\"oz\":[{\"node\":908653,\"title\":\"[eBay Plus, Back Order] Motorola Moto G75 5G (Bonus: Moto Buds, Dual Sim, 256GB/8GB, 6.8'') $230.30 Delivered @ Allphones eBay - OzBargain\",\"upvotes\":145,\"downvotes\":0,\"link\":\"https://www.ebay.com.au/itm/167115114606\",\"created_at\":\"$D2025-06-03T02:01:01.730Z\",\"updated_at\":\"$D2025-06-03T08:00:05.574Z\",\"pid\":83429707,\"status\":\"out of stock\",\"coupon\":\"JUNEOFY\",\"seller_id\":157},{\"node\":905382,\"title\":\"Motorola G75 5G 8GB RAM/256GB Storage \u0026 Bonus Moto Buds $296.10 Delivered / C\u0026C (Everyday Rewards Required) @ BIG W - OzBargain\",\"upvotes\":100,\"downvotes\":0,\"link\":\"https://www.bigw.com.au/product/moto-g75-5g-256gb-grey-with-moto-buds/p/6001651\",\"created_at\":\"$D2025-05-12T04:00:21.738Z\",\"updated_at\":\"$D2025-05-24T06:00:24.532Z\",\"pid\":83429707,\"status\":\"expired\",\"coupon\":\"XMAY2025\",\"seller_id\":52},{\"node\":905505,\"title\":\"Motorola G75 5G 8GB RAM/256GB Storage \u0026 Bonus Moto Buds $287, Dyson WashG1 $539 + Delivery ($0 C\u0026C) @ The Good Guys - OzBargain\",\"upvotes\":78,\"downvotes\":0,\"link\":\"https://www.thegoodguys.com.au/motorola-g75-5g-256gb-charcoal-grey-11901327984\",\"created_at\":\"$D2025-05-13T00:00:20.459Z\",\"updated_at\":\"$D2025-05-14T16:00:07.499Z\",\"pid\":83429707,\"status\":\"expired\",\"coupon\":\"DEAL\",\"seller_id\":10},{\"node\":905614,\"title\":\"Motorola G75 5G 8GB RAM/256GB Storage \u0026 Bonus Moto Buds \u0026 Cord Grippers 6 Pack $260 + Delivery ($0 C\u0026C) @ The Good Guys - OzBargain\",\"upvotes\":250,\"downvotes\":0,\"link\":\"https://www.thegoodguys.com.au/motorola-g75-5g-256gb-charcoal-grey-11901327984\",\"created_at\":\"$D2025-05-13T10:00:28.563Z\",\"updated_at\":\"$D2025-05-14T16:00:06.073Z\",\"pid\":83429707,\"status\":\"expired\",\"coupon\":\"DEAL\",\"seller_id\":10}]}}]\n"])
</script> (hydration_parser.py:17)
2025-09-22 13:00:45 [DEBUG] [_extract_raw_next_f_push_strings] Script string: self.__next_f.push([1,"1:HL[\"/_next/static/media/2b3f1035ed87a788-s.p.woff2\",\"font\",{\"crossOrigin\":\"\",\"type\":\"font/woff2\"}]\n2:HL[\"/_next/static/media/8bf7b2ceda89477b-s.p.woff2\",\"font\... (hydration_parser.py:19)
2025-09-22 13:00:45 [DEBUG] [_extract_raw_next_f_push_strings] Found matching line: self.__next_f.push([1,"1:HL[\"/_next/static/media/2b3f1035ed87a788-s.p.woff2\",\"font\",{\"crossOrigin\":\"\",\"type\":\"font/woff2\"}]\n2:HL[\"/_next/static/media/8bf7b2ceda89477b-s.p.woff2\",\"font\... (hydration_parser.py:22)
2025-09-22 13:00:45 [DEBUG] [_extract_raw_next_f_push_strings] Appended payload chunk: 1:HL[\"/_next/static/media/2b3f1035ed87a788-s.p.woff2\",\"font\",{\"crossOrigin\":\"\",\"type\":\"font/woff2\"}]\n2:HL[\"/_next/static/media/8bf7b2ceda89477b-s.p.woff2\",\"font\",{\"crossOrigin\":\"\"... (hydration_parser.py:27)
2025-09-22 13:00:45 [DEBUG] [_extract_raw_next_f_push_strings] Found matching line: self.__next_f.push([1,"4:I[89562,[],\"\"]\n7:I[78703,[],\"\"]\n9:I[53751,[],\"\"]\nc:I[11478,[\"3655\",\"static/chunks/3655-f78e4e363a5541d0.js\",\"395\",\"static/chunks/app/product/%5Bslug%5D/layout-... (hydration_parser.py:22)
2025-09-22 13:00:45 [DEBUG] [_extract_raw_next_f_push_strings] Appended payload chunk: 4:I[89562,[],\"\"]\n7:I[78703,[],\"\"]\n9:I[53751,[],\"\"]\nc:I[11478,[\"3655\",\"static/chunks/3655-f78e4e363a5541d0.js\",\"395\",\"static/chunks/app/product/%5Bslug%5D/layout-afd1e0771fc65a8b.js\"],... (hydration_parser.py:27)
2025-09-22 13:00:45 [DEBUG] [_extract_raw_next_f_push_strings] Found matching line: self.__next_f.push([1,".js\",\"6341\",\"static/chunks/6341-ca54939c2b36d77d.js\",\"6252\",\"static/chunks/6252-920c83842bca245b.js\",\"6574\",\"static/chunks/6574-85b13196e7d2f55e.js\",\"307\",\"stati... (hydration_parser.py:22)
2025-09-22 13:00:45 [DEBUG] [_extract_raw_next_f_push_strings] Appended payload chunk: .js\",\"6341\",\"static/chunks/6341-ca54939c2b36d77d.js\",\"6252\",\"static/chunks/6252-920c83842bca245b.js\",\"6574\",\"static/chunks/6574-85b13196e7d2f55e.js\",\"307\",\"static/chunks/307-cefa9bd2f7... (hydration_parser.py:27)
2025-09-22 13:00:45 [DEBUG] [_extract_raw_next_f_push_strings] Found matching line: self.__next_f.push([1,"chunks/8327-5596df2c7a80e7eb.js\",\"5135\",\"static/chunks/5135-e150b38f04bc4ae4.js\",\"5127\",\"static/chunks/5127-7de194f1c35db063.js\",\"5805\",\"static/chunks/5805-5009d17ba... (hydration_parser.py:22)
2025-09-22 13:00:45 [DEBUG] [_extract_raw_next_f_push_strings] Appended payload chunk: chunks/8327-5596df2c7a80e7eb.js\",\"5135\",\"static/chunks/5135-e150b38f04bc4ae4.js\",\"5127\",\"static/chunks/5127-7de194f1c35db063.js\",\"5805\",\"static/chunks/5805-5009d17ba83b5e07.js\",\"3185\",\... (hydration_parser.py:27)
2025-09-22 13:00:45 [DEBUG] [_extract_raw_next_f_push_strings] Found matching line: self.__next_f.push([1,"8.js\",\"6381\",\"static/chunks/6381-2b873addadcb95f3.js\",\"6310\",\"static/chunks/6310-99207018fb617736.js\",\"5469\",\"static/chunks/5469-d5f85e2b5dbb2663.js\",\"6341\",\"sta... (hydration_parser.py:22)
2025-09-22 13:00:45 [DEBUG] [_extract_raw_next_f_push_strings] Appended payload chunk: 8.js\",\"6381\",\"static/chunks/6381-2b873addadcb95f3.js\",\"6310\",\"static/chunks/6310-99207018fb617736.js\",\"5469\",\"static/chunks/5469-d5f85e2b5dbb2663.js\",\"6341\",\"static/chunks/6341-ca54939... (hydration_parser.py:27)
2025-09-22 13:00:45 [DEBUG] [_extract_raw_next_f_push_strings] Found matching line: self.__next_f.push([1,"b873addadcb95f3.js\",\"6310\",\"static/chunks/6310-99207018fb617736.js\",\"5469\",\"static/chunks/5469-d5f85e2b5dbb2663.js\",\"6341\",\"static/chunks/6341-ca54939c2b36d77d.js\",... (hydration_parser.py:22)
2025-09-22 13:00:45 [DEBUG] [_extract_raw_next_f_push_strings] Appended payload chunk: b873addadcb95f3.js\",\"6310\",\"static/chunks/6310-99207018fb617736.js\",\"5469\",\"static/chunks/5469-d5f85e2b5dbb2663.js\",\"6341\",\"static/chunks/6341-ca54939c2b36d77d.js\",\"6252\",\"static/chunk... (hydration_parser.py:27)
2025-09-22 13:00:45 [DEBUG] [_extract_raw_next_f_push_strings] Found matching line: self.__next_f.push([1,"0:[[[\"$\",\"link\",\"0\",{\"rel\":\"stylesheet\",\"href\":\"/_next/static/css/e0d445a9cf4aff75.css\",\"precedence\":\"next\",\"crossOrigin\":\"$undefined\"}]],[\"$\",\"$L4\",nu... (hydration_parser.py:22)
2025-09-22 13:00:45 [DEBUG] [_extract_raw_next_f_push_strings] Appended payload chunk: 0:[[[\"$\",\"link\",\"0\",{\"rel\":\"stylesheet\",\"href\":\"/_next/static/css/e0d445a9cf4aff75.css\",\"precedence\":\"next\",\"crossOrigin\":\"$undefined\"}]],[\"$\",\"$L4\",null,{\"buildId\":\"vVT_I... (hydration_parser.py:27)
2025-09-22 13:00:45 [DEBUG] [_extract_raw_next_f_push_strings] Found matching line: self.__next_f.push([1,"12:E{\"digest\":\"NEXT_NOT_FOUND\"}\n"])... (hydration_parser.py:22)
2025-09-22 13:00:45 [DEBUG] [_extract_raw_next_f_push_strings] Appended payload chunk: 12:E{\"digest\":\"NEXT_NOT_FOUND\"}\n... (hydration_parser.py:27)
2025-09-22 13:00:45 [DEBUG] [_extract_raw_next_f_push_strings] Found matching line: self.__next_f.push([1,"22:I[5821,[\"3655\",\"static/chunks/3655-f78e4e363a5541d0.js\",\"6290\",\"static/chunks/6290-2a8ce89a0b5a3df8.js\",\"6381\",\"static/chunks/6381-2b873addadcb95f3.js\",\"6310\",\... (hydration_parser.py:22)
2025-09-22 13:00:45 [DEBUG] [_extract_raw_next_f_push_strings] Appended payload chunk: 22:I[5821,[\"3655\",\"static/chunks/3655-f78e4e363a5541d0.js\",\"6290\",\"static/chunks/6290-2a8ce89a0b5a3df8.js\",\"6381\",\"static/chunks/6381-2b873addadcb95f3.js\",\"6310\",\"static/chunks/6310-992... (hydration_parser.py:27)
2025-09-22 13:00:45 [DEBUG] [_extract_raw_next_f_push_strings] Found matching line: self.__next_f.push([1,"4-85b13196e7d2f55e.js\",\"307\",\"static/chunks/307-cefa9bd2f7381bf5.js\",\"2665\",\"static/chunks/2665-2d172eda87a962e3.js\",\"684\",\"static/chunks/684-7de3c401504b82a2.js\",\... (hydration_parser.py:22)
2025-09-22 13:00:45 [DEBUG] [_extract_raw_next_f_push_strings] Appended payload chunk: 4-85b13196e7d2f55e.js\",\"307\",\"static/chunks/307-cefa9bd2f7381bf5.js\",\"2665\",\"static/chunks/2665-2d172eda87a962e3.js\",\"684\",\"static/chunks/684-7de3c401504b82a2.js\",\"7269\",\"static/chunks... (hydration_parser.py:27)
2025-09-22 13:00:45 [DEBUG] [_extract_raw_next_f_push_strings] Found matching line: self.__next_f.push([1,"atic/chunks/5805-5009d17ba83b5e07.js\",\"3185\",\"static/chunks/app/layout-0606493c769120ee.js\"],\"default\"]\n"])... (hydration_parser.py:22)
2025-09-22 13:00:45 [DEBUG] [_extract_raw_next_f_push_strings] Appended payload chunk: atic/chunks/5805-5009d17ba83b5e07.js\",\"3185\",\"static/chunks/app/layout-0606493c769120ee.js\"],\"default\"]\n... (hydration_parser.py:27)
2025-09-22 13:00:45 [DEBUG] [_extract_raw_next_f_push_strings] Found matching line: self.__next_f.push([1,"1a:[\"$\",\"$L22\",null,{\"sx\":{\"backdropFilter\":\"blur(6px)\",\"backgroundColor\":\"rgba(255, 255, 255, 0.8)\",\"boxShadow\":\"0 2px 4px rgba(0,0,0,0.1)\"},\"children\":[\"$... (hydration_parser.py:22)
2025-09-22 13:00:45 [DEBUG] [_extract_raw_next_f_push_strings] Appended payload chunk: 1a:[\"$\",\"$L22\",null,{\"sx\":{\"backdropFilter\":\"blur(6px)\",\"backgroundColor\":\"rgba(255, 255, 255, 0.8)\",\"boxShadow\":\"0 2px 4px rgba(0,0,0,0.1)\"},\"children\":[\"$\",\"$Lf\",null,{\"chil... (hydration_parser.py:27)
2025-09-22 13:00:45 [DEBUG] [_extract_raw_next_f_push_strings] Found matching line: self.__next_f.push([1,"27:\"$Sreact.fragment\"\n29:I[6632,[\"3655\",\"static/chunks/3655-f78e4e363a5541d0.js\",\"6381\",\"static/chunks/6381-2b873addadcb95f3.js\",\"635\",\"static/chunks/635-de4a99a00... (hydration_parser.py:22)
2025-09-22 13:00:45 [DEBUG] [_extract_raw_next_f_push_strings] Appended payload chunk: 27:\"$Sreact.fragment\"\n29:I[6632,[\"3655\",\"static/chunks/3655-f78e4e363a5541d0.js\",\"6381\",\"static/chunks/6381-2b873addadcb95f3.js\",\"635\",\"static/chunks/635-de4a99a005c429a5.js\",\"5153\",\... (hydration_parser.py:27)
2025-09-22 13:00:45 [DEBUG] [_extract_raw_next_f_push_strings] Found matching line: self.__next_f.push([1,"28:[[\"$\",\"meta\",\"0\",{\"name\":\"viewport\",\"content\":\"width=device-width, initial-scale=1, maximum-scale=1\"}],[\"$\",\"meta\",\"1\",{\"charSet\":\"utf-8\"}],[\"$\",\"t... (hydration_parser.py:22)
2025-09-22 13:00:45 [DEBUG] [_extract_raw_next_f_push_strings] Appended payload chunk: 28:[[\"$\",\"meta\",\"0\",{\"name\":\"viewport\",\"content\":\"width=device-width, initial-scale=1, maximum-scale=1\"}],[\"$\",\"meta\",\"1\",{\"charSet\":\"utf-8\"}],[\"$\",\"title\",\"2\",{\"childre... (hydration_parser.py:27)
2025-09-22 13:00:45 [DEBUG] [_extract_raw_next_f_push_strings] Found matching line: self.__next_f.push([1,"1f:[\"$\",\"$27\",\"k4GjLZXGGia1x7jDr8PXF\",{\"children\":\"$28\"}]\n5:null\na:null\n6:[\"$\",\"$L29\",null,{\"sx\":{\"pb\":2},\"children\":[[\"$\",\"$L2a\",null,{\"underline\":... (hydration_parser.py:22)
2025-09-22 13:00:45 [DEBUG] [_extract_raw_next_f_push_strings] Appended payload chunk: 1f:[\"$\",\"$27\",\"k4GjLZXGGia1x7jDr8PXF\",{\"children\":\"$28\"}]\n5:null\na:null\n6:[\"$\",\"$L29\",null,{\"sx\":{\"pb\":2},\"children\":[[\"$\",\"$L2a\",null,{\"underline\":\"hover\",\"color\":\"i... (hydration_parser.py:27)
2025-09-22 13:00:45 [DEBUG] [_extract_raw_next_f_push_strings] Found matching line: self.__next_f.push([1,"2b:I[70760,[\"3655\",\"static/chunks/3655-f78e4e363a5541d0.js\",\"6290\",\"static/chunks/6290-2a8ce89a0b5a3df8.js\",\"6381\",\"static/chunks/6381-2b873addadcb95f3.js\",\"6310\",... (hydration_parser.py:22)
2025-09-22 13:00:45 [DEBUG] [_extract_raw_next_f_push_strings] Appended payload chunk: 2b:I[70760,[\"3655\",\"static/chunks/3655-f78e4e363a5541d0.js\",\"6290\",\"static/chunks/6290-2a8ce89a0b5a3df8.js\",\"6381\",\"static/chunks/6381-2b873addadcb95f3.js\",\"6310\",\"static/chunks/6310-99... (hydration_parser.py:27)
2025-09-22 13:00:45 [DEBUG] [_extract_raw_next_f_push_strings] Found matching line: self.__next_f.push([1,"/8393-4175fa3c3129adeb.js\",\"1682\",\"static/chunks/1682-b2e703b472c280ea.js\",\"9999\",\"static/chunks/9999-f564e2e7fc5b6c44.js\",\"4824\",\"static/chunks/4824-507f78e55d96f9d... (hydration_parser.py:22)
2025-09-22 13:00:45 [DEBUG] [_extract_raw_next_f_push_strings] Appended payload chunk: /8393-4175fa3c3129adeb.js\",\"1682\",\"static/chunks/1682-b2e703b472c280ea.js\",\"9999\",\"static/chunks/9999-f564e2e7fc5b6c44.js\",\"4824\",\"static/chunks/4824-507f78e55d96f9dc.js\",\"1203\",\"stati... (hydration_parser.py:27)
2025-09-22 13:00:45 [DEBUG] [_extract_raw_next_f_push_strings] Found matching line: self.__next_f.push([1,"c/chunks/6341-ca54939c2b36d77d.js\",\"6252\",\"static/chunks/6252-920c83842bca245b.js\",\"6574\",\"static/chunks/6574-85b13196e7d2f55e.js\",\"307\",\"static/chunks/307-cefa9bd2f... (hydration_parser.py:22)
2025-09-22 13:00:45 [DEBUG] [_extract_raw_next_f_push_strings] Appended payload chunk: c/chunks/6341-ca54939c2b36d77d.js\",\"6252\",\"static/chunks/6252-920c83842bca245b.js\",\"6574\",\"static/chunks/6574-85b13196e7d2f55e.js\",\"307\",\"static/chunks/307-cefa9bd2f7381bf5.js\",\"2665\",\... (hydration_parser.py:27)
2025-09-22 13:00:45 [DEBUG] [_extract_raw_next_f_push_strings] Found matching line: self.__next_f.push([1,"]\n51:I[61165,[\"3655\",\"static/chunks/3655-f78e4e363a5541d0.js\",\"6290\",\"static/chunks/6290-2a8ce89a0b5a3df8.js\",\"6381\",\"static/chunks/6381-2b873addadcb95f3.js\",\"6310... (hydration_parser.py:22)
2025-09-22 13:00:45 [DEBUG] [_extract_raw_next_f_push_strings] Appended payload chunk: ]\n51:I[61165,[\"3655\",\"static/chunks/3655-f78e4e363a5541d0.js\",\"6290\",\"static/chunks/6290-2a8ce89a0b5a3df8.js\",\"6381\",\"static/chunks/6381-2b873addadcb95f3.js\",\"6310\",\"static/chunks/6310... (hydration_parser.py:27)
2025-09-22 13:00:45 [DEBUG] [_extract_raw_next_f_push_strings] Found matching line: self.__next_f.push([1,"-4175fa3c3129adeb.js\",\"1682\",\"static/chunks/1682-b2e703b472c280ea.js\",\"9999\",\"static/chunks/9999-f564e2e7fc5b6c44.js\",\"4824\",\"static/chunks/4824-507f78e55d96f9dc.js\... (hydration_parser.py:22)
2025-09-22 13:00:45 [DEBUG] [_extract_raw_next_f_push_strings] Appended payload chunk: -4175fa3c3129adeb.js\",\"1682\",\"static/chunks/1682-b2e703b472c280ea.js\",\"9999\",\"static/chunks/9999-f564e2e7fc5b6c44.js\",\"4824\",\"static/chunks/4824-507f78e55d96f9dc.js\",\"1203\",\"static/chu... (hydration_parser.py:27)
2025-09-22 13:00:45 [DEBUG] [_extract_raw_next_f_push_strings] Found matching line: self.__next_f.push([1,"tic/chunks/6341-ca54939c2b36d77d.js\",\"6252\",\"static/chunks/6252-920c83842bca245b.js\",\"6574\",\"static/chunks/6574-85b13196e7d2f55e.js\",\"307\",\"static/chunks/307-cefa9bd... (hydration_parser.py:22)
2025-09-22 13:00:45 [DEBUG] [_extract_raw_next_f_push_strings] Appended payload chunk: tic/chunks/6341-ca54939c2b36d77d.js\",\"6252\",\"static/chunks/6252-920c83842bca245b.js\",\"6574\",\"static/chunks/6574-85b13196e7d2f55e.js\",\"307\",\"static/chunks/307-cefa9bd2f7381bf5.js\",\"2665\"... (hydration_parser.py:27)
2025-09-22 13:00:45 [DEBUG] [_extract_raw_next_f_push_strings] Found matching line: self.__next_f.push([1,"6:{\"gid\":\"15797211988331096831\",\"image\":\"https://encrypted-tbn0.gstatic.com/shopping?q=tbn:ANd9GcSMKJEcJ5xuZEACgvb5b-OsiulwL1b5Ivy7wbsYiJ3A2vpwsAhIjV_QMfs2iyap5nDsHiEzTca... (hydration_parser.py:22)
2025-09-22 13:00:45 [DEBUG] [_extract_raw_next_f_push_strings] Appended payload chunk: 6:{\"gid\":\"15797211988331096831\",\"image\":\"https://encrypted-tbn0.gstatic.com/shopping?q=tbn:ANd9GcSMKJEcJ5xuZEACgvb5b-OsiulwL1b5Ivy7wbsYiJ3A2vpwsAhIjV_QMfs2iyap5nDsHiEzTcaeGYaz_I5WBRrUjD5abtI2D4... (hydration_parser.py:27)
2025-09-22 13:00:45 [DEBUG] [_extract_raw_next_f_push_strings] Found matching line: self.__next_f.push([1,"d9GcT56PnF6Ir30ACBooV4QML9XqGxPMeS0UD-J-IOmt4RfpWkpWyt9SsenHDo-DCqfhurJ2kXsVOBsMMEV9L72XZYRPTuRv6C\u0026usqp=CAY\",\"https://encrypted-tbn2.gstatic.com/shopping?q=tbn:ANd9GcRG-G... (hydration_parser.py:22)
2025-09-22 13:00:45 [DEBUG] [_extract_raw_next_f_push_strings] Appended payload chunk: d9GcT56PnF6Ir30ACBooV4QML9XqGxPMeS0UD-J-IOmt4RfpWkpWyt9SsenHDo-DCqfhurJ2kXsVOBsMMEV9L72XZYRPTuRv6C\u0026usqp=CAY\",\"https://encrypted-tbn2.gstatic.com/shopping?q=tbn:ANd9GcRG-GwVx5yd5FeS1o4JqlvUNwo3M... (hydration_parser.py:27)
2025-09-22 13:00:45 [DEBUG] [_extract_raw_next_f_push_strings] Found matching line: self.__next_f.push([1,"\"$34\",\"colors\":\"$35\",\"thumbnails\":\"$39\",\"details\":\"Crafted from premium materials and featuring military-grade¹ durability, moto g75 5G is made for everyday life. C... (hydration_parser.py:22)
2025-09-22 13:00:45 [DEBUG] [_extract_raw_next_f_push_strings] Appended payload chunk: \"$34\",\"colors\":\"$35\",\"thumbnails\":\"$39\",\"details\":\"Crafted from premium materials and featuring military-grade¹ durability, moto g75 5G is made for everyday life. Capture sharp photos and... (hydration_parser.py:27)
2025-09-22 13:00:45 [DEBUG] [_extract_raw_next_f_push_strings] Found matching line: self.__next_f.push([1,"b:[[\"$\",\"$L10\",null,{\"container\":true,\"justifyContent\":\"space-around\",\"spacing\":{\"xs\":0,\"md\":0},\"children\":[[\"$\",\"$L10\",null,{\"item\":true,\"md\":4,\"xs\"... (hydration_parser.py:22)
2025-09-22 13:00:45 [DEBUG] [_extract_raw_next_f_push_strings] Appended payload chunk: b:[[\"$\",\"$L10\",null,{\"container\":true,\"justifyContent\":\"space-around\",\"spacing\":{\"xs\":0,\"md\":0},\"children\":[[\"$\",\"$L10\",null,{\"item\":true,\"md\":4,\"xs\":12,\"children\":[\"$\"... (hydration_parser.py:27)
2025-09-22 13:00:45 [DEBUG] [_extract_raw_next_f_push_strings] Found matching line: self.__next_f.push([1,"59:I[65161,[\"3655\",\"static/chunks/3655-f78e4e363a5541d0.js\",\"6290\",\"static/chunks/6290-2a8ce89a0b5a3df8.js\",\"6381\",\"static/chunks/6381-2b873addadcb95f3.js\",\"6310\",... (hydration_parser.py:22)
2025-09-22 13:00:45 [DEBUG] [_extract_raw_next_f_push_strings] Appended payload chunk: 59:I[65161,[\"3655\",\"static/chunks/3655-f78e4e363a5541d0.js\",\"6290\",\"static/chunks/6290-2a8ce89a0b5a3df8.js\",\"6381\",\"static/chunks/6381-2b873addadcb95f3.js\",\"6310\",\"static/chunks/6310-99... (hydration_parser.py:27)
2025-09-22 13:00:45 [DEBUG] [_extract_raw_next_f_push_strings] Found matching line: self.__next_f.push([1,"ing you can see a difference, but in normal use, they're close).It's a little on the big side, especially for a child, but the Military toughness and optional screen repair serv... (hydration_parser.py:22)
2025-09-22 13:00:45 [DEBUG] [_extract_raw_next_f_push_strings] Appended payload chunk: ing you can see a difference, but in normal use, they're close).It's a little on the big side, especially for a child, but the Military toughness and optional screen repair service make up for that. T... (hydration_parser.py:27)
2025-09-22 13:00:45 [DEBUG] [_extract_raw_next_f_push_strings] Found matching line: self.__next_f.push([1,"11:[\"$\",\"$L59\",null,{\"product\":{\"id\":83429707,\"gid\":\"15797211988331096831\",\"title\":\"Motorola Moto G75 5G 256GB Grey with Buds\",\"image\":\"https://encrypted-tbn0... (hydration_parser.py:22)
2025-09-22 13:00:45 [DEBUG] [_extract_raw_next_f_push_strings] Appended payload chunk: 11:[\"$\",\"$L59\",null,{\"product\":{\"id\":83429707,\"gid\":\"15797211988331096831\",\"title\":\"Motorola Moto G75 5G 256GB Grey with Buds\",\"image\":\"https://encrypted-tbn0.gstatic.com/shopping?q... (hydration_parser.py:27)
2025-09-22 13:00:45 [DEBUG] [_extract_raw_next_f_push_strings] Final payload_chunks: ['1:HL[\\"/_next/static/media/2b3f1035ed87a788-s.p.woff2\\",\\"font\\",{\\"crossOrigin\\":\\"\\",\\"type\\":\\"font/woff2\\"}]\\n2:HL[\\"/_next/static/media/8bf7b2ceda89477b-s.p.woff2\\",\\"font\\",{\\"crossOrigin\\":\\"\\",\\"type\\":\\"font/woff2\\"}]\\n3:HL[\\"/_next/static/css/e0d445a9cf4aff75.css\\",\\"style\\"]\\n', '4:I[89562,[],\\"\\"]\\n7:I[78703,[],\\"\\"]\\n9:I[53751,[],\\"\\"]\\nc:I[11478,[\\"3655\\",\\"static/chunks/3655-f78e4e363a5541d0.js\\",\\"395\\",\\"static/chunks/app/product/%5Bslug%5D/layout-afd1e0771fc65a8b.js\\"],\\"\\"]\\nd:I[25719,[\\"3655\\",\\"static/chunks/3655-f78e4e363a5541d0.js\\",\\"6290\\",\\"static/chunks/6290-2a8ce89a0b5a3df8.js\\",\\"3895\\",\\"static/chunks/app/product/%5Bslug%5D/@offers/loading-91e67d2edba3eaa4.js\\"],\\"default\\"]\\ne:I[88170,[\\"3655\\",\\"static/chunks/3655-f78e4e363a5541d0.js\\",\\"6290\\",\\"static/chunks/6290-2a8ce89a0b5a3df8.js\\",\\"3895\\",\\"static/chunks/app/product/%5Bslug%5D/@offers/loading-91e67d2edba3eaa4.js\\"],\\"\\"]\\nf:I[44863,[\\"3655\\",\\"static/chunks/3655-f78e4e363a5541d0.js\\",\\"395\\",\\"static/chunks/app/product/%5Bslug%5D/layout-afd1e0771fc65a8b.js\\"],\\"\\"]\\n10:I[39146,[\\"3655\\",\\"static/chunks/3655-f78e4e363a5541d0.js\\",\\"6290\\",\\"static/chunks/6290-2a8ce89a0b5a3df8.js\\",\\"2665\\",\\"static/chunks/2665-2d172eda87a962e3.js\\",\\"6435\\",\\"static/chunks/app/product/%5Bslug%5D/@info/loading-1c1ee849e97e6a1a.js\\"],\\"\\"]\\n13:I[79165,[\\"3655\\",\\"static/chunks/3655-f78e4e363a5541d0.js\\",\\"6290\\",\\"static/chunks/6290-2a8ce89a0b5a3df8.js\\",\\"6381\\",\\"static/chunks/6381-2b873addadcb95f3.js\\",\\"6310\\",\\"static/chunks/6310-99207018fb617736.js\\",\\"5469\\",\\"static/chunks/5469-d5f85e2b5dbb2663.js\\",\\"6341\\",\\"static/chunks/6341-ca54939c2b36d77d.js\\",\\"6252\\",\\"static/chunks/6252-920c83842bca245b.js\\",\\"6574\\",\\"static/chunks/6574-85b13196e7d2f55e.js\\",\\"307\\",\\"static/chunks/307-cefa9bd2f7381bf5.js\\",\\"2665\\",\\"static/chunks/2665-2d172eda87a962e3.js\\",\\"684\\",\\"static/chunks/684-7de3c401504b82a2.js\\",\\"7269\\",\\"static/chunks/7269-a4bddb872ba784d5.js\\",\\"8327\\",\\"static/chunks/8327-5596df2c7a80e7eb.js\\",\\"5135\\",\\"static/chunks/5135-e150b38f04bc4ae4.js\\",\\"5127\\",\\"static/chunks/5127-7de194f1c35db063.js\\",\\"5805\\",\\"static/chunks/5805-5009d17ba83b5e07.js\\",\\"3185\\",\\"static/chunks/app/layout-0606493c769120ee.js\\"],\\"default\\"]\\n14:I[72470,[\\"3655\\",\\"static/chunks/3655-f78e4e363a5541d0.js\\",\\"6290\\",\\"static/chunks/6290-2a8ce89a0b5a3df8.js\\",\\"6381\\",\\"static/chunks/6381-2b873addadcb95f3.js\\",\\"6310\\",\\"static/chunks/6310-99207018fb617736.js\\",\\"5469\\",\\"static/chunks/5469-d5f85e2b5dbb2663', '.js\\",\\"6341\\",\\"static/chunks/6341-ca54939c2b36d77d.js\\",\\"6252\\",\\"static/chunks/6252-920c83842bca245b.js\\",\\"6574\\",\\"static/chunks/6574-85b13196e7d2f55e.js\\",\\"307\\",\\"static/chunks/307-cefa9bd2f7381bf5.js\\",\\"2665\\",\\"static/chunks/2665-2d172eda87a962e3.js\\",\\"684\\",\\"static/chunks/684-7de3c401504b82a2.js\\",\\"7269\\",\\"static/chunks/7269-a4bddb872ba784d5.js\\",\\"8327\\",\\"static/chunks/8327-5596df2c7a80e7eb.js\\",\\"5135\\",\\"static/chunks/5135-e150b38f04bc4ae4.js\\",\\"5127\\",\\"static/chunks/5127-7de194f1c35db063.js\\",\\"5805\\",\\"static/chunks/5805-5009d17ba83b5e07.js\\",\\"3185\\",\\"static/chunks/app/layout-0606493c769120ee.js\\"],\\"UserProvider\\"]\\n15:I[68744,[\\"3655\\",\\"static/chunks/3655-f78e4e363a5541d0.js\\",\\"6290\\",\\"static/chunks/6290-2a8ce89a0b5a3df8.js\\",\\"6381\\",\\"static/chunks/6381-2b873addadcb95f3.js\\",\\"6310\\",\\"static/chunks/6310-99207018fb617736.js\\",\\"5469\\",\\"static/chunks/5469-d5f85e2b5dbb2663.js\\",\\"6341\\",\\"static/chunks/6341-ca54939c2b36d77d.js\\",\\"6252\\",\\"static/chunks/6252-920c83842bca245b.js\\",\\"6574\\",\\"static/chunks/6574-85b13196e7d2f55e.js\\",\\"307\\",\\"static/chunks/307-cefa9bd2f7381bf5.js\\",\\"2665\\",\\"static/chunks/2665-2d172eda87a962e3.js\\",\\"684\\",\\"static/chunks/684-7de3c401504b82a2.js\\",\\"7269\\",\\"static/chunks/7269-a4bddb872ba784d5.js\\",\\"8327\\",\\"static/chunks/8327-5596df2c7a80e7eb.js\\",\\"5135\\",\\"static/chunks/5135-e150b38f04bc4ae4.js\\",\\"5127\\",\\"static/chunks/5127-7de194f1c35db063.js\\",\\"5805\\",\\"static/chunks/5805-5009d17ba83b5e07.js\\",\\"3185\\",\\"static/chunks/app/layout-0606493c769120ee.js\\"],\\"EventsProvider\\"]\\n16:I[58977,[\\"3655\\",\\"static/chunks/3655-f78e4e363a5541d0.js\\",\\"6290\\",\\"static/chunks/6290-2a8ce89a0b5a3df8.js\\",\\"6381\\",\\"static/chunks/6381-2b873addadcb95f3.js\\",\\"6310\\",\\"static/chunks/6310-99207018fb617736.js\\",\\"5469\\",\\"static/chunks/5469-d5f85e2b5dbb2663.js\\",\\"6341\\",\\"static/chunks/6341-ca54939c2b36d77d.js\\",\\"6252\\",\\"static/chunks/6252-920c83842bca245b.js\\",\\"6574\\",\\"static/chunks/6574-85b13196e7d2f55e.js\\",\\"307\\",\\"static/chunks/307-cefa9bd2f7381bf5.js\\",\\"2665\\",\\"static/chunks/2665-2d172eda87a962e3.js\\",\\"684\\",\\"static/chunks/684-7de3c401504b82a2.js\\",\\"7269\\",\\"static/chunks/7269-a4bddb872ba784d5.js\\",\\"8327\\",\\"static/', 'chunks/8327-5596df2c7a80e7eb.js\\",\\"5135\\",\\"static/chunks/5135-e150b38f04bc4ae4.js\\",\\"5127\\",\\"static/chunks/5127-7de194f1c35db063.js\\",\\"5805\\",\\"static/chunks/5805-5009d17ba83b5e07.js\\",\\"3185\\",\\"static/chunks/app/layout-0606493c769120ee.js\\"],\\"default\\"]\\n17:I[66973,[\\"3655\\",\\"static/chunks/3655-f78e4e363a5541d0.js\\",\\"6290\\",\\"static/chunks/6290-2a8ce89a0b5a3df8.js\\",\\"6381\\",\\"static/chunks/6381-2b873addadcb95f3.js\\",\\"6310\\",\\"static/chunks/6310-99207018fb617736.js\\",\\"5469\\",\\"static/chunks/5469-d5f85e2b5dbb2663.js\\",\\"6341\\",\\"static/chunks/6341-ca54939c2b36d77d.js\\",\\"6252\\",\\"static/chunks/6252-920c83842bca245b.js\\",\\"6574\\",\\"static/chunks/6574-85b13196e7d2f55e.js\\",\\"307\\",\\"static/chunks/307-cefa9bd2f7381bf5.js\\",\\"2665\\",\\"static/chunks/2665-2d172eda87a962e3.js\\",\\"684\\",\\"static/chunks/684-7de3c401504b82a2.js\\",\\"7269\\",\\"static/chunks/7269-a4bddb872ba784d5.js\\",\\"8327\\",\\"static/chunks/8327-5596df2c7a80e7eb.js\\",\\"5135\\",\\"static/chunks/5135-e150b38f04bc4ae4.js\\",\\"5127\\",\\"static/chunks/5127-7de194f1c35db063.js\\",\\"5805\\",\\"static/chunks/5805-5009d17ba83b5e07.js\\",\\"3185\\",\\"static/chunks/app/layout-0606493c769120ee.js\\"],\\"CollectionsProvider\\"]\\n18:I[32206,[\\"3655\\",\\"static/chunks/3655-f78e4e363a5541d0.js\\",\\"6290\\",\\"static/chunks/6290-2a8ce89a0b5a3df8.js\\",\\"6381\\",\\"static/chunks/6381-2b873addadcb95f3.js\\",\\"6310\\",\\"static/chunks/6310-99207018fb617736.js\\",\\"5469\\",\\"static/chunks/5469-d5f85e2b5dbb2663.js\\",\\"6341\\",\\"static/chunks/6341-ca54939c2b36d77d.js\\",\\"6252\\",\\"static/chunks/6252-920c83842bca245b.js\\",\\"6574\\",\\"static/chunks/6574-85b13196e7d2f55e.js\\",\\"307\\",\\"static/chunks/307-cefa9bd2f7381bf5.js\\",\\"2665\\",\\"static/chunks/2665-2d172eda87a962e3.js\\",\\"684\\",\\"static/chunks/684-7de3c401504b82a2.js\\",\\"7269\\",\\"static/chunks/7269-a4bddb872ba784d5.js\\",\\"8327\\",\\"static/chunks/8327-5596df2c7a80e7eb.js\\",\\"5135\\",\\"static/chunks/5135-e150b38f04bc4ae4.js\\",\\"5127\\",\\"static/chunks/5127-7de194f1c35db063.js\\",\\"5805\\",\\"static/chunks/5805-5009d17ba83b5e07.js\\",\\"3185\\",\\"static/chunks/app/layout-0606493c769120ee.js\\"],\\"SearchProvider\\"]\\n19:I[25115,[\\"3655\\",\\"static/chunks/3655-f78e4e363a5541d0.js\\",\\"6290\\",\\"static/chunks/6290-2a8ce89a0b5a3df', '8.js\\",\\"6381\\",\\"static/chunks/6381-2b873addadcb95f3.js\\",\\"6310\\",\\"static/chunks/6310-99207018fb617736.js\\",\\"5469\\",\\"static/chunks/5469-d5f85e2b5dbb2663.js\\",\\"6341\\",\\"static/chunks/6341-ca54939c2b36d77d.js\\",\\"6252\\",\\"static/chunks/6252-920c83842bca245b.js\\",\\"6574\\",\\"static/chunks/6574-85b13196e7d2f55e.js\\",\\"307\\",\\"static/chunks/307-cefa9bd2f7381bf5.js\\",\\"2665\\",\\"static/chunks/2665-2d172eda87a962e3.js\\",\\"684\\",\\"static/chunks/684-7de3c401504b82a2.js\\",\\"7269\\",\\"static/chunks/7269-a4bddb872ba784d5.js\\",\\"8327\\",\\"static/chunks/8327-5596df2c7a80e7eb.js\\",\\"5135\\",\\"static/chunks/5135-e150b38f04bc4ae4.js\\",\\"5127\\",\\"static/chunks/5127-7de194f1c35db063.js\\",\\"5805\\",\\"static/chunks/5805-5009d17ba83b5e07.js\\",\\"3185\\",\\"static/chunks/app/layout-0606493c769120ee.js\\"],\\"DropdownProvider\\"]\\n1b:I[20977,[\\"3655\\",\\"static/chunks/3655-f78e4e363a5541d0.js\\",\\"6290\\",\\"static/chunks/6290-2a8ce89a0b5a3df8.js\\",\\"6381\\",\\"static/chunks/6381-2b873addadcb95f3.js\\",\\"6310\\",\\"static/chunks/6310-99207018fb617736.js\\",\\"5469\\",\\"static/chunks/5469-d5f85e2b5dbb2663.js\\",\\"9160\\",\\"static/chunks/app/not-found-9fe2d208d6f479a3.js\\"],\\"default\\"]\\n1c:I[79529,[\\"3655\\",\\"static/chunks/3655-f78e4e363a5541d0.js\\",\\"6290\\",\\"static/chunks/6290-2a8ce89a0b5a3df8.js\\",\\"6381\\",\\"static/chunks/6381-2b873addadcb95f3.js\\",\\"6310\\",\\"static/chunks/6310-99207018fb617736.js\\",\\"5469\\",\\"static/chunks/5469-d5f85e2b5dbb2663.js\\",\\"6341\\",\\"static/chunks/6341-ca54939c2b36d77d.js\\",\\"6252\\",\\"static/chunks/6252-920c83842bca245b.js\\",\\"6574\\",\\"static/chunks/6574-85b13196e7d2f55e.js\\",\\"307\\",\\"static/chunks/307-cefa9bd2f7381bf5.js\\",\\"2665\\",\\"static/chunks/2665-2d172eda87a962e3.js\\",\\"684\\",\\"static/chunks/684-7de3c401504b82a2.js\\",\\"7269\\",\\"static/chunks/7269-a4bddb872ba784d5.js\\",\\"8327\\",\\"static/chunks/8327-5596df2c7a80e7eb.js\\",\\"5135\\",\\"static/chunks/5135-e150b38f04bc4ae4.js\\",\\"5127\\",\\"static/chunks/5127-7de194f1c35db063.js\\",\\"5805\\",\\"static/chunks/5805-5009d17ba83b5e07.js\\",\\"3185\\",\\"static/chunks/app/layout-0606493c769120ee.js\\"],\\"default\\"]\\n1d:I[74906,[\\"3655\\",\\"static/chunks/3655-f78e4e363a5541d0.js\\",\\"6290\\",\\"static/chunks/6290-2a8ce89a0b5a3df8.js\\",\\"6381\\",\\"static/chunks/6381-2', 'b873addadcb95f3.js\\",\\"6310\\",\\"static/chunks/6310-99207018fb617736.js\\",\\"5469\\",\\"static/chunks/5469-d5f85e2b5dbb2663.js\\",\\"6341\\",\\"static/chunks/6341-ca54939c2b36d77d.js\\",\\"6252\\",\\"static/chunks/6252-920c83842bca245b.js\\",\\"6574\\",\\"static/chunks/6574-85b13196e7d2f55e.js\\",\\"307\\",\\"static/chunks/307-cefa9bd2f7381bf5.js\\",\\"2665\\",\\"static/chunks/2665-2d172eda87a962e3.js\\",\\"684\\",\\"static/chunks/684-7de3c401504b82a2.js\\",\\"7269\\",\\"static/chunks/7269-a4bddb872ba784d5.js\\",\\"8327\\",\\"static/chunks/8327-5596df2c7a80e7eb.js\\",\\"5135\\",\\"static/chunks/5135-e150b38f04bc4ae4.js\\",\\"5127\\",\\"static/chunks/5127-7de194f1c35db063.js\\",\\"5805\\",\\"static/chunks/5805-5009d17ba83b5e07.js\\",\\"3185\\",\\"static/chunks/app/layout-0606493c769120ee.js\\"],\\"GoogleAnalytics\\"]\\n1e:I[25327,[\\"3655\\",\\"static/chunks/3655-f78e4e363a5541d0.js\\",\\"6290\\",\\"static/chunks/6290-2a8ce89a0b5a3df8.js\\",\\"6381\\",\\"static/chunks/6381-2b873addadcb95f3.js\\",\\"6310\\",\\"static/chunks/6310-99207018fb617736.js\\",\\"5469\\",\\"static/chunks/5469-d5f85e2b5dbb2663.js\\",\\"6341\\",\\"static/chunks/6341-ca54939c2b36d77d.js\\",\\"6252\\",\\"static/chunks/6252-920c83842bca245b.js\\",\\"6574\\",\\"static/chunks/6574-85b13196e7d2f55e.js\\",\\"307\\",\\"static/chunks/307-cefa9bd2f7381bf5.js\\",\\"2665\\",\\"static/chunks/2665-2d172eda87a962e3.js\\",\\"684\\",\\"static/chunks/684-7de3c401504b82a2.js\\",\\"7269\\",\\"static/chunks/7269-a4bddb872ba784d5.js\\",\\"8327\\",\\"static/chunks/8327-5596df2c7a80e7eb.js\\",\\"5135\\",\\"static/chunks/5135-e150b38f04bc4ae4.js\\",\\"5127\\",\\"static/chunks/5127-7de194f1c35db063.js\\",\\"5805\\",\\"static/chunks/5805-5009d17ba83b5e07.js\\",\\"3185\\",\\"static/chunks/app/layout-0606493c769120ee.js\\"],\\"\\"]\\n20:I[51395,[],\\"\\"]\\n8:[\\"slug\\",\\"motorola-moto-g75-5g-256gb-grey-with-buds\\",\\"d\\"]\\n21:[]\\n', '0:[[[\\"$\\",\\"link\\",\\"0\\",{\\"rel\\":\\"stylesheet\\",\\"href\\":\\"/_next/static/css/e0d445a9cf4aff75.css\\",\\"precedence\\":\\"next\\",\\"crossOrigin\\":\\"$undefined\\"}]],[\\"$\\",\\"$L4\\",null,{\\"buildId\\":\\"vVT_ICiXqaGX8gcuY6VmE\\",\\"assetPrefix\\":\\"\\",\\"initialCanonicalUrl\\":\\"/product/motorola-moto-g75-5g-256gb-grey-with-buds\\",\\"initialTree\\":[\\"\\",{\\"children\\":[\\"product\\",{\\"children\\":[[\\"slug\\",\\"motorola-moto-g75-5g-256gb-grey-with-buds\\",\\"d\\"],{\\"category\\":[\\"__PAGE__\\",{\\"children\\":[\\"__PAGE__\\",{}]}],\\"info\\":[\\"__PAGE__\\",{\\"children\\":[\\"__PAGE__\\",{}]}],\\"offers\\":[\\"__PAGE__\\",{\\"children\\":[\\"__PAGE__\\",{}]}],\\"children\\":[\\"__DEFAULT__\\",{}]}]}]},\\"$undefined\\",\\"$undefined\\",true],\\"initialSeedData\\":[\\"\\",{\\"children\\":[\\"product\\",{\\"children\\":[[\\"slug\\",\\"motorola-moto-g75-5g-256gb-grey-with-buds\\",\\"d\\"],{\\"category\\":[\\"__PAGE__\\",{\\"children\\":[\\"__PAGE__\\",{},[[\\"$L5\\",\\"$L6\\"],null],null]},[\\"$\\",\\"$L7\\",null,{\\"parallelRouterKey\\":\\"children\\",\\"segmentPath\\":[\\"children\\",\\"product\\",\\"children\\",\\"$8\\",\\"category\\",\\"__PAGE__\\",\\"children\\"],\\"error\\":\\"$undefined\\",\\"errorStyles\\":\\"$undefined\\",\\"errorScripts\\":\\"$undefined\\",\\"template\\":[\\"$\\",\\"$L9\\",null,{}],\\"templateStyles\\":\\"$undefined\\",\\"templateScripts\\":\\"$undefined\\",\\"notFound\\":\\"$undefined\\",\\"notFoundStyles\\":\\"$undefined\\",\\"styles\\":null}],null],\\"info\\":[\\"__PAGE__\\",{\\"children\\":[\\"__PAGE__\\",{},[[\\"$a\\",\\"$Lb\\"],null],null]},[\\"$\\",\\"$L7\\",null,{\\"parallelRouterKey\\":\\"children\\",\\"segmentPath\\":[\\"children\\",\\"product\\",\\"children\\",\\"$8\\",\\"info\\",\\"__PAGE__\\",\\"children\\"],\\"error\\":\\"$undefined\\",\\"errorStyles\\":\\"$undefined\\",\\"errorScripts\\":\\"$undefined\\",\\"template\\":[\\"$\\",\\"$L9\\",null,{}],\\"templateStyles\\":\\"$undefined\\",\\"templateScripts\\":\\"$undefined\\",\\"notFound\\":\\"$undefined\\",\\"notFoundStyles\\":\\"$undefined\\",\\"styles\\":null}],[[[\\"$\\",\\"$Lc\\",null,{\\"sx\\":{\\"display\\":{\\"xs\\":\\"flex\\",\\"md\\":\\"none\\"},\\"width\\":\\"100%\\"},\\"children\\":[\\"$\\",\\"$Ld\\",null,{\\"width\\":\\"100%\\",\\"spacing\\":2,\\"mb\\":2,\\"children\\":[[\\"$\\",\\"$Le\\",null,{\\"variant\\":\\"rectangular\\",\\"width\\":\\"100%\\",\\"height\\":300}],[\\"$\\",\\"$Le\\",null,{\\"variant\\":\\"rounded\\",\\"height\\":250}]]}]}],[\\"$\\",\\"$Lc\\",null,{\\"sx\\":{\\"display\\":{\\"xs\\":\\"none\\",\\"md\\":\\"flex\\"}},\\"children\\":[\\"$\\",\\"$Lf\\",null,{\\"children\\":[\\"$\\",\\"$Lc\\",null,{\\"width\\":\\"100%\\",\\"mb\\":2,\\"children\\":[\\"$\\",\\"$L10\\",null,{\\"container\\":true,\\"justifyContent\\":\\"space-around\\",\\"children\\":[[\\"$\\",\\"$Le\\",null,{\\"variant\\":\\"rectangular\\",\\"width\\":380,\\"height\\":400}],[\\"$\\",\\"$L10\\",null,{\\"item\\":true,\\"md\\":6,\\"xs\\":12,\\"alignItems\\":\\"center\\",\\"children\\":[[\\"$\\",\\"$Le\\",null,{\\"width\\":400,\\"height\\":50}],[\\"$\\",\\"$Lc\\",null,{\\"my\\":4,\\"children\\":[\\"$\\",\\"$Le\\",null,{\\"variant\\":\\"rounded\\",\\"width\\":600,\\"height\\":200}]}]]}]]}]}]}]}]],[],[]]],\\"offers\\":[\\"__PAGE__\\",{\\"children\\":[\\"__PAGE__\\",{},[[\\"$a\\",\\"$L11\\"],null],null]},[\\"$\\",\\"$L7\\",null,{\\"parallelRouterKey\\":\\"children\\",\\"segmentPath\\":[\\"children\\",\\"product\\",\\"children\\",\\"$8\\",\\"offers\\",\\"__PAGE__\\",\\"children\\"],\\"error\\":\\"$undefined\\",\\"errorStyles\\":\\"$undefined\\",\\"errorScripts\\":\\"$undefined\\",\\"template\\":[\\"$\\",\\"$L9\\",null,{}],\\"templateStyles\\":\\"$undefined\\",\\"templateScripts\\":\\"$undefined\\",\\"notFound\\":\\"$undefined\\",\\"notFoundStyles\\":\\"$undefined\\",\\"styles\\":null}],[[[\\"$\\",\\"$Lc\\",null,{\\"sx\\":{\\"display\\":{\\"xs\\":\\"flex\\",\\"md\\":\\"none\\"}},\\"children\\":[\\"$\\",\\"$Ld\\",null,{\\"spacing\\":2,\\"width\\":\\"100%\\",\\"pt\\":2,\\"children\\":[[\\"$\\",\\"$Le\\",null,{\\"variant\\":\\"rounded\\",\\"width\\":\\"100%\\",\\"height\\":30}],[[\\"$\\",\\"$Le\\",\\"0\\",{\\"width\\":\\"100%\\",\\"height\\":80,\\"variant\\":\\"rounded\\"}],[\\"$\\",\\"$Le\\",\\"1\\",{\\"width\\":\\"100%\\",\\"height\\":80,\\"variant\\":\\"rounded\\"}],[\\"$\\",\\"$Le\\",\\"2\\",{\\"width\\":\\"100%\\",\\"height\\":80,\\"variant\\":\\"rounded\\"}],[\\"$\\",\\"$Le\\",\\"3\\",{\\"width\\":\\"100%\\",\\"height\\":80,\\"variant\\":\\"rounded\\"}],[\\"$\\",\\"$Le\\",\\"4\\",{\\"width\\":\\"100%\\",\\"height\\":80,\\"variant\\":\\"rounded\\"}]]]}]}],[\\"$\\",\\"$Lc\\",null,{\\"sx\\":{\\"display\\":{\\"xs\\":\\"none\\",\\"md\\":\\"flex\\"}},\\"children\\":[\\"$\\",\\"$Ld\\",null,{\\"spacing\\":2,\\"my\\":2,\\"width\\":\\"100%\\",\\"children\\":[[\\"$\\",\\"$Le\\",null,{\\"variant\\":\\"rounded\\",\\"width\\":280,\\"height\\":30}],[\\"$\\",\\"$Ld\\",null,{\\"spacing\\":2,\\"children\\":[[\\"$\\",\\"$Le\\",\\"0\\",{\\"width\\":\\"100%\\",\\"height\\":60,\\"variant\\":\\"rounded\\"}],[\\"$\\",\\"$Le\\",\\"1\\",{\\"width\\":\\"100%\\",\\"height\\":60,\\"variant\\":\\"rounded\\"}],[\\"$\\",\\"$Le\\",\\"2\\",{\\"width\\":\\"100%\\",\\"height\\":60,\\"variant\\":\\"rounded\\"}],[\\"$\\",\\"$Le\\",\\"3\\",{\\"width\\":\\"100%\\",\\"height\\":60,\\"variant\\":\\"rounded\\"}],[\\"$\\",\\"$Le\\",\\"4\\",{\\"width\\":\\"100%\\",\\"height\\":60,\\"variant\\":\\"rounded\\"}],[\\"$\\",\\"$Le\\",\\"5\\",{\\"width\\":\\"100%\\",\\"height\\":60,\\"variant\\":\\"rounded\\"}],[\\"$\\",\\"$Le\\",\\"6\\",{\\"width\\":\\"100%\\",\\"height\\":60,\\"variant\\":\\"rounded\\"}],[\\"$\\",\\"$Le\\",\\"7\\",{\\"width\\":\\"100%\\",\\"height\\":60,\\"variant\\":\\"rounded\\"}],[\\"$\\",\\"$Le\\",\\"8\\",{\\"width\\":\\"100%\\",\\"height\\":60,\\"variant\\":\\"rounded\\"}],[\\"$\\",\\"$Le\\",\\"9\\",{\\"width\\":\\"100%\\",\\"height\\":60,\\"variant\\":\\"rounded\\"}]]}]]}]}]],[],[]]],\\"children\\":[\\"__DEFAULT__\\",{},[[\\"$a\\",\\"$L12\\"],null],null]},[[\\"$\\",\\"$Lc\\",null,{\\"children\\":[[\\"$\\",\\"$Lc\\",null,{\\"sx\\":{\\"bgcolor\\":\\"background.paper\\",\\"boxShadow\\":\\"0 2px 4px rgba(0,0,0,0.1)\\"},\\"pt\\":2,\\"children\\":[\\"$\\",\\"$Lf\\",null,{\\"children\\":[[\\"$\\",\\"$L7\\",null,{\\"parallelRouterKey\\":\\"category\\",\\"segmentPath\\":[\\"children\\",\\"product\\",\\"children\\",\\"$8\\",\\"category\\"],\\"error\\":\\"$undefined\\",\\"errorStyles\\":\\"$undefined\\",\\"errorScripts\\":\\"$undefined\\",\\"template\\":[\\"$\\",\\"$L9\\",null,{}],\\"templateStyles\\":\\"$undefined\\",\\"templateScripts\\":\\"$undefined\\",\\"notFound\\":\\"$undefined\\",\\"notFoundStyles\\":\\"$undefined\\",\\"styles\\":null}],[\\"$\\",\\"$L7\\",null,{\\"parallelRouterKey\\":\\"info\\",\\"segmentPath\\":[\\"children\\",\\"product\\",\\"children\\",\\"$8\\",\\"info\\"],\\"error\\":\\"$undefined\\",\\"errorStyles\\":\\"$undefined\\",\\"errorScripts\\":\\"$undefined\\",\\"template\\":[\\"$\\",\\"$L9\\",null,{}],\\"templateStyles\\":\\"$undefined\\",\\"templateScripts\\":\\"$undefined\\",\\"notFound\\":\\"$undefined\\",\\"notFoundStyles\\":\\"$undefined\\",\\"styles\\":null}]]}]}],[\\"$\\",\\"$Lf\\",null,{\\"children\\":[\\"$\\",\\"$L7\\",null,{\\"parallelRouterKey\\":\\"offers\\",\\"segmentPath\\":[\\"children\\",\\"product\\",\\"children\\",\\"$8\\",\\"offers\\"],\\"error\\":\\"$undefined\\",\\"errorStyles\\":\\"$undefined\\",\\"errorScripts\\":\\"$undefined\\",\\"template\\":[\\"$\\",\\"$L9\\",null,{}],\\"templateStyles\\":\\"$undefined\\",\\"templateScripts\\":\\"$undefined\\",\\"notFound\\":\\"$undefined\\",\\"notFoundStyles\\":\\"$undefined\\",\\"styles\\":null}]}]]}],null],null]},[\\"$\\",\\"$L7\\",null,{\\"parallelRouterKey\\":\\"children\\",\\"segmentPath\\":[\\"children\\",\\"product\\",\\"children\\"],\\"error\\":\\"$undefined\\",\\"errorStyles\\":\\"$undefined\\",\\"errorScripts\\":\\"$undefined\\",\\"template\\":[\\"$\\",\\"$L9\\",null,{}],\\"templateStyles\\":\\"$undefined\\",\\"templateScripts\\":\\"$undefined\\",\\"notFound\\":\\"$undefined\\",\\"notFoundStyles\\":\\"$undefined\\",\\"styles\\":null}],null]},[[\\"$\\",\\"html\\",null,{\\"lang\\":\\"en\\",\\"className\\":\\"__className_6b8127\\",\\"children\\":[[\\"$\\",\\"body\\",null,{\\"children\\":[[\\"$\\",\\"$L13\\",null,{\\"options\\":{\\"enableCssLayer\\":true},\\"children\\":[\\"$\\",\\"$L14\\",null,{\\"children\\":[\\"$\\",\\"$L15\\",null,{\\"children\\":[\\"$\\",\\"$L16\\",null,{\\"children\\":[\\"$\\",\\"$L17\\",null,{\\"children\\":[\\"$\\",\\"$L18\\",null,{\\"children\\":[\\"$\\",\\"$L19\\",null,{\\"children\\":[\\"$\\",\\"$Ld\\",null,{\\"sx\\":{\\"minHeight\\":\\"100vh\\",\\"display\\":\\"flex\\",\\"flexDirection\\":\\"column\\"},\\"children\\":[\\"$L1a\\",[\\"$\\",\\"$Lc\\",null,{\\"sx\\":{\\"mt\\":8,\\"flex\\":1},\\"children\\":[\\"$\\",\\"$L7\\",null,{\\"parallelRouterKey\\":\\"children\\",\\"segmentPath\\":[\\"children\\"],\\"error\\":\\"$undefined\\",\\"errorStyles\\":\\"$undefined\\",\\"errorScripts\\":\\"$undefined\\",\\"template\\":[\\"$\\",\\"$L9\\",null,{}],\\"templateStyles\\":\\"$undefined\\",\\"templateScripts\\":\\"$undefined\\",\\"notFound\\":[\\"$\\",\\"$L1b\\",null,{}],\\"notFoundStyles\\":[],\\"styles\\":null}]}],[\\"$\\",\\"$L1c\\",null,{}]]}]}]}]}]}]}]}]}],[\\"$\\",\\"$L1d\\",null,{\\"gaId\\":\\"G-M91Z4R0XFN\\"}]]}],[\\"$\\",\\"$L1e\\",null,{\\"async\\":true,\\"strategy\\":\\"lazyOnload\\",\\"src\\":\\"https://pagead2.googlesyndication.com/pagead/js/adsbygoogle.js?client=ca-pub-3043658465039401\\",\\"crossOrigin\\":\\"anonymous\\"}]]}],null],null],\\"couldBeIntercepted\\":false,\\"initialHead\\":[null,\\"$L1f\\"],\\"globalErrorComponent\\":\\"$20\\",\\"missingSlots\\":\\"$W21\\"}]]\\n', '12:E{\\"digest\\":\\"NEXT_NOT_FOUND\\"}\\n', '22:I[5821,[\\"3655\\",\\"static/chunks/3655-f78e4e363a5541d0.js\\",\\"6290\\",\\"static/chunks/6290-2a8ce89a0b5a3df8.js\\",\\"6381\\",\\"static/chunks/6381-2b873addadcb95f3.js\\",\\"6310\\",\\"static/chunks/6310-99207018fb617736.js\\",\\"5469\\",\\"static/chunks/5469-d5f85e2b5dbb2663.js\\",\\"6341\\",\\"static/chunks/6341-ca54939c2b36d77d.js\\",\\"6252\\",\\"static/chunks/6252-920c83842bca245b.js\\",\\"6574\\",\\"static/chunks/6574-85b13196e7d2f55e.js\\",\\"307\\",\\"static/chunks/307-cefa9bd2f7381bf5.js\\",\\"2665\\",\\"static/chunks/2665-2d172eda87a962e3.js\\",\\"684\\",\\"static/chunks/684-7de3c401504b82a2.js\\",\\"7269\\",\\"static/chunks/7269-a4bddb872ba784d5.js\\",\\"8327\\",\\"static/chunks/8327-5596df2c7a80e7eb.js\\",\\"5135\\",\\"static/chunks/5135-e150b38f04bc4ae4.js\\",\\"5127\\",\\"static/chunks/5127-7de194f1c35db063.js\\",\\"5805\\",\\"static/chunks/5805-5009d17ba83b5e07.js\\",\\"3185\\",\\"static/chunks/app/layout-0606493c769120ee.js\\"],\\"\\"]\\n23:I[6063,[\\"3655\\",\\"static/chunks/3655-f78e4e363a5541d0.js\\",\\"6290\\",\\"static/chunks/6290-2a8ce89a0b5a3df8.js\\",\\"6381\\",\\"static/chunks/6381-2b873addadcb95f3.js\\",\\"6310\\",\\"static/chunks/6310-99207018fb617736.js\\",\\"5469\\",\\"static/chunks/5469-d5f85e2b5dbb2663.js\\",\\"6341\\",\\"static/chunks/6341-ca54939c2b36d77d.js\\",\\"6252\\",\\"static/chunks/6252-920c83842bca245b.js\\",\\"6574\\",\\"static/chunks/6574-85b13196e7d2f55e.js\\",\\"307\\",\\"static/chunks/307-cefa9bd2f7381bf5.js\\",\\"2665\\",\\"static/chunks/2665-2d172eda87a962e3.js\\",\\"684\\",\\"static/chunks/684-7de3c401504b82a2.js\\",\\"7269\\",\\"static/chunks/7269-a4bddb872ba784d5.js\\",\\"8327\\",\\"static/chunks/8327-5596df2c7a80e7eb.js\\",\\"5135\\",\\"static/chunks/5135-e150b38f04bc4ae4.js\\",\\"5127\\",\\"static/chunks/5127-7de194f1c35db063.js\\",\\"5805\\",\\"static/chunks/5805-5009d17ba83b5e07.js\\",\\"3185\\",\\"static/chunks/app/layout-0606493c769120ee.js\\"],\\"default\\"]\\n24:I[92163,[\\"3655\\",\\"static/chunks/3655-f78e4e363a5541d0.js\\",\\"6290\\",\\"static/chunks/6290-2a8ce89a0b5a3df8.js\\",\\"6381\\",\\"static/chunks/6381-2b873addadcb95f3.js\\",\\"6310\\",\\"static/chunks/6310-99207018fb617736.js\\",\\"5469\\",\\"static/chunks/5469-d5f85e2b5dbb2663.js\\",\\"6341\\",\\"static/chunks/6341-ca54939c2b36d77d.js\\",\\"6252\\",\\"static/chunks/6252-920c83842bca245b.js\\",\\"6574\\",\\"static/chunks/657', '4-85b13196e7d2f55e.js\\",\\"307\\",\\"static/chunks/307-cefa9bd2f7381bf5.js\\",\\"2665\\",\\"static/chunks/2665-2d172eda87a962e3.js\\",\\"684\\",\\"static/chunks/684-7de3c401504b82a2.js\\",\\"7269\\",\\"static/chunks/7269-a4bddb872ba784d5.js\\",\\"8327\\",\\"static/chunks/8327-5596df2c7a80e7eb.js\\",\\"5135\\",\\"static/chunks/5135-e150b38f04bc4ae4.js\\",\\"5127\\",\\"static/chunks/5127-7de194f1c35db063.js\\",\\"5805\\",\\"static/chunks/5805-5009d17ba83b5e07.js\\",\\"3185\\",\\"static/chunks/app/layout-0606493c769120ee.js\\"],\\"default\\"]\\n25:I[5281,[\\"3655\\",\\"static/chunks/3655-f78e4e363a5541d0.js\\",\\"6290\\",\\"static/chunks/6290-2a8ce89a0b5a3df8.js\\",\\"6381\\",\\"static/chunks/6381-2b873addadcb95f3.js\\",\\"6310\\",\\"static/chunks/6310-99207018fb617736.js\\",\\"5469\\",\\"static/chunks/5469-d5f85e2b5dbb2663.js\\",\\"6341\\",\\"static/chunks/6341-ca54939c2b36d77d.js\\",\\"6252\\",\\"static/chunks/6252-920c83842bca245b.js\\",\\"6574\\",\\"static/chunks/6574-85b13196e7d2f55e.js\\",\\"307\\",\\"static/chunks/307-cefa9bd2f7381bf5.js\\",\\"2665\\",\\"static/chunks/2665-2d172eda87a962e3.js\\",\\"684\\",\\"static/chunks/684-7de3c401504b82a2.js\\",\\"7269\\",\\"static/chunks/7269-a4bddb872ba784d5.js\\",\\"8327\\",\\"static/chunks/8327-5596df2c7a80e7eb.js\\",\\"5135\\",\\"static/chunks/5135-e150b38f04bc4ae4.js\\",\\"5127\\",\\"static/chunks/5127-7de194f1c35db063.js\\",\\"5805\\",\\"static/chunks/5805-5009d17ba83b5e07.js\\",\\"3185\\",\\"static/chunks/app/layout-0606493c769120ee.js\\"],\\"default\\"]\\n26:I[90996,[\\"3655\\",\\"static/chunks/3655-f78e4e363a5541d0.js\\",\\"6290\\",\\"static/chunks/6290-2a8ce89a0b5a3df8.js\\",\\"6381\\",\\"static/chunks/6381-2b873addadcb95f3.js\\",\\"6310\\",\\"static/chunks/6310-99207018fb617736.js\\",\\"5469\\",\\"static/chunks/5469-d5f85e2b5dbb2663.js\\",\\"6341\\",\\"static/chunks/6341-ca54939c2b36d77d.js\\",\\"6252\\",\\"static/chunks/6252-920c83842bca245b.js\\",\\"6574\\",\\"static/chunks/6574-85b13196e7d2f55e.js\\",\\"307\\",\\"static/chunks/307-cefa9bd2f7381bf5.js\\",\\"2665\\",\\"static/chunks/2665-2d172eda87a962e3.js\\",\\"684\\",\\"static/chunks/684-7de3c401504b82a2.js\\",\\"7269\\",\\"static/chunks/7269-a4bddb872ba784d5.js\\",\\"8327\\",\\"static/chunks/8327-5596df2c7a80e7eb.js\\",\\"5135\\",\\"static/chunks/5135-e150b38f04bc4ae4.js\\",\\"5127\\",\\"static/chunks/5127-7de194f1c35db063.js\\",\\"5805\\",\\"st', 'atic/chunks/5805-5009d17ba83b5e07.js\\",\\"3185\\",\\"static/chunks/app/layout-0606493c769120ee.js\\"],\\"default\\"]\\n', '1a:[\\"$\\",\\"$L22\\",null,{\\"sx\\":{\\"backdropFilter\\":\\"blur(6px)\\",\\"backgroundColor\\":\\"rgba(255, 255, 255, 0.8)\\",\\"boxShadow\\":\\"0 2px 4px rgba(0,0,0,0.1)\\"},\\"children\\":[\\"$\\",\\"$Lf\\",null,{\\"children\\":[[\\"$\\",\\"$Ld\\",null,{\\"direction\\":\\"row\\",\\"alignItems\\":\\"center\\",\\"justifyContent\\":\\"space-between\\",\\"sx\\":{\\"display\\":{\\"xs\\":\\"flex\\",\\"md\\":\\"none\\"},\\"height\\":64},\\"children\\":[[\\"$\\",\\"$L23\\",null,{\\"isMobile\\":true}],[\\"$\\",\\"$L24\\",null,{}]]}],[\\"$\\",\\"$Ld\\",null,{\\"direction\\":\\"row\\",\\"alignItems\\":\\"center\\",\\"justifyContent\\":\\"space-between\\",\\"sx\\":{\\"display\\":{\\"xs\\":\\"none\\",\\"md\\":\\"flex\\"},\\"height\\":64},\\"children\\":[[\\"$\\",\\"$L23\\",null,{}],[\\"$\\",\\"$Lc\\",null,{\\"sx\\":{\\"display\\":\\"flex\\",\\"alignItems\\":\\"center\\",\\"gap\\":2},\\"children\\":[[\\"$\\",\\"$L25\\",null,{\\"trend\\":0.235162889442607,\\"history\\":[{\\"average_price_trend\\":0.235162889442607,\\"cycle\\":{\\"id\\":722,\\"cycle_timestamp\\":\\"$D2025-09-16T23:51:09.041Z\\"}},{\\"average_price_trend\\":-0.3933975791444141,\\"cycle\\":{\\"id\\":721,\\"cycle_timestamp\\":\\"$D2025-09-14T08:21:18.130Z\\"}},{\\"average_price_trend\\":0.03076422666606666,\\"cycle\\":{\\"id\\":720,\\"cycle_timestamp\\":\\"$D2025-09-13T12:04:33.238Z\\"}},{\\"average_price_trend\\":0.1977091683052522,\\"cycle\\":{\\"id\\":719,\\"cycle_timestamp\\":\\"$D2025-09-10T07:47:00.349Z\\"}},{\\"average_price_trend\\":0.04236148797531323,\\"cycle\\":{\\"id\\":718,\\"cycle_timestamp\\":\\"$D2025-09-06T06:54:04.013Z\\"}},{\\"average_price_trend\\":0.487140901639648,\\"cycle\\":{\\"id\\":717,\\"cycle_timestamp\\":\\"$D2025-09-03T22:06:25.743Z\\"}},{\\"average_price_trend\\":0.6299343931703866,\\"cycle\\":{\\"id\\":716,\\"cycle_timestamp\\":\\"$D2025-09-02T03:43:59.557Z\\"}},{\\"average_price_trend\\":0.113508464842328,\\"cycle\\":{\\"id\\":715,\\"cycle_timestamp\\":\\"$D2025-08-31T05:27:25.945Z\\"}},{\\"average_price_trend\\":-0.5754341906543936,\\"cycle\\":{\\"id\\":714,\\"cycle_timestamp\\":\\"$D2025-08-29T23:01:56.416Z\\"}},{\\"average_price_trend\\":-0.1559035659718694,\\"cycle\\":{\\"id\\":713,\\"cycle_timestamp\\":\\"$D2025-08-29T02:54:11.330Z\\"}},{\\"average_price_trend\\":0.1019465491560324,\\"cycle\\":{\\"id\\":712,\\"cycle_timestamp\\":\\"$D2025-08-26T02:50:00.523Z\\"}},{\\"average_price_trend\\":-0.01461561512320754,\\"cycle\\":{\\"id\\":711,\\"cycle_timestamp\\":\\"$D2025-08-23T14:42:35.806Z\\"}},{\\"average_price_trend\\":0.08809242857108397,\\"cycle\\":{\\"id\\":710,\\"cycle_timestamp\\":\\"$D2025-08-22T06:13:19.862Z\\"}},{\\"average_price_trend\\":0.923648449936234,\\"cycle\\":{\\"id\\":709,\\"cycle_timestamp\\":\\"$D2025-08-21T09:57:08.076Z\\"}},{\\"average_price_trend\\":1.36612974824761,\\"cycle\\":{\\"id\\":708,\\"cycle_timestamp\\":\\"$D2025-08-19T08:46:17.702Z\\"}},{\\"average_price_trend\\":-0.01859939297230051,\\"cycle\\":{\\"id\\":707,\\"cycle_timestamp\\":\\"$D2025-08-16T15:23:55.519Z\\"}},{\\"average_price_trend\\":-1.438164423979347,\\"cycle\\":{\\"id\\":706,\\"cycle_timestamp\\":\\"$D2025-08-15T02:13:45.730Z\\"}},{\\"average_price_trend\\":-0.1492754721908467,\\"cycle\\":{\\"id\\":705,\\"cycle_timestamp\\":\\"$D2025-08-14T06:11:54.445Z\\"}},{\\"average_price_trend\\":-0.0814588900931564,\\"cycle\\":{\\"id\\":704,\\"cycle_timestamp\\":\\"$D2025-08-08T09:30:50.961Z\\"}},{\\"average_price_trend\\":0.06597306483095598,\\"cycle\\":{\\"id\\":703,\\"cycle_timestamp\\":\\"$D2025-08-06T09:58:55.283Z\\"}}]}],[\\"$\\",\\"$L26\\",null,{}]]}]]}]]}]}]\\n', '27:\\"$Sreact.fragment\\"\\n29:I[6632,[\\"3655\\",\\"static/chunks/3655-f78e4e363a5541d0.js\\",\\"6381\\",\\"static/chunks/6381-2b873addadcb95f3.js\\",\\"635\\",\\"static/chunks/635-de4a99a005c429a5.js\\",\\"5153\\",\\"static/chunks/app/product/%5Bslug%5D/@category/page-e562e2b22b747881.js\\"],\\"\\"]\\n2a:I[36049,[\\"3655\\",\\"static/chunks/3655-f78e4e363a5541d0.js\\",\\"6381\\",\\"static/chunks/6381-2b873addadcb95f3.js\\",\\"635\\",\\"static/chunks/635-de4a99a005c429a5.js\\",\\"5153\\",\\"static/chunks/app/product/%5Bslug%5D/@category/page-e562e2b22b747881.js\\"],\\"\\"]\\n', '28:[[\\"$\\",\\"meta\\",\\"0\\",{\\"name\\":\\"viewport\\",\\"content\\":\\"width=device-width, initial-scale=1, maximum-scale=1\\"}],[\\"$\\",\\"meta\\",\\"1\\",{\\"charSet\\":\\"utf-8\\"}],[\\"$\\",\\"title\\",\\"2\\",{\\"children\\":\\"Motorola Moto G75 5G 256GB Grey with Buds - Price History, Comparison \\u0026 Alerts | BuyWisely\\"}],[\\"$\\",\\"meta\\",\\"3\\",{\\"name\\":\\"description\\",\\"content\\":\\"Crafted from premium materials and featuring military-grade¹ durability, moto g75 5G is made for everyday life. Capture sharp photos and smooth videos using the... Compare prices, track history, set alerts on BuyWisely.\\"}],[\\"$\\",\\"meta\\",\\"4\\",{\\"name\\":\\"keywords\\",\\"content\\":\\"Motorola Moto G75 5G 256GB Grey with Buds, price comparison, price history, price alerts, best deals, online shopping, BuyWisely\\"}],[\\"$\\",\\"meta\\",\\"5\\",{\\"name\\":\\"robots\\",\\"content\\":\\"index, follow\\"}],[\\"$\\",\\"meta\\",\\"6\\",{\\"name\\":\\"googlebot\\",\\"content\\":\\"index, follow, max-video-preview:-1, max-image-preview:large, max-snippet:-1\\"}],[\\"$\\",\\"link\\",\\"7\\",{\\"rel\\":\\"canonical\\",\\"href\\":\\"https://buywisely.com.au/product/motorola-moto-g75-5g-256gb-grey-with-buds\\"}],[\\"$\\",\\"meta\\",\\"8\\",{\\"property\\":\\"og:title\\",\\"content\\":\\"Motorola Moto G75 5G 256GB Grey with Buds - Price History, Comparison \\u0026 Alerts\\"}],[\\"$\\",\\"meta\\",\\"9\\",{\\"property\\":\\"og:description\\",\\"content\\":\\"Crafted from premium materials and featuring military-grade¹ durability, moto g75 5G is made for everyday life. Capture sharp photos and smooth videos using the... Compare prices, track history, set alerts on BuyWisely.\\"}],[\\"$\\",\\"meta\\",\\"10\\",{\\"property\\":\\"og:image\\",\\"content\\":\\"https://encrypted-tbn0.gstatic.com/shopping?q=tbn:ANd9GcTN0NDdrPCDIn9NaiVIb7vTMSRVKBOQbkBMTHJyb9dzqC_WY5IGMoYuvnsDtsI8XvfpsX50GHyVY5kvPm-1nSr2bXEkwcR1sLJr1IR1dAkwVcXTXGOCB8frf7o\\"}],[\\"$\\",\\"meta\\",\\"11\\",{\\"name\\":\\"twitter:card\\",\\"content\\":\\"summary_large_image\\"}],[\\"$\\",\\"meta\\",\\"12\\",{\\"name\\":\\"twitter:title\\",\\"content\\":\\"Price History, Comparison \\u0026 Tracking | Save Money on Your Purchases\\"}],[\\"$\\",\\"meta\\",\\"13\\",{\\"name\\":\\"twitter:description\\",\\"content\\":\\"Track price history, compare prices, and set price alerts for products across 20,000+ online shops. BuyWisely helps you find the best deals and make informed buying decisions.\\"}],[\\"$\\",\\"meta\\",\\"14\\",{\\"name\\":\\"twitter:image\\",\\"content\\":\\"https://buywisely.com.au/assets/images/landing/preview.png\\"}],[\\"$\\",\\"meta\\",\\"15\\",{\\"name\\":\\"next-size-adjust\\"}]]\\n', '1f:[\\"$\\",\\"$27\\",\\"k4GjLZXGGia1x7jDr8PXF\\",{\\"children\\":\\"$28\\"}]\\n5:null\\na:null\\n6:[\\"$\\",\\"$L29\\",null,{\\"sx\\":{\\"pb\\":2},\\"children\\":[[\\"$\\",\\"$L2a\\",null,{\\"underline\\":\\"hover\\",\\"color\\":\\"inherit\\",\\"href\\":\\"/\\",\\"children\\":\\"Home\\"}],[[\\"$\\",\\"$L2a\\",\\"0\\",{\\"underline\\":\\"hover\\",\\"color\\":\\"inherit\\",\\"href\\":\\"/category/New Arrivals\\",\\"children\\":\\"New Arrivals\\"}]]]}]\\n', '2b:I[70760,[\\"3655\\",\\"static/chunks/3655-f78e4e363a5541d0.js\\",\\"6290\\",\\"static/chunks/6290-2a8ce89a0b5a3df8.js\\",\\"6381\\",\\"static/chunks/6381-2b873addadcb95f3.js\\",\\"6310\\",\\"static/chunks/6310-99207018fb617736.js\\",\\"5469\\",\\"static/chunks/5469-d5f85e2b5dbb2663.js\\",\\"6341\\",\\"static/chunks/6341-ca54939c2b36d77d.js\\",\\"6252\\",\\"static/chunks/6252-920c83842bca245b.js\\",\\"6574\\",\\"static/chunks/6574-85b13196e7d2f55e.js\\",\\"307\\",\\"static/chunks/307-cefa9bd2f7381bf5.js\\",\\"2665\\",\\"static/chunks/2665-2d172eda87a962e3.js\\",\\"8393\\",\\"static/chunks/8393-4175fa3c3129adeb.js\\",\\"1682\\",\\"static/chunks/1682-b2e703b472c280ea.js\\",\\"9999\\",\\"static/chunks/9999-f564e2e7fc5b6c44.js\\",\\"4824\\",\\"static/chunks/4824-507f78e55d96f9dc.js\\",\\"1203\\",\\"static/chunks/app/product/%5Bslug%5D/@info/page-4236f2b80fc1d44c.js\\"],\\"default\\"]\\n2c:I[61165,[\\"3655\\",\\"static/chunks/3655-f78e4e363a5541d0.js\\",\\"6290\\",\\"static/chunks/6290-2a8ce89a0b5a3df8.js\\",\\"6381\\",\\"static/chunks/6381-2b873addadcb95f3.js\\",\\"6310\\",\\"static/chunks/6310-99207018fb617736.js\\",\\"5469\\",\\"static/chunks/5469-d5f85e2b5dbb2663.js\\",\\"6341\\",\\"static/chunks/6341-ca54939c2b36d77d.js\\",\\"6252\\",\\"static/chunks/6252-920c83842bca245b.js\\",\\"6574\\",\\"static/chunks/6574-85b13196e7d2f55e.js\\",\\"307\\",\\"static/chunks/307-cefa9bd2f7381bf5.js\\",\\"2665\\",\\"static/chunks/2665-2d172eda87a962e3.js\\",\\"8393\\",\\"static/chunks/8393-4175fa3c3129adeb.js\\",\\"1682\\",\\"static/chunks/1682-b2e703b472c280ea.js\\",\\"9999\\",\\"static/chunks/9999-f564e2e7fc5b6c44.js\\",\\"4824\\",\\"static/chunks/4824-507f78e55d96f9dc.js\\",\\"1203\\",\\"static/chunks/app/product/%5Bslug%5D/@info/page-4236f2b80fc1d44c.js\\"],\\"H2\\"]\\n2d:I[67988,[\\"3655\\",\\"static/chunks/3655-f78e4e363a5541d0.js\\",\\"6290\\",\\"static/chunks/6290-2a8ce89a0b5a3df8.js\\",\\"6381\\",\\"static/chunks/6381-2b873addadcb95f3.js\\",\\"6310\\",\\"static/chunks/6310-99207018fb617736.js\\",\\"5469\\",\\"static/chunks/5469-d5f85e2b5dbb2663.js\\",\\"6341\\",\\"static/chunks/6341-ca54939c2b36d77d.js\\",\\"6252\\",\\"static/chunks/6252-920c83842bca245b.js\\",\\"6574\\",\\"static/chunks/6574-85b13196e7d2f55e.js\\",\\"307\\",\\"static/chunks/307-cefa9bd2f7381bf5.js\\",\\"2665\\",\\"static/chunks/2665-2d172eda87a962e3.js\\",\\"8393\\",\\"static/chunks', '/8393-4175fa3c3129adeb.js\\",\\"1682\\",\\"static/chunks/1682-b2e703b472c280ea.js\\",\\"9999\\",\\"static/chunks/9999-f564e2e7fc5b6c44.js\\",\\"4824\\",\\"static/chunks/4824-507f78e55d96f9dc.js\\",\\"1203\\",\\"static/chunks/app/product/%5Bslug%5D/@info/page-4236f2b80fc1d44c.js\\"],\\"\\"]\\n2e:I[66079,[\\"3655\\",\\"static/chunks/3655-f78e4e363a5541d0.js\\",\\"6290\\",\\"static/chunks/6290-2a8ce89a0b5a3df8.js\\",\\"6381\\",\\"static/chunks/6381-2b873addadcb95f3.js\\",\\"6310\\",\\"static/chunks/6310-99207018fb617736.js\\",\\"5469\\",\\"static/chunks/5469-d5f85e2b5dbb2663.js\\",\\"6341\\",\\"static/chunks/6341-ca54939c2b36d77d.js\\",\\"6252\\",\\"static/chunks/6252-920c83842bca245b.js\\",\\"6574\\",\\"static/chunks/6574-85b13196e7d2f55e.js\\",\\"307\\",\\"static/chunks/307-cefa9bd2f7381bf5.js\\",\\"2665\\",\\"static/chunks/2665-2d172eda87a962e3.js\\",\\"8393\\",\\"static/chunks/8393-4175fa3c3129adeb.js\\",\\"1682\\",\\"static/chunks/1682-b2e703b472c280ea.js\\",\\"9999\\",\\"static/chunks/9999-f564e2e7fc5b6c44.js\\",\\"4824\\",\\"static/chunks/4824-507f78e55d96f9dc.js\\",\\"1203\\",\\"static/chunks/app/product/%5Bslug%5D/@info/page-4236f2b80fc1d44c.js\\"],\\"\\"]\\n2f:I[61165,[\\"3655\\",\\"static/chunks/3655-f78e4e363a5541d0.js\\",\\"6290\\",\\"static/chunks/6290-2a8ce89a0b5a3df8.js\\",\\"6381\\",\\"static/chunks/6381-2b873addadcb95f3.js\\",\\"6310\\",\\"static/chunks/6310-99207018fb617736.js\\",\\"5469\\",\\"static/chunks/5469-d5f85e2b5dbb2663.js\\",\\"6341\\",\\"static/chunks/6341-ca54939c2b36d77d.js\\",\\"6252\\",\\"static/chunks/6252-920c83842bca245b.js\\",\\"6574\\",\\"static/chunks/6574-85b13196e7d2f55e.js\\",\\"307\\",\\"static/chunks/307-cefa9bd2f7381bf5.js\\",\\"2665\\",\\"static/chunks/2665-2d172eda87a962e3.js\\",\\"8393\\",\\"static/chunks/8393-4175fa3c3129adeb.js\\",\\"1682\\",\\"static/chunks/1682-b2e703b472c280ea.js\\",\\"9999\\",\\"static/chunks/9999-f564e2e7fc5b6c44.js\\",\\"4824\\",\\"static/chunks/4824-507f78e55d96f9dc.js\\",\\"1203\\",\\"static/chunks/app/product/%5Bslug%5D/@info/page-4236f2b80fc1d44c.js\\"],\\"H6\\"]\\n30:I[74191,[\\"3655\\",\\"static/chunks/3655-f78e4e363a5541d0.js\\",\\"6290\\",\\"static/chunks/6290-2a8ce89a0b5a3df8.js\\",\\"6381\\",\\"static/chunks/6381-2b873addadcb95f3.js\\",\\"6310\\",\\"static/chunks/6310-99207018fb617736.js\\",\\"5469\\",\\"static/chunks/5469-d5f85e2b5dbb2663.js\\",\\"6341\\",\\"stati', 'c/chunks/6341-ca54939c2b36d77d.js\\",\\"6252\\",\\"static/chunks/6252-920c83842bca245b.js\\",\\"6574\\",\\"static/chunks/6574-85b13196e7d2f55e.js\\",\\"307\\",\\"static/chunks/307-cefa9bd2f7381bf5.js\\",\\"2665\\",\\"static/chunks/2665-2d172eda87a962e3.js\\",\\"8393\\",\\"static/chunks/8393-4175fa3c3129adeb.js\\",\\"1682\\",\\"static/chunks/1682-b2e703b472c280ea.js\\",\\"9999\\",\\"static/chunks/9999-f564e2e7fc5b6c44.js\\",\\"4824\\",\\"static/chunks/4824-507f78e55d96f9dc.js\\",\\"1203\\",\\"static/chunks/app/product/%5Bslug%5D/@info/page-4236f2b80fc1d44c.js\\"],\\"default\\"]\\n31:I[61165,[\\"3655\\",\\"static/chunks/3655-f78e4e363a5541d0.js\\",\\"6290\\",\\"static/chunks/6290-2a8ce89a0b5a3df8.js\\",\\"6381\\",\\"static/chunks/6381-2b873addadcb95f3.js\\",\\"6310\\",\\"static/chunks/6310-99207018fb617736.js\\",\\"5469\\",\\"static/chunks/5469-d5f85e2b5dbb2663.js\\",\\"6341\\",\\"static/chunks/6341-ca54939c2b36d77d.js\\",\\"6252\\",\\"static/chunks/6252-920c83842bca245b.js\\",\\"6574\\",\\"static/chunks/6574-85b13196e7d2f55e.js\\",\\"307\\",\\"static/chunks/307-cefa9bd2f7381bf5.js\\",\\"2665\\",\\"static/chunks/2665-2d172eda87a962e3.js\\",\\"8393\\",\\"static/chunks/8393-4175fa3c3129adeb.js\\",\\"1682\\",\\"static/chunks/1682-b2e703b472c280ea.js\\",\\"9999\\",\\"static/chunks/9999-f564e2e7fc5b6c44.js\\",\\"4824\\",\\"static/chunks/4824-507f78e55d96f9dc.js\\",\\"1203\\",\\"static/chunks/app/product/%5Bslug%5D/@info/page-4236f2b80fc1d44c.js\\"],\\"Paragraph\\"]\\n32:I[40958,[\\"3655\\",\\"static/chunks/3655-f78e4e363a5541d0.js\\",\\"6290\\",\\"static/chunks/6290-2a8ce89a0b5a3df8.js\\",\\"6381\\",\\"static/chunks/6381-2b873addadcb95f3.js\\",\\"6310\\",\\"static/chunks/6310-99207018fb617736.js\\",\\"5469\\",\\"static/chunks/5469-d5f85e2b5dbb2663.js\\",\\"6341\\",\\"static/chunks/6341-ca54939c2b36d77d.js\\",\\"6252\\",\\"static/chunks/6252-920c83842bca245b.js\\",\\"6574\\",\\"static/chunks/6574-85b13196e7d2f55e.js\\",\\"307\\",\\"static/chunks/307-cefa9bd2f7381bf5.js\\",\\"2665\\",\\"static/chunks/2665-2d172eda87a962e3.js\\",\\"8393\\",\\"static/chunks/8393-4175fa3c3129adeb.js\\",\\"1682\\",\\"static/chunks/1682-b2e703b472c280ea.js\\",\\"9999\\",\\"static/chunks/9999-f564e2e7fc5b6c44.js\\",\\"4824\\",\\"static/chunks/4824-507f78e55d96f9dc.js\\",\\"1203\\",\\"static/chunks/app/product/%5Bslug%5D/@info/page-4236f2b80fc1d44c.js\\"],\\"default\\"', ']\\n51:I[61165,[\\"3655\\",\\"static/chunks/3655-f78e4e363a5541d0.js\\",\\"6290\\",\\"static/chunks/6290-2a8ce89a0b5a3df8.js\\",\\"6381\\",\\"static/chunks/6381-2b873addadcb95f3.js\\",\\"6310\\",\\"static/chunks/6310-99207018fb617736.js\\",\\"5469\\",\\"static/chunks/5469-d5f85e2b5dbb2663.js\\",\\"6341\\",\\"static/chunks/6341-ca54939c2b36d77d.js\\",\\"6252\\",\\"static/chunks/6252-920c83842bca245b.js\\",\\"6574\\",\\"static/chunks/6574-85b13196e7d2f55e.js\\",\\"307\\",\\"static/chunks/307-cefa9bd2f7381bf5.js\\",\\"2665\\",\\"static/chunks/2665-2d172eda87a962e3.js\\",\\"8393\\",\\"static/chunks/8393-4175fa3c3129adeb.js\\",\\"1682\\",\\"static/chunks/1682-b2e703b472c280ea.js\\",\\"9999\\",\\"static/chunks/9999-f564e2e7fc5b6c44.js\\",\\"4824\\",\\"static/chunks/4824-507f78e55d96f9dc.js\\",\\"1203\\",\\"static/chunks/app/product/%5Bslug%5D/@info/page-4236f2b80fc1d44c.js\\"],\\"H4\\"]\\n52:I[97452,[\\"3655\\",\\"static/chunks/3655-f78e4e363a5541d0.js\\",\\"6290\\",\\"static/chunks/6290-2a8ce89a0b5a3df8.js\\",\\"6381\\",\\"static/chunks/6381-2b873addadcb95f3.js\\",\\"6310\\",\\"static/chunks/6310-99207018fb617736.js\\",\\"5469\\",\\"static/chunks/5469-d5f85e2b5dbb2663.js\\",\\"6341\\",\\"static/chunks/6341-ca54939c2b36d77d.js\\",\\"6252\\",\\"static/chunks/6252-920c83842bca245b.js\\",\\"6574\\",\\"static/chunks/6574-85b13196e7d2f55e.js\\",\\"307\\",\\"static/chunks/307-cefa9bd2f7381bf5.js\\",\\"2665\\",\\"static/chunks/2665-2d172eda87a962e3.js\\",\\"8393\\",\\"static/chunks/8393-4175fa3c3129adeb.js\\",\\"1682\\",\\"static/chunks/1682-b2e703b472c280ea.js\\",\\"9999\\",\\"static/chunks/9999-f564e2e7fc5b6c44.js\\",\\"4824\\",\\"static/chunks/4824-507f78e55d96f9dc.js\\",\\"1203\\",\\"static/chunks/app/product/%5Bslug%5D/@info/page-4236f2b80fc1d44c.js\\"],\\"\\"]\\n53:I[65469,[\\"3655\\",\\"static/chunks/3655-f78e4e363a5541d0.js\\",\\"6290\\",\\"static/chunks/6290-2a8ce89a0b5a3df8.js\\",\\"6381\\",\\"static/chunks/6381-2b873addadcb95f3.js\\",\\"6310\\",\\"static/chunks/6310-99207018fb617736.js\\",\\"5469\\",\\"static/chunks/5469-d5f85e2b5dbb2663.js\\",\\"6341\\",\\"static/chunks/6341-ca54939c2b36d77d.js\\",\\"6252\\",\\"static/chunks/6252-920c83842bca245b.js\\",\\"6574\\",\\"static/chunks/6574-85b13196e7d2f55e.js\\",\\"307\\",\\"static/chunks/307-cefa9bd2f7381bf5.js\\",\\"2665\\",\\"static/chunks/2665-2d172eda87a962e3.js\\",\\"8393\\",\\"static/chunks/8393', '-4175fa3c3129adeb.js\\",\\"1682\\",\\"static/chunks/1682-b2e703b472c280ea.js\\",\\"9999\\",\\"static/chunks/9999-f564e2e7fc5b6c44.js\\",\\"4824\\",\\"static/chunks/4824-507f78e55d96f9dc.js\\",\\"1203\\",\\"static/chunks/app/product/%5Bslug%5D/@info/page-4236f2b80fc1d44c.js\\"],\\"\\"]\\n54:I[77509,[\\"3655\\",\\"static/chunks/3655-f78e4e363a5541d0.js\\",\\"6290\\",\\"static/chunks/6290-2a8ce89a0b5a3df8.js\\",\\"6381\\",\\"static/chunks/6381-2b873addadcb95f3.js\\",\\"6310\\",\\"static/chunks/6310-99207018fb617736.js\\",\\"5469\\",\\"static/chunks/5469-d5f85e2b5dbb2663.js\\",\\"6341\\",\\"static/chunks/6341-ca54939c2b36d77d.js\\",\\"6252\\",\\"static/chunks/6252-920c83842bca245b.js\\",\\"6574\\",\\"static/chunks/6574-85b13196e7d2f55e.js\\",\\"307\\",\\"static/chunks/307-cefa9bd2f7381bf5.js\\",\\"2665\\",\\"static/chunks/2665-2d172eda87a962e3.js\\",\\"8393\\",\\"static/chunks/8393-4175fa3c3129adeb.js\\",\\"1682\\",\\"static/chunks/1682-b2e703b472c280ea.js\\",\\"9999\\",\\"static/chunks/9999-f564e2e7fc5b6c44.js\\",\\"4824\\",\\"static/chunks/4824-507f78e55d96f9dc.js\\",\\"1203\\",\\"static/chunks/app/product/%5Bslug%5D/@info/page-4236f2b80fc1d44c.js\\"],\\"default\\"]\\n55:I[61165,[\\"3655\\",\\"static/chunks/3655-f78e4e363a5541d0.js\\",\\"6290\\",\\"static/chunks/6290-2a8ce89a0b5a3df8.js\\",\\"6381\\",\\"static/chunks/6381-2b873addadcb95f3.js\\",\\"6310\\",\\"static/chunks/6310-99207018fb617736.js\\",\\"5469\\",\\"static/chunks/5469-d5f85e2b5dbb2663.js\\",\\"6341\\",\\"static/chunks/6341-ca54939c2b36d77d.js\\",\\"6252\\",\\"static/chunks/6252-920c83842bca245b.js\\",\\"6574\\",\\"static/chunks/6574-85b13196e7d2f55e.js\\",\\"307\\",\\"static/chunks/307-cefa9bd2f7381bf5.js\\",\\"2665\\",\\"static/chunks/2665-2d172eda87a962e3.js\\",\\"8393\\",\\"static/chunks/8393-4175fa3c3129adeb.js\\",\\"1682\\",\\"static/chunks/1682-b2e703b472c280ea.js\\",\\"9999\\",\\"static/chunks/9999-f564e2e7fc5b6c44.js\\",\\"4824\\",\\"static/chunks/4824-507f78e55d96f9dc.js\\",\\"1203\\",\\"static/chunks/app/product/%5Bslug%5D/@info/page-4236f2b80fc1d44c.js\\"],\\"H3\\"]\\n56:I[61165,[\\"3655\\",\\"static/chunks/3655-f78e4e363a5541d0.js\\",\\"6290\\",\\"static/chunks/6290-2a8ce89a0b5a3df8.js\\",\\"6381\\",\\"static/chunks/6381-2b873addadcb95f3.js\\",\\"6310\\",\\"static/chunks/6310-99207018fb617736.js\\",\\"5469\\",\\"static/chunks/5469-d5f85e2b5dbb2663.js\\",\\"6341\\",\\"sta', 'tic/chunks/6341-ca54939c2b36d77d.js\\",\\"6252\\",\\"static/chunks/6252-920c83842bca245b.js\\",\\"6574\\",\\"static/chunks/6574-85b13196e7d2f55e.js\\",\\"307\\",\\"static/chunks/307-cefa9bd2f7381bf5.js\\",\\"2665\\",\\"static/chunks/2665-2d172eda87a962e3.js\\",\\"8393\\",\\"static/chunks/8393-4175fa3c3129adeb.js\\",\\"1682\\",\\"static/chunks/1682-b2e703b472c280ea.js\\",\\"9999\\",\\"static/chunks/9999-f564e2e7fc5b6c44.js\\",\\"4824\\",\\"static/chunks/4824-507f78e55d96f9dc.js\\",\\"1203\\",\\"static/chunks/app/product/%5Bslug%5D/@info/page-4236f2b80fc1d44c.js\\"],\\"Small\\"]\\n57:I[61165,[\\"3655\\",\\"static/chunks/3655-f78e4e363a5541d0.js\\",\\"6290\\",\\"static/chunks/6290-2a8ce89a0b5a3df8.js\\",\\"6381\\",\\"static/chunks/6381-2b873addadcb95f3.js\\",\\"6310\\",\\"static/chunks/6310-99207018fb617736.js\\",\\"5469\\",\\"static/chunks/5469-d5f85e2b5dbb2663.js\\",\\"6341\\",\\"static/chunks/6341-ca54939c2b36d77d.js\\",\\"6252\\",\\"static/chunks/6252-920c83842bca245b.js\\",\\"6574\\",\\"static/chunks/6574-85b13196e7d2f55e.js\\",\\"307\\",\\"static/chunks/307-cefa9bd2f7381bf5.js\\",\\"2665\\",\\"static/chunks/2665-2d172eda87a962e3.js\\",\\"8393\\",\\"static/chunks/8393-4175fa3c3129adeb.js\\",\\"1682\\",\\"static/chunks/1682-b2e703b472c280ea.js\\",\\"9999\\",\\"static/chunks/9999-f564e2e7fc5b6c44.js\\",\\"4824\\",\\"static/chunks/4824-507f78e55d96f9dc.js\\",\\"1203\\",\\"static/chunks/app/product/%5Bslug%5D/@info/page-4236f2b80fc1d44c.js\\"],\\"H5\\"]\\n58:I[35658,[\\"3655\\",\\"static/chunks/3655-f78e4e363a5541d0.js\\",\\"6290\\",\\"static/chunks/6290-2a8ce89a0b5a3df8.js\\",\\"6381\\",\\"static/chunks/6381-2b873addadcb95f3.js\\",\\"6310\\",\\"static/chunks/6310-99207018fb617736.js\\",\\"5469\\",\\"static/chunks/5469-d5f85e2b5dbb2663.js\\",\\"6341\\",\\"static/chunks/6341-ca54939c2b36d77d.js\\",\\"6252\\",\\"static/chunks/6252-920c83842bca245b.js\\",\\"6574\\",\\"static/chunks/6574-85b13196e7d2f55e.js\\",\\"307\\",\\"static/chunks/307-cefa9bd2f7381bf5.js\\",\\"2665\\",\\"static/chunks/2665-2d172eda87a962e3.js\\",\\"8393\\",\\"static/chunks/8393-4175fa3c3129adeb.js\\",\\"1682\\",\\"static/chunks/1682-b2e703b472c280ea.js\\",\\"9999\\",\\"static/chunks/9999-f564e2e7fc5b6c44.js\\",\\"4824\\",\\"static/chunks/4824-507f78e55d96f9dc.js\\",\\"1203\\",\\"static/chunks/app/product/%5Bslug%5D/@info/page-4236f2b80fc1d44c.js\\"],\\"Image\\"]\\n34:[]\\n3', '6:{\\"gid\\":\\"15797211988331096831\\",\\"image\\":\\"https://encrypted-tbn0.gstatic.com/shopping?q=tbn:ANd9GcSMKJEcJ5xuZEACgvb5b-OsiulwL1b5Ivy7wbsYiJ3A2vpwsAhIjV_QMfs2iyap5nDsHiEzTcaeGYaz_I5WBRrUjD5abtI2D4WPYd1uowVZArHKnsIo95M\\u0026usqp=CAY\\"}\\n37:{\\"gid\\":\\"7830005719273689496\\",\\"image\\":\\"https://encrypted-tbn2.gstatic.com/shopping?q=tbn:ANd9GcRj65GJdYa0MGuv8L9RWAAJVks98kaBva-KPH34o7Nn8_xgtjFvHpEsyG-G9u_PAZwKCzR1UnPFs6JC5duNRu9kW-AZSxHpJQaql2ly1iZ6Cl09iaqRzqc\\u0026usqp=CAY\\"}\\n38:{\\"gid\\":\\"10929348810251206946\\",\\"image\\":\\"https://encrypted-tbn3.gstatic.com/shopping?q=tbn:ANd9GcQktEYbdVk26_5fVXmkf85U_V4MhhlgNSCKuEGMaIHFomdm78AIUKXN6e8XyuLWwiqXOJc6OF55c3TRby_V36YYx0Twj-TArJEJ3e_Z\\u0026usqp=CAY\\"}\\n35:[\\"$36\\",\\"$37\\",\\"$38\\"]\\n39:[\\"https://encrypted-tbn0.gstatic.com/shopping?q=tbn:ANd9GcSqDaT816y1UmPhBrzkea3Dn_Hh8yTT3fZX4XBtJEkQcCWOz-LJ1AMEbRRDBSKM-M061mIP09PmjUwBgDldhA0acuhIAop7lQ\\u0026usqp=CAY\\",\\"https://encrypted-tbn3.gstatic.com/shopping?q=tbn:ANd9GcQfbnmIwlniWJ2_8uNp4bDf-6Ju-12jrovvM3RkZ_F8hYC0DcS85hBW3VZ9oCT7zcvdcW7cG-u8JHbZQMXKs0v2Co4aSaICOQ\\u0026usqp=CAY\\",\\"https://encrypted-tbn0.gstatic.com/shopping?q=tbn:ANd9GcR8UqT2y3HwL6mbcrp9X3EK1qROspiqDkg2j-9eEDSoFr4zLWQaFn_YrCOAi5hlWIs3MKewSYZSOFGmiREKJJNSBeWTMR7I\\u0026usqp=CAY\\",\\"https://encrypted-tbn3.gstatic.com/shopping?q=tbn:ANd9GcSqlFWOdYRimHwGbRJI5IbP1AoXqAoJxhYRcQyn_ApjOgs6Plh_8JB3o2ty4s-L5Cg5FksrYalJmjsHi8o23nCuDdFhKywx\\u0026usqp=CAY\\",\\"https://encrypted-tbn3.gstatic.com/shopping?q=tbn:ANd9GcTGaMNVsjZ6wopAkoCqf1frqUqC33R2pndPv3vm8_EbCO6PYXg6BBsU3OD398cOK_BW1ThT4nJXKLSf30DZHd0mG8Zq0KPDnw\\u0026usqp=CAY\\",\\"https://encrypted-tbn3.gstatic.com/shopping?q=tbn:ANd9GcSNnV_WMDGVD4l6oHYCubmAQT7jpJwR2zyu-MbXinPr0z2qL-TKjOS5KkDIYnN4Fn69kQ-BiBFAiYqv9rH5kvHsmNICBre4\\u0026usqp=CAY\\",\\"https://encrypted-tbn3.gstatic.com/shopping?q=tbn:ANd9GcTT9EARYceKt_jqn9X4MH43Ey1bIDrsnZc5wPjG0wS-F-wQ9PJta1l4A-AxAAyko3Z5IvHSgO0_Gnn4enHFUQoYVIaWvMZk\\u0026usqp=CAY\\",\\"https://encrypted-tbn0.gstatic.com/shopping?q=tbn:ANd9GcTpF9PimunMhlcnHfgzkn895rKQb35EW48PS-IM0lwnuADaF5tC3szKbe9ZkxnAHAXp6fnGEBkgzmDcz0ElPmL-WzR4HBShmg\\u0026usqp=CAY\\",\\"https://encrypted-tbn2.gstatic.com/shopping?q=tbn:AN', 'd9GcT56PnF6Ir30ACBooV4QML9XqGxPMeS0UD-J-IOmt4RfpWkpWyt9SsenHDo-DCqfhurJ2kXsVOBsMMEV9L72XZYRPTuRv6C\\u0026usqp=CAY\\",\\"https://encrypted-tbn2.gstatic.com/shopping?q=tbn:ANd9GcRG-GwVx5yd5FeS1o4JqlvUNwo3MPbl6Vc91YmWDI7TxsS8K17-ngY2Swkyvx_kAQg74KZJLwhOXKfvPq_3PHKWlmwNPzLPfg\\u0026usqp=CAY\\",\\"https://encrypted-tbn0.gstatic.com/shopping?q=tbn:ANd9GcTcKKMgCXlJBxNH38rkCOoEjV0HdTnoWIilR_2EhskIJR6-4tF8CNhNhqIGSunQGyXQXvQG3Cy2lWEVq7bg-_x8LP0YeD6ZVQ\\u0026usqp=CAY\\",\\"https://encrypted-tbn2.gstatic.com/shopping?q=tbn:ANd9GcSrenO1gNc233DGNWBIH4nRqrJPMwjW9ZIOfZ-NwBq8vYwNzpba6jAeRAkG5OVrB7tCPhPT_E-ODrd0HhJgHD33EjgK7MZTNA\\u0026usqp=CAY\\"]\\n3b:{\\"name\\":\\"Network\\",\\"value\\":\\"5G\\"}\\n3c:{\\"name\\":\\"Sim Card Type\\",\\"value\\":\\"eSIM / Nano\\"}\\n3d:{\\"name\\":\\"Operating System\\",\\"value\\":\\"Android 14\\"}\\n3e:{\\"name\\":\\"Display\\",\\"value\\":\\"6.8 inches Full HD+\\"}\\n3f:{\\"name\\":\\"Video Recording\\",\\"value\\":\\"4K\\"}\\n40:{\\"name\\":\\"Phone Family\\",\\"value\\":\\"Moto g75\\"}\\n41:{\\"name\\":\\"Expandable Storage\\",\\"value\\":\\"up to 1TB microSD card expandable\\"}\\n42:{\\"name\\":\\"RAM Size\\",\\"value\\":\\"8GB\\"}\\n43:{\\"name\\":\\"Bluetooth\\",\\"value\\":\\"5.4\\"}\\n44:{\\"name\\":\\"GPS\\",\\"value\\":\\"GPS A-GPS LTEPP SUPL GLONASS Galileo QZSS BeiDou\\"}\\n45:{\\"name\\":\\"Product Width (mm)\\",\\"value\\":\\"77.1\\"}\\n46:{\\"name\\":\\"Product Height (mm)\\",\\"value\\":\\"165.95\\"}\\n47:{\\"name\\":\\"Product Depth (mm)\\",\\"value\\":\\"7.99\\"}\\n48:{\\"name\\":\\"Battery\\",\\"value\\":\\"5000mAh\\"}\\n49:{\\"name\\":\\"Manufacturer\'s Warranty\\",\\"value\\":\\"2 Years\\"}\\n4a:{\\"name\\":\\"Storage Size\\",\\"value\\":\\"256GB\\"}\\n4b:{\\"name\\":\\"Colour\\",\\"value\\":\\"Charcoal Grey\\"}\\n4c:{\\"name\\":\\"Display Resolution\\",\\"value\\":\\"2388 1080\\"}\\n4d:{\\"name\\":\\"Weight (g)\\",\\"value\\":\\"180\\"}\\n4e:{\\"name\\":\\"Front Camera\\",\\"value\\":\\"8MP\\"}\\n4f:{\\"name\\":\\"Rear Camera\\",\\"value\\":\\"50MP\\"}\\n50:{\\"name\\":\\"Release Year\\",\\"value\\":\\"2024\\"}\\n3a:[\\"$3b\\",\\"$3c\\",\\"$3d\\",\\"$3e\\",\\"$3f\\",\\"$40\\",\\"$41\\",\\"$42\\",\\"$43\\",\\"$44\\",\\"$45\\",\\"$46\\",\\"$47\\",\\"$48\\",\\"$49\\",\\"$4a\\",\\"$4b\\",\\"$4c\\",\\"$4d\\",\\"$4e\\",\\"$4f\\",\\"$50\\"]\\n33:{\\"title\\":\\"Motorola Moto G75 5G 256GB Grey with Buds\\",\\"image\\":\\"https://encrypted-tbn0.gstatic.com/shopping?q=tbn:ANd9GcTN0NDdrPCDIn9NaiVIb7vTMSRVKBOQbkBMTHJyb9dzqC_WY5IGMoYuvnsDtsI8XvfpsX50GHyVY5kvPm-1nSr2bXEkwcR1sLJr1IR1dAkwVcXTXGOCB8frf7o\\",\\"variants\\":', '\\"$34\\",\\"colors\\":\\"$35\\",\\"thumbnails\\":\\"$39\\",\\"details\\":\\"Crafted from premium materials and featuring military-grade¹ durability, moto g75 5G is made for everyday life. Capture sharp photos and smooth videos using the Sony - LYTIA 600 camera with OIS. Enjoy endless entertainment on a super-bright 6.8\\\\\\" Full HD+ display backed by Dolby Atmos sound. Plus, be the first to experience the efficiency of the latest Qualcomm Snapdragon processor, a 5000mAh battery with 30W TurboPower charging²,15W wireless charging³, and 256GB⁴ of built-in storage. And it comes bundled with moto buds earbuds, featuring a large dynamic driver, and Hi-Res Audio. Immerse yourself in music and movies, experiencing high-quality, balanced sound with enhanced bass.\\",\\"specs\\":\\"$3a\\",\\"id\\":83429707,\\"reviews_count\\":976,\\"reviews_rating\\":\\"4.5\\",\\"discount\\":\\"0\\",\\"offer_amount\\":24,\\"lowest_price\\":\\"391.00\\",\\"highest_price\\":\\"499.00\\"}\\n', 'b:[[\\"$\\",\\"$L10\\",null,{\\"container\\":true,\\"justifyContent\\":\\"space-around\\",\\"spacing\\":{\\"xs\\":0,\\"md\\":0},\\"children\\":[[\\"$\\",\\"$L10\\",null,{\\"item\\":true,\\"md\\":4,\\"xs\\":12,\\"children\\":[\\"$\\",\\"$L2b\\",null,{\\"product\\":{\\"title\\":\\"Motorola Moto G75 5G 256GB Grey with Buds\\",\\"image\\":\\"https://encrypted-tbn0.gstatic.com/shopping?q=tbn:ANd9GcTN0NDdrPCDIn9NaiVIb7vTMSRVKBOQbkBMTHJyb9dzqC_WY5IGMoYuvnsDtsI8XvfpsX50GHyVY5kvPm-1nSr2bXEkwcR1sLJr1IR1dAkwVcXTXGOCB8frf7o\\",\\"variants\\":[],\\"colors\\":[{\\"gid\\":\\"15797211988331096831\\",\\"image\\":\\"https://encrypted-tbn0.gstatic.com/shopping?q=tbn:ANd9GcSMKJEcJ5xuZEACgvb5b-OsiulwL1b5Ivy7wbsYiJ3A2vpwsAhIjV_QMfs2iyap5nDsHiEzTcaeGYaz_I5WBRrUjD5abtI2D4WPYd1uowVZArHKnsIo95M\\u0026usqp=CAY\\"},{\\"gid\\":\\"7830005719273689496\\",\\"image\\":\\"https://encrypted-tbn2.gstatic.com/shopping?q=tbn:ANd9GcRj65GJdYa0MGuv8L9RWAAJVks98kaBva-KPH34o7Nn8_xgtjFvHpEsyG-G9u_PAZwKCzR1UnPFs6JC5duNRu9kW-AZSxHpJQaql2ly1iZ6Cl09iaqRzqc\\u0026usqp=CAY\\"},{\\"gid\\":\\"10929348810251206946\\",\\"image\\":\\"https://encrypted-tbn3.gstatic.com/shopping?q=tbn:ANd9GcQktEYbdVk26_5fVXmkf85U_V4MhhlgNSCKuEGMaIHFomdm78AIUKXN6e8XyuLWwiqXOJc6OF55c3TRby_V36YYx0Twj-TArJEJ3e_Z\\u0026usqp=CAY\\"}],\\"thumbnails\\":[\\"https://encrypted-tbn0.gstatic.com/shopping?q=tbn:ANd9GcSqDaT816y1UmPhBrzkea3Dn_Hh8yTT3fZX4XBtJEkQcCWOz-LJ1AMEbRRDBSKM-M061mIP09PmjUwBgDldhA0acuhIAop7lQ\\u0026usqp=CAY\\",\\"https://encrypted-tbn3.gstatic.com/shopping?q=tbn:ANd9GcQfbnmIwlniWJ2_8uNp4bDf-6Ju-12jrovvM3RkZ_F8hYC0DcS85hBW3VZ9oCT7zcvdcW7cG-u8JHbZQMXKs0v2Co4aSaICOQ\\u0026usqp=CAY\\",\\"https://encrypted-tbn0.gstatic.com/shopping?q=tbn:ANd9GcR8UqT2y3HwL6mbcrp9X3EK1qROspiqDkg2j-9eEDSoFr4zLWQaFn_YrCOAi5hlWIs3MKewSYZSOFGmiREKJJNSBeWTMR7I\\u0026usqp=CAY\\",\\"https://encrypted-tbn3.gstatic.com/shopping?q=tbn:ANd9GcSqlFWOdYRimHwGbRJI5IbP1AoXqAoJxhYRcQyn_ApjOgs6Plh_8JB3o2ty4s-L5Cg5FksrYalJmjsHi8o23nCuDdFhKywx\\u0026usqp=CAY\\",\\"https://encrypted-tbn3.gstatic.com/shopping?q=tbn:ANd9GcTGaMNVsjZ6wopAkoCqf1frqUqC33R2pndPv3vm8_EbCO6PYXg6BBsU3OD398cOK_BW1ThT4nJXKLSf30DZHd0mG8Zq0KPDnw\\u0026usqp=CAY\\",\\"https://encrypted-tbn3.gstatic.com/shopping?q=tbn:ANd9GcSNnV_WMDGVD4l6oHYCubmAQT7jpJwR2zyu-MbXinPr0z2qL-TKjOS5KkDIYnN4Fn69kQ-BiBFAiYqv9rH5kvHsmNICBre4\\u0026usqp=CAY\\",\\"https://encrypted-tbn3.gstatic.com/shopping?q=tbn:ANd9GcTT9EARYceKt_jqn9X4MH43Ey1bIDrsnZc5wPjG0wS-F-wQ9PJta1l4A-AxAAyko3Z5IvHSgO0_Gnn4enHFUQoYVIaWvMZk\\u0026usqp=CAY\\",\\"https://encrypted-tbn0.gstatic.com/shopping?q=tbn:ANd9GcTpF9PimunMhlcnHfgzkn895rKQb35EW48PS-IM0lwnuADaF5tC3szKbe9ZkxnAHAXp6fnGEBkgzmDcz0ElPmL-WzR4HBShmg\\u0026usqp=CAY\\",\\"https://encrypted-tbn2.gstatic.com/shopping?q=tbn:ANd9GcT56PnF6Ir30ACBooV4QML9XqGxPMeS0UD-J-IOmt4RfpWkpWyt9SsenHDo-DCqfhurJ2kXsVOBsMMEV9L72XZYRPTuRv6C\\u0026usqp=CAY\\",\\"https://encrypted-tbn2.gstatic.com/shopping?q=tbn:ANd9GcRG-GwVx5yd5FeS1o4JqlvUNwo3MPbl6Vc91YmWDI7TxsS8K17-ngY2Swkyvx_kAQg74KZJLwhOXKfvPq_3PHKWlmwNPzLPfg\\u0026usqp=CAY\\",\\"https://encrypted-tbn0.gstatic.com/shopping?q=tbn:ANd9GcTcKKMgCXlJBxNH38rkCOoEjV0HdTnoWIilR_2EhskIJR6-4tF8CNhNhqIGSunQGyXQXvQG3Cy2lWEVq7bg-_x8LP0YeD6ZVQ\\u0026usqp=CAY\\",\\"https://encrypted-tbn2.gstatic.com/shopping?q=tbn:ANd9GcSrenO1gNc233DGNWBIH4nRqrJPMwjW9ZIOfZ-NwBq8vYwNzpba6jAeRAkG5OVrB7tCPhPT_E-ODrd0HhJgHD33EjgK7MZTNA\\u0026usqp=CAY\\"],\\"details\\":\\"Crafted from premium materials and featuring military-grade¹ durability, moto g75 5G is made for everyday life. Capture sharp photos and smooth videos using the Sony - LYTIA 600 camera with OIS. Enjoy endless entertainment on a super-bright 6.8\\\\\\" Full HD+ display backed by Dolby Atmos sound. Plus, be the first to experience the efficiency of the latest Qualcomm Snapdragon processor, a 5000mAh battery with 30W TurboPower charging²,15W wireless charging³, and 256GB⁴ of built-in storage. And it comes bundled with moto buds earbuds, featuring a large dynamic driver, and Hi-Res Audio. Immerse yourself in music and movies, experiencing high-quality, balanced sound with enhanced bass.\\",\\"specs\\":[{\\"name\\":\\"Network\\",\\"value\\":\\"5G\\"},{\\"name\\":\\"Sim Card Type\\",\\"value\\":\\"eSIM / Nano\\"},{\\"name\\":\\"Operating System\\",\\"value\\":\\"Android 14\\"},{\\"name\\":\\"Display\\",\\"value\\":\\"6.8 inches Full HD+\\"},{\\"name\\":\\"Video Recording\\",\\"value\\":\\"4K\\"},{\\"name\\":\\"Phone Family\\",\\"value\\":\\"Moto g75\\"},{\\"name\\":\\"Expandable Storage\\",\\"value\\":\\"up to 1TB microSD card expandable\\"},{\\"name\\":\\"RAM Size\\",\\"value\\":\\"8GB\\"},{\\"name\\":\\"Bluetooth\\",\\"value\\":\\"5.4\\"},{\\"name\\":\\"GPS\\",\\"value\\":\\"GPS A-GPS LTEPP SUPL GLONASS Galileo QZSS BeiDou\\"},{\\"name\\":\\"Product Width (mm)\\",\\"value\\":\\"77.1\\"},{\\"name\\":\\"Product Height (mm)\\",\\"value\\":\\"165.95\\"},{\\"name\\":\\"Product Depth (mm)\\",\\"value\\":\\"7.99\\"},{\\"name\\":\\"Battery\\",\\"value\\":\\"5000mAh\\"},{\\"name\\":\\"Manufacturer\'s Warranty\\",\\"value\\":\\"2 Years\\"},{\\"name\\":\\"Storage Size\\",\\"value\\":\\"256GB\\"},{\\"name\\":\\"Colour\\",\\"value\\":\\"Charcoal Grey\\"},{\\"name\\":\\"Display Resolution\\",\\"value\\":\\"2388 1080\\"},{\\"name\\":\\"Weight (g)\\",\\"value\\":\\"180\\"},{\\"name\\":\\"Front Camera\\",\\"value\\":\\"8MP\\"},{\\"name\\":\\"Rear Camera\\",\\"value\\":\\"50MP\\"},{\\"name\\":\\"Release Year\\",\\"value\\":\\"2024\\"}],\\"id\\":83429707,\\"reviews_count\\":976,\\"reviews_rating\\":\\"4.5\\",\\"discount\\":\\"0\\",\\"offer_amount\\":24,\\"lowest_price\\":\\"391.00\\",\\"highest_price\\":\\"499.00\\"}}]}],[\\"$\\",\\"$L10\\",null,{\\"item\\":true,\\"md\\":8,\\"xs\\":12,\\"children\\":[\\"$\\",\\"$Ld\\",null,{\\"px\\":4,\\"sx\\":{\\"display\\":{\\"xs\\":\\"none\\",\\"md\\":\\"flex\\"}},\\"children\\":[[\\"$\\",\\"$L2c\\",null,{\\"mb\\":1,\\"children\\":\\"Motorola Moto G75 5G 256GB Grey with Buds\\"}],[\\"$\\",\\"$Lc\\",null,{\\"display\\":\\"flex\\",\\"alignItems\\":\\"center\\",\\"gap\\":1,\\"children\\":[[\\"$\\",\\"$Lc\\",null,{\\"sx\\":{\\"display\\":\\"flex\\",\\"color\\":\\"#faaf00\\"},\\"children\\":[[\\"$\\",\\"$L2d\\",\\"1\\",{\\"sx\\":{\\"fontSize\\":\\"1.25rem\\"}}],[\\"$\\",\\"$L2d\\",\\"2\\",{\\"sx\\":{\\"fontSize\\":\\"1.25rem\\"}}],[\\"$\\",\\"$L2d\\",\\"3\\",{\\"sx\\":{\\"fontSize\\":\\"1.25rem\\"}}],[\\"$\\",\\"$L2d\\",\\"4\\",{\\"sx\\":{\\"fontSize\\":\\"1.25rem\\"}}],[\\"$\\",\\"$L2e\\",\\"5\\",{\\"sx\\":{\\"fontSize\\":\\"1.25rem\\"}}]]}],[\\"$\\",\\"$L2f\\",null,{\\"lineHeight\\":\\"1\\",\\"children\\":[\\"(\\",\\"976\\",\\" reviews)\\"]}]]}],[\\"$\\",\\"$Lc\\",null,{\\"my\\":2,\\"children\\":[\\"$\\",\\"$L30\\",null,{\\"content\\":\\"Crafted from premium materials and featuring military-grade¹ durability, moto g75 5G is made for everyday life. Capture sharp photos and smooth videos using the Sony - LYTIA 600 camera with OIS. Enjoy endless entertainment on a super-bright 6.8\\\\\\" Full HD+ display backed by Dolby Atmos sound. Plus, be the first to experience the efficiency of the latest Qualcomm Snapdragon processor, a 5000mAh battery with 30W TurboPower charging²,15W wireless charging³, and 256GB⁴ of built-in storage. And it comes bundled with moto buds earbuds, featuring a large dynamic driver, and Hi-Res Audio. Immerse yourself in music and movies, experiencing high-quality, balanced sound with enhanced bass.\\"}]}],[\\"$\\",\\"$Lc\\",null,{\\"display\\":\\"flex\\",\\"alignItems\\":\\"center\\",\\"justifyContent\\":\\"space-between\\",\\"children\\":[[\\"$\\",\\"$Lc\\",null,{\\"display\\":\\"flex\\",\\"alignItems\\":\\"center\\",\\"children\\":[[\\"$\\",\\"$L2c\\",null,{\\"color\\":\\"primary.main\\",\\"mr\\":2,\\"children\\":\\"$$391.00 - $499.00\\"}],[\\"$\\",\\"$L31\\",null,{\\"children\\":[\\"in \\",24,\\" offers\\"]}]]}],[\\"$\\",\\"$L32\\",null,{\\"product\\":\\"$33\\"}]]}],[\\"$\\",\\"$Lc\\",null,{\\"display\\":\\"flex\\",\\"alignItems\\":\\"center\\",\\"my\\":1,\\"flexWrap\\":\\"wrap\\",\\"rowGap\\":1,\\"children\\":[[\\"$\\",\\"$L51\\",null,{\\"mr\\":1,\\"children\\":\\"Colour:\\"}],[[\\"$\\",\\"$Lc\\",\\"0\\",{\\"display\\":\\"flex\\",\\"justifyContent\\":\\"center\\",\\"alignItems\\":\\"center\\",\\"width\\":48,\\"height\\":48,\\"minWidth\\":48,\\"bgcolor\\":\\"white\\",\\"border\\":\\"1px solid\\",\\"borderRadius\\":\\"10px\\",\\"style\\":{\\"cursor\\":\\"unset\\"},\\"borderColor\\":\\"primary.main\\",\\"mr\\":\\"10px\\",\\"children\\":[\\"$\\",\\"$L52\\",null,{\\"title\\":false,\\"children\\":[\\"$\\",\\"$L53\\",null,{\\"href\\":\\"\\",\\"ref\\":\\"$undefined\\",\\"prefetch\\":\\"$undefined\\",\\"target\\":\\"_blank\\",\\"children\\":[\\"$\\",\\"$L54\\",null,{\\"src\\":\\"https://encrypted-tbn0.gstatic.com/shopping?q=tbn:ANd9GcSMKJEcJ5xuZEACgvb5b-OsiulwL1b5Ivy7wbsYiJ3A2vpwsAhIjV_QMfs2iyap5nDsHiEzTcaeGYaz_I5WBRrUjD5abtI2D4WPYd1uowVZArHKnsIo95M\\u0026usqp=CAY\\",\\"alt\\":\\"Motorola Moto G75 5G 256GB Grey with Buds\\",\\"width\\":40,\\"height\\":40,\\"style\\":{\\"objectFit\\":\\"contain\\"}}]}]}]}],[\\"$\\",\\"$Lc\\",\\"1\\",{\\"display\\":\\"flex\\",\\"justifyContent\\":\\"center\\",\\"alignItems\\":\\"center\\",\\"width\\":48,\\"height\\":48,\\"minWidth\\":48,\\"bgcolor\\":\\"white\\",\\"border\\":\\"1px solid\\",\\"borderRadius\\":\\"10px\\",\\"style\\":{\\"cursor\\":\\"pointer\\"},\\"borderColor\\":\\"grey.400\\",\\"mr\\":\\"10px\\",\\"children\\":[\\"$\\",\\"$L52\\",null,{\\"title\\":\\"Motorola Moto G75 5G 256GB Blue with Buds\\",\\"children\\":[\\"$\\",\\"$L53\\",null,{\\"href\\":\\"/product/motorola-moto-g75-5g-256gb-blue-with-buds\\",\\"ref\\":\\"$undefined\\",\\"prefetch\\":false,\\"target\\":\\"_blank\\",\\"children\\":[\\"$\\",\\"$L54\\",null,{\\"src\\":\\"https://encrypted-tbn2.gstatic.com/shopping?q=tbn:ANd9GcRj65GJdYa0MGuv8L9RWAAJVks98kaBva-KPH34o7Nn8_xgtjFvHpEsyG-G9u_PAZwKCzR1UnPFs6JC5duNRu9kW-AZSxHpJQaql2ly1iZ6Cl09iaqRzqc\\u0026usqp=CAY\\",\\"alt\\":\\"Motorola Moto G75 5G 256GB Blue with Buds\\",\\"width\\":40,\\"height\\":40,\\"style\\":{\\"objectFit\\":\\"contain\\"}}]}]}]}],[\\"$\\",\\"$Lc\\",\\"2\\",{\\"display\\":\\"flex\\",\\"justifyContent\\":\\"center\\",\\"alignItems\\":\\"center\\",\\"width\\":48,\\"height\\":48,\\"minWidth\\":48,\\"bgcolor\\":\\"white\\",\\"border\\":\\"1px solid\\",\\"borderRadius\\":\\"10px\\",\\"style\\":{\\"cursor\\":\\"pointer\\"},\\"borderColor\\":\\"grey.400\\",\\"mr\\":\\"auto\\",\\"children\\":[\\"$\\",\\"$L52\\",null,{\\"title\\":\\"Motorola Moto G75 5G 256GB - Succulent Green + Moto Buds\\",\\"children\\":[\\"$\\",\\"$L53\\",null,{\\"href\\":\\"/product/motorola-moto-g75-5g-256gb-succulent-green-moto-buds\\",\\"ref\\":\\"$undefined\\",\\"prefetch\\":false,\\"target\\":\\"_blank\\",\\"children\\":[\\"$\\",\\"$L54\\",null,{\\"src\\":\\"https://encrypted-tbn3.gstatic.com/shopping?q=tbn:ANd9GcQktEYbdVk26_5fVXmkf85U_V4MhhlgNSCKuEGMaIHFomdm78AIUKXN6e8XyuLWwiqXOJc6OF55c3TRby_V36YYx0Twj-TArJEJ3e_Z\\u0026usqp=CAY\\",\\"alt\\":\\"Motorola Moto G75 5G 256GB - Succulent Green + Moto Buds\\",\\"width\\":40,\\"height\\":40,\\"style\\":{\\"objectFit\\":\\"contain\\"}}]}]}]}]]]}],[]]}]}]]}],[\\"$\\",\\"$Ld\\",null,{\\"pb\\":2,\\"sx\\":{\\"display\\":{\\"xs\\":\\"flex\\",\\"md\\":\\"none\\"}},\\"children\\":[[\\"$\\",\\"$L51\\",null,{\\"children\\":\\"Motorola Moto G75 5G 256GB Grey with Buds\\"}],[\\"$\\",\\"$Ld\\",null,{\\"direction\\":\\"row\\",\\"justifyContent\\":\\"flex-start\\",\\"my\\":1,\\"children\\":[[\\"$\\",\\"$L55\\",null,{\\"color\\":\\"primary.main\\",\\"mr\\":2,\\"children\\":\\"$$391.00\\"}],[\\"$\\",\\"$Lc\\",null,{\\"display\\":\\"flex\\",\\"alignItems\\":\\"center\\",\\"gap\\":1,\\"children\\":[[\\"$\\",\\"$Lc\\",null,{\\"sx\\":{\\"display\\":\\"flex\\",\\"color\\":\\"#faaf00\\"},\\"children\\":[[\\"$\\",\\"$L2d\\",\\"1\\",{\\"sx\\":{\\"fontSize\\":\\"1.25rem\\"}}],[\\"$\\",\\"$L2d\\",\\"2\\",{\\"sx\\":{\\"fontSize\\":\\"1.25rem\\"}}],[\\"$\\",\\"$L2d\\",\\"3\\",{\\"sx\\":{\\"fontSize\\":\\"1.25rem\\"}}],[\\"$\\",\\"$L2d\\",\\"4\\",{\\"sx\\":{\\"fontSize\\":\\"1.25rem\\"}}],[\\"$\\",\\"$L2e\\",\\"5\\",{\\"sx\\":{\\"fontSize\\":\\"1.25rem\\"}}]]}],[\\"$\\",\\"$L56\\",null,{\\"children\\":[\\"(\\",\\"976\\",\\" reviews)\\"]}]]}]]}],[\\"$\\",\\"$L30\\",null,{\\"content\\":\\"Crafted from premium materials and featuring military-grade¹ durability, moto g75 5G is made for everyday life. Capture sharp photos and smooth videos using the Sony - LYTIA 600 camera with OIS. Enjoy endless entertainment on a super-bright 6.8\\\\\\" Full HD+ display backed by Dolby Atmos sound. Plus, be the first to experience the efficiency of the latest Qualcomm Snapdragon processor, a 5000mAh battery with 30W TurboPower charging²,15W wireless charging³, and 256GB⁴ of built-in storage. And it comes bundled with moto buds earbuds, featuring a large dynamic driver, and Hi-Res Audio. Immerse yourself in music and movies, experiencing high-quality, balanced sound with enhanced bass.\\",\\"fontSize\\":14,\\"maxHeight\\":63}],[\\"$\\",\\"$Lc\\",null,{\\"display\\":\\"flex\\",\\"sx\\":{\\"overflowX\\":\\"auto\\",\\"whiteSpace\\":\\"nowrap\\",\\"my\\":1},\\"children\\":[\\"$\\",\\"$Lc\\",null,{\\"display\\":\\"flex\\",\\"alignItems\\":\\"center\\",\\"children\\":[[\\"$\\",\\"$L57\\",null,{\\"mr\\":1,\\"children\\":\\"Colour:\\"}],[[\\"$\\",\\"$Lc\\",\\"0\\",{\\"display\\":\\"flex\\",\\"justifyContent\\":\\"center\\",\\"alignItems\\":\\"center\\",\\"width\\":48,\\"height\\":48,\\"minWidth\\":48,\\"bgcolor\\":\\"white\\",\\"border\\":\\"1px solid\\",\\"borderRadius\\":\\"10px\\",\\"style\\":{\\"cursor\\":\\"unset\\"},\\"borderColor\\":\\"primary.main\\",\\"mr\\":\\"6px\\",\\"children\\":[\\"$\\",\\"$L53\\",null,{\\"href\\":\\"\\",\\"ref\\":\\"$undefined\\",\\"prefetch\\":\\"$undefined\\",\\"target\\":\\"_blank\\",\\"children\\":[\\"$\\",\\"$L58\\",null,{\\"src\\":\\"https://encrypted-tbn0.gstatic.com/shopping?q=tbn:ANd9GcSMKJEcJ5xuZEACgvb5b-OsiulwL1b5Ivy7wbsYiJ3A2vpwsAhIjV_QMfs2iyap5nDsHiEzTcaeGYaz_I5WBRrUjD5abtI2D4WPYd1uowVZArHKnsIo95M\\u0026usqp=CAY\\",\\"alt\\":\\"Motorola Moto G75 5G 256GB Grey with Buds\\",\\"width\\":40,\\"height\\":40,\\"style\\":{\\"objectFit\\":\\"contain\\"}}]}]}],[\\"$\\",\\"$Lc\\",\\"1\\",{\\"display\\":\\"flex\\",\\"justifyContent\\":\\"center\\",\\"alignItems\\":\\"center\\",\\"width\\":48,\\"height\\":48,\\"minWidth\\":48,\\"bgcolor\\":\\"white\\",\\"border\\":\\"1px solid\\",\\"borderRadius\\":\\"10px\\",\\"style\\":{\\"cursor\\":\\"pointer\\"},\\"borderColor\\":\\"grey.400\\",\\"mr\\":\\"6px\\",\\"children\\":[\\"$\\",\\"$L53\\",null,{\\"href\\":\\"/product/motorola-moto-g75-5g-256gb-blue-with-buds\\",\\"ref\\":\\"$undefined\\",\\"prefetch\\":false,\\"target\\":\\"_blank\\",\\"children\\":[\\"$\\",\\"$L58\\",null,{\\"src\\":\\"https://encrypted-tbn2.gstatic.com/shopping?q=tbn:ANd9GcRj65GJdYa0MGuv8L9RWAAJVks98kaBva-KPH34o7Nn8_xgtjFvHpEsyG-G9u_PAZwKCzR1UnPFs6JC5duNRu9kW-AZSxHpJQaql2ly1iZ6Cl09iaqRzqc\\u0026usqp=CAY\\",\\"alt\\":\\"Motorola Moto G75 5G 256GB Blue with Buds\\",\\"width\\":40,\\"height\\":40,\\"style\\":{\\"objectFit\\":\\"contain\\"}}]}]}],[\\"$\\",\\"$Lc\\",\\"2\\",{\\"display\\":\\"flex\\",\\"justifyContent\\":\\"center\\",\\"alignItems\\":\\"center\\",\\"width\\":48,\\"height\\":48,\\"minWidth\\":48,\\"bgcolor\\":\\"white\\",\\"border\\":\\"1px solid\\",\\"borderRadius\\":\\"10px\\",\\"style\\":{\\"cursor\\":\\"pointer\\"},\\"borderColor\\":\\"grey.400\\",\\"mr\\":\\"auto\\",\\"children\\":[\\"$\\",\\"$L53\\",null,{\\"href\\":\\"/product/motorola-moto-g75-5g-256gb-succulent-green-moto-buds\\",\\"ref\\":\\"$undefined\\",\\"prefetch\\":false,\\"target\\":\\"_blank\\",\\"children\\":[\\"$\\",\\"$L58\\",null,{\\"src\\":\\"https://encrypted-tbn3.gstatic.com/shopping?q=tbn:ANd9GcQktEYbdVk26_5fVXmkf85U_V4MhhlgNSCKuEGMaIHFomdm78AIUKXN6e8XyuLWwiqXOJc6OF55c3TRby_V36YYx0Twj-TArJEJ3e_Z\\u0026usqp=CAY\\",\\"alt\\":\\"Motorola Moto G75 5G 256GB - Succulent Green + Moto Buds\\",\\"width\\":40,\\"height\\":40,\\"style\\":{\\"objectFit\\":\\"contain\\"}}]}]}]]]}]}],[\\"$\\",\\"$Lc\\",null,{\\"children\\":false}]]}]]\\n', '59:I[65161,[\\"3655\\",\\"static/chunks/3655-f78e4e363a5541d0.js\\",\\"6290\\",\\"static/chunks/6290-2a8ce89a0b5a3df8.js\\",\\"6381\\",\\"static/chunks/6381-2b873addadcb95f3.js\\",\\"6310\\",\\"static/chunks/6310-99207018fb617736.js\\",\\"5469\\",\\"static/chunks/5469-d5f85e2b5dbb2663.js\\",\\"6341\\",\\"static/chunks/6341-ca54939c2b36d77d.js\\",\\"6252\\",\\"static/chunks/6252-920c83842bca245b.js\\",\\"6574\\",\\"static/chunks/6574-85b13196e7d2f55e.js\\",\\"307\\",\\"static/chunks/307-cefa9bd2f7381bf5.js\\",\\"2665\\",\\"static/chunks/2665-2d172eda87a962e3.js\\",\\"684\\",\\"static/chunks/684-7de3c401504b82a2.js\\",\\"8393\\",\\"static/chunks/8393-4175fa3c3129adeb.js\\",\\"7269\\",\\"static/chunks/7269-a4bddb872ba784d5.js\\",\\"3691\\",\\"static/chunks/3691-4bb5861e2d594f2b.js\\",\\"8368\\",\\"static/chunks/8368-d0cd9f9fca0712a7.js\\",\\"1682\\",\\"static/chunks/1682-b2e703b472c280ea.js\\",\\"2917\\",\\"static/chunks/2917-184ec9877565fafd.js\\",\\"4824\\",\\"static/chunks/4824-507f78e55d96f9dc.js\\",\\"7614\\",\\"static/chunks/app/product/%5Bslug%5D/@offers/page-8d4c61690e8d9066.js\\"],\\"default\\"]\\n5a:T6c8,Bought this for my daughter and I\'m very impressed. The camera is more than capable for daylight photos and selfies. The processor and RAM are fast enough. I compared APP loading and camera launching vs my Samsung Ultra and there\'s little difference for normal use (processing video or intense gaming you can see a difference, but in normal use, they\'re close).It\'s a little on the big side, especially for a child, but the Military toughness and optional screen repair service make up for that. The battery beats my Samsung phone in real every day use hands down.Absolute standout feature for me is Wireless Charging. This means the phone is left on our charger in the living room, and doesn\'t go up to bedrooms in the evening. Google Family Link works well too.Overall ...\xa0MoreBought this for my daughter and I\'m very impressed. The camera is more than capable for daylight photos and selfies. The processor and RAM are fast enough. I compared APP loading and camera launching vs my Samsung Ultra and there\'s little difference for normal use (processing video or intense gam', "ing you can see a difference, but in normal use, they're close).It's a little on the big side, especially for a child, but the Military toughness and optional screen repair service make up for that. The battery beats my Samsung phone in real every day use hands down.Absolute standout feature for me is Wireless Charging. This means the phone is left on our charger in the living room, and doesn't go up to bedrooms in the evening. Google Family Link works well too.Overall really impressed with the quality, features and toughness. Oh, and finally Motorola have guaranteed a few years updates, I wouldn't have bought it without the new Android Update policy.", '11:[\\"$\\",\\"$L59\\",null,{\\"product\\":{\\"id\\":83429707,\\"gid\\":\\"15797211988331096831\\",\\"title\\":\\"Motorola Moto G75 5G 256GB Grey with Buds\\",\\"image\\":\\"https://encrypted-tbn0.gstatic.com/shopping?q=tbn:ANd9GcTN0NDdrPCDIn9NaiVIb7vTMSRVKBOQbkBMTHJyb9dzqC_WY5IGMoYuvnsDtsI8XvfpsX50GHyVY5kvPm-1nSr2bXEkwcR1sLJr1IR1dAkwVcXTXGOCB8frf7o\\",\\"created_at\\":\\"$D2024-11-30T20:11:12.579Z\\",\\"updated_at\\":\\"$D2024-12-01T03:20:16.117Z\\",\\"slug\\":\\"motorola-moto-g75-5g-256gb-grey-with-buds\\",\\"thumbnails\\":[\\"https://encrypted-tbn0.gstatic.com/shopping?q=tbn:ANd9GcSqDaT816y1UmPhBrzkea3Dn_Hh8yTT3fZX4XBtJEkQcCWOz-LJ1AMEbRRDBSKM-M061mIP09PmjUwBgDldhA0acuhIAop7lQ\\u0026usqp=CAY\\",\\"https://encrypted-tbn3.gstatic.com/shopping?q=tbn:ANd9GcQfbnmIwlniWJ2_8uNp4bDf-6Ju-12jrovvM3RkZ_F8hYC0DcS85hBW3VZ9oCT7zcvdcW7cG-u8JHbZQMXKs0v2Co4aSaICOQ\\u0026usqp=CAY\\",\\"https://encrypted-tbn0.gstatic.com/shopping?q=tbn:ANd9GcR8UqT2y3HwL6mbcrp9X3EK1qROspiqDkg2j-9eEDSoFr4zLWQaFn_YrCOAi5hlWIs3MKewSYZSOFGmiREKJJNSBeWTMR7I\\u0026usqp=CAY\\",\\"https://encrypted-tbn3.gstatic.com/shopping?q=tbn:ANd9GcSqlFWOdYRimHwGbRJI5IbP1AoXqAoJxhYRcQyn_ApjOgs6Plh_8JB3o2ty4s-L5Cg5FksrYalJmjsHi8o23nCuDdFhKywx\\u0026usqp=CAY\\",\\"https://encrypted-tbn3.gstatic.com/shopping?q=tbn:ANd9GcTGaMNVsjZ6wopAkoCqf1frqUqC33R2pndPv3vm8_EbCO6PYXg6BBsU3OD398cOK_BW1ThT4nJXKLSf30DZHd0mG8Zq0KPDnw\\u0026usqp=CAY\\",\\"https://encrypted-tbn3.gstatic.com/shopping?q=tbn:ANd9GcSNnV_WMDGVD4l6oHYCubmAQT7jpJwR2zyu-MbXinPr0z2qL-TKjOS5KkDIYnN4Fn69kQ-BiBFAiYqv9rH5kvHsmNICBre4\\u0026usqp=CAY\\",\\"https://encrypted-tbn3.gstatic.com/shopping?q=tbn:ANd9GcTT9EARYceKt_jqn9X4MH43Ey1bIDrsnZc5wPjG0wS-F-wQ9PJta1l4A-AxAAyko3Z5IvHSgO0_Gnn4enHFUQoYVIaWvMZk\\u0026usqp=CAY\\",\\"https://encrypted-tbn0.gstatic.com/shopping?q=tbn:ANd9GcTpF9PimunMhlcnHfgzkn895rKQb35EW48PS-IM0lwnuADaF5tC3szKbe9ZkxnAHAXp6fnGEBkgzmDcz0ElPmL-WzR4HBShmg\\u0026usqp=CAY\\",\\"https://encrypted-tbn2.gstatic.com/shopping?q=tbn:ANd9GcT56PnF6Ir30ACBooV4QML9XqGxPMeS0UD-J-IOmt4RfpWkpWyt9SsenHDo-DCqfhurJ2kXsVOBsMMEV9L72XZYRPTuRv6C\\u0026usqp=CAY\\",\\"https://encrypted-tbn2.gstatic.com/shopping?q=tbn:ANd9GcRG-GwVx5yd5FeS1o4JqlvUNwo3MPbl6Vc91YmWDI7TxsS8K17-ngY2Swkyvx_kAQg74KZJLwhOXKfvPq_3PHKWlmwNPzLPfg\\u0026usqp=CAY\\",\\"https://encrypted-tbn0.gstatic.com/shopping?q=tbn:ANd9GcTcKKMgCXlJBxNH38rkCOoEjV0HdTnoWIilR_2EhskIJR6-4tF8CNhNhqIGSunQGyXQXvQG3Cy2lWEVq7bg-_x8LP0YeD6ZVQ\\u0026usqp=CAY\\",\\"https://encrypted-tbn2.gstatic.com/shopping?q=tbn:ANd9GcSrenO1gNc233DGNWBIH4nRqrJPMwjW9ZIOfZ-NwBq8vYwNzpba6jAeRAkG5OVrB7tCPhPT_E-ODrd0HhJgHD33EjgK7MZTNA\\u0026usqp=CAY\\"],\\"details\\":\\"Crafted from premium materials and featuring military-grade¹ durability, moto g75 5G is made for everyday life. Capture sharp photos and smooth videos using the Sony - LYTIA 600 camera with OIS. Enjoy endless entertainment on a super-bright 6.8\\\\\\" Full HD+ display backed by Dolby Atmos sound. Plus, be the first to experience the efficiency of the latest Qualcomm Snapdragon processor, a 5000mAh battery with 30W TurboPower charging²,15W wireless charging³, and 256GB⁴ of built-in storage. And it comes bundled with moto buds earbuds, featuring a large dynamic driver, and Hi-Res Audio. Immerse yourself in music and movies, experiencing high-quality, balanced sound with enhanced bass.\\",\\"variants\\":[],\\"category_id\\":null,\\"offline_at\\":null,\\"colors\\":[{\\"gid\\":\\"15797211988331096831\\",\\"image\\":\\"https://encrypted-tbn0.gstatic.com/shopping?q=tbn:ANd9GcSMKJEcJ5xuZEACgvb5b-OsiulwL1b5Ivy7wbsYiJ3A2vpwsAhIjV_QMfs2iyap5nDsHiEzTcaeGYaz_I5WBRrUjD5abtI2D4WPYd1uowVZArHKnsIo95M\\u0026usqp=CAY\\"},{\\"gid\\":\\"7830005719273689496\\",\\"image\\":\\"https://encrypted-tbn2.gstatic.com/shopping?q=tbn:ANd9GcRj65GJdYa0MGuv8L9RWAAJVks98kaBva-KPH34o7Nn8_xgtjFvHpEsyG-G9u_PAZwKCzR1UnPFs6JC5duNRu9kW-AZSxHpJQaql2ly1iZ6Cl09iaqRzqc\\u0026usqp=CAY\\"},{\\"gid\\":\\"10929348810251206946\\",\\"image\\":\\"https://encrypted-tbn3.gstatic.com/shopping?q=tbn:ANd9GcQktEYbdVk26_5fVXmkf85U_V4MhhlgNSCKuEGMaIHFomdm78AIUKXN6e8XyuLWwiqXOJc6OF55c3TRby_V36YYx0Twj-TArJEJ3e_Z\\u0026usqp=CAY\\"}],\\"product_status\\":{\\"pid\\":83429707,\\"offer_amount\\":24,\\"lowest_price\\":391,\\"highest_price\\":499,\\"single_seller_id\\":null,\\"discount\\":0,\\"featured\\":true,\\"last_price_updated_at\\":\\"$D2025-09-14T01:53:37.581Z\\",\\"discount_seller_id\\":1392573,\\"last_lowest_price\\":391,\\"reviews_count\\":976,\\"reviews_rating\\":4.5,\\"country_code\\":\\"au\\",\\"language_code\\":null},\\"offers\\":[{\\"pid\\":83429707,\\"seller_product_url\\":\\"https://www.mydeal.com.au/motorola-g75-5g-256gb-with-moto-buds-charcoal-grey-au-stock-6-8-full-hd-120hz-8gb-256gb-dual-sim-50mp-16mp-water-protection-5000mah-2year-warranty-14598762\\",\\"created_at\\":\\"$D2025-09-14T01:53:37.581Z\\",\\"offer_id\\":null,\\"base_price\\":471.25,\\"shipping\\":0,\\"seller_id\\":908,\\"condition\\":\\"new\\",\\"country_code\\":null,\\"seller\\":{\\"seller_id\\":908,\\"name\\":\\"MyDeal\\",\\"url\\":\\"mydeal.com.au\\",\\"shopback\\":{\\"sb_id\\":7696,\\"sb_name\\":\\"MyDeal.com.au\\",\\"url\\":\\"www.shopback.com.au/mydeal\\",\\"commission\\":\\"Up to 3.6% Cashback\\",\\"created_at\\":\\"$D2023-08-01T09:56:13.775Z\\",\\"updated_at\\":\\"$D2023-11-25T10:32:54.782Z\\",\\"hostname\\":\\"mydeal.com.au\\"},\\"cashrewards\\":{\\"cr_id\\":1004953,\\"name\\":\\"MyDeal\\",\\"hyphenated_name\\":\\"mydeal\\",\\"logo\\":\\"//cdn.cashrewards.com/mydeal.png?t=637672695131179086\\",\\"created_at\\":\\"$D2023-07-30T11:50:50.100Z\\",\\"commission\\":4.2,\\"commission_string\\":\\"Up to 4.2% cashback\\",\\"online\\":true,\\"instore\\":false,\\"hostname\\":\\"mydeal.com.au\\",\\"updated_at\\":\\"$D2023-11-30T03:50:38.698Z\\"}}},{\\"pid\\":83429707,\\"seller_product_url\\":\\"https://www.lwt.com.au/Product/MOT5690517/PB3Y0024AU/Motorola-G75-5G-256GB-With-Moto-Buds-Charcoal-GreyAU-STOCK68Full-HD120Hz8GB-256GBDual-SIM50MP-16MPWater-Protection5000mAh2Year-Warranty/ws/Business\\",\\"created_at\\":\\"$D2025-09-14T01:53:37.581Z\\",\\"offer_id\\":null,\\"base_price\\":400.4,\\"shipping\\":16.5,\\"seller_id\\":555296346,\\"condition\\":\\"new\\",\\"country_code\\":null,\\"seller\\":{\\"seller_id\\":555296346,\\"name\\":\\"LWT\\",\\"url\\":\\"www.lwt.com.au\\",\\"shopback\\":null,\\"cashrewards\\":null}},{\\"pid\\":83429707,\\"seller_product_url\\":\\"https://www.flashtrend.com.au/motorola-g75-5g-256gb-with-moto-buds-charcoal-grey\\",\\"created_at\\":\\"$D2025-09-14T01:53:37.581Z\\",\\"offer_id\\":null,\\"base_price\\":479.77,\\"shipping\\":7.95,\\"seller_id\\":99,\\"condition\\":\\"new\\",\\"country_code\\":null,\\"seller\\":{\\"seller_id\\":99,\\"name\\":\\"Flashtrend.com.au\\",\\"url\\":\\"www.flashtrend.com.au\\",\\"shopback\\":null,\\"cashrewards\\":null}},{\\"pid\\":83429707,\\"seller_product_url\\":\\"https://shop.zelrose.com.au/products/motorola-g75-5g-256gb-with-moto-buds-charcoal-grey-au-stock-6-8-full-hd-120hz-8gb-256gb-dual-sim-50mp-16mp-water-protection-5000mah-2year-warranty?variant=50892878020887\\",\\"created_at\\":\\"$D2025-09-14T01:53:37.581Z\\",\\"offer_id\\":null,\\"base_price\\":499,\\"shipping\\":12.5,\\"seller_id\\":51017477,\\"condition\\":\\"new\\",\\"country_code\\":null,\\"seller\\":{\\"seller_id\\":51017477,\\"name\\":\\"Zelrose IT\\",\\"url\\":null,\\"shopback\\":null,\\"cashrewards\\":null}},{\\"pid\\":83429707,\\"seller_product_url\\":\\"https://www.techciti.com.au/motorola-moto-g75-5g-w-moto-buds-dual-sim-256gb-8gb-6-8-grey\\",\\"created_at\\":\\"$D2025-09-14T01:53:37.581Z\\",\\"offer_id\\":null,\\"base_price\\":438,\\"shipping\\":0,\\"seller_id\\":1400,\\"condition\\":\\"new\\",\\"country_code\\":null,\\"seller\\":{\\"seller_id\\":1400,\\"name\\":\\"Techciti\\",\\"url\\":\\"www.techciti.com.au\\",\\"shopback\\":null,\\"cashrewards\\":null}},{\\"pid\\":83429707,\\"seller_product_url\\":\\"https://betteroffice.store/products/motorola-g75-5g-256gb-with-moto-buds-charcoal-grey-au-stock-6-8full-hd-120hz8gb-256gbdual-sim50mp-16mpwater-protection5000mah2year-warranty?variant=45678834450586\\",\\"created_at\\":\\"$D2025-09-14T01:53:37.581Z\\",\\"offer_id\\":null,\\"base_price\\":499,\\"shipping\\":12,\\"seller_id\\":1210947108,\\"condition\\":\\"new\\",\\"country_code\\":null,\\"seller\\":{\\"seller_id\\":1210947108,\\"name\\":\\"betteroffice.store\\",\\"url\\":\\"betteroffice.store\\",\\"shopback\\":null,\\"cashrewards\\":null}},{\\"pid\\":83429707,\\"seller_product_url\\":\\"https://vtechindustries.com.au/products/motorola-g75-5g-256gb-with-moto-buds-charcoal-grey-au-stock-6-8-full-hd-120hz-8gb-256gb-dual-sim-50mp-16mp-water-protection-5000mah-2year-warranty-pb3y0024au?variant=50641766383904\\",\\"created_at\\":\\"$D2025-09-14T01:53:37.581Z\\",\\"offer_id\\":null,\\"base_price\\":391,\\"shipping\\":13,\\"seller_id\\":1392573,\\"condition\\":\\"new\\",\\"country_code\\":null,\\"seller\\":{\\"seller_id\\":1392573,\\"name\\":\\"VTech Industries\\",\\"url\\":\\"www.vtechindustries.com.au\\",\\"shopback\\":null,\\"cashrewards\\":null}},{\\"pid\\":83429707,\\"seller_product_url\\":\\"https://i-tech.com.au/pb3y0024au-motorola-g75-5g-256gb-with-moto-buds-charcoal-430730.html\\",\\"created_at\\":\\"$D2025-09-14T01:53:37.581Z\\",\\"offer_id\\":null,\\"base_price\\":415,\\"shipping\\":15,\\"seller_id\\":175,\\"condition\\":\\"new\\",\\"country_code\\":null,\\"seller\\":{\\"seller_id\\":175,\\"name\\":\\"www.i-tech.com.au\\",\\"url\\":\\"i-tech.com.au\\",\\"shopback\\":null,\\"cashrewards\\":null}},{\\"pid\\":83429707,\\"seller_product_url\\":\\"https://www.itnest.com.au/hardware/other/motorola-g75-5g-256gb-with-moto-buds-charcoal-grey(pb3y0024au)-pb3y0024au\\",\\"created_at\\":\\"$D2025-09-14T01:53:37.581Z\\",\\"offer_id\\":null,\\"base_price\\":409,\\"shipping\\":16.95,\\"seller_id\\":283,\\"condition\\":\\"new\\",\\"country_code\\":null,\\"seller\\":{\\"seller_id\\":283,\\"name\\":\\"itnest.com.au\\",\\"url\\":\\"www.itnest.com.au\\",\\"shopback\\":null,\\"cashrewards\\":null}},{\\"pid\\":83429707,\\"seller_product_url\\":\\"https://www.allphones.com.au/motorola-moto-g75-5g-w-moto-buds-dual-sim-256gb-8gb-6-8-grey\\",\\"created_at\\":\\"$D2025-09-14T01:53:37.581Z\\",\\"offer_id\\":null,\\"base_price\\":438,\\"shipping\\":0,\\"seller_id\\":8569,\\"condition\\":\\"new\\",\\"country_code\\":null,\\"seller\\":{\\"seller_id\\":8569,\\"name\\":\\"Allphones Online\\",\\"url\\":\\"www.allphones.com.au\\",\\"shopback\\":null,\\"cashrewards\\":null}},{\\"pid\\":83429707,\\"seller_product_url\\":\\"https://www.ozspots.com.au/product/motorola-g75-5g-256gb-with-moto-buds-charcoal-greyau-stock6-8full-hd120hz8gb-256gbdual-sim50mp-16mpwater-protection5000mah2year-warranty/\\",\\"created_at\\":\\"$D2025-09-14T01:53:37.581Z\\",\\"offer_id\\":null,\\"base_price\\":400.02,\\"shipping\\":9.7,\\"seller_id\\":1525538,\\"condition\\":\\"new\\",\\"country_code\\":null,\\"seller\\":{\\"seller_id\\":1525538,\\"name\\":\\"OzSpots Wireless\\",\\"url\\":\\"www.ozspots.com.au\\",\\"shopback\\":null,\\"cashrewards\\":null}},{\\"pid\\":83429707,\\"seller_product_url\\":\\"https://www.jw.com.au/product/motorola-moto-g75-5g-256gb-8gb-6-8-charcoal-grey\\",\\"created_at\\":\\"$D2025-09-14T01:53:37.581Z\\",\\"offer_id\\":null,\\"base_price\\":459,\\"shipping\\":0,\\"seller_id\\":138,\\"condition\\":\\"new\\",\\"country_code\\":null,\\"seller\\":{\\"seller_id\\":138,\\"name\\":\\"JW Computers\\",\\"url\\":\\"www.jw.com.au\\",\\"shopback\\":null,\\"cashrewards\\":null}},{\\"pid\\":83429707,\\"seller_product_url\\":\\"https://www.woolworths.com.au/shop/productdetails/1123910867\\",\\"created_at\\":\\"$D2025-09-14T01:53:37.581Z\\",\\"offer_id\\":null,\\"base_price\\":471.25,\\"shipping\\":10,\\"seller_id\\":97,\\"condition\\":\\"new\\",\\"country_code\\":null,\\"seller\\":{\\"seller_id\\":97,\\"name\\":\\"Woolworths\\",\\"url\\":\\"www.woolworths.com.au\\",\\"shopback\\":null,\\"cashrewards\\":null}},{\\"pid\\":83429707,\\"seller_product_url\\":\\"https://www.ebay.com.au/itm/167115114606\\",\\"created_at\\":\\"$D2025-09-14T01:53:37.581Z\\",\\"offer_id\\":null,\\"base_price\\":467.7,\\"shipping\\":0,\\"seller_id\\":1042295139,\\"condition\\":\\"new\\",\\"country_code\\":null,\\"seller\\":{\\"seller_id\\":1042295139,\\"name\\":\\"eBay\\",\\"url\\":\\"www.ebay.com.au\\",\\"shopback\\":null,\\"cashrewards\\":null}},{\\"pid\\":83429707,\\"seller_product_url\\":\\"https://ezypcsales.com.au/product/motorola-g75-5g-256gb-with-moto-buds-charcoal-greyau-stock6-8full-hd120hz8gb-256gbdual-sim50mp-16mpwater-protection5000mah2year-warranty/\\",\\"created_at\\":\\"$D2025-09-14T01:53:37.581Z\\",\\"offer_id\\":null,\\"base_price\\":391.56,\\"shipping\\":12.95,\\"seller_id\\":2808065,\\"condition\\":\\"new\\",\\"country_code\\":null,\\"seller\\":{\\"seller_id\\":2808065,\\"name\\":\\"Ezy P.C. Sales\\",\\"url\\":\\"ezypcsales.com.au\\",\\"shopback\\":null,\\"cashrewards\\":null}},{\\"pid\\":83429707,\\"seller_product_url\\":\\"https://www.dicksmith.com.au/da/buy/motorola-moto-g75-5g-bonus-moto-buds-dual-sim-256gb8gb-68-00840023276545/\\",\\"created_at\\":\\"$D2025-09-14T01:53:37.581Z\\",\\"offer_id\\":null,\\"base_price\\":438.99,\\"shipping\\":0,\\"seller_id\\":156,\\"condition\\":\\"new\\",\\"country_code\\":null,\\"seller\\":{\\"seller_id\\":156,\\"name\\":\\"Dick Smith AU\\",\\"url\\":\\"www.dicksmith.com.au\\",\\"shopback\\":null,\\"cashrewards\\":null}},{\\"pid\\":83429707,\\"seller_product_url\\":\\"https://www.bigw.com.au/product/motorola-g75-5g-256gb-with-moto-buds-charcoal-grey-au-stock-6-8-full-hd-120hz-8gb-256gb-dual-sim-50mp-16mp-water-protection-5000mah-2year-warranty/p/9901208423\\",\\"created_at\\":\\"$D2025-09-14T01:53:37.581Z\\",\\"offer_id\\":null,\\"base_price\\":471.25,\\"shipping\\":0,\\"seller_id\\":769007327,\\"condition\\":\\"new\\",\\"country_code\\":null,\\"seller\\":{\\"seller_id\\":769007327,\\"name\\":\\"BIG W - BIG W MARKET\\",\\"url\\":\\"www.bigw.com.au\\",\\"shopback\\":null,\\"cashrewards\\":null}},{\\"pid\\":83429707,\\"seller_product_url\\":\\"https://campcomprep.com.au/product/motorola-g75-5g-256gb-with-moto-buds-charcoal-greyau-stock6-8full-hd120hz8gb-256gbdual-sim50mp-16mpwater-protection5000mah2year-warranty/\\",\\"created_at\\":\\"$D2025-09-14T01:53:37.581Z\\",\\"offer_id\\":null,\\"base_price\\":499,\\"shipping\\":15,\\"seller_id\\":1374,\\"condition\\":\\"new\\",\\"country_code\\":null,\\"seller\\":{\\"seller_id\\":1374,\\"name\\":\\"Campbelltown Computer Repairs\\",\\"url\\":\\"campcomprep.com.au\\",\\"shopback\\":null,\\"cashrewards\\":null}},{\\"pid\\":83429707,\\"seller_product_url\\":\\"https://www.kogan.com/au/buy/motorola-moto-g75-5g-bonus-moto-buds-dual-sim-256gb8gb-68-00840023276545/\\",\\"created_at\\":\\"$D2025-09-14T01:53:37.581Z\\",\\"offer_id\\":null,\\"base_price\\":438.99,\\"shipping\\":0,\\"seller_id\\":103,\\"condition\\":\\"new\\",\\"country_code\\":null,\\"seller\\":{\\"seller_id\\":103,\\"name\\":\\"Kogan.com\\",\\"url\\":\\"www.kogan.com\\",\\"shopback\\":null,\\"cashrewards\\":null}},{\\"pid\\":83429707,\\"seller_product_url\\":\\"https://www.bunnings.com.au/motorola-moto-g75-5g-8gb-256gb-6-8-w-moto-buds-charcoal-grey_p0826330\\",\\"created_at\\":\\"$D2025-09-14T01:53:37.581Z\\",\\"offer_id\\":null,\\"base_price\\":495.72,\\"shipping\\":15,\\"seller_id\\":47,\\"condition\\":\\"new\\",\\"country_code\\":null,\\"seller\\":{\\"seller_id\\":47,\\"name\\":\\"Bunnings Warehouse\\",\\"url\\":\\"www.bunnings.com.au\\",\\"shopback\\":null,\\"cashrewards\\":null}},{\\"pid\\":83429707,\\"seller_product_url\\":\\"https://www.mobileciti.com.au/motorola-moto-g75-5g-w-moto-buds-dual-sim-256gb-8gb-6-8-grey\\",\\"created_at\\":\\"$D2025-09-14T01:53:37.581Z\\",\\"offer_id\\":null,\\"base_price\\":438,\\"shipping\\":0,\\"seller_id\\":202,\\"condition\\":\\"new\\",\\"country_code\\":null,\\"seller\\":{\\"seller_id\\":202,\\"name\\":\\"Mobileciti\\",\\"url\\":\\"www.mobileciti.com.au\\",\\"shopback\\":{\\"sb_id\\":8410,\\"sb_name\\":\\"Mobileciti\\",\\"url\\":\\"www.shopback.com.au/mobileciti\\",\\"commission\\":\\"Up to 2.10% Cashback\\",\\"created_at\\":\\"$D2023-08-01T09:56:13.775Z\\",\\"updated_at\\":null,\\"hostname\\":\\"mobileciti.com.au\\"},\\"cashrewards\\":{\\"cr_id\\":1005098,\\"name\\":\\"Mobileciti\\",\\"hyphenated_name\\":\\"mobileciti\\",\\"logo\\":\\"//cdn.cashrewards.com/mobileciti.jpg?t=637765071372444088\\",\\"created_at\\":\\"$D2023-07-30T11:50:50.100Z\\",\\"commission\\":2.2,\\"commission_string\\":\\"Up to 2.2% cashback\\",\\"online\\":true,\\"instore\\":false,\\"hostname\\":\\"mobileciti.com.au\\",\\"updated_at\\":null}}},{\\"pid\\":83429707,\\"seller_product_url\\":\\"https://www.thegoodguys.com.au/motorola-g75-5g-256gb-charcoal-grey-11901327984\\",\\"created_at\\":\\"$D2025-09-14T01:53:37.581Z\\",\\"offer_id\\":null,\\"base_price\\":497,\\"shipping\\":3,\\"seller_id\\":10,\\"condition\\":\\"new\\",\\"country_code\\":null,\\"seller\\":{\\"seller_id\\":10,\\"name\\":\\"The Good Guys\\",\\"url\\":\\"www.thegoodguys.com.au\\",\\"shopback\\":{\\"sb_id\\":8367,\\"sb_name\\":\\"The Good Guys\\",\\"url\\":\\"www.shopback.com.au/the-good-guys\\",\\"commission\\":\\"Up to 3% Cashback\\",\\"created_at\\":\\"$D2023-08-01T09:56:13.775Z\\",\\"updated_at\\":\\"$D2023-11-25T10:32:54.782Z\\",\\"hostname\\":\\"thegoodguys.com.au\\"},\\"cashrewards\\":{\\"cr_id\\":1004849,\\"name\\":\\"The Good Guys\\",\\"hyphenated_name\\":\\"the-good-guys\\",\\"logo\\":\\"//cdn.cashrewards.com/the-good-guys.jpg?t=637599296823973829\\",\\"created_at\\":\\"$D2023-07-30T11:50:50.100Z\\",\\"commission\\":2.3,\\"commission_string\\":\\"Up to 2.3% cashback\\",\\"online\\":true,\\"instore\\":false,\\"hostname\\":\\"thegoodguys.com.au\\",\\"updated_at\\":\\"$D2023-11-25T10:32:11.855Z\\"}}},{\\"pid\\":83429707,\\"seller_product_url\\":\\"https://www.amazon.com.au/dp/B0DKXB12CP\\",\\"created_at\\":\\"$D2025-09-14T01:53:37.581Z\\",\\"offer_id\\":null,\\"base_price\\":438,\\"shipping\\":0,\\"seller_id\\":60,\\"condition\\":\\"new\\",\\"country_code\\":null,\\"seller\\":{\\"seller_id\\":60,\\"name\\":\\"Amazon.com.au\\",\\"url\\":\\"www.amazon.com.au\\",\\"shopback\\":{\\"sb_id\\":8448,\\"sb_name\\":\\"Amazon Australia\\",\\"url\\":\\"www.shopback.com.au/amazon-australia\\",\\"commission\\":\\"Up to 7% Cashback\\",\\"created_at\\":\\"$D2023-08-01T09:56:13.775Z\\",\\"updated_at\\":\\"$D2023-11-25T10:32:54.782Z\\",\\"hostname\\":\\"amazon.com.au\\"},\\"cashrewards\\":{\\"cr_id\\":1003434,\\"name\\":\\"Amazon Australia\\",\\"hyphenated_name\\":\\"amazon-australia\\",\\"logo\\":\\"//cdn.cashrewards.com/amazon-australia.jpg\\",\\"created_at\\":\\"$D2023-07-30T11:50:50.100Z\\",\\"commission\\":7,\\"commission_string\\":\\"Up to 7% cashback\\",\\"online\\":true,\\"instore\\":false,\\"hostname\\":\\"amazon.com.au\\",\\"updated_at\\":\\"$D2023-11-30T03:50:38.698Z\\"}}},{\\"pid\\":83429707,\\"seller_product_url\\":\\"https://www.harveynorman.com.au/motorola-moto-g75-5g-256gb-charcoal-grey.html\\",\\"created_at\\":\\"$D2025-09-14T01:53:37.581Z\\",\\"offer_id\\":null,\\"base_price\\":499,\\"shipping\\":7.95,\\"seller_id\\":11,\\"condition\\":\\"new\\",\\"country_code\\":null,\\"seller\\":{\\"seller_id\\":11,\\"name\\":\\"Harvey Norman Australia\\",\\"url\\":\\"www.harveynorman.com.au\\",\\"shopback\\":null,\\"cashrewards\\":null}},{\\"pid\\":83429707,\\"seller_product_url\\":\\"https://www.lasoo.com.au/products/personal-digital/1716909/motorola-moto-g75-5g-dual-sim-256gb8gb-68-charcoal-grey\\",\\"created_at\\":\\"$D2025-08-29T20:03:27.652Z\\",\\"offer_id\\":null,\\"base_price\\":529,\\"shipping\\":0,\\"seller_id\\":6823,\\"condition\\":\\"new\\",\\"country_code\\":null,\\"seller\\":{\\"seller_id\\":6823,\\"name\\":\\"Lasoo\\",\\"url\\":\\"www.lasoo.com.au\\",\\"shopback\\":null,\\"cashrewards\\":null}},{\\"pid\\":83429707,\\"seller_product_url\\":\\"https://www.personaldigital.com.au/products/motorola-moto-g75-5g-dual-sim-256gb-8gb-6-8-bonus-moto-buds-charcoal-grey?variant=43108785651811\\",\\"created_at\\":\\"$D2025-08-28T23:53:56.005Z\\",\\"offer_id\\":null,\\"base_price\\":529,\\"shipping\\":0,\\"seller_id\\":14764,\\"condition\\":\\"new\\",\\"country_code\\":null,\\"seller\\":{\\"seller_id\\":14764,\\"name\\":\\"Personal Digital\\",\\"url\\":\\"www.personaldigital.com.au\\",\\"shopback\\":null,\\"cashrewards\\":null}},{\\"pid\\":83429707,\\"seller_product_url\\":\\"https://www.mobilewizardstore.com.au/product-page/motorola-g75-5g-256gb-with-moto-buds-charcoal-grey-au-stock-6-8-full\\",\\"created_at\\":\\"$D2025-08-23T11:01:27.827Z\\",\\"offer_id\\":null,\\"base_price\\":499,\\"shipping\\":15,\\"seller_id\\":1212885227,\\"condition\\":\\"new\\",\\"country_code\\":null,\\"seller\\":{\\"seller_id\\":1212885227,\\"name\\":\\"Mobile Wizard Store\\",\\"url\\":\\"www.mobilewizardstore.com.au\\",\\"shopback\\":null,\\"cashrewards\\":null}},{\\"pid\\":83429707,\\"seller_product_url\\":\\"https://www.bigw.com.au/product/moto-g75-5g-256gb-grey-with-moto-buds/p/6001651\\",\\"created_at\\":\\"$D2025-08-23T11:01:27.827Z\\",\\"offer_id\\":null,\\"base_price\\":399,\\"shipping\\":0,\\"seller_id\\":52,\\"condition\\":\\"new\\",\\"country_code\\":null,\\"seller\\":{\\"seller_id\\":52,\\"name\\":\\"BIG W\\",\\"url\\":\\"www.bigw.com.au\\",\\"shopback\\":{\\"sb_id\\":17706,\\"sb_name\\":\\"Big W\\",\\"url\\":\\"www.shopback.com.au/bigw\\",\\"commission\\":\\"Up to 4% Cashback\\",\\"created_at\\":\\"$D2023-08-01T09:56:13.775Z\\",\\"updated_at\\":\\"$D2023-11-25T10:32:54.782Z\\",\\"hostname\\":\\"bigw.com.au\\"},\\"cashrewards\\":{\\"cr_id\\":1004971,\\"name\\":\\"BIG W\\",\\"hyphenated_name\\":\\"big-w\\",\\"logo\\":\\"//cdn.cashrewards.com/big-w.png?t=637690919703543365\\",\\"created_at\\":\\"$D2023-07-30T11:50:50.100Z\\",\\"commission\\":2.4,\\"commission_string\\":\\"Up to 2.4% cashback\\",\\"online\\":true,\\"instore\\":false,\\"hostname\\":\\"bigw.com.au\\",\\"updated_at\\":\\"$D2023-11-30T03:50:38.698Z\\"}}},{\\"pid\\":83429707,\\"seller_product_url\\":\\"https://cybertechlab.com.au/products/motorola-g75-5g-256gb-with-moto-buds-charcoal-grey-au-stock-6-8-full-hd-120hz-8gb-256gb-dual-sim-50mp-16mp-water-protection-5000mah-2year-warranty\\",\\"created_at\\":\\"$D2025-07-28T22:35:09.370Z\\",\\"offer_id\\":null,\\"base_price\\":424.15,\\"shipping\\":20,\\"seller_id\\":1464195854,\\"condition\\":\\"new\\",\\"country_code\\":null,\\"seller\\":{\\"seller_id\\":1464195854,\\"name\\":\\"cybertechlab.com.au\\",\\"url\\":null,\\"shopback\\":null,\\"cashrewards\\":null}},{\\"pid\\":83429707,\\"seller_product_url\\":\\"https://horizonstore.com.au/products/motorola-moto-g75-5g-8gb-256gb-6-8-w-moto-buds-charcoal-grey?variant=44615659061436\\",\\"created_at\\":\\"$D2025-07-10T08:25:35.929Z\\",\\"offer_id\\":null,\\"base_price\\":399.99,\\"shipping\\":0,\\"seller_id\\":395586347,\\"condition\\":\\"new\\",\\"country_code\\":null,\\"seller\\":{\\"seller_id\\":395586347,\\"name\\":\\"Horizon Store\\",\\"url\\":\\"www.horizonstore.com.au\\",\\"shopback\\":null,\\"cashrewards\\":null}},{\\"pid\\":83429707,\\"seller_product_url\\":\\"https://www.officeworks.com.au/shop/officeworks/p/moto-g75-5g-256gb-grey-with-buds-motog75gry\\",\\"created_at\\":\\"$D2025-06-20T16:42:06.111Z\\",\\"offer_id\\":null,\\"base_price\\":277,\\"shipping\\":0,\\"seller_id\\":57,\\"condition\\":\\"new\\",\\"country_code\\":null,\\"seller\\":{\\"seller_id\\":57,\\"name\\":\\"Officeworks\\",\\"url\\":\\"www.officeworks.com.au\\",\\"shopback\\":null,\\"cashrewards\\":null}},{\\"pid\\":83429707,\\"seller_product_url\\":\\"https://www.domayne.com.au/motorola-moto-g75-5g-256gb-charcoal-grey.html\\",\\"created_at\\":\\"$D2025-06-20T16:42:06.111Z\\",\\"offer_id\\":null,\\"base_price\\":277,\\"shipping\\":7.95,\\"seller_id\\":1364130860,\\"condition\\":\\"new\\",\\"country_code\\":null,\\"seller\\":{\\"seller_id\\":1364130860,\\"name\\":\\"Domayne\\",\\"url\\":\\"www.domayne.com.au\\",\\"shopback\\":null,\\"cashrewards\\":null}},{\\"pid\\":83429707,\\"seller_product_url\\":\\"https://www.joycemayne.com.au/motorola-moto-g75-5g-256gb-charcoal-grey.html\\",\\"created_at\\":\\"$D2025-06-20T16:42:06.111Z\\",\\"offer_id\\":null,\\"base_price\\":277,\\"shipping\\":7.95,\\"seller_id\\":711746650,\\"condition\\":\\"new\\",\\"country_code\\":null,\\"seller\\":{\\"seller_id\\":711746650,\\"name\\":\\"Joyce Mayne\\",\\"url\\":\\"www.joycemayne.com.au\\",\\"shopback\\":null,\\"cashrewards\\":null}},{\\"pid\\":83429707,\\"seller_product_url\\":\\"https://www.ebay.com.au/itm/335991073910\\",\\"created_at\\":\\"$D2025-06-16T07:03:09.539Z\\",\\"offer_id\\":null,\\"base_price\\":395,\\"shipping\\":5,\\"seller_id\\":467756700,\\"condition\\":\\"new\\",\\"country_code\\":null,\\"seller\\":{\\"seller_id\\":467756700,\\"name\\":\\"eBay - ozzie_collecta\\",\\"url\\":null,\\"shopback\\":null,\\"cashrewards\\":null}},{\\"pid\\":83429707,\\"seller_product_url\\":\\"https://www.jbhifi.com.au/products/moto-g75-5g-256gb-with-moto-buds-charcoal-grey\\",\\"created_at\\":\\"$D2025-06-05T03:15:37.431Z\\",\\"offer_id\\":null,\\"base_price\\":499,\\"shipping\\":6.99,\\"seller_id\\":9,\\"condition\\":\\"new\\",\\"country_code\\":null,\\"seller\\":{\\"seller_id\\":9,\\"name\\":\\"JB Hi-Fi\\",\\"url\\":\\"www.jbhifi.com.au\\",\\"shopback\\":null,\\"cashrewards\\":null}},{\\"pid\\":83429707,\\"seller_product_url\\":\\"https://auzzistore.com.au/products/motorola-moto-g75-5g-with-moto-buds-256gb-charcoal-grey?variant=46348469862617\\",\\"created_at\\":\\"$D2025-06-01T17:31:11.420Z\\",\\"offer_id\\":null,\\"base_price\\":718.96,\\"shipping\\":0,\\"seller_id\\":6332,\\"condition\\":\\"new\\",\\"country_code\\":null,\\"seller\\":{\\"seller_id\\":6332,\\"name\\":\\"Auzzi Store\\",\\"url\\":\\"www.auzzistore.com.au\\",\\"shopback\\":null,\\"cashrewards\\":null}},{\\"pid\\":83429707,\\"seller_product_url\\":\\"https://www.lenovo.com/au/en/p/accessories-and-software/moto-phones/moto-g-series/78808445\\",\\"created_at\\":\\"$D2025-05-22T09:46:29.425Z\\",\\"offer_id\\":null,\\"base_price\\":499,\\"shipping\\":0,\\"seller_id\\":1580,\\"condition\\":\\"new\\",\\"country_code\\":null,\\"seller\\":{\\"seller_id\\":1580,\\"name\\":\\"Lenovo\\",\\"url\\":\\"www.lenovo.com\\",\\"shopback\\":{\\"sb_id\\":8373,\\"sb_name\\":\\"Lenovo\\",\\"url\\":\\"www.shopback.com.au/lenovo\\",\\"commission\\":\\"10% Cashback\\",\\"created_at\\":\\"$D2023-08-01T09:56:13.775Z\\",\\"updated_at\\":\\"$D2023-11-25T10:32:54.782Z\\",\\"hostname\\":\\"lenovo.com\\"},\\"cashrewards\\":{\\"cr_id\\":1005943,\\"name\\":\\"Lenovo\\",\\"hyphenated_name\\":\\"lenovo\\",\\"logo\\":\\"//cdn.cashrewards.com/lenovo.png?t=638261059478146003\\",\\"created_at\\":\\"$D2023-07-30T11:50:50.100Z\\",\\"commission\\":3.3,\\"commission_string\\":\\"3.3% cashback\\",\\"online\\":true,\\"instore\\":false,\\"hostname\\":\\"lenovo.com\\",\\"updated_at\\":\\"$D2023-11-30T03:50:38.698Z\\"}}},{\\"pid\\":83429707,\\"seller_product_url\\":\\"https://www.retravision.com.au/motorola-moto-g75-5g-256gb-charcoal-grey-moto-buds-11901327984-pb3y0024au\\",\\"created_at\\":\\"$D2025-05-20T07:46:42.621Z\\",\\"offer_id\\":null,\\"base_price\\":328,\\"shipping\\":7.76,\\"seller_id\\":80,\\"condition\\":\\"new\\",\\"country_code\\":null,\\"seller\\":{\\"seller_id\\":80,\\"name\\":\\"Retravision\\",\\"url\\":\\"www.retravision.com.au\\",\\"shopback\\":null,\\"cashrewards\\":null}},{\\"pid\\":83429707,\\"seller_product_url\\":\\"https://www.catch.com.au/product/motorola-moto-g75-5g-bonus-moto-buds-dual-sim-256gb-8gb-6-8-grey-33244983/\\",\\"created_at\\":\\"$D2025-05-01T20:06:57.701Z\\",\\"offer_id\\":null,\\"base_price\\":506.8,\\"shipping\\":0,\\"seller_id\\":115,\\"condition\\":\\"new\\",\\"country_code\\":null,\\"seller\\":{\\"seller_id\\":115,\\"name\\":\\"Catch.com.au\\",\\"url\\":\\"www.catch.com.au\\",\\"shopback\\":null,\\"cashrewards\\":null}},{\\"pid\\":83429707,\\"seller_product_url\\":\\"https://www.mwave.com.au/product/motorola-g75-5g-256gb-smartphone-with-buds-grey-ac82193\\",\\"created_at\\":\\"$D2025-03-30T19:36:19.814Z\\",\\"offer_id\\":null,\\"base_price\\":481.95,\\"shipping\\":9.95,\\"seller_id\\":278,\\"condition\\":\\"new\\",\\"country_code\\":null,\\"seller\\":{\\"seller_id\\":278,\\"name\\":\\"Mwave Australia\\",\\"url\\":\\"mwave.com.au\\",\\"shopback\\":{\\"sb_id\\":63702,\\"sb_name\\":\\"Mwave\\",\\"url\\":\\"www.shopback.com.au/mwave\\",\\"commission\\":\\"0.5% Cashback\\",\\"created_at\\":\\"$D2023-08-01T09:56:13.775Z\\",\\"updated_at\\":\\"$D2023-11-25T10:32:54.782Z\\",\\"hostname\\":\\"mwave.com.au\\"},\\"cashrewards\\":{\\"cr_id\\":1004885,\\"name\\":\\"Mwave\\",\\"hyphenated_name\\":\\"mwave\\",\\"logo\\":\\"//cdn.cashrewards.com/mwave.png?t=637622737569102693\\",\\"created_at\\":\\"$D2023-07-30T11:50:50.100Z\\",\\"commission\\":0.6,\\"commission_string\\":\\"0.6% cashback\\",\\"online\\":true,\\"instore\\":false,\\"hostname\\":\\"mwave.com.au\\",\\"updated_at\\":\\"$D2024-09-18T10:29:30.752Z\\"}}},{\\"pid\\":83429707,\\"seller_product_url\\":\\"https://www.ebay.com.au/itm/395926055872\\",\\"created_at\\":\\"$D2025-03-25T23:36:19.529Z\\",\\"offer_id\\":null,\\"base_price\\":388.64,\\"shipping\\":0,\\"seller_id\\":157,\\"condition\\":\\"new\\",\\"country_code\\":null,\\"seller\\":{\\"seller_id\\":157,\\"name\\":\\"eBay.com.au\\",\\"url\\":\\"www.ebay.com.au\\",\\"shopback\\":{\\"sb_id\\":25493,\\"sb_name\\":\\"eBay\\",\\"url\\":\\"www.shopback.com.au/ebay\\",\\"commission\\":\\"Up to 4% Cashback\\",\\"created_at\\":\\"$D2023-08-01T09:56:13.775Z\\",\\"updated_at\\":\\"$D2023-11-25T10:32:54.782Z\\",\\"hostname\\":\\"ebay.com.au\\"},\\"cashrewards\\":{\\"cr_id\\":1001163,\\"name\\":\\"eBay Australia\\",\\"hyphenated_name\\":\\"ebay-australia\\",\\"logo\\":\\"//cdn.cashrewards.com/ebay-australia.jpg\\",\\"created_at\\":\\"$D2023-07-30T11:50:50.100Z\\",\\"commission\\":5,\\"commission_string\\":\\"Up to 5% cashback\\",\\"online\\":true,\\"instore\\":false,\\"hostname\\":\\"stores.ebay.com.au\\",\\"updated_at\\":\\"$D2024-09-18T10:29:30.752Z\\"}}},{\\"pid\\":83429707,\\"seller_product_url\\":\\"https://www.snaffle.com.au/p/%7B%7Bprocess.slugify(decodeURIComponent(Variant.Slug))%7D%7D/\\",\\"created_at\\":\\"$D2025-03-18T23:28:30.123Z\\",\\"offer_id\\":null,\\"base_price\\":795.08,\\"shipping\\":0,\\"seller_id\\":78499855,\\"condition\\":\\"new\\",\\"country_code\\":null,\\"seller\\":{\\"seller_id\\":78499855,\\"name\\":\\"Snaffle\\",\\"url\\":\\"www.snaffle.com.au\\",\\"shopback\\":null,\\"cashrewards\\":null}},{\\"pid\\":83429707,\\"seller_product_url\\":\\"https://mylayby.com/product_via_sku/1442822\\",\\"created_at\\":\\"$D2024-12-26T09:11:29.984Z\\",\\"offer_id\\":null,\\"base_price\\":534,\\"shipping\\":0,\\"seller_id\\":215,\\"condition\\":\\"new\\",\\"country_code\\":null,\\"seller\\":{\\"seller_id\\":215,\\"name\\":\\"MyLayby\\",\\"url\\":\\"mylayby.com\\",\\"shopback\\":null,\\"cashrewards\\":null}}],\\"reviews\\":[{\\"review_id\\":12146952,\\"pid\\":83429707,\\"gid\\":\\"15797211988331096831\\",\\"title\\":\\"Excellent value for money\\",\\"details\\":\\"$5a\\",\\"rating\\":5,\\"review_date\\":\\"3 November 2024\\",\\"reviewer\\":\\"KentishLad\\",\\"store\\":\\"motorola.co.uk\\",\\"created_at\\":\\"$D2024-12-01T14:01:57.793Z\\",\\"thumbnails\\":null},{\\"review_id\\":12146960,\\"pid\\":83429707,\\"gid\\":\\"15797211988331096831\\",\\"title\\":\\"great bargain\\",\\"details\\":\\"great price ... great specs... great phone... i am satisfied\\",\\"rating\\":5,\\"review_date\\":\\"28 October 2024\\",\\"reviewer\\":\\"trindik\\",\\"store\\":\\"motorola.co.uk\\",\\"created_at\\":\\"$D2024-12-01T14:01:57.793Z\\",\\"thumbnails\\":null},{\\"review_id\\":12146959,\\"pid\\":83429707,\\"gid\\":\\"15797211988331096831\\",\\"title\\":\\"Great features.\\",\\"details\\":\\"I\'m so happy with it.Nice phone and features compared with other phones and its price too.\\",\\"rating\\":5,\\"review_date\\":\\"20 November 2024\\",\\"reviewer\\":\\"Nusrat\\",\\"store\\":\\"motorola.co.uk\\",\\"created_at\\":\\"$D2024-12-01T14:01:57.793Z\\",\\"thumbnails\\":null},{\\"review_id\\":12146961,\\"pid\\":83429707,\\"gid\\":\\"15797211988331096831\\",\\"title\\":\\"Must buy\\",\\"details\\":\\"Best budget mobile with all the best features.\\",\\"rating\\":4,\\"review_date\\":\\"16 November 2024\\",\\"reviewer\\":\\"\\",\\"store\\":\\"noon.com/uae-en/\\",\\"created_at\\":\\"$D2024-12-01T14:01:57.793Z\\",\\"thumbnails\\":null},{\\"review_id\\":12146958,\\"pid\\":83429707,\\"gid\\":\\"15797211988331096831\\",\\"title\\":\\"On internet everywhere they said this is a snapdragon 6gen3\\",\\"details\\":\\"On internet everywhere they said this is a snapdragon 6gen3, but when I received this phone and I checked microprocessor it was not the same, microprocessor is something else not the snapdragon\\",\\"rating\\":4,\\"review_date\\":\\"9 November 2024\\",\\"reviewer\\":\\"Farhan P.\\",\\"store\\":\\"noon.com/uae-en/\\",\\"created_at\\":\\"$D2024-12-01T14:01:57.793Z\\",\\"thumbnails\\":null},{\\"review_id\\":12146957,\\"pid\\":83429707,\\"gid\\":\\"15797211988331096831\\",\\"title\\":\\"people purchased thinking it was nano + nano sim\\",\\"details\\":\\"People purchased this phone thinking it was nano + nano configuration and then got sent esim + nano instead. motorola uk website showed that the mot g75 had nano sim + nano sim. but later changed it to esim + nano sim. so either motorola initially put the wrong details on the website , or it was a mess up at the factory , ie did motorola order nano + nano configuration from factory in china and they messed up ? and then when they shipped the phone with wrong configuration they just changed spec on their website ? because all the reviews that came out first stated it had nano + nano facility.\\",\\"rating\\":1,\\"review_date\\":\\"14 November 2024\\",\\"reviewer\\":\\"wizdumb\\",\\"store\\":\\"motorola.co.uk\\",\\"created_at\\":\\"$D2024-12-01T14:01:57.793Z\\",\\"thumbnails\\":[\\"https://encrypted-tbn2.gstatic.com/shopping?q=tbn:ANd9GcRIt9VoCvfxQOjQnzzO4k1rizOQl9Y5tUeODDYJu-SNtZDuqyNgnqGj38gD1_mK5EIBUxuusMz4RWvxA6-dnUELNzuNJtqQ9woySfRgPRNiej5W5URwvdQdGQ\\",\\"https://encrypted-tbn1.gstatic.com/shopping?q=tbn:ANd9GcR2HqJ4hYu9-qIowJ4Dl-TvENKO-d_dXEXLofIJInNQzlG7-Jl7AgWeF7J46DRiQSAOgDGoNf_2ESJaIoBeSBxKdKhSGrj5hNt_fXdTwkwGeic-7LPqxPFDig\\",\\"https://encrypted-tbn2.gstatic.com/shopping?q=tbn:ANd9GcSBpWTE7-ivCZyUCeAGXIyrIMXKEboYFdJdNKbeSr35-BaMg4U5mn-ilzH4fLm8YYvP6AKH3WbVknoXx8huEC9psXOzL1apuElUPsmyjXpnAYYwjvy4F90pdDE\\"]},{\\"review_id\\":12146956,\\"pid\\":83429707,\\"gid\\":\\"15797211988331096831\\",\\"title\\":\\"The only phone that has everything I want\\",\\"details\\":\\"Absolute Pinnacle of Value such a bargain. It\'s fast, has support for dual SIM and eSIM. Has expandable storage, IP68 so it can be submerged into water, it has wireless charging, Military drop tested approved, has Gorilla Glass 5. The screen is LCD rather than OLED, which in my view is better because it\'s more eye friendly than OLED (PWM method that OLED uses can cause eyestrain and headaches)I went for green because the black option does not have the faux leather on the back and I found it to be too slippy so I returned it.The battery lasts a long time, after a full days use it still shows 50 percent. I\'m very happy with image quality.Oh and the camera has Optical image stabilisation and at this price point it is hard to find.\\",\\"rating\\":5,\\"review_date\\":\\"10 November 2024\\",\\"reviewer\\":\\"Smithy\\",\\"store\\":\\"motorola.co.uk\\",\\"created_at\\":\\"$D2024-12-01T14:01:57.793Z\\",\\"thumbnails\\":[\\"https://encrypted-tbn1.gstatic.com/shopping?q=tbn:ANd9GcSb1QrN0DeSZDPRzuEYbkHKq9puZRr_-o9vzFhg5GK47QP70agUJyeMsNwDxH2PB6E1Jf2SfruHSs1pxhRdiFOKB0D9hibbbGLDvSMaLUMDB3Rc4_Arl9enpQ8\\",\\"https://encrypted-tbn1.gstatic.com/shopping?q=tbn:ANd9GcTynVt7ocP6bzQ7c56Ac_gq3REyxv0EFXGeOjgUTTMk3cZdnQN06NPOgVUDqtzOo-rAeLclMXLVRmlHW9g47fg2fViEDG-nSBVbJ9KeaqMyS4dKkp0f2kySs7g\\"]}],\\"detail\\":{\\"specs\\":[{\\"name\\":\\"Network\\",\\"value\\":\\"5G\\"},{\\"name\\":\\"Sim Card Type\\",\\"value\\":\\"eSIM / Nano\\"},{\\"name\\":\\"Operating System\\",\\"value\\":\\"Android 14\\"},{\\"name\\":\\"Display\\",\\"value\\":\\"6.8 inches Full HD+\\"},{\\"name\\":\\"Video Recording\\",\\"value\\":\\"4K\\"},{\\"name\\":\\"Phone Family\\",\\"value\\":\\"Moto g75\\"},{\\"name\\":\\"Expandable Storage\\",\\"value\\":\\"up to 1TB microSD card expandable\\"},{\\"name\\":\\"RAM Size\\",\\"value\\":\\"8GB\\"},{\\"name\\":\\"Bluetooth\\",\\"value\\":\\"5.4\\"},{\\"name\\":\\"GPS\\",\\"value\\":\\"GPS A-GPS LTEPP SUPL GLONASS Galileo QZSS BeiDou\\"},{\\"name\\":\\"Product Width (mm)\\",\\"value\\":\\"77.1\\"},{\\"name\\":\\"Product Height (mm)\\",\\"value\\":\\"165.95\\"},{\\"name\\":\\"Product Depth (mm)\\",\\"value\\":\\"7.99\\"},{\\"name\\":\\"Battery\\",\\"value\\":\\"5000mAh\\"},{\\"name\\":\\"Manufacturer\'s Warranty\\",\\"value\\":\\"2 Years\\"},{\\"name\\":\\"Storage Size\\",\\"value\\":\\"256GB\\"},{\\"name\\":\\"Colour\\",\\"value\\":\\"Charcoal Grey\\"},{\\"name\\":\\"Display Resolution\\",\\"value\\":\\"2388 1080\\"},{\\"name\\":\\"Weight (g)\\",\\"value\\":\\"180\\"},{\\"name\\":\\"Front Camera\\",\\"value\\":\\"8MP\\"},{\\"name\\":\\"Rear Camera\\",\\"value\\":\\"50MP\\"},{\\"name\\":\\"Release Year\\",\\"value\\":\\"2024\\"}],\\"pid\\":83429707,\\"gid\\":\\"15797211988331096831\\",\\"created_at\\":\\"$D2024-12-01T10:50:07.893Z\\"},\\"oz\\":[{\\"node\\":908653,\\"title\\":\\"[eBay Plus, Back Order] Motorola Moto G75 5G (Bonus: Moto Buds, Dual Sim, 256GB/8GB, 6.8\'\') $230.30 Delivered @ Allphones eBay - OzBargain\\",\\"upvotes\\":145,\\"downvotes\\":0,\\"link\\":\\"https://www.ebay.com.au/itm/167115114606\\",\\"created_at\\":\\"$D2025-06-03T02:01:01.730Z\\",\\"updated_at\\":\\"$D2025-06-03T08:00:05.574Z\\",\\"pid\\":83429707,\\"status\\":\\"out of stock\\",\\"coupon\\":\\"JUNEOFY\\",\\"seller_id\\":157},{\\"node\\":905382,\\"title\\":\\"Motorola G75 5G 8GB RAM/256GB Storage \\u0026 Bonus Moto Buds $296.10 Delivered / C\\u0026C (Everyday Rewards Required) @ BIG W - OzBargain\\",\\"upvotes\\":100,\\"downvotes\\":0,\\"link\\":\\"https://www.bigw.com.au/product/moto-g75-5g-256gb-grey-with-moto-buds/p/6001651\\",\\"created_at\\":\\"$D2025-05-12T04:00:21.738Z\\",\\"updated_at\\":\\"$D2025-05-24T06:00:24.532Z\\",\\"pid\\":83429707,\\"status\\":\\"expired\\",\\"coupon\\":\\"XMAY2025\\",\\"seller_id\\":52},{\\"node\\":905505,\\"title\\":\\"Motorola G75 5G 8GB RAM/256GB Storage \\u0026 Bonus Moto Buds $287, Dyson WashG1 $539 + Delivery ($0 C\\u0026C) @ The Good Guys - OzBargain\\",\\"upvotes\\":78,\\"downvotes\\":0,\\"link\\":\\"https://www.thegoodguys.com.au/motorola-g75-5g-256gb-charcoal-grey-11901327984\\",\\"created_at\\":\\"$D2025-05-13T00:00:20.459Z\\",\\"updated_at\\":\\"$D2025-05-14T16:00:07.499Z\\",\\"pid\\":83429707,\\"status\\":\\"expired\\",\\"coupon\\":\\"DEAL\\",\\"seller_id\\":10},{\\"node\\":905614,\\"title\\":\\"Motorola G75 5G 8GB RAM/256GB Storage \\u0026 Bonus Moto Buds \\u0026 Cord Grippers 6 Pack $260 + Delivery ($0 C\\u0026C) @ The Good Guys - OzBargain\\",\\"upvotes\\":250,\\"downvotes\\":0,\\"link\\":\\"https://www.thegoodguys.com.au/motorola-g75-5g-256gb-charcoal-grey-11901327984\\",\\"created_at\\":\\"$D2025-05-13T10:00:28.563Z\\",\\"updated_at\\":\\"$D2025-05-14T16:00:06.073Z\\",\\"pid\\":83429707,\\"status\\":\\"expired\\",\\"coupon\\":\\"DEAL\\",\\"seller_id\\":10}]}}]\\n'] (hydration_parser.py:28)
2025-09-22 13:00:45 [INFO] [DIAG] resolved_cache: {'1': 'HL["/_next/static/media/2b3f1035ed87a788-s.p.woff2","font",{"crossOrigin":"","type":"font/woff2"}]', '2': 'HL["/_next/static/media/8bf7b2ceda89477b-s.p.woff2","font",{"crossOrigin":"","type":"font/woff2"}]', '3': 'HL["/_next/static/css/e0d445a9cf4aff75.css","style"]', '4': 'I[89562,[],""]', '7': 'I[78703,[],""]', '9': 'I[53751,[],""]', 'c': 'I[11478,["3655","static/chunks/3655-f78e4e363a5541d0.js","395","static/chunks/app/product/%5Bslug%5D/layout-afd1e0771fc65a8b.js"],""]', 'd': 'I[25719,["3655","static/chunks/3655-f78e4e363a5541d0.js","6290","static/chunks/6290-2a8ce89a0b5a3df8.js","3895","static/chunks/app/product/%5Bslug%5D/@offers/loading-91e67d2edba3eaa4.js"],"default"]', 'e': 'I[88170,["3655","static/chunks/3655-f78e4e363a5541d0.js","6290","static/chunks/6290-2a8ce89a0b5a3df8.js","3895","static/chunks/app/product/%5Bslug%5D/@offers/loading-91e67d2edba3eaa4.js"],""]', 'f': 'I[44863,["3655","static/chunks/3655-f78e4e363a5541d0.js","395","static/chunks/app/product/%5Bslug%5D/layout-afd1e0771fc65a8b.js"],""]', '10': 'I[39146,["3655","static/chunks/3655-f78e4e363a5541d0.js","6290","static/chunks/6290-2a8ce89a0b5a3df8.js","2665","static/chunks/2665-2d172eda87a962e3.js","6435","static/chunks/app/product/%5Bslug%5D/@info/loading-1c1ee849e97e6a1a.js"],""]', '13': 'I[79165,["3655","static/chunks/3655-f78e4e363a5541d0.js","6290","static/chunks/6290-2a8ce89a0b5a3df8.js","6381","static/chunks/6381-2b873addadcb95f3.js","6310","static/chunks/6310-99207018fb617736.js","5469","static/chunks/5469-d5f85e2b5dbb2663.js","6341","static/chunks/6341-ca54939c2b36d77d.js","6252","static/chunks/6252-920c83842bca245b.js","6574","static/chunks/6574-85b13196e7d2f55e.js","307","static/chunks/307-cefa9bd2f7381bf5.js","2665","static/chunks/2665-2d172eda87a962e3.js","684","static/chunks/684-7de3c401504b82a2.js","7269","static/chunks/7269-a4bddb872ba784d5.js","8327","static/chunks/8327-5596df2c7a80e7eb.js","5135","static/chunks/5135-e150b38f04bc4ae4.js","5127","static/chunks/5127-7de194f1c35db063.js","5805","static/chunks/5805-5009d17ba83b5e07.js","3185","static/chunks/app/layout-0606493c769120ee.js"],"default"]', '14': 'I[72470,["3655","static/chunks/3655-f78e4e363a5541d0.js","6290","static/chunks/6290-2a8ce89a0b5a3df8.js","6381","static/chunks/6381-2b873addadcb95f3.js","6310","static/chunks/6310-99207018fb617736.js","5469","static/chunks/5469-d5f85e2b5dbb2663', '15': 'I[68744,["3655","static/chunks/3655-f78e4e363a5541d0.js","6290","static/chunks/6290-2a8ce89a0b5a3df8.js","6381","static/chunks/6381-2b873addadcb95f3.js","6310","static/chunks/6310-99207018fb617736.js","5469","static/chunks/5469-d5f85e2b5dbb2663.js","6341","static/chunks/6341-ca54939c2b36d77d.js","6252","static/chunks/6252-920c83842bca245b.js","6574","static/chunks/6574-85b13196e7d2f55e.js","307","static/chunks/307-cefa9bd2f7381bf5.js","2665","static/chunks/2665-2d172eda87a962e3.js","684","static/chunks/684-7de3c401504b82a2.js","7269","static/chunks/7269-a4bddb872ba784d5.js","8327","static/chunks/8327-5596df2c7a80e7eb.js","5135","static/chunks/5135-e150b38f04bc4ae4.js","5127","static/chunks/5127-7de194f1c35db063.js","5805","static/chunks/5805-5009d17ba83b5e07.js","3185","static/chunks/app/layout-0606493c769120ee.js"],"EventsProvider"]', '16': 'I[58977,["3655","static/chunks/3655-f78e4e363a5541d0.js","6290","static/chunks/6290-2a8ce89a0b5a3df8.js","6381","static/chunks/6381-2b873addadcb95f3.js","6310","static/chunks/6310-99207018fb617736.js","5469","static/chunks/5469-d5f85e2b5dbb2663.js","6341","static/chunks/6341-ca54939c2b36d77d.js","6252","static/chunks/6252-920c83842bca245b.js","6574","static/chunks/6574-85b13196e7d2f55e.js","307","static/chunks/307-cefa9bd2f7381bf5.js","2665","static/chunks/2665-2d172eda87a962e3.js","684","static/chunks/684-7de3c401504b82a2.js","7269","static/chunks/7269-a4bddb872ba784d5.js","8327","static/', '17': 'I[66973,["3655","static/chunks/3655-f78e4e363a5541d0.js","6290","static/chunks/6290-2a8ce89a0b5a3df8.js","6381","static/chunks/6381-2b873addadcb95f3.js","6310","static/chunks/6310-99207018fb617736.js","5469","static/chunks/5469-d5f85e2b5dbb2663.js","6341","static/chunks/6341-ca54939c2b36d77d.js","6252","static/chunks/6252-920c83842bca245b.js","6574","static/chunks/6574-85b13196e7d2f55e.js","307","static/chunks/307-cefa9bd2f7381bf5.js","2665","static/chunks/2665-2d172eda87a962e3.js","684","static/chunks/684-7de3c401504b82a2.js","7269","static/chunks/7269-a4bddb872ba784d5.js","8327","static/chunks/8327-5596df2c7a80e7eb.js","5135","static/chunks/5135-e150b38f04bc4ae4.js","5127","static/chunks/5127-7de194f1c35db063.js","5805","static/chunks/5805-5009d17ba83b5e07.js","3185","static/chunks/app/layout-0606493c769120ee.js"],"CollectionsProvider"]', '18': 'I[32206,["3655","static/chunks/3655-f78e4e363a5541d0.js","6290","static/chunks/6290-2a8ce89a0b5a3df8.js","6381","static/chunks/6381-2b873addadcb95f3.js","6310","static/chunks/6310-99207018fb617736.js","5469","static/chunks/5469-d5f85e2b5dbb2663.js","6341","static/chunks/6341-ca54939c2b36d77d.js","6252","static/chunks/6252-920c83842bca245b.js","6574","static/chunks/6574-85b13196e7d2f55e.js","307","static/chunks/307-cefa9bd2f7381bf5.js","2665","static/chunks/2665-2d172eda87a962e3.js","684","static/chunks/684-7de3c401504b82a2.js","7269","static/chunks/7269-a4bddb872ba784d5.js","8327","static/chunks/8327-5596df2c7a80e7eb.js","5135","static/chunks/5135-e150b38f04bc4ae4.js","5127","static/chunks/5127-7de194f1c35db063.js","5805","static/chunks/5805-5009d17ba83b5e07.js","3185","static/chunks/app/layout-0606493c769120ee.js"],"SearchProvider"]', '19': 'I[25115,["3655","static/chunks/3655-f78e4e363a5541d0.js","6290","static/chunks/6290-2a8ce89a0b5a3df', '1b': 'I[20977,["3655","static/chunks/3655-f78e4e363a5541d0.js","6290","static/chunks/6290-2a8ce89a0b5a3df8.js","6381","static/chunks/6381-2b873addadcb95f3.js","6310","static/chunks/6310-99207018fb617736.js","5469","static/chunks/5469-d5f85e2b5dbb2663.js","9160","static/chunks/app/not-found-9fe2d208d6f479a3.js"],"default"]', '1c': 'I[79529,["3655","static/chunks/3655-f78e4e363a5541d0.js","6290","static/chunks/6290-2a8ce89a0b5a3df8.js","6381","static/chunks/6381-2b873addadcb95f3.js","6310","static/chunks/6310-99207018fb617736.js","5469","static/chunks/5469-d5f85e2b5dbb2663.js","6341","static/chunks/6341-ca54939c2b36d77d.js","6252","static/chunks/6252-920c83842bca245b.js","6574","static/chunks/6574-85b13196e7d2f55e.js","307","static/chunks/307-cefa9bd2f7381bf5.js","2665","static/chunks/2665-2d172eda87a962e3.js","684","static/chunks/684-7de3c401504b82a2.js","7269","static/chunks/7269-a4bddb872ba784d5.js","8327","static/chunks/8327-5596df2c7a80e7eb.js","5135","static/chunks/5135-e150b38f04bc4ae4.js","5127","static/chunks/5127-7de194f1c35db063.js","5805","static/chunks/5805-5009d17ba83b5e07.js","3185","static/chunks/app/layout-0606493c769120ee.js"],"default"]', '1d': 'I[74906,["3655","static/chunks/3655-f78e4e363a5541d0.js","6290","static/chunks/6290-2a8ce89a0b5a3df8.js","6381","static/chunks/6381-2', '1e': 'I[25327,["3655","static/chunks/3655-f78e4e363a5541d0.js","6290","static/chunks/6290-2a8ce89a0b5a3df8.js","6381","static/chunks/6381-2b873addadcb95f3.js","6310","static/chunks/6310-99207018fb617736.js","5469","static/chunks/5469-d5f85e2b5dbb2663.js","6341","static/chunks/6341-ca54939c2b36d77d.js","6252","static/chunks/6252-920c83842bca245b.js","6574","static/chunks/6574-85b13196e7d2f55e.js","307","static/chunks/307-cefa9bd2f7381bf5.js","2665","static/chunks/2665-2d172eda87a962e3.js","684","static/chunks/684-7de3c401504b82a2.js","7269","static/chunks/7269-a4bddb872ba784d5.js","8327","static/chunks/8327-5596df2c7a80e7eb.js","5135","static/chunks/5135-e150b38f04bc4ae4.js","5127","static/chunks/5127-7de194f1c35db063.js","5805","static/chunks/5805-5009d17ba83b5e07.js","3185","static/chunks/app/layout-0606493c769120ee.js"],""]', '20': 'I[51395,[],""]', '8': '["slug","motorola-moto-g75-5g-256gb-grey-with-buds","d"]', '21': '[]', '0': '[[["$","link","0",{"rel":"stylesheet","href":"/_next/static/css/e0d445a9cf4aff75.css","precedence":"next","crossOrigin":"$undefined"}]],["$","$L4",null,{"buildId":"vVT_ICiXqaGX8gcuY6VmE","assetPrefix":"","initialCanonicalUrl":"/product/motorola-moto-g75-5g-256gb-grey-with-buds","initialTree":["",{"children":["product",{"children":[["slug","motorola-moto-g75-5g-256gb-grey-with-buds","d"],{"category":["__PAGE__",{"children":["__PAGE__",{}]}],"info":["__PAGE__",{"children":["__PAGE__",{}]}],"offers":["__PAGE__",{"children":["__PAGE__",{}]}],"children":["__DEFAULT__",{}]}]}]},"$undefined","$undefined",true],"initialSeedData":["",{"children":["product",{"children":[["slug","motorola-moto-g75-5g-256gb-grey-with-buds","d"],{"category":["__PAGE__",{"children":["__PAGE__",{},[["$L5","$L6"],null],null]},["$","$L7",null,{"parallelRouterKey":"children","segmentPath":["children","product","children",["slug","motorola-moto-g75-5g-256gb-grey-with-buds","d"],"category","__PAGE__","children"],"error":"$undefined","errorStyles":"$undefined","errorScripts":"$undefined","template":["$","$L9",null,{}],"templateStyles":"$undefined","templateScripts":"$undefined","notFound":"$undefined","notFoundStyles":"$undefined","styles":null}],null],"info":["__PAGE__",{"children":["__PAGE__",{},[[null,"$Lb"],null],null]},["$","$L7",null,{"parallelRouterKey":"children","segmentPath":["children","product","children",["slug","motorola-moto-g75-5g-256gb-grey-with-buds","d"],"info","__PAGE__","children"],"error":"$undefined","errorStyles":"$undefined","errorScripts":"$undefined","template":["$","$L9",null,{}],"templateStyles":"$undefined","templateScripts":"$undefined","notFound":"$undefined","notFoundStyles":"$undefined","styles":null}],[[["$","$Lc",null,{"sx":{"display":{"xs":"flex","md":"none"},"width":"100%"},"children":["$","$Ld",null,{"width":"100%","spacing":2,"mb":2,"children":[["$","$Le",null,{"variant":"rectangular","width":"100%","height":300}],["$","$Le",null,{"variant":"rounded","height":250}]]}]}],["$","$Lc",null,{"sx":{"display":{"xs":"none","md":"flex"}},"children":["$","$Lf",null,{"children":["$","$Lc",null,{"width":"100%","mb":2,"children":["$","$L10",null,{"container":true,"justifyContent":"space-around","children":[["$","$Le",null,{"variant":"rectangular","width":380,"height":400}],["$","$L10",null,{"item":true,"md":6,"xs":12,"alignItems":"center","children":[["$","$Le",null,{"width":400,"height":50}],["$","$Lc",null,{"my":4,"children":["$","$Le",null,{"variant":"rounded","width":600,"height":200}]}]]}]]}]}]}]}]],[],[]]],"offers":["__PAGE__",{"children":["__PAGE__",{},[[null,"$L11"],null],null]},["$","$L7",null,{"parallelRouterKey":"children","segmentPath":["children","product","children",["slug","motorola-moto-g75-5g-256gb-grey-with-buds","d"],"offers","__PAGE__","children"],"error":"$undefined","errorStyles":"$undefined","errorScripts":"$undefined","template":["$","$L9",null,{}],"templateStyles":"$undefined","templateScripts":"$undefined","notFound":"$undefined","notFoundStyles":"$undefined","styles":null}],[[["$","$Lc",null,{"sx":{"display":{"xs":"flex","md":"none"}},"children":["$","$Ld",null,{"spacing":2,"width":"100%","pt":2,"children":[["$","$Le",null,{"variant":"rounded","width":"100%","height":30}],[["$","$Le","0",{"width":"100%","height":80,"variant":"rounded"}],["$","$Le","1",{"width":"100%","height":80,"variant":"rounded"}],["$","$Le","2",{"width":"100%","height":80,"variant":"rounded"}],["$","$Le","3",{"width":"100%","height":80,"variant":"rounded"}],["$","$Le","4",{"width":"100%","height":80,"variant":"rounded"}]]]}]}],["$","$Lc",null,{"sx":{"display":{"xs":"none","md":"flex"}},"children":["$","$Ld",null,{"spacing":2,"my":2,"width":"100%","children":[["$","$Le",null,{"variant":"rounded","width":280,"height":30}],["$","$Ld",null,{"spacing":2,"children":[["$","$Le","0",{"width":"100%","height":60,"variant":"rounded"}],["$","$Le","1",{"width":"100%","height":60,"variant":"rounded"}],["$","$Le","2",{"width":"100%","height":60,"variant":"rounded"}],["$","$Le","3",{"width":"100%","height":60,"variant":"rounded"}],["$","$Le","4",{"width":"100%","height":60,"variant":"rounded"}],["$","$Le","5",{"width":"100%","height":60,"variant":"rounded"}],["$","$Le","6",{"width":"100%","height":60,"variant":"rounded"}],["$","$Le","7",{"width":"100%","height":60,"variant":"rounded"}],["$","$Le","8",{"width":"100%","height":60,"variant":"rounded"}],["$","$Le","9",{"width":"100%","height":60,"variant":"rounded"}]]}]]}]}]],[],[]]],"children":["__DEFAULT__",{},[[null,"$L12"],null],null]},[["$","$Lc",null,{"children":[["$","$Lc",null,{"sx":{"bgcolor":"background.paper","boxShadow":"0 2px 4px rgba(0,0,0,0.1)"},"pt":2,"children":["$","$Lf",null,{"children":[["$","$L7",null,{"parallelRouterKey":"category","segmentPath":["children","product","children",["slug","motorola-moto-g75-5g-256gb-grey-with-buds","d"],"category"],"error":"$undefined","errorStyles":"$undefined","errorScripts":"$undefined","template":["$","$L9",null,{}],"templateStyles":"$undefined","templateScripts":"$undefined","notFound":"$undefined","notFoundStyles":"$undefined","styles":null}],["$","$L7",null,{"parallelRouterKey":"info","segmentPath":["children","product","children",["slug","motorola-moto-g75-5g-256gb-grey-with-buds","d"],"info"],"error":"$undefined","errorStyles":"$undefined","errorScripts":"$undefined","template":["$","$L9",null,{}],"templateStyles":"$undefined","templateScripts":"$undefined","notFound":"$undefined","notFoundStyles":"$undefined","styles":null}]]}]}],["$","$Lf",null,{"children":["$","$L7",null,{"parallelRouterKey":"offers","segmentPath":["children","product","children",["slug","motorola-moto-g75-5g-256gb-grey-with-buds","d"],"offers"],"error":"$undefined","errorStyles":"$undefined","errorScripts":"$undefined","template":["$","$L9",null,{}],"templateStyles":"$undefined","templateScripts":"$undefined","notFound":"$undefined","notFoundStyles":"$undefined","styles":null}]}]]}],null],null]},["$","$L7",null,{"parallelRouterKey":"children","segmentPath":["children","product","children"],"error":"$undefined","errorStyles":"$undefined","errorScripts":"$undefined","template":["$","$L9",null,{}],"templateStyles":"$undefined","templateScripts":"$undefined","notFound":"$undefined","notFoundStyles":"$undefined","styles":null}],null]},[["$","html",null,{"lang":"en","className":"__className_6b8127","children":[["$","body",null,{"children":[["$","$L13",null,{"options":{"enableCssLayer":true},"children":["$","$L14",null,{"children":["$","$L15",null,{"children":["$","$L16",null,{"children":["$","$L17",null,{"children":["$","$L18",null,{"children":["$","$L19",null,{"children":["$","$Ld",null,{"sx":{"minHeight":"100vh","display":"flex","flexDirection":"column"},"children":["$L1a",["$","$Lc",null,{"sx":{"mt":8,"flex":1},"children":["$","$L7",null,{"parallelRouterKey":"children","segmentPath":["children"],"error":"$undefined","errorStyles":"$undefined","errorScripts":"$undefined","template":["$","$L9",null,{}],"templateStyles":"$undefined","templateScripts":"$undefined","notFound":["$","$L1b",null,{}],"notFoundStyles":[],"styles":null}]}],["$","$L1c",null,{}]]}]}]}]}]}]}]}]}],["$","$L1d",null,{"gaId":"G-M91Z4R0XFN"}]]}],["$","$L1e",null,{"async":true,"strategy":"lazyOnload","src":"https://pagead2.googlesyndication.com/pagead/js/adsbygoogle.js?client=ca-pub-3043658465039401","crossOrigin":"anonymous"}]]}],null],null],"couldBeIntercepted":false,"initialHead":[null,"$L1f"],"globalErrorComponent":I[51395,[],""],"missingSlots":"$W21"}]]', 'a': 'null', '12': 'E{"digest":"NEXT_NOT_FOUND"}', '22': 'I[5821,["3655","static/chunks/3655-f78e4e363a5541d0.js","6290","static/chunks/6290-2a8ce89a0b5a3df8.js","6381","static/chunks/6381-2b873addadcb95f3.js","6310","static/chunks/6310-99207018fb617736.js","5469","static/chunks/5469-d5f85e2b5dbb2663.js","6341","static/chunks/6341-ca54939c2b36d77d.js","6252","static/chunks/6252-920c83842bca245b.js","6574","static/chunks/6574-85b13196e7d2f55e.js","307","static/chunks/307-cefa9bd2f7381bf5.js","2665","static/chunks/2665-2d172eda87a962e3.js","684","static/chunks/684-7de3c401504b82a2.js","7269","static/chunks/7269-a4bddb872ba784d5.js","8327","static/chunks/8327-5596df2c7a80e7eb.js","5135","static/chunks/5135-e150b38f04bc4ae4.js","5127","static/chunks/5127-7de194f1c35db063.js","5805","static/chunks/5805-5009d17ba83b5e07.js","3185","static/chunks/app/layout-0606493c769120ee.js"],""]', '23': 'I[6063,["3655","static/chunks/3655-f78e4e363a5541d0.js","6290","static/chunks/6290-2a8ce89a0b5a3df8.js","6381","static/chunks/6381-2b873addadcb95f3.js","6310","static/chunks/6310-99207018fb617736.js","5469","static/chunks/5469-d5f85e2b5dbb2663.js","6341","static/chunks/6341-ca54939c2b36d77d.js","6252","static/chunks/6252-920c83842bca245b.js","6574","static/chunks/6574-85b13196e7d2f55e.js","307","static/chunks/307-cefa9bd2f7381bf5.js","2665","static/chunks/2665-2d172eda87a962e3.js","684","static/chunks/684-7de3c401504b82a2.js","7269","static/chunks/7269-a4bddb872ba784d5.js","8327","static/chunks/8327-5596df2c7a80e7eb.js","5135","static/chunks/5135-e150b38f04bc4ae4.js","5127","static/chunks/5127-7de194f1c35db063.js","5805","static/chunks/5805-5009d17ba83b5e07.js","3185","static/chunks/app/layout-0606493c769120ee.js"],"default"]', '24': 'I[92163,["3655","static/chunks/3655-f78e4e363a5541d0.js","6290","static/chunks/6290-2a8ce89a0b5a3df8.js","6381","static/chunks/6381-2b873addadcb95f3.js","6310","static/chunks/6310-99207018fb617736.js","5469","static/chunks/5469-d5f85e2b5dbb2663.js","6341","static/chunks/6341-ca54939c2b36d77d.js","6252","static/chunks/6252-920c83842bca245b.js","6574","static/chunks/657', '25': 'I[5281,["3655","static/chunks/3655-f78e4e363a5541d0.js","6290","static/chunks/6290-2a8ce89a0b5a3df8.js","6381","static/chunks/6381-2b873addadcb95f3.js","6310","static/chunks/6310-99207018fb617736.js","5469","static/chunks/5469-d5f85e2b5dbb2663.js","6341","static/chunks/6341-ca54939c2b36d77d.js","6252","static/chunks/6252-920c83842bca245b.js","6574","static/chunks/6574-85b13196e7d2f55e.js","307","static/chunks/307-cefa9bd2f7381bf5.js","2665","static/chunks/2665-2d172eda87a962e3.js","684","static/chunks/684-7de3c401504b82a2.js","7269","static/chunks/7269-a4bddb872ba784d5.js","8327","static/chunks/8327-5596df2c7a80e7eb.js","5135","static/chunks/5135-e150b38f04bc4ae4.js","5127","static/chunks/5127-7de194f1c35db063.js","5805","static/chunks/5805-5009d17ba83b5e07.js","3185","static/chunks/app/layout-0606493c769120ee.js"],"default"]', '26': 'I[90996,["3655","static/chunks/3655-f78e4e363a5541d0.js","6290","static/chunks/6290-2a8ce89a0b5a3df8.js","6381","static/chunks/6381-2b873addadcb95f3.js","6310","static/chunks/6310-99207018fb617736.js","5469","static/chunks/5469-d5f85e2b5dbb2663.js","6341","static/chunks/6341-ca54939c2b36d77d.js","6252","static/chunks/6252-920c83842bca245b.js","6574","static/chunks/6574-85b13196e7d2f55e.js","307","static/chunks/307-cefa9bd2f7381bf5.js","2665","static/chunks/2665-2d172eda87a962e3.js","684","static/chunks/684-7de3c401504b82a2.js","7269","static/chunks/7269-a4bddb872ba784d5.js","8327","static/chunks/8327-5596df2c7a80e7eb.js","5135","static/chunks/5135-e150b38f04bc4ae4.js","5127","static/chunks/5127-7de194f1c35db063.js","5805","st', '1a': '["$","$L22",null,{"sx":{"backdropFilter":"blur(6px)","backgroundColor":"rgba(255, 255, 255, 0.8)","boxShadow":"0 2px 4px rgba(0,0,0,0.1)"},"children":["$","$Lf",null,{"children":[["$","$Ld",null,{"direction":"row","alignItems":"center","justifyContent":"space-between","sx":{"display":{"xs":"flex","md":"none"},"height":64},"children":[["$","$L23",null,{"isMobile":true}],["$","$L24",null,{}]]}],["$","$Ld",null,{"direction":"row","alignItems":"center","justifyContent":"space-between","sx":{"display":{"xs":"none","md":"flex"},"height":64},"children":[["$","$L23",null,{}],["$","$Lc",null,{"sx":{"display":"flex","alignItems":"center","gap":2},"children":[["$","$L25",null,{"trend":0.235162889442607,"history":[{"average_price_trend":0.235162889442607,"cycle":{"id":722,"cycle_timestamp":"$D2025-09-16T23:51:09.041Z"}},{"average_price_trend":-0.3933975791444141,"cycle":{"id":721,"cycle_timestamp":"$D2025-09-14T08:21:18.130Z"}},{"average_price_trend":0.03076422666606666,"cycle":{"id":720,"cycle_timestamp":"$D2025-09-13T12:04:33.238Z"}},{"average_price_trend":0.1977091683052522,"cycle":{"id":719,"cycle_timestamp":"$D2025-09-10T07:47:00.349Z"}},{"average_price_trend":0.04236148797531323,"cycle":{"id":718,"cycle_timestamp":"$D2025-09-06T06:54:04.013Z"}},{"average_price_trend":0.487140901639648,"cycle":{"id":717,"cycle_timestamp":"$D2025-09-03T22:06:25.743Z"}},{"average_price_trend":0.6299343931703866,"cycle":{"id":716,"cycle_timestamp":"$D2025-09-02T03:43:59.557Z"}},{"average_price_trend":0.113508464842328,"cycle":{"id":715,"cycle_timestamp":"$D2025-08-31T05:27:25.945Z"}},{"average_price_trend":-0.5754341906543936,"cycle":{"id":714,"cycle_timestamp":"$D2025-08-29T23:01:56.416Z"}},{"average_price_trend":-0.1559035659718694,"cycle":{"id":713,"cycle_timestamp":"$D2025-08-29T02:54:11.330Z"}},{"average_price_trend":0.1019465491560324,"cycle":{"id":712,"cycle_timestamp":"$D2025-08-26T02:50:00.523Z"}},{"average_price_trend":-0.01461561512320754,"cycle":{"id":711,"cycle_timestamp":"$D2025-08-23T14:42:35.806Z"}},{"average_price_trend":0.08809242857108397,"cycle":{"id":710,"cycle_timestamp":"$D2025-08-22T06:13:19.862Z"}},{"average_price_trend":0.923648449936234,"cycle":{"id":709,"cycle_timestamp":"$D2025-08-21T09:57:08.076Z"}},{"average_price_trend":1.36612974824761,"cycle":{"id":708,"cycle_timestamp":"$D2025-08-19T08:46:17.702Z"}},{"average_price_trend":-0.01859939297230051,"cycle":{"id":707,"cycle_timestamp":"$D2025-08-16T15:23:55.519Z"}},{"average_price_trend":-1.438164423979347,"cycle":{"id":706,"cycle_timestamp":"$D2025-08-15T02:13:45.730Z"}},{"average_price_trend":-0.1492754721908467,"cycle":{"id":705,"cycle_timestamp":"$D2025-08-14T06:11:54.445Z"}},{"average_price_trend":-0.0814588900931564,"cycle":{"id":704,"cycle_timestamp":"$D2025-08-08T09:30:50.961Z"}},{"average_price_trend":0.06597306483095598,"cycle":{"id":703,"cycle_timestamp":"$D2025-08-06T09:58:55.283Z"}}]}],["$","$L26",null,{}]]}]]}]]}]}]', '27': '"$Sreact.fragment"', '29': 'I[6632,["3655","static/chunks/3655-f78e4e363a5541d0.js","6381","static/chunks/6381-2b873addadcb95f3.js","635","static/chunks/635-de4a99a005c429a5.js","5153","static/chunks/app/product/%5Bslug%5D/@category/page-e562e2b22b747881.js"],""]', '2a': 'I[36049,["3655","static/chunks/3655-f78e4e363a5541d0.js","6381","static/chunks/6381-2b873addadcb95f3.js","635","static/chunks/635-de4a99a005c429a5.js","5153","static/chunks/app/product/%5Bslug%5D/@category/page-e562e2b22b747881.js"],""]', '28': '[["$","meta","0",{"name":"viewport","content":"width=device-width, initial-scale=1, maximum-scale=1"}],["$","meta","1",{"charSet":"utf-8"}],["$","title","2",{"children":"Motorola Moto G75 5G 256GB Grey with Buds - Price History, Comparison \\u0026 Alerts | BuyWisely"}],["$","meta","3",{"name":"description","content":"Crafted from premium materials and featuring military-grade¹ durability, moto g75 5G is made for everyday life. Capture sharp photos and smooth videos using the... Compare prices, track history, set alerts on BuyWisely."}],["$","meta","4",{"name":"keywords","content":"Motorola Moto G75 5G 256GB Grey with Buds, price comparison, price history, price alerts, best deals, online shopping, BuyWisely"}],["$","meta","5",{"name":"robots","content":"index, follow"}],["$","meta","6",{"name":"googlebot","content":"index, follow, max-video-preview:-1, max-image-preview:large, max-snippet:-1"}],["$","link","7",{"rel":"canonical","href":"https://buywisely.com.au/product/motorola-moto-g75-5g-256gb-grey-with-buds"}],["$","meta","8",{"property":"og:title","content":"Motorola Moto G75 5G 256GB Grey with Buds - Price History, Comparison \\u0026 Alerts"}],["$","meta","9",{"property":"og:description","content":"Crafted from premium materials and featuring military-grade¹ durability, moto g75 5G is made for everyday life. Capture sharp photos and smooth videos using the... Compare prices, track history, set alerts on BuyWisely."}],["$","meta","10",{"property":"og:image","content":"https://encrypted-tbn0.gstatic.com/shopping?q=tbn:ANd9GcTN0NDdrPCDIn9NaiVIb7vTMSRVKBOQbkBMTHJyb9dzqC_WY5IGMoYuvnsDtsI8XvfpsX50GHyVY5kvPm-1nSr2bXEkwcR1sLJr1IR1dAkwVcXTXGOCB8frf7o"}],["$","meta","11",{"name":"twitter:card","content":"summary_large_image"}],["$","meta","12",{"name":"twitter:title","content":"Price History, Comparison \\u0026 Tracking | Save Money on Your Purchases"}],["$","meta","13",{"name":"twitter:description","content":"Track price history, compare prices, and set price alerts for products across 20,000+ online shops. BuyWisely helps you find the best deals and make informed buying decisions."}],["$","meta","14",{"name":"twitter:image","content":"https://buywisely.com.au/assets/images/landing/preview.png"}],["$","meta","15",{"name":"next-size-adjust"}]]', '1f': '["$","$Sreact.fragment","k4GjLZXGGia1x7jDr8PXF",{"children":[["$","meta","0",{"name":"viewport","content":"width=device-width, initial-scale=1, maximum-scale=1"}],["$","meta","1",{"charSet":"utf-8"}],["$","title","2",{"children":"Motorola Moto G75 5G 256GB Grey with Buds - Price History, Comparison \\u0026 Alerts | BuyWisely"}],["$","meta","3",{"name":"description","content":"Crafted from premium materials and featuring military-grade¹ durability, moto g75 5G is made for everyday life. Capture sharp photos and smooth videos using the... Compare prices, track history, set alerts on BuyWisely."}],["$","meta","4",{"name":"keywords","content":"Motorola Moto G75 5G 256GB Grey with Buds, price comparison, price history, price alerts, best deals, online shopping, BuyWisely"}],["$","meta","5",{"name":"robots","content":"index, follow"}],["$","meta","6",{"name":"googlebot","content":"index, follow, max-video-preview:-1, max-image-preview:large, max-snippet:-1"}],["$","link","7",{"rel":"canonical","href":"https://buywisely.com.au/product/motorola-moto-g75-5g-256gb-grey-with-buds"}],["$","meta","8",{"property":"og:title","content":"Motorola Moto G75 5G 256GB Grey with Buds - Price History, Comparison \\u0026 Alerts"}],["$","meta","9",{"property":"og:description","content":"Crafted from premium materials and featuring military-grade¹ durability, moto g75 5G is made for everyday life. Capture sharp photos and smooth videos using the... Compare prices, track history, set alerts on BuyWisely."}],["$","meta","10",{"property":"og:image","content":"https://encrypted-tbn0.gstatic.com/shopping?q=tbn:ANd9GcTN0NDdrPCDIn9NaiVIb7vTMSRVKBOQbkBMTHJyb9dzqC_WY5IGMoYuvnsDtsI8XvfpsX50GHyVY5kvPm-1nSr2bXEkwcR1sLJr1IR1dAkwVcXTXGOCB8frf7o"}],["$","meta","11",{"name":"twitter:card","content":"summary_large_image"}],["$","meta","12",{"name":"twitter:title","content":"Price History, Comparison \\u0026 Tracking | Save Money on Your Purchases"}],["$","meta","13",{"name":"twitter:description","content":"Track price history, compare prices, and set price alerts for products across 20,000+ online shops. BuyWisely helps you find the best deals and make informed buying decisions."}],["$","meta","14",{"name":"twitter:image","content":"https://buywisely.com.au/assets/images/landing/preview.png"}],["$","meta","15",{"name":"next-size-adjust"}]]}]', '5': 'null', '6': '{"gid":"15797211988331096831","image":"https://encrypted-tbn0.gstatic.com/shopping?q=tbn:ANd9GcSMKJEcJ5xuZEACgvb5b-OsiulwL1b5Ivy7wbsYiJ3A2vpwsAhIjV_QMfs2iyap5nDsHiEzTcaeGYaz_I5WBRrUjD5abtI2D4WPYd1uowVZArHKnsIo95M\\u0026usqp=CAY"}', '2b': 'I[70760,["3655","static/chunks/3655-f78e4e363a5541d0.js","6290","static/chunks/6290-2a8ce89a0b5a3df8.js","6381","static/chunks/6381-2b873addadcb95f3.js","6310","static/chunks/6310-99207018fb617736.js","5469","static/chunks/5469-d5f85e2b5dbb2663.js","6341","static/chunks/6341-ca54939c2b36d77d.js","6252","static/chunks/6252-920c83842bca245b.js","6574","static/chunks/6574-85b13196e7d2f55e.js","307","static/chunks/307-cefa9bd2f7381bf5.js","2665","static/chunks/2665-2d172eda87a962e3.js","8393","static/chunks/8393-4175fa3c3129adeb.js","1682","static/chunks/1682-b2e703b472c280ea.js","9999","static/chunks/9999-f564e2e7fc5b6c44.js","4824","static/chunks/4824-507f78e55d96f9dc.js","1203","static/chunks/app/product/%5Bslug%5D/@info/page-4236f2b80fc1d44c.js"],"default"]', '2c': 'I[61165,["3655","static/chunks/3655-f78e4e363a5541d0.js","6290","static/chunks/6290-2a8ce89a0b5a3df8.js","6381","static/chunks/6381-2b873addadcb95f3.js","6310","static/chunks/6310-99207018fb617736.js","5469","static/chunks/5469-d5f85e2b5dbb2663.js","6341","static/chunks/6341-ca54939c2b36d77d.js","6252","static/chunks/6252-920c83842bca245b.js","6574","static/chunks/6574-85b13196e7d2f55e.js","307","static/chunks/307-cefa9bd2f7381bf5.js","2665","static/chunks/2665-2d172eda87a962e3.js","8393","static/chunks/8393-4175fa3c3129adeb.js","1682","static/chunks/1682-b2e703b472c280ea.js","9999","static/chunks/9999-f564e2e7fc5b6c44.js","4824","static/chunks/4824-507f78e55d96f9dc.js","1203","static/chunks/app/product/%5Bslug%5D/@info/page-4236f2b80fc1d44c.js"],"H2"]', '2d': 'I[67988,["3655","static/chunks/3655-f78e4e363a5541d0.js","6290","static/chunks/6290-2a8ce89a0b5a3df8.js","6381","static/chunks/6381-2b873addadcb95f3.js","6310","static/chunks/6310-99207018fb617736.js","5469","static/chunks/5469-d5f85e2b5dbb2663.js","6341","static/chunks/6341-ca54939c2b36d77d.js","6252","static/chunks/6252-920c83842bca245b.js","6574","static/chunks/6574-85b13196e7d2f55e.js","307","static/chunks/307-cefa9bd2f7381bf5.js","2665","static/chunks/2665-2d172eda87a962e3.js","8393","static/chunks', '2e': 'I[66079,["3655","static/chunks/3655-f78e4e363a5541d0.js","6290","static/chunks/6290-2a8ce89a0b5a3df8.js","6381","static/chunks/6381-2b873addadcb95f3.js","6310","static/chunks/6310-99207018fb617736.js","5469","static/chunks/5469-d5f85e2b5dbb2663.js","6341","static/chunks/6341-ca54939c2b36d77d.js","6252","static/chunks/6252-920c83842bca245b.js","6574","static/chunks/6574-85b13196e7d2f55e.js","307","static/chunks/307-cefa9bd2f7381bf5.js","2665","static/chunks/2665-2d172eda87a962e3.js","8393","static/chunks/8393-4175fa3c3129adeb.js","1682","static/chunks/1682-b2e703b472c280ea.js","9999","static/chunks/9999-f564e2e7fc5b6c44.js","4824","static/chunks/4824-507f78e55d96f9dc.js","1203","static/chunks/app/product/%5Bslug%5D/@info/page-4236f2b80fc1d44c.js"],""]', '2f': 'I[61165,["3655","static/chunks/3655-f78e4e363a5541d0.js","6290","static/chunks/6290-2a8ce89a0b5a3df8.js","6381","static/chunks/6381-2b873addadcb95f3.js","6310","static/chunks/6310-99207018fb617736.js","5469","static/chunks/5469-d5f85e2b5dbb2663.js","6341","static/chunks/6341-ca54939c2b36d77d.js","6252","static/chunks/6252-920c83842bca245b.js","6574","static/chunks/6574-85b13196e7d2f55e.js","307","static/chunks/307-cefa9bd2f7381bf5.js","2665","static/chunks/2665-2d172eda87a962e3.js","8393","static/chunks/8393-4175fa3c3129adeb.js","1682","static/chunks/1682-b2e703b472c280ea.js","9999","static/chunks/9999-f564e2e7fc5b6c44.js","4824","static/chunks/4824-507f78e55d96f9dc.js","1203","static/chunks/app/product/%5Bslug%5D/@info/page-4236f2b80fc1d44c.js"],"H6"]', '30': 'I[74191,["3655","static/chunks/3655-f78e4e363a5541d0.js","6290","static/chunks/6290-2a8ce89a0b5a3df8.js","6381","static/chunks/6381-2b873addadcb95f3.js","6310","static/chunks/6310-99207018fb617736.js","5469","static/chunks/5469-d5f85e2b5dbb2663.js","6341","stati', '31': 'I[61165,["3655","static/chunks/3655-f78e4e363a5541d0.js","6290","static/chunks/6290-2a8ce89a0b5a3df8.js","6381","static/chunks/6381-2b873addadcb95f3.js","6310","static/chunks/6310-99207018fb617736.js","5469","static/chunks/5469-d5f85e2b5dbb2663.js","6341","static/chunks/6341-ca54939c2b36d77d.js","6252","static/chunks/6252-920c83842bca245b.js","6574","static/chunks/6574-85b13196e7d2f55e.js","307","static/chunks/307-cefa9bd2f7381bf5.js","2665","static/chunks/2665-2d172eda87a962e3.js","8393","static/chunks/8393-4175fa3c3129adeb.js","1682","static/chunks/1682-b2e703b472c280ea.js","9999","static/chunks/9999-f564e2e7fc5b6c44.js","4824","static/chunks/4824-507f78e55d96f9dc.js","1203","static/chunks/app/product/%5Bslug%5D/@info/page-4236f2b80fc1d44c.js"],"Paragraph"]', '32': 'I[40958,["3655","static/chunks/3655-f78e4e363a5541d0.js","6290","static/chunks/6290-2a8ce89a0b5a3df8.js","6381","static/chunks/6381-2b873addadcb95f3.js","6310","static/chunks/6310-99207018fb617736.js","5469","static/chunks/5469-d5f85e2b5dbb2663.js","6341","static/chunks/6341-ca54939c2b36d77d.js","6252","static/chunks/6252-920c83842bca245b.js","6574","static/chunks/6574-85b13196e7d2f55e.js","307","static/chunks/307-cefa9bd2f7381bf5.js","2665","static/chunks/2665-2d172eda87a962e3.js","8393","static/chunks/8393-4175fa3c3129adeb.js","1682","static/chunks/1682-b2e703b472c280ea.js","9999","static/chunks/9999-f564e2e7fc5b6c44.js","4824","static/chunks/4824-507f78e55d96f9dc.js","1203","static/chunks/app/product/%5Bslug%5D/@info/page-4236f2b80fc1d44c.js"],"default"', '51': 'I[61165,["3655","static/chunks/3655-f78e4e363a5541d0.js","6290","static/chunks/6290-2a8ce89a0b5a3df8.js","6381","static/chunks/6381-2b873addadcb95f3.js","6310","static/chunks/6310-99207018fb617736.js","5469","static/chunks/5469-d5f85e2b5dbb2663.js","6341","static/chunks/6341-ca54939c2b36d77d.js","6252","static/chunks/6252-920c83842bca245b.js","6574","static/chunks/6574-85b13196e7d2f55e.js","307","static/chunks/307-cefa9bd2f7381bf5.js","2665","static/chunks/2665-2d172eda87a962e3.js","8393","static/chunks/8393-4175fa3c3129adeb.js","1682","static/chunks/1682-b2e703b472c280ea.js","9999","static/chunks/9999-f564e2e7fc5b6c44.js","4824","static/chunks/4824-507f78e55d96f9dc.js","1203","static/chunks/app/product/%5Bslug%5D/@info/page-4236f2b80fc1d44c.js"],"H4"]', '52': 'I[97452,["3655","static/chunks/3655-f78e4e363a5541d0.js","6290","static/chunks/6290-2a8ce89a0b5a3df8.js","6381","static/chunks/6381-2b873addadcb95f3.js","6310","static/chunks/6310-99207018fb617736.js","5469","static/chunks/5469-d5f85e2b5dbb2663.js","6341","static/chunks/6341-ca54939c2b36d77d.js","6252","static/chunks/6252-920c83842bca245b.js","6574","static/chunks/6574-85b13196e7d2f55e.js","307","static/chunks/307-cefa9bd2f7381bf5.js","2665","static/chunks/2665-2d172eda87a962e3.js","8393","static/chunks/8393-4175fa3c3129adeb.js","1682","static/chunks/1682-b2e703b472c280ea.js","9999","static/chunks/9999-f564e2e7fc5b6c44.js","4824","static/chunks/4824-507f78e55d96f9dc.js","1203","static/chunks/app/product/%5Bslug%5D/@info/page-4236f2b80fc1d44c.js"],""]', '53': 'I[65469,["3655","static/chunks/3655-f78e4e363a5541d0.js","6290","static/chunks/6290-2a8ce89a0b5a3df8.js","6381","static/chunks/6381-2b873addadcb95f3.js","6310","static/chunks/6310-99207018fb617736.js","5469","static/chunks/5469-d5f85e2b5dbb2663.js","6341","static/chunks/6341-ca54939c2b36d77d.js","6252","static/chunks/6252-920c83842bca245b.js","6574","static/chunks/6574-85b13196e7d2f55e.js","307","static/chunks/307-cefa9bd2f7381bf5.js","2665","static/chunks/2665-2d172eda87a962e3.js","8393","static/chunks/8393', '54': 'I[77509,["3655","static/chunks/3655-f78e4e363a5541d0.js","6290","static/chunks/6290-2a8ce89a0b5a3df8.js","6381","static/chunks/6381-2b873addadcb95f3.js","6310","static/chunks/6310-99207018fb617736.js","5469","static/chunks/5469-d5f85e2b5dbb2663.js","6341","static/chunks/6341-ca54939c2b36d77d.js","6252","static/chunks/6252-920c83842bca245b.js","6574","static/chunks/6574-85b13196e7d2f55e.js","307","static/chunks/307-cefa9bd2f7381bf5.js","2665","static/chunks/2665-2d172eda87a962e3.js","8393","static/chunks/8393-4175fa3c3129adeb.js","1682","static/chunks/1682-b2e703b472c280ea.js","9999","static/chunks/9999-f564e2e7fc5b6c44.js","4824","static/chunks/4824-507f78e55d96f9dc.js","1203","static/chunks/app/product/%5Bslug%5D/@info/page-4236f2b80fc1d44c.js"],"default"]', '55': 'I[61165,["3655","static/chunks/3655-f78e4e363a5541d0.js","6290","static/chunks/6290-2a8ce89a0b5a3df8.js","6381","static/chunks/6381-2b873addadcb95f3.js","6310","static/chunks/6310-99207018fb617736.js","5469","static/chunks/5469-d5f85e2b5dbb2663.js","6341","static/chunks/6341-ca54939c2b36d77d.js","6252","static/chunks/6252-920c83842bca245b.js","6574","static/chunks/6574-85b13196e7d2f55e.js","307","static/chunks/307-cefa9bd2f7381bf5.js","2665","static/chunks/2665-2d172eda87a962e3.js","8393","static/chunks/8393-4175fa3c3129adeb.js","1682","static/chunks/1682-b2e703b472c280ea.js","9999","static/chunks/9999-f564e2e7fc5b6c44.js","4824","static/chunks/4824-507f78e55d96f9dc.js","1203","static/chunks/app/product/%5Bslug%5D/@info/page-4236f2b80fc1d44c.js"],"H3"]', '56': 'I[61165,["3655","static/chunks/3655-f78e4e363a5541d0.js","6290","static/chunks/6290-2a8ce89a0b5a3df8.js","6381","static/chunks/6381-2b873addadcb95f3.js","6310","static/chunks/6310-99207018fb617736.js","5469","static/chunks/5469-d5f85e2b5dbb2663.js","6341","sta', '57': 'I[61165,["3655","static/chunks/3655-f78e4e363a5541d0.js","6290","static/chunks/6290-2a8ce89a0b5a3df8.js","6381","static/chunks/6381-2b873addadcb95f3.js","6310","static/chunks/6310-99207018fb617736.js","5469","static/chunks/5469-d5f85e2b5dbb2663.js","6341","static/chunks/6341-ca54939c2b36d77d.js","6252","static/chunks/6252-920c83842bca245b.js","6574","static/chunks/6574-85b13196e7d2f55e.js","307","static/chunks/307-cefa9bd2f7381bf5.js","2665","static/chunks/2665-2d172eda87a962e3.js","8393","static/chunks/8393-4175fa3c3129adeb.js","1682","static/chunks/1682-b2e703b472c280ea.js","9999","static/chunks/9999-f564e2e7fc5b6c44.js","4824","static/chunks/4824-507f78e55d96f9dc.js","1203","static/chunks/app/product/%5Bslug%5D/@info/page-4236f2b80fc1d44c.js"],"H5"]', '58': 'I[35658,["3655","static/chunks/3655-f78e4e363a5541d0.js","6290","static/chunks/6290-2a8ce89a0b5a3df8.js","6381","static/chunks/6381-2b873addadcb95f3.js","6310","static/chunks/6310-99207018fb617736.js","5469","static/chunks/5469-d5f85e2b5dbb2663.js","6341","static/chunks/6341-ca54939c2b36d77d.js","6252","static/chunks/6252-920c83842bca245b.js","6574","static/chunks/6574-85b13196e7d2f55e.js","307","static/chunks/307-cefa9bd2f7381bf5.js","2665","static/chunks/2665-2d172eda87a962e3.js","8393","static/chunks/8393-4175fa3c3129adeb.js","1682","static/chunks/1682-b2e703b472c280ea.js","9999","static/chunks/9999-f564e2e7fc5b6c44.js","4824","static/chunks/4824-507f78e55d96f9dc.js","1203","static/chunks/app/product/%5Bslug%5D/@info/page-4236f2b80fc1d44c.js"],"Image"]', '34': '[]', '37': '{"gid":"7830005719273689496","image":"https://encrypted-tbn2.gstatic.com/shopping?q=tbn:ANd9GcRj65GJdYa0MGuv8L9RWAAJVks98kaBva-KPH34o7Nn8_xgtjFvHpEsyG-G9u_PAZwKCzR1UnPFs6JC5duNRu9kW-AZSxHpJQaql2ly1iZ6Cl09iaqRzqc\\u0026usqp=CAY"}', '38': '{"gid":"10929348810251206946","image":"https://encrypted-tbn3.gstatic.com/shopping?q=tbn:ANd9GcQktEYbdVk26_5fVXmkf85U_V4MhhlgNSCKuEGMaIHFomdm78AIUKXN6e8XyuLWwiqXOJc6OF55c3TRby_V36YYx0Twj-TArJEJ3e_Z\\u0026usqp=CAY"}', '35': '["$36",{"gid":"7830005719273689496","image":"https://encrypted-tbn2.gstatic.com/shopping?q=tbn:ANd9GcRj65GJdYa0MGuv8L9RWAAJVks98kaBva-KPH34o7Nn8_xgtjFvHpEsyG-G9u_PAZwKCzR1UnPFs6JC5duNRu9kW-AZSxHpJQaql2ly1iZ6Cl09iaqRzqc\\u0026usqp=CAY"},{"gid":"10929348810251206946","image":"https://encrypted-tbn3.gstatic.com/shopping?q=tbn:ANd9GcQktEYbdVk26_5fVXmkf85U_V4MhhlgNSCKuEGMaIHFomdm78AIUKXN6e8XyuLWwiqXOJc6OF55c3TRby_V36YYx0Twj-TArJEJ3e_Z\\u0026usqp=CAY"}]', '39': '["https://encrypted-tbn0.gstatic.com/shopping?q=tbn:ANd9GcSqDaT816y1UmPhBrzkea3Dn_Hh8yTT3fZX4XBtJEkQcCWOz-LJ1AMEbRRDBSKM-M061mIP09PmjUwBgDldhA0acuhIAop7lQ\\u0026usqp=CAY","https://encrypted-tbn3.gstatic.com/shopping?q=tbn:ANd9GcQfbnmIwlniWJ2_8uNp4bDf-6Ju-12jrovvM3RkZ_F8hYC0DcS85hBW3VZ9oCT7zcvdcW7cG-u8JHbZQMXKs0v2Co4aSaICOQ\\u0026usqp=CAY","https://encrypted-tbn0.gstatic.com/shopping?q=tbn:ANd9GcR8UqT2y3HwL6mbcrp9X3EK1qROspiqDkg2j-9eEDSoFr4zLWQaFn_YrCOAi5hlWIs3MKewSYZSOFGmiREKJJNSBeWTMR7I\\u0026usqp=CAY","https://encrypted-tbn3.gstatic.com/shopping?q=tbn:ANd9GcSqlFWOdYRimHwGbRJI5IbP1AoXqAoJxhYRcQyn_ApjOgs6Plh_8JB3o2ty4s-L5Cg5FksrYalJmjsHi8o23nCuDdFhKywx\\u0026usqp=CAY","https://encrypted-tbn3.gstatic.com/shopping?q=tbn:ANd9GcTGaMNVsjZ6wopAkoCqf1frqUqC33R2pndPv3vm8_EbCO6PYXg6BBsU3OD398cOK_BW1ThT4nJXKLSf30DZHd0mG8Zq0KPDnw\\u0026usqp=CAY","https://encrypted-tbn3.gstatic.com/shopping?q=tbn:ANd9GcSNnV_WMDGVD4l6oHYCubmAQT7jpJwR2zyu-MbXinPr0z2qL-TKjOS5KkDIYnN4Fn69kQ-BiBFAiYqv9rH5kvHsmNICBre4\\u0026usqp=CAY","https://encrypted-tbn3.gstatic.com/shopping?q=tbn:ANd9GcTT9EARYceKt_jqn9X4MH43Ey1bIDrsnZc5wPjG0wS-F-wQ9PJta1l4A-AxAAyko3Z5IvHSgO0_Gnn4enHFUQoYVIaWvMZk\\u0026usqp=CAY","https://encrypted-tbn0.gstatic.com/shopping?q=tbn:ANd9GcTpF9PimunMhlcnHfgzkn895rKQb35EW48PS-IM0lwnuADaF5tC3szKbe9ZkxnAHAXp6fnGEBkgzmDcz0ElPmL-WzR4HBShmg\\u0026usqp=CAY","https://encrypted-tbn2.gstatic.com/shopping?q=tbn:AN', '3b': '{"name":"Network","value":"5G"}', '3c': '{"name":"Sim Card Type","value":"eSIM / Nano"}', '3d': '{"name":"Operating System","value":"Android 14"}', '3e': '{"name":"Display","value":"6.8 inches Full HD+"}', '3f': '{"name":"Video Recording","value":"4K"}', '40': '{"name":"Phone Family","value":"Moto g75"}', '41': '{"name":"Expandable Storage","value":"up to 1TB microSD card expandable"}', '42': '{"name":"RAM Size","value":"8GB"}', '43': '{"name":"Bluetooth","value":"5.4"}', '44': '{"name":"GPS","value":"GPS A-GPS LTEPP SUPL GLONASS Galileo QZSS BeiDou"}', '45': '{"name":"Product Width (mm)","value":"77.1"}', '46': '{"name":"Product Height (mm)","value":"165.95"}', '47': '{"name":"Product Depth (mm)","value":"7.99"}', '48': '{"name":"Battery","value":"5000mAh"}', '49': '{"name":"Manufacturer\'s Warranty","value":"2 Years"}', '4a': '{"name":"Storage Size","value":"256GB"}', '4b': '{"name":"Colour","value":"Charcoal Grey"}', '4c': '{"name":"Display Resolution","value":"2388 1080"}', '4d': '{"name":"Weight (g)","value":"180"}', '4e': '{"name":"Front Camera","value":"8MP"}', '4f': '{"name":"Rear Camera","value":"50MP"}', '50': '{"name":"Release Year","value":"2024"}', '3a': '[{"name":"Network","value":"5G"},{"name":"Sim Card Type","value":"eSIM / Nano"},{"name":"Operating System","value":"Android 14"},{"name":"Display","value":"6.8 inches Full HD+"},{"name":"Video Recording","value":"4K"},{"name":"Phone Family","value":"Moto g75"},{"name":"Expandable Storage","value":"up to 1TB microSD card expandable"},{"name":"RAM Size","value":"8GB"},{"name":"Bluetooth","value":"5.4"},{"name":"GPS","value":"GPS A-GPS LTEPP SUPL GLONASS Galileo QZSS BeiDou"},{"name":"Product Width (mm)","value":"77.1"},{"name":"Product Height (mm)","value":"165.95"},{"name":"Product Depth (mm)","value":"7.99"},{"name":"Battery","value":"5000mAh"},{"name":"Manufacturer\'s Warranty","value":"2 Years"},{"name":"Storage Size","value":"256GB"},{"name":"Colour","value":"Charcoal Grey"},{"name":"Display Resolution","value":"2388 1080"},{"name":"Weight (g)","value":"180"},{"name":"Front Camera","value":"8MP"},{"name":"Rear Camera","value":"50MP"},{"name":"Release Year","value":"2024"}]', '33': '{"title":"Motorola Moto G75 5G 256GB Grey with Buds","image":"https://encrypted-tbn0.gstatic.com/shopping?q=tbn:ANd9GcTN0NDdrPCDIn9NaiVIb7vTMSRVKBOQbkBMTHJyb9dzqC_WY5IGMoYuvnsDtsI8XvfpsX50GHyVY5kvPm-1nSr2bXEkwcR1sLJr1IR1dAkwVcXTXGOCB8frf7o","variants":', 'b': '[["$","$L10",null,{"container":true,"justifyContent":"space-around","spacing":{"xs":0,"md":0},"children":[["$","$L10",null,{"item":true,"md":4,"xs":12,"children":["$","$L2b",null,{"product":{"title":"Motorola Moto G75 5G 256GB Grey with Buds","image":"https://encrypted-tbn0.gstatic.com/shopping?q=tbn:ANd9GcTN0NDdrPCDIn9NaiVIb7vTMSRVKBOQbkBMTHJyb9dzqC_WY5IGMoYuvnsDtsI8XvfpsX50GHyVY5kvPm-1nSr2bXEkwcR1sLJr1IR1dAkwVcXTXGOCB8frf7o","variants":[],"colors":[{"gid":"15797211988331096831","image":"https://encrypted-tbn0.gstatic.com/shopping?q=tbn:ANd9GcSMKJEcJ5xuZEACgvb5b-OsiulwL1b5Ivy7wbsYiJ3A2vpwsAhIjV_QMfs2iyap5nDsHiEzTcaeGYaz_I5WBRrUjD5abtI2D4WPYd1uowVZArHKnsIo95M\\u0026usqp=CAY"},{"gid":"7830005719273689496","image":"https://encrypted-tbn2.gstatic.com/shopping?q=tbn:ANd9GcRj65GJdYa0MGuv8L9RWAAJVks98kaBva-KPH34o7Nn8_xgtjFvHpEsyG-G9u_PAZwKCzR1UnPFs6JC5duNRu9kW-AZSxHpJQaql2ly1iZ6Cl09iaqRzqc\\u0026usqp=CAY"},{"gid":"10929348810251206946","image":"https://encrypted-tbn3.gstatic.com/shopping?q=tbn:ANd9GcQktEYbdVk26_5fVXmkf85U_V4MhhlgNSCKuEGMaIHFomdm78AIUKXN6e8XyuLWwiqXOJc6OF55c3TRby_V36YYx0Twj-TArJEJ3e_Z\\u0026usqp=CAY"}],"thumbnails":["https://encrypted-tbn0.gstatic.com/shopping?q=tbn:ANd9GcSqDaT816y1UmPhBrzkea3Dn_Hh8yTT3fZX4XBtJEkQcCWOz-LJ1AMEbRRDBSKM-M061mIP09PmjUwBgDldhA0acuhIAop7lQ\\u0026usqp=CAY","https://encrypted-tbn3.gstatic.com/shopping?q=tbn:ANd9GcQfbnmIwlniWJ2_8uNp4bDf-6Ju-12jrovvM3RkZ_F8hYC0DcS85hBW3VZ9oCT7zcvdcW7cG-u8JHbZQMXKs0v2Co4aSaICOQ\\u0026usqp=CAY","https://encrypted-tbn0.gstatic.com/shopping?q=tbn:ANd9GcR8UqT2y3HwL6mbcrp9X3EK1qROspiqDkg2j-9eEDSoFr4zLWQaFn_YrCOAi5hlWIs3MKewSYZSOFGmiREKJJNSBeWTMR7I\\u0026usqp=CAY","https://encrypted-tbn3.gstatic.com/shopping?q=tbn:ANd9GcSqlFWOdYRimHwGbRJI5IbP1AoXqAoJxhYRcQyn_ApjOgs6Plh_8JB3o2ty4s-L5Cg5FksrYalJmjsHi8o23nCuDdFhKywx\\u0026usqp=CAY","https://encrypted-tbn3.gstatic.com/shopping?q=tbn:ANd9GcTGaMNVsjZ6wopAkoCqf1frqUqC33R2pndPv3vm8_EbCO6PYXg6BBsU3OD398cOK_BW1ThT4nJXKLSf30DZHd0mG8Zq0KPDnw\\u0026usqp=CAY","https://encrypted-tbn3.gstatic.com/shopping?q=tbn:ANd9GcSNnV_WMDGVD4l6oHYCubmAQT7jpJwR2zyu-MbXinPr0z2qL-TKjOS5KkDIYnN4Fn69kQ-BiBFAiYqv9rH5kvHsmNICBre4\\u0026usqp=CAY","https://encrypted-tbn3.gstatic.com/shopping?q=tbn:ANd9GcTT9EARYceKt_jqn9X4MH43Ey1bIDrsnZc5wPjG0wS-F-wQ9PJta1l4A-AxAAyko3Z5IvHSgO0_Gnn4enHFUQoYVIaWvMZk\\u0026usqp=CAY","https://encrypted-tbn0.gstatic.com/shopping?q=tbn:ANd9GcTpF9PimunMhlcnHfgzkn895rKQb35EW48PS-IM0lwnuADaF5tC3szKbe9ZkxnAHAXp6fnGEBkgzmDcz0ElPmL-WzR4HBShmg\\u0026usqp=CAY","https://encrypted-tbn2.gstatic.com/shopping?q=tbn:ANd9GcT56PnF6Ir30ACBooV4QML9XqGxPMeS0UD-J-IOmt4RfpWkpWyt9SsenHDo-DCqfhurJ2kXsVOBsMMEV9L72XZYRPTuRv6C\\u0026usqp=CAY","https://encrypted-tbn2.gstatic.com/shopping?q=tbn:ANd9GcRG-GwVx5yd5FeS1o4JqlvUNwo3MPbl6Vc91YmWDI7TxsS8K17-ngY2Swkyvx_kAQg74KZJLwhOXKfvPq_3PHKWlmwNPzLPfg\\u0026usqp=CAY","https://encrypted-tbn0.gstatic.com/shopping?q=tbn:ANd9GcTcKKMgCXlJBxNH38rkCOoEjV0HdTnoWIilR_2EhskIJR6-4tF8CNhNhqIGSunQGyXQXvQG3Cy2lWEVq7bg-_x8LP0YeD6ZVQ\\u0026usqp=CAY","https://encrypted-tbn2.gstatic.com/shopping?q=tbn:ANd9GcSrenO1gNc233DGNWBIH4nRqrJPMwjW9ZIOfZ-NwBq8vYwNzpba6jAeRAkG5OVrB7tCPhPT_E-ODrd0HhJgHD33EjgK7MZTNA\\u0026usqp=CAY"],"details":"Crafted from premium materials and featuring military-grade¹ durability, moto g75 5G is made for everyday life. Capture sharp photos and smooth videos using the Sony - LYTIA 600 camera with OIS. Enjoy endless entertainment on a super-bright 6.8\\\\" Full HD+ display backed by Dolby Atmos sound. Plus, be the first to experience the efficiency of the latest Qualcomm Snapdragon processor, a 5000mAh battery with 30W TurboPower charging²,15W wireless charging³, and 256GB⁴ of built-in storage. And it comes bundled with moto buds earbuds, featuring a large dynamic driver, and Hi-Res Audio. Immerse yourself in music and movies, experiencing high-quality, balanced sound with enhanced bass.","specs":[{"name":"Network","value":"5G"},{"name":"Sim Card Type","value":"eSIM / Nano"},{"name":"Operating System","value":"Android 14"},{"name":"Display","value":"6.8 inches Full HD+"},{"name":"Video Recording","value":"4K"},{"name":"Phone Family","value":"Moto g75"},{"name":"Expandable Storage","value":"up to 1TB microSD card expandable"},{"name":"RAM Size","value":"8GB"},{"name":"Bluetooth","value":"5.4"},{"name":"GPS","value":"GPS A-GPS LTEPP SUPL GLONASS Galileo QZSS BeiDou"},{"name":"Product Width (mm)","value":"77.1"},{"name":"Product Height (mm)","value":"165.95"},{"name":"Product Depth (mm)","value":"7.99"},{"name":"Battery","value":"5000mAh"},{"name":"Manufacturer\'s Warranty","value":"2 Years"},{"name":"Storage Size","value":"256GB"},{"name":"Colour","value":"Charcoal Grey"},{"name":"Display Resolution","value":"2388 1080"},{"name":"Weight (g)","value":"180"},{"name":"Front Camera","value":"8MP"},{"name":"Rear Camera","value":"50MP"},{"name":"Release Year","value":"2024"}],"id":83429707,"reviews_count":976,"reviews_rating":"4.5","discount":"0","offer_amount":24,"lowest_price":"391.00","highest_price":"499.00"}}]}],["$","$L10",null,{"item":true,"md":8,"xs":12,"children":["$","$Ld",null,{"px":4,"sx":{"display":{"xs":"none","md":"flex"}},"children":[["$","$L2c",null,{"mb":1,"children":"Motorola Moto G75 5G 256GB Grey with Buds"}],["$","$Lc",null,{"display":"flex","alignItems":"center","gap":1,"children":[["$","$Lc",null,{"sx":{"display":"flex","color":"#faaf00"},"children":[["$","$L2d","1",{"sx":{"fontSize":"1.25rem"}}],["$","$L2d","2",{"sx":{"fontSize":"1.25rem"}}],["$","$L2d","3",{"sx":{"fontSize":"1.25rem"}}],["$","$L2d","4",{"sx":{"fontSize":"1.25rem"}}],["$","$L2e","5",{"sx":{"fontSize":"1.25rem"}}]]}],["$","$L2f",null,{"lineHeight":"1","children":["(","976"," reviews)"]}]]}],["$","$Lc",null,{"my":2,"children":["$","$L30",null,{"content":"Crafted from premium materials and featuring military-grade¹ durability, moto g75 5G is made for everyday life. Capture sharp photos and smooth videos using the Sony - LYTIA 600 camera with OIS. Enjoy endless entertainment on a super-bright 6.8\\\\" Full HD+ display backed by Dolby Atmos sound. Plus, be the first to experience the efficiency of the latest Qualcomm Snapdragon processor, a 5000mAh battery with 30W TurboPower charging²,15W wireless charging³, and 256GB⁴ of built-in storage. And it comes bundled with moto buds earbuds, featuring a large dynamic driver, and Hi-Res Audio. Immerse yourself in music and movies, experiencing high-quality, balanced sound with enhanced bass."}]}],["$","$Lc",null,{"display":"flex","alignItems":"center","justifyContent":"space-between","children":[["$","$Lc",null,{"display":"flex","alignItems":"center","children":[["$","$L2c",null,{"color":"primary.main","mr":2,"children":"$$391.00 - $499.00"}],["$","$L31",null,{"children":["in ",24," offers"]}]]}],["$","$L32",null,{"product":{"title":"Motorola Moto G75 5G 256GB Grey with Buds","image":"https://encrypted-tbn0.gstatic.com/shopping?q=tbn:ANd9GcTN0NDdrPCDIn9NaiVIb7vTMSRVKBOQbkBMTHJyb9dzqC_WY5IGMoYuvnsDtsI8XvfpsX50GHyVY5kvPm-1nSr2bXEkwcR1sLJr1IR1dAkwVcXTXGOCB8frf7o","variants":}]]}],["$","$Lc",null,{"display":"flex","alignItems":"center","my":1,"flexWrap":"wrap","rowGap":1,"children":[["$","$L51",null,{"mr":1,"children":"Colour:"}],[["$","$Lc","0",{"display":"flex","justifyContent":"center","alignItems":"center","width":48,"height":48,"minWidth":48,"bgcolor":"white","border":"1px solid","borderRadius":"10px","style":{"cursor":"unset"},"borderColor":"primary.main","mr":"10px","children":["$","$L52",null,{"title":false,"children":["$","$L53",null,{"href":"","ref":"$undefined","prefetch":"$undefined","target":"_blank","children":["$","$L54",null,{"src":"https://encrypted-tbn0.gstatic.com/shopping?q=tbn:ANd9GcSMKJEcJ5xuZEACgvb5b-OsiulwL1b5Ivy7wbsYiJ3A2vpwsAhIjV_QMfs2iyap5nDsHiEzTcaeGYaz_I5WBRrUjD5abtI2D4WPYd1uowVZArHKnsIo95M\\u0026usqp=CAY","alt":"Motorola Moto G75 5G 256GB Grey with Buds","width":40,"height":40,"style":{"objectFit":"contain"}}]}]}]}],["$","$Lc","1",{"display":"flex","justifyContent":"center","alignItems":"center","width":48,"height":48,"minWidth":48,"bgcolor":"white","border":"1px solid","borderRadius":"10px","style":{"cursor":"pointer"},"borderColor":"grey.400","mr":"10px","children":["$","$L52",null,{"title":"Motorola Moto G75 5G 256GB Blue with Buds","children":["$","$L53",null,{"href":"/product/motorola-moto-g75-5g-256gb-blue-with-buds","ref":"$undefined","prefetch":false,"target":"_blank","children":["$","$L54",null,{"src":"https://encrypted-tbn2.gstatic.com/shopping?q=tbn:ANd9GcRj65GJdYa0MGuv8L9RWAAJVks98kaBva-KPH34o7Nn8_xgtjFvHpEsyG-G9u_PAZwKCzR1UnPFs6JC5duNRu9kW-AZSxHpJQaql2ly1iZ6Cl09iaqRzqc\\u0026usqp=CAY","alt":"Motorola Moto G75 5G 256GB Blue with Buds","width":40,"height":40,"style":{"objectFit":"contain"}}]}]}]}],["$","$Lc","2",{"display":"flex","justifyContent":"center","alignItems":"center","width":48,"height":48,"minWidth":48,"bgcolor":"white","border":"1px solid","borderRadius":"10px","style":{"cursor":"pointer"},"borderColor":"grey.400","mr":"auto","children":["$","$L52",null,{"title":"Motorola Moto G75 5G 256GB - Succulent Green + Moto Buds","children":["$","$L53",null,{"href":"/product/motorola-moto-g75-5g-256gb-succulent-green-moto-buds","ref":"$undefined","prefetch":false,"target":"_blank","children":["$","$L54",null,{"src":"https://encrypted-tbn3.gstatic.com/shopping?q=tbn:ANd9GcQktEYbdVk26_5fVXmkf85U_V4MhhlgNSCKuEGMaIHFomdm78AIUKXN6e8XyuLWwiqXOJc6OF55c3TRby_V36YYx0Twj-TArJEJ3e_Z\\u0026usqp=CAY","alt":"Motorola Moto G75 5G 256GB - Succulent Green + Moto Buds","width":40,"height":40,"style":{"objectFit":"contain"}}]}]}]}]]]}],[]]}]}]]}],["$","$Ld",null,{"pb":2,"sx":{"display":{"xs":"flex","md":"none"}},"children":[["$","$L51",null,{"children":"Motorola Moto G75 5G 256GB Grey with Buds"}],["$","$Ld",null,{"direction":"row","justifyContent":"flex-start","my":1,"children":[["$","$L55",null,{"color":"primary.main","mr":2,"children":"$$391.00"}],["$","$Lc",null,{"display":"flex","alignItems":"center","gap":1,"children":[["$","$Lc",null,{"sx":{"display":"flex","color":"#faaf00"},"children":[["$","$L2d","1",{"sx":{"fontSize":"1.25rem"}}],["$","$L2d","2",{"sx":{"fontSize":"1.25rem"}}],["$","$L2d","3",{"sx":{"fontSize":"1.25rem"}}],["$","$L2d","4",{"sx":{"fontSize":"1.25rem"}}],["$","$L2e","5",{"sx":{"fontSize":"1.25rem"}}]]}],["$","$L56",null,{"children":["(","976"," reviews)"]}]]}]]}],["$","$L30",null,{"content":"Crafted from premium materials and featuring military-grade¹ durability, moto g75 5G is made for everyday life. Capture sharp photos and smooth videos using the Sony - LYTIA 600 camera with OIS. Enjoy endless entertainment on a super-bright 6.8\\\\" Full HD+ display backed by Dolby Atmos sound. Plus, be the first to experience the efficiency of the latest Qualcomm Snapdragon processor, a 5000mAh battery with 30W TurboPower charging²,15W wireless charging³, and 256GB⁴ of built-in storage. And it comes bundled with moto buds earbuds, featuring a large dynamic driver, and Hi-Res Audio. Immerse yourself in music and movies, experiencing high-quality, balanced sound with enhanced bass.","fontSize":14,"maxHeight":63}],["$","$Lc",null,{"display":"flex","sx":{"overflowX":"auto","whiteSpace":"nowrap","my":1},"children":["$","$Lc",null,{"display":"flex","alignItems":"center","children":[["$","$L57",null,{"mr":1,"children":"Colour:"}],[["$","$Lc","0",{"display":"flex","justifyContent":"center","alignItems":"center","width":48,"height":48,"minWidth":48,"bgcolor":"white","border":"1px solid","borderRadius":"10px","style":{"cursor":"unset"},"borderColor":"primary.main","mr":"6px","children":["$","$L53",null,{"href":"","ref":"$undefined","prefetch":"$undefined","target":"_blank","children":["$","$L58",null,{"src":"https://encrypted-tbn0.gstatic.com/shopping?q=tbn:ANd9GcSMKJEcJ5xuZEACgvb5b-OsiulwL1b5Ivy7wbsYiJ3A2vpwsAhIjV_QMfs2iyap5nDsHiEzTcaeGYaz_I5WBRrUjD5abtI2D4WPYd1uowVZArHKnsIo95M\\u0026usqp=CAY","alt":"Motorola Moto G75 5G 256GB Grey with Buds","width":40,"height":40,"style":{"objectFit":"contain"}}]}]}],["$","$Lc","1",{"display":"flex","justifyContent":"center","alignItems":"center","width":48,"height":48,"minWidth":48,"bgcolor":"white","border":"1px solid","borderRadius":"10px","style":{"cursor":"pointer"},"borderColor":"grey.400","mr":"6px","children":["$","$L53",null,{"href":"/product/motorola-moto-g75-5g-256gb-blue-with-buds","ref":"$undefined","prefetch":false,"target":"_blank","children":["$","$L58",null,{"src":"https://encrypted-tbn2.gstatic.com/shopping?q=tbn:ANd9GcRj65GJdYa0MGuv8L9RWAAJVks98kaBva-KPH34o7Nn8_xgtjFvHpEsyG-G9u_PAZwKCzR1UnPFs6JC5duNRu9kW-AZSxHpJQaql2ly1iZ6Cl09iaqRzqc\\u0026usqp=CAY","alt":"Motorola Moto G75 5G 256GB Blue with Buds","width":40,"height":40,"style":{"objectFit":"contain"}}]}]}],["$","$Lc","2",{"display":"flex","justifyContent":"center","alignItems":"center","width":48,"height":48,"minWidth":48,"bgcolor":"white","border":"1px solid","borderRadius":"10px","style":{"cursor":"pointer"},"borderColor":"grey.400","mr":"auto","children":["$","$L53",null,{"href":"/product/motorola-moto-g75-5g-256gb-succulent-green-moto-buds","ref":"$undefined","prefetch":false,"target":"_blank","children":["$","$L58",null,{"src":"https://encrypted-tbn3.gstatic.com/shopping?q=tbn:ANd9GcQktEYbdVk26_5fVXmkf85U_V4MhhlgNSCKuEGMaIHFomdm78AIUKXN6e8XyuLWwiqXOJc6OF55c3TRby_V36YYx0Twj-TArJEJ3e_Z\\u0026usqp=CAY","alt":"Motorola Moto G75 5G 256GB - Succulent Green + Moto Buds","width":40,"height":40,"style":{"objectFit":"contain"}}]}]}]]]}]}],["$","$Lc",null,{"children":false}]]}]]', '59': 'I[65161,["3655","static/chunks/3655-f78e4e363a5541d0.js","6290","static/chunks/6290-2a8ce89a0b5a3df8.js","6381","static/chunks/6381-2b873addadcb95f3.js","6310","static/chunks/6310-99207018fb617736.js","5469","static/chunks/5469-d5f85e2b5dbb2663.js","6341","static/chunks/6341-ca54939c2b36d77d.js","6252","static/chunks/6252-920c83842bca245b.js","6574","static/chunks/6574-85b13196e7d2f55e.js","307","static/chunks/307-cefa9bd2f7381bf5.js","2665","static/chunks/2665-2d172eda87a962e3.js","684","static/chunks/684-7de3c401504b82a2.js","8393","static/chunks/8393-4175fa3c3129adeb.js","7269","static/chunks/7269-a4bddb872ba784d5.js","3691","static/chunks/3691-4bb5861e2d594f2b.js","8368","static/chunks/8368-d0cd9f9fca0712a7.js","1682","static/chunks/1682-b2e703b472c280ea.js","2917","static/chunks/2917-184ec9877565fafd.js","4824","static/chunks/4824-507f78e55d96f9dc.js","7614","static/chunks/app/product/%5Bslug%5D/@offers/page-8d4c61690e8d9066.js"],"default"]', '5a': "T6c8,Bought this for my daughter and I'm very impressed. The camera is more than capable for daylight photos and selfies. The processor and RAM are fast enough. I compared APP loading and camera launching vs my Samsung Ultra and there's little difference for normal use (processing video or intense gaming you can see a difference, but in normal use, they're close).It's a little on the big side, especially for a child, but the Military toughness and optional screen repair service make up for that. The battery beats my Samsung phone in real every day use hands down.Absolute standout feature for me is Wireless Charging. This means the phone is left on our charger in the living room, and doesn't go up to bedrooms in the evening. Google Family Link works well too.Overall ...\xa0MoreBought this for my daughter and I'm very impressed. The camera is more than capable for daylight photos and selfies. The processor and RAM are fast enough. I compared APP loading and camera launching vs my Samsung Ultra and there's little difference for normal use (processing video or intense gam", '11': '["$","$L59",null,{"product":{"id":83429707,"gid":"15797211988331096831","title":"Motorola Moto G75 5G 256GB Grey with Buds","image":"https://encrypted-tbn0.gstatic.com/shopping?q=tbn:ANd9GcTN0NDdrPCDIn9NaiVIb7vTMSRVKBOQbkBMTHJyb9dzqC_WY5IGMoYuvnsDtsI8XvfpsX50GHyVY5kvPm-1nSr2bXEkwcR1sLJr1IR1dAkwVcXTXGOCB8frf7o","created_at":"$D2024-11-30T20:11:12.579Z","updated_at":"$D2024-12-01T03:20:16.117Z","slug":"motorola-moto-g75-5g-256gb-grey-with-buds","thumbnails":["https://encrypted-tbn0.gstatic.com/shopping?q=tbn:ANd9GcSqDaT816y1UmPhBrzkea3Dn_Hh8yTT3fZX4XBtJEkQcCWOz-LJ1AMEbRRDBSKM-M061mIP09PmjUwBgDldhA0acuhIAop7lQ\\u0026usqp=CAY","https://encrypted-tbn3.gstatic.com/shopping?q=tbn:ANd9GcQfbnmIwlniWJ2_8uNp4bDf-6Ju-12jrovvM3RkZ_F8hYC0DcS85hBW3VZ9oCT7zcvdcW7cG-u8JHbZQMXKs0v2Co4aSaICOQ\\u0026usqp=CAY","https://encrypted-tbn0.gstatic.com/shopping?q=tbn:ANd9GcR8UqT2y3HwL6mbcrp9X3EK1qROspiqDkg2j-9eEDSoFr4zLWQaFn_YrCOAi5hlWIs3MKewSYZSOFGmiREKJJNSBeWTMR7I\\u0026usqp=CAY","https://encrypted-tbn3.gstatic.com/shopping?q=tbn:ANd9GcSqlFWOdYRimHwGbRJI5IbP1AoXqAoJxhYRcQyn_ApjOgs6Plh_8JB3o2ty4s-L5Cg5FksrYalJmjsHi8o23nCuDdFhKywx\\u0026usqp=CAY","https://encrypted-tbn3.gstatic.com/shopping?q=tbn:ANd9GcTGaMNVsjZ6wopAkoCqf1frqUqC33R2pndPv3vm8_EbCO6PYXg6BBsU3OD398cOK_BW1ThT4nJXKLSf30DZHd0mG8Zq0KPDnw\\u0026usqp=CAY","https://encrypted-tbn3.gstatic.com/shopping?q=tbn:ANd9GcSNnV_WMDGVD4l6oHYCubmAQT7jpJwR2zyu-MbXinPr0z2qL-TKjOS5KkDIYnN4Fn69kQ-BiBFAiYqv9rH5kvHsmNICBre4\\u0026usqp=CAY","https://encrypted-tbn3.gstatic.com/shopping?q=tbn:ANd9GcTT9EARYceKt_jqn9X4MH43Ey1bIDrsnZc5wPjG0wS-F-wQ9PJta1l4A-AxAAyko3Z5IvHSgO0_Gnn4enHFUQoYVIaWvMZk\\u0026usqp=CAY","https://encrypted-tbn0.gstatic.com/shopping?q=tbn:ANd9GcTpF9PimunMhlcnHfgzkn895rKQb35EW48PS-IM0lwnuADaF5tC3szKbe9ZkxnAHAXp6fnGEBkgzmDcz0ElPmL-WzR4HBShmg\\u0026usqp=CAY","https://encrypted-tbn2.gstatic.com/shopping?q=tbn:ANd9GcT56PnF6Ir30ACBooV4QML9XqGxPMeS0UD-J-IOmt4RfpWkpWyt9SsenHDo-DCqfhurJ2kXsVOBsMMEV9L72XZYRPTuRv6C\\u0026usqp=CAY","https://encrypted-tbn2.gstatic.com/shopping?q=tbn:ANd9GcRG-GwVx5yd5FeS1o4JqlvUNwo3MPbl6Vc91YmWDI7TxsS8K17-ngY2Swkyvx_kAQg74KZJLwhOXKfvPq_3PHKWlmwNPzLPfg\\u0026usqp=CAY","https://encrypted-tbn0.gstatic.com/shopping?q=tbn:ANd9GcTcKKMgCXlJBxNH38rkCOoEjV0HdTnoWIilR_2EhskIJR6-4tF8CNhNhqIGSunQGyXQXvQG3Cy2lWEVq7bg-_x8LP0YeD6ZVQ\\u0026usqp=CAY","https://encrypted-tbn2.gstatic.com/shopping?q=tbn:ANd9GcSrenO1gNc233DGNWBIH4nRqrJPMwjW9ZIOfZ-NwBq8vYwNzpba6jAeRAkG5OVrB7tCPhPT_E-ODrd0HhJgHD33EjgK7MZTNA\\u0026usqp=CAY"],"details":"Crafted from premium materials and featuring military-grade¹ durability, moto g75 5G is made for everyday life. Capture sharp photos and smooth videos using the Sony - LYTIA 600 camera with OIS. Enjoy endless entertainment on a super-bright 6.8\\\\" Full HD+ display backed by Dolby Atmos sound. Plus, be the first to experience the efficiency of the latest Qualcomm Snapdragon processor, a 5000mAh battery with 30W TurboPower charging²,15W wireless charging³, and 256GB⁴ of built-in storage. And it comes bundled with moto buds earbuds, featuring a large dynamic driver, and Hi-Res Audio. Immerse yourself in music and movies, experiencing high-quality, balanced sound with enhanced bass.","variants":[],"category_id":null,"offline_at":null,"colors":[{"gid":"15797211988331096831","image":"https://encrypted-tbn0.gstatic.com/shopping?q=tbn:ANd9GcSMKJEcJ5xuZEACgvb5b-OsiulwL1b5Ivy7wbsYiJ3A2vpwsAhIjV_QMfs2iyap5nDsHiEzTcaeGYaz_I5WBRrUjD5abtI2D4WPYd1uowVZArHKnsIo95M\\u0026usqp=CAY"},{"gid":"7830005719273689496","image":"https://encrypted-tbn2.gstatic.com/shopping?q=tbn:ANd9GcRj65GJdYa0MGuv8L9RWAAJVks98kaBva-KPH34o7Nn8_xgtjFvHpEsyG-G9u_PAZwKCzR1UnPFs6JC5duNRu9kW-AZSxHpJQaql2ly1iZ6Cl09iaqRzqc\\u0026usqp=CAY"},{"gid":"10929348810251206946","image":"https://encrypted-tbn3.gstatic.com/shopping?q=tbn:ANd9GcQktEYbdVk26_5fVXmkf85U_V4MhhlgNSCKuEGMaIHFomdm78AIUKXN6e8XyuLWwiqXOJc6OF55c3TRby_V36YYx0Twj-TArJEJ3e_Z\\u0026usqp=CAY"}],"product_status":{"pid":83429707,"offer_amount":24,"lowest_price":391,"highest_price":499,"single_seller_id":null,"discount":0,"featured":true,"last_price_updated_at":"$D2025-09-14T01:53:37.581Z","discount_seller_id":1392573,"last_lowest_price":391,"reviews_count":976,"reviews_rating":4.5,"country_code":"au","language_code":null},"offers":[{"pid":83429707,"seller_product_url":"https://www.mydeal.com.au/motorola-g75-5g-256gb-with-moto-buds-charcoal-grey-au-stock-6-8-full-hd-120hz-8gb-256gb-dual-sim-50mp-16mp-water-protection-5000mah-2year-warranty-14598762","created_at":"$D2025-09-14T01:53:37.581Z","offer_id":null,"base_price":471.25,"shipping":0,"seller_id":908,"condition":"new","country_code":null,"seller":{"seller_id":908,"name":"MyDeal","url":"mydeal.com.au","shopback":{"sb_id":7696,"sb_name":"MyDeal.com.au","url":"www.shopback.com.au/mydeal","commission":"Up to 3.6% Cashback","created_at":"$D2023-08-01T09:56:13.775Z","updated_at":"$D2023-11-25T10:32:54.782Z","hostname":"mydeal.com.au"},"cashrewards":{"cr_id":1004953,"name":"MyDeal","hyphenated_name":"mydeal","logo":"//cdn.cashrewards.com/mydeal.png?t=637672695131179086","created_at":"$D2023-07-30T11:50:50.100Z","commission":4.2,"commission_string":"Up to 4.2% cashback","online":true,"instore":false,"hostname":"mydeal.com.au","updated_at":"$D2023-11-30T03:50:38.698Z"}}},{"pid":83429707,"seller_product_url":"https://www.lwt.com.au/Product/MOT5690517/PB3Y0024AU/Motorola-G75-5G-256GB-With-Moto-Buds-Charcoal-GreyAU-STOCK68Full-HD120Hz8GB-256GBDual-SIM50MP-16MPWater-Protection5000mAh2Year-Warranty/ws/Business","created_at":"$D2025-09-14T01:53:37.581Z","offer_id":null,"base_price":400.4,"shipping":16.5,"seller_id":555296346,"condition":"new","country_code":null,"seller":{"seller_id":555296346,"name":"LWT","url":"www.lwt.com.au","shopback":null,"cashrewards":null}},{"pid":83429707,"seller_product_url":"https://www.flashtrend.com.au/motorola-g75-5g-256gb-with-moto-buds-charcoal-grey","created_at":"$D2025-09-14T01:53:37.581Z","offer_id":null,"base_price":479.77,"shipping":7.95,"seller_id":99,"condition":"new","country_code":null,"seller":{"seller_id":99,"name":"Flashtrend.com.au","url":"www.flashtrend.com.au","shopback":null,"cashrewards":null}},{"pid":83429707,"seller_product_url":"https://shop.zelrose.com.au/products/motorola-g75-5g-256gb-with-moto-buds-charcoal-grey-au-stock-6-8-full-hd-120hz-8gb-256gb-dual-sim-50mp-16mp-water-protection-5000mah-2year-warranty?variant=50892878020887","created_at":"$D2025-09-14T01:53:37.581Z","offer_id":null,"base_price":499,"shipping":12.5,"seller_id":51017477,"condition":"new","country_code":null,"seller":{"seller_id":51017477,"name":"Zelrose IT","url":null,"shopback":null,"cashrewards":null}},{"pid":83429707,"seller_product_url":"https://www.techciti.com.au/motorola-moto-g75-5g-w-moto-buds-dual-sim-256gb-8gb-6-8-grey","created_at":"$D2025-09-14T01:53:37.581Z","offer_id":null,"base_price":438,"shipping":0,"seller_id":1400,"condition":"new","country_code":null,"seller":{"seller_id":1400,"name":"Techciti","url":"www.techciti.com.au","shopback":null,"cashrewards":null}},{"pid":83429707,"seller_product_url":"https://betteroffice.store/products/motorola-g75-5g-256gb-with-moto-buds-charcoal-grey-au-stock-6-8full-hd-120hz8gb-256gbdual-sim50mp-16mpwater-protection5000mah2year-warranty?variant=45678834450586","created_at":"$D2025-09-14T01:53:37.581Z","offer_id":null,"base_price":499,"shipping":12,"seller_id":1210947108,"condition":"new","country_code":null,"seller":{"seller_id":1210947108,"name":"betteroffice.store","url":"betteroffice.store","shopback":null,"cashrewards":null}},{"pid":83429707,"seller_product_url":"https://vtechindustries.com.au/products/motorola-g75-5g-256gb-with-moto-buds-charcoal-grey-au-stock-6-8-full-hd-120hz-8gb-256gb-dual-sim-50mp-16mp-water-protection-5000mah-2year-warranty-pb3y0024au?variant=50641766383904","created_at":"$D2025-09-14T01:53:37.581Z","offer_id":null,"base_price":391,"shipping":13,"seller_id":1392573,"condition":"new","country_code":null,"seller":{"seller_id":1392573,"name":"VTech Industries","url":"www.vtechindustries.com.au","shopback":null,"cashrewards":null}},{"pid":83429707,"seller_product_url":"https://i-tech.com.au/pb3y0024au-motorola-g75-5g-256gb-with-moto-buds-charcoal-430730.html","created_at":"$D2025-09-14T01:53:37.581Z","offer_id":null,"base_price":415,"shipping":15,"seller_id":175,"condition":"new","country_code":null,"seller":{"seller_id":175,"name":"www.i-tech.com.au","url":"i-tech.com.au","shopback":null,"cashrewards":null}},{"pid":83429707,"seller_product_url":"https://www.itnest.com.au/hardware/other/motorola-g75-5g-256gb-with-moto-buds-charcoal-grey(pb3y0024au)-pb3y0024au","created_at":"$D2025-09-14T01:53:37.581Z","offer_id":null,"base_price":409,"shipping":16.95,"seller_id":283,"condition":"new","country_code":null,"seller":{"seller_id":283,"name":"itnest.com.au","url":"www.itnest.com.au","shopback":null,"cashrewards":null}},{"pid":83429707,"seller_product_url":"https://www.allphones.com.au/motorola-moto-g75-5g-w-moto-buds-dual-sim-256gb-8gb-6-8-grey","created_at":"$D2025-09-14T01:53:37.581Z","offer_id":null,"base_price":438,"shipping":0,"seller_id":8569,"condition":"new","country_code":null,"seller":{"seller_id":8569,"name":"Allphones Online","url":"www.allphones.com.au","shopback":null,"cashrewards":null}},{"pid":83429707,"seller_product_url":"https://www.ozspots.com.au/product/motorola-g75-5g-256gb-with-moto-buds-charcoal-greyau-stock6-8full-hd120hz8gb-256gbdual-sim50mp-16mpwater-protection5000mah2year-warranty/","created_at":"$D2025-09-14T01:53:37.581Z","offer_id":null,"base_price":400.02,"shipping":9.7,"seller_id":1525538,"condition":"new","country_code":null,"seller":{"seller_id":1525538,"name":"OzSpots Wireless","url":"www.ozspots.com.au","shopback":null,"cashrewards":null}},{"pid":83429707,"seller_product_url":"https://www.jw.com.au/product/motorola-moto-g75-5g-256gb-8gb-6-8-charcoal-grey","created_at":"$D2025-09-14T01:53:37.581Z","offer_id":null,"base_price":459,"shipping":0,"seller_id":138,"condition":"new","country_code":null,"seller":{"seller_id":138,"name":"JW Computers","url":"www.jw.com.au","shopback":null,"cashrewards":null}},{"pid":83429707,"seller_product_url":"https://www.woolworths.com.au/shop/productdetails/1123910867","created_at":"$D2025-09-14T01:53:37.581Z","offer_id":null,"base_price":471.25,"shipping":10,"seller_id":97,"condition":"new","country_code":null,"seller":{"seller_id":97,"name":"Woolworths","url":"www.woolworths.com.au","shopback":null,"cashrewards":null}},{"pid":83429707,"seller_product_url":"https://www.ebay.com.au/itm/167115114606","created_at":"$D2025-09-14T01:53:37.581Z","offer_id":null,"base_price":467.7,"shipping":0,"seller_id":1042295139,"condition":"new","country_code":null,"seller":{"seller_id":1042295139,"name":"eBay","url":"www.ebay.com.au","shopback":null,"cashrewards":null}},{"pid":83429707,"seller_product_url":"https://ezypcsales.com.au/product/motorola-g75-5g-256gb-with-moto-buds-charcoal-greyau-stock6-8full-hd120hz8gb-256gbdual-sim50mp-16mpwater-protection5000mah2year-warranty/","created_at":"$D2025-09-14T01:53:37.581Z","offer_id":null,"base_price":391.56,"shipping":12.95,"seller_id":2808065,"condition":"new","country_code":null,"seller":{"seller_id":2808065,"name":"Ezy P.C. Sales","url":"ezypcsales.com.au","shopback":null,"cashrewards":null}},{"pid":83429707,"seller_product_url":"https://www.dicksmith.com.au/da/buy/motorola-moto-g75-5g-bonus-moto-buds-dual-sim-256gb8gb-68-00840023276545/","created_at":"$D2025-09-14T01:53:37.581Z","offer_id":null,"base_price":438.99,"shipping":0,"seller_id":156,"condition":"new","country_code":null,"seller":{"seller_id":156,"name":"Dick Smith AU","url":"www.dicksmith.com.au","shopback":null,"cashrewards":null}},{"pid":83429707,"seller_product_url":"https://www.bigw.com.au/product/motorola-g75-5g-256gb-with-moto-buds-charcoal-grey-au-stock-6-8-full-hd-120hz-8gb-256gb-dual-sim-50mp-16mp-water-protection-5000mah-2year-warranty/p/9901208423","created_at":"$D2025-09-14T01:53:37.581Z","offer_id":null,"base_price":471.25,"shipping":0,"seller_id":769007327,"condition":"new","country_code":null,"seller":{"seller_id":769007327,"name":"BIG W - BIG W MARKET","url":"www.bigw.com.au","shopback":null,"cashrewards":null}},{"pid":83429707,"seller_product_url":"https://campcomprep.com.au/product/motorola-g75-5g-256gb-with-moto-buds-charcoal-greyau-stock6-8full-hd120hz8gb-256gbdual-sim50mp-16mpwater-protection5000mah2year-warranty/","created_at":"$D2025-09-14T01:53:37.581Z","offer_id":null,"base_price":499,"shipping":15,"seller_id":1374,"condition":"new","country_code":null,"seller":{"seller_id":1374,"name":"Campbelltown Computer Repairs","url":"campcomprep.com.au","shopback":null,"cashrewards":null}},{"pid":83429707,"seller_product_url":"https://www.kogan.com/au/buy/motorola-moto-g75-5g-bonus-moto-buds-dual-sim-256gb8gb-68-00840023276545/","created_at":"$D2025-09-14T01:53:37.581Z","offer_id":null,"base_price":438.99,"shipping":0,"seller_id":103,"condition":"new","country_code":null,"seller":{"seller_id":103,"name":"Kogan.com","url":"www.kogan.com","shopback":null,"cashrewards":null}},{"pid":83429707,"seller_product_url":"https://www.bunnings.com.au/motorola-moto-g75-5g-8gb-256gb-6-8-w-moto-buds-charcoal-grey_p0826330","created_at":"$D2025-09-14T01:53:37.581Z","offer_id":null,"base_price":495.72,"shipping":15,"seller_id":47,"condition":"new","country_code":null,"seller":{"seller_id":47,"name":"Bunnings Warehouse","url":"www.bunnings.com.au","shopback":null,"cashrewards":null}},{"pid":83429707,"seller_product_url":"https://www.mobileciti.com.au/motorola-moto-g75-5g-w-moto-buds-dual-sim-256gb-8gb-6-8-grey","created_at":"$D2025-09-14T01:53:37.581Z","offer_id":null,"base_price":438,"shipping":0,"seller_id":202,"condition":"new","country_code":null,"seller":{"seller_id":202,"name":"Mobileciti","url":"www.mobileciti.com.au","shopback":{"sb_id":8410,"sb_name":"Mobileciti","url":"www.shopback.com.au/mobileciti","commission":"Up to 2.10% Cashback","created_at":"$D2023-08-01T09:56:13.775Z","updated_at":null,"hostname":"mobileciti.com.au"},"cashrewards":{"cr_id":1005098,"name":"Mobileciti","hyphenated_name":"mobileciti","logo":"//cdn.cashrewards.com/mobileciti.jpg?t=637765071372444088","created_at":"$D2023-07-30T11:50:50.100Z","commission":2.2,"commission_string":"Up to 2.2% cashback","online":true,"instore":false,"hostname":"mobileciti.com.au","updated_at":null}}},{"pid":83429707,"seller_product_url":"https://www.thegoodguys.com.au/motorola-g75-5g-256gb-charcoal-grey-11901327984","created_at":"$D2025-09-14T01:53:37.581Z","offer_id":null,"base_price":497,"shipping":3,"seller_id":10,"condition":"new","country_code":null,"seller":{"seller_id":10,"name":"The Good Guys","url":"www.thegoodguys.com.au","shopback":{"sb_id":8367,"sb_name":"The Good Guys","url":"www.shopback.com.au/the-good-guys","commission":"Up to 3% Cashback","created_at":"$D2023-08-01T09:56:13.775Z","updated_at":"$D2023-11-25T10:32:54.782Z","hostname":"thegoodguys.com.au"},"cashrewards":{"cr_id":1004849,"name":"The Good Guys","hyphenated_name":"the-good-guys","logo":"//cdn.cashrewards.com/the-good-guys.jpg?t=637599296823973829","created_at":"$D2023-07-30T11:50:50.100Z","commission":2.3,"commission_string":"Up to 2.3% cashback","online":true,"instore":false,"hostname":"thegoodguys.com.au","updated_at":"$D2023-11-25T10:32:11.855Z"}}},{"pid":83429707,"seller_product_url":"https://www.amazon.com.au/dp/B0DKXB12CP","created_at":"$D2025-09-14T01:53:37.581Z","offer_id":null,"base_price":438,"shipping":0,"seller_id":60,"condition":"new","country_code":null,"seller":{"seller_id":60,"name":"Amazon.com.au","url":"www.amazon.com.au","shopback":{"sb_id":8448,"sb_name":"Amazon Australia","url":"www.shopback.com.au/amazon-australia","commission":"Up to 7% Cashback","created_at":"$D2023-08-01T09:56:13.775Z","updated_at":"$D2023-11-25T10:32:54.782Z","hostname":"amazon.com.au"},"cashrewards":{"cr_id":1003434,"name":"Amazon Australia","hyphenated_name":"amazon-australia","logo":"//cdn.cashrewards.com/amazon-australia.jpg","created_at":"$D2023-07-30T11:50:50.100Z","commission":7,"commission_string":"Up to 7% cashback","online":true,"instore":false,"hostname":"amazon.com.au","updated_at":"$D2023-11-30T03:50:38.698Z"}}},{"pid":83429707,"seller_product_url":"https://www.harveynorman.com.au/motorola-moto-g75-5g-256gb-charcoal-grey.html","created_at":"$D2025-09-14T01:53:37.581Z","offer_id":null,"base_price":499,"shipping":7.95,"seller_id":11,"condition":"new","country_code":null,"seller":{"seller_id":11,"name":"Harvey Norman Australia","url":"www.harveynorman.com.au","shopback":null,"cashrewards":null}},{"pid":83429707,"seller_product_url":"https://www.lasoo.com.au/products/personal-digital/1716909/motorola-moto-g75-5g-dual-sim-256gb8gb-68-charcoal-grey","created_at":"$D2025-08-29T20:03:27.652Z","offer_id":null,"base_price":529,"shipping":0,"seller_id":6823,"condition":"new","country_code":null,"seller":{"seller_id":6823,"name":"Lasoo","url":"www.lasoo.com.au","shopback":null,"cashrewards":null}},{"pid":83429707,"seller_product_url":"https://www.personaldigital.com.au/products/motorola-moto-g75-5g-dual-sim-256gb-8gb-6-8-bonus-moto-buds-charcoal-grey?variant=43108785651811","created_at":"$D2025-08-28T23:53:56.005Z","offer_id":null,"base_price":529,"shipping":0,"seller_id":14764,"condition":"new","country_code":null,"seller":{"seller_id":14764,"name":"Personal Digital","url":"www.personaldigital.com.au","shopback":null,"cashrewards":null}},{"pid":83429707,"seller_product_url":"https://www.mobilewizardstore.com.au/product-page/motorola-g75-5g-256gb-with-moto-buds-charcoal-grey-au-stock-6-8-full","created_at":"$D2025-08-23T11:01:27.827Z","offer_id":null,"base_price":499,"shipping":15,"seller_id":1212885227,"condition":"new","country_code":null,"seller":{"seller_id":1212885227,"name":"Mobile Wizard Store","url":"www.mobilewizardstore.com.au","shopback":null,"cashrewards":null}},{"pid":83429707,"seller_product_url":"https://www.bigw.com.au/product/moto-g75-5g-256gb-grey-with-moto-buds/p/6001651","created_at":"$D2025-08-23T11:01:27.827Z","offer_id":null,"base_price":399,"shipping":0,"seller_id":52,"condition":"new","country_code":null,"seller":{"seller_id":52,"name":"BIG W","url":"www.bigw.com.au","shopback":{"sb_id":17706,"sb_name":"Big W","url":"www.shopback.com.au/bigw","commission":"Up to 4% Cashback","created_at":"$D2023-08-01T09:56:13.775Z","updated_at":"$D2023-11-25T10:32:54.782Z","hostname":"bigw.com.au"},"cashrewards":{"cr_id":1004971,"name":"BIG W","hyphenated_name":"big-w","logo":"//cdn.cashrewards.com/big-w.png?t=637690919703543365","created_at":"$D2023-07-30T11:50:50.100Z","commission":2.4,"commission_string":"Up to 2.4% cashback","online":true,"instore":false,"hostname":"bigw.com.au","updated_at":"$D2023-11-30T03:50:38.698Z"}}},{"pid":83429707,"seller_product_url":"https://cybertechlab.com.au/products/motorola-g75-5g-256gb-with-moto-buds-charcoal-grey-au-stock-6-8-full-hd-120hz-8gb-256gb-dual-sim-50mp-16mp-water-protection-5000mah-2year-warranty","created_at":"$D2025-07-28T22:35:09.370Z","offer_id":null,"base_price":424.15,"shipping":20,"seller_id":1464195854,"condition":"new","country_code":null,"seller":{"seller_id":1464195854,"name":"cybertechlab.com.au","url":null,"shopback":null,"cashrewards":null}},{"pid":83429707,"seller_product_url":"https://horizonstore.com.au/products/motorola-moto-g75-5g-8gb-256gb-6-8-w-moto-buds-charcoal-grey?variant=44615659061436","created_at":"$D2025-07-10T08:25:35.929Z","offer_id":null,"base_price":399.99,"shipping":0,"seller_id":395586347,"condition":"new","country_code":null,"seller":{"seller_id":395586347,"name":"Horizon Store","url":"www.horizonstore.com.au","shopback":null,"cashrewards":null}},{"pid":83429707,"seller_product_url":"https://www.officeworks.com.au/shop/officeworks/p/moto-g75-5g-256gb-grey-with-buds-motog75gry","created_at":"$D2025-06-20T16:42:06.111Z","offer_id":null,"base_price":277,"shipping":0,"seller_id":57,"condition":"new","country_code":null,"seller":{"seller_id":57,"name":"Officeworks","url":"www.officeworks.com.au","shopback":null,"cashrewards":null}},{"pid":83429707,"seller_product_url":"https://www.domayne.com.au/motorola-moto-g75-5g-256gb-charcoal-grey.html","created_at":"$D2025-06-20T16:42:06.111Z","offer_id":null,"base_price":277,"shipping":7.95,"seller_id":1364130860,"condition":"new","country_code":null,"seller":{"seller_id":1364130860,"name":"Domayne","url":"www.domayne.com.au","shopback":null,"cashrewards":null}},{"pid":83429707,"seller_product_url":"https://www.joycemayne.com.au/motorola-moto-g75-5g-256gb-charcoal-grey.html","created_at":"$D2025-06-20T16:42:06.111Z","offer_id":null,"base_price":277,"shipping":7.95,"seller_id":711746650,"condition":"new","country_code":null,"seller":{"seller_id":711746650,"name":"Joyce Mayne","url":"www.joycemayne.com.au","shopback":null,"cashrewards":null}},{"pid":83429707,"seller_product_url":"https://www.ebay.com.au/itm/335991073910","created_at":"$D2025-06-16T07:03:09.539Z","offer_id":null,"base_price":395,"shipping":5,"seller_id":467756700,"condition":"new","country_code":null,"seller":{"seller_id":467756700,"name":"eBay - ozzie_collecta","url":null,"shopback":null,"cashrewards":null}},{"pid":83429707,"seller_product_url":"https://www.jbhifi.com.au/products/moto-g75-5g-256gb-with-moto-buds-charcoal-grey","created_at":"$D2025-06-05T03:15:37.431Z","offer_id":null,"base_price":499,"shipping":6.99,"seller_id":9,"condition":"new","country_code":null,"seller":{"seller_id":9,"name":"JB Hi-Fi","url":"www.jbhifi.com.au","shopback":null,"cashrewards":null}},{"pid":83429707,"seller_product_url":"https://auzzistore.com.au/products/motorola-moto-g75-5g-with-moto-buds-256gb-charcoal-grey?variant=46348469862617","created_at":"$D2025-06-01T17:31:11.420Z","offer_id":null,"base_price":718.96,"shipping":0,"seller_id":6332,"condition":"new","country_code":null,"seller":{"seller_id":6332,"name":"Auzzi Store","url":"www.auzzistore.com.au","shopback":null,"cashrewards":null}},{"pid":83429707,"seller_product_url":"https://www.lenovo.com/au/en/p/accessories-and-software/moto-phones/moto-g-series/78808445","created_at":"$D2025-05-22T09:46:29.425Z","offer_id":null,"base_price":499,"shipping":0,"seller_id":1580,"condition":"new","country_code":null,"seller":{"seller_id":1580,"name":"Lenovo","url":"www.lenovo.com","shopback":{"sb_id":8373,"sb_name":"Lenovo","url":"www.shopback.com.au/lenovo","commission":"10% Cashback","created_at":"$D2023-08-01T09:56:13.775Z","updated_at":"$D2023-11-25T10:32:54.782Z","hostname":"lenovo.com"},"cashrewards":{"cr_id":1005943,"name":"Lenovo","hyphenated_name":"lenovo","logo":"//cdn.cashrewards.com/lenovo.png?t=638261059478146003","created_at":"$D2023-07-30T11:50:50.100Z","commission":3.3,"commission_string":"3.3% cashback","online":true,"instore":false,"hostname":"lenovo.com","updated_at":"$D2023-11-30T03:50:38.698Z"}}},{"pid":83429707,"seller_product_url":"https://www.retravision.com.au/motorola-moto-g75-5g-256gb-charcoal-grey-moto-buds-11901327984-pb3y0024au","created_at":"$D2025-05-20T07:46:42.621Z","offer_id":null,"base_price":328,"shipping":7.76,"seller_id":80,"condition":"new","country_code":null,"seller":{"seller_id":80,"name":"Retravision","url":"www.retravision.com.au","shopback":null,"cashrewards":null}},{"pid":83429707,"seller_product_url":"https://www.catch.com.au/product/motorola-moto-g75-5g-bonus-moto-buds-dual-sim-256gb-8gb-6-8-grey-33244983/","created_at":"$D2025-05-01T20:06:57.701Z","offer_id":null,"base_price":506.8,"shipping":0,"seller_id":115,"condition":"new","country_code":null,"seller":{"seller_id":115,"name":"Catch.com.au","url":"www.catch.com.au","shopback":null,"cashrewards":null}},{"pid":83429707,"seller_product_url":"https://www.mwave.com.au/product/motorola-g75-5g-256gb-smartphone-with-buds-grey-ac82193","created_at":"$D2025-03-30T19:36:19.814Z","offer_id":null,"base_price":481.95,"shipping":9.95,"seller_id":278,"condition":"new","country_code":null,"seller":{"seller_id":278,"name":"Mwave Australia","url":"mwave.com.au","shopback":{"sb_id":63702,"sb_name":"Mwave","url":"www.shopback.com.au/mwave","commission":"0.5% Cashback","created_at":"$D2023-08-01T09:56:13.775Z","updated_at":"$D2023-11-25T10:32:54.782Z","hostname":"mwave.com.au"},"cashrewards":{"cr_id":1004885,"name":"Mwave","hyphenated_name":"mwave","logo":"//cdn.cashrewards.com/mwave.png?t=637622737569102693","created_at":"$D2023-07-30T11:50:50.100Z","commission":0.6,"commission_string":"0.6% cashback","online":true,"instore":false,"hostname":"mwave.com.au","updated_at":"$D2024-09-18T10:29:30.752Z"}}},{"pid":83429707,"seller_product_url":"https://www.ebay.com.au/itm/395926055872","created_at":"$D2025-03-25T23:36:19.529Z","offer_id":null,"base_price":388.64,"shipping":0,"seller_id":157,"condition":"new","country_code":null,"seller":{"seller_id":157,"name":"eBay.com.au","url":"www.ebay.com.au","shopback":{"sb_id":25493,"sb_name":"eBay","url":"www.shopback.com.au/ebay","commission":"Up to 4% Cashback","created_at":"$D2023-08-01T09:56:13.775Z","updated_at":"$D2023-11-25T10:32:54.782Z","hostname":"ebay.com.au"},"cashrewards":{"cr_id":1001163,"name":"eBay Australia","hyphenated_name":"ebay-australia","logo":"//cdn.cashrewards.com/ebay-australia.jpg","created_at":"$D2023-07-30T11:50:50.100Z","commission":5,"commission_string":"Up to 5% cashback","online":true,"instore":false,"hostname":"stores.ebay.com.au","updated_at":"$D2024-09-18T10:29:30.752Z"}}},{"pid":83429707,"seller_product_url":"https://www.snaffle.com.au/p/%7B%7Bprocess.slugify(decodeURIComponent(Variant.Slug))%7D%7D/","created_at":"$D2025-03-18T23:28:30.123Z","offer_id":null,"base_price":795.08,"shipping":0,"seller_id":78499855,"condition":"new","country_code":null,"seller":{"seller_id":78499855,"name":"Snaffle","url":"www.snaffle.com.au","shopback":null,"cashrewards":null}},{"pid":83429707,"seller_product_url":"https://mylayby.com/product_via_sku/1442822","created_at":"$D2024-12-26T09:11:29.984Z","offer_id":null,"base_price":534,"shipping":0,"seller_id":215,"condition":"new","country_code":null,"seller":{"seller_id":215,"name":"MyLayby","url":"mylayby.com","shopback":null,"cashrewards":null}}],"reviews":[{"review_id":12146952,"pid":83429707,"gid":"15797211988331096831","title":"Excellent value for money","details":T6c8,Bought this for my daughter and I\'m very impressed. The camera is more than capable for daylight photos and selfies. The processor and RAM are fast enough. I compared APP loading and camera launching vs my Samsung Ultra and there\'s little difference for normal use (processing video or intense gaming you can see a difference, but in normal use, they\'re close).It\'s a little on the big side, especially for a child, but the Military toughness and optional screen repair service make up for that. The battery beats my Samsung phone in real every day use hands down.Absolute standout feature for me is Wireless Charging. This means the phone is left on our charger in the living room, and doesn\'t go up to bedrooms in the evening. Google Family Link works well too.Overall ...\xa0MoreBought this for my daughter and I\'m very impressed. The camera is more than capable for daylight photos and selfies. The processor and RAM are fast enough. I compared APP loading and camera launching vs my Samsung Ultra and there\'s little difference for normal use (processing video or intense gam,"rating":5,"review_date":"3 November 2024","reviewer":"KentishLad","store":"motorola.co.uk","created_at":"$D2024-12-01T14:01:57.793Z","thumbnails":null},{"review_id":12146960,"pid":83429707,"gid":"15797211988331096831","title":"great bargain","details":"great price ... great specs... great phone... i am satisfied","rating":5,"review_date":"28 October 2024","reviewer":"trindik","store":"motorola.co.uk","created_at":"$D2024-12-01T14:01:57.793Z","thumbnails":null},{"review_id":12146959,"pid":83429707,"gid":"15797211988331096831","title":"Great features.","details":"I\'m so happy with it.Nice phone and features compared with other phones and its price too.","rating":5,"review_date":"20 November 2024","reviewer":"Nusrat","store":"motorola.co.uk","created_at":"$D2024-12-01T14:01:57.793Z","thumbnails":null},{"review_id":12146961,"pid":83429707,"gid":"15797211988331096831","title":"Must buy","details":"Best budget mobile with all the best features.","rating":4,"review_date":"16 November 2024","reviewer":"","store":"noon.com/uae-en/","created_at":"$D2024-12-01T14:01:57.793Z","thumbnails":null},{"review_id":12146958,"pid":83429707,"gid":"15797211988331096831","title":"On internet everywhere they said this is a snapdragon 6gen3","details":"On internet everywhere they said this is a snapdragon 6gen3, but when I received this phone and I checked microprocessor it was not the same, microprocessor is something else not the snapdragon","rating":4,"review_date":"9 November 2024","reviewer":"Farhan P.","store":"noon.com/uae-en/","created_at":"$D2024-12-01T14:01:57.793Z","thumbnails":null},{"review_id":12146957,"pid":83429707,"gid":"15797211988331096831","title":"people purchased thinking it was nano + nano sim","details":"People purchased this phone thinking it was nano + nano configuration and then got sent esim + nano instead. motorola uk website showed that the mot g75 had nano sim + nano sim. but later changed it to esim + nano sim. so either motorola initially put the wrong details on the website , or it was a mess up at the factory , ie did motorola order nano + nano configuration from factory in china and they messed up ? and then when they shipped the phone with wrong configuration they just changed spec on their website ? because all the reviews that came out first stated it had nano + nano facility.","rating":1,"review_date":"14 November 2024","reviewer":"wizdumb","store":"motorola.co.uk","created_at":"$D2024-12-01T14:01:57.793Z","thumbnails":["https://encrypted-tbn2.gstatic.com/shopping?q=tbn:ANd9GcRIt9VoCvfxQOjQnzzO4k1rizOQl9Y5tUeODDYJu-SNtZDuqyNgnqGj38gD1_mK5EIBUxuusMz4RWvxA6-dnUELNzuNJtqQ9woySfRgPRNiej5W5URwvdQdGQ","https://encrypted-tbn1.gstatic.com/shopping?q=tbn:ANd9GcR2HqJ4hYu9-qIowJ4Dl-TvENKO-d_dXEXLofIJInNQzlG7-Jl7AgWeF7J46DRiQSAOgDGoNf_2ESJaIoBeSBxKdKhSGrj5hNt_fXdTwkwGeic-7LPqxPFDig","https://encrypted-tbn2.gstatic.com/shopping?q=tbn:ANd9GcSBpWTE7-ivCZyUCeAGXIyrIMXKEboYFdJdNKbeSr35-BaMg4U5mn-ilzH4fLm8YYvP6AKH3WbVknoXx8huEC9psXOzL1apuElUPsmyjXpnAYYwjvy4F90pdDE"]},{"review_id":12146956,"pid":83429707,"gid":"15797211988331096831","title":"The only phone that has everything I want","details":"Absolute Pinnacle of Value such a bargain. It\'s fast, has support for dual SIM and eSIM. Has expandable storage, IP68 so it can be submerged into water, it has wireless charging, Military drop tested approved, has Gorilla Glass 5. The screen is LCD rather than OLED, which in my view is better because it\'s more eye friendly than OLED (PWM method that OLED uses can cause eyestrain and headaches)I went for green because the black option does not have the faux leather on the back and I found it to be too slippy so I returned it.The battery lasts a long time, after a full days use it still shows 50 percent. I\'m very happy with image quality.Oh and the camera has Optical image stabilisation and at this price point it is hard to find.","rating":5,"review_date":"10 November 2024","reviewer":"Smithy","store":"motorola.co.uk","created_at":"$D2024-12-01T14:01:57.793Z","thumbnails":["https://encrypted-tbn1.gstatic.com/shopping?q=tbn:ANd9GcSb1QrN0DeSZDPRzuEYbkHKq9puZRr_-o9vzFhg5GK47QP70agUJyeMsNwDxH2PB6E1Jf2SfruHSs1pxhRdiFOKB0D9hibbbGLDvSMaLUMDB3Rc4_Arl9enpQ8","https://encrypted-tbn1.gstatic.com/shopping?q=tbn:ANd9GcTynVt7ocP6bzQ7c56Ac_gq3REyxv0EFXGeOjgUTTMk3cZdnQN06NPOgVUDqtzOo-rAeLclMXLVRmlHW9g47fg2fViEDG-nSBVbJ9KeaqMyS4dKkp0f2kySs7g"]}],"detail":{"specs":[{"name":"Network","value":"5G"},{"name":"Sim Card Type","value":"eSIM / Nano"},{"name":"Operating System","value":"Android 14"},{"name":"Display","value":"6.8 inches Full HD+"},{"name":"Video Recording","value":"4K"},{"name":"Phone Family","value":"Moto g75"},{"name":"Expandable Storage","value":"up to 1TB microSD card expandable"},{"name":"RAM Size","value":"8GB"},{"name":"Bluetooth","value":"5.4"},{"name":"GPS","value":"GPS A-GPS LTEPP SUPL GLONASS Galileo QZSS BeiDou"},{"name":"Product Width (mm)","value":"77.1"},{"name":"Product Height (mm)","value":"165.95"},{"name":"Product Depth (mm)","value":"7.99"},{"name":"Battery","value":"5000mAh"},{"name":"Manufacturer\'s Warranty","value":"2 Years"},{"name":"Storage Size","value":"256GB"},{"name":"Colour","value":"Charcoal Grey"},{"name":"Display Resolution","value":"2388 1080"},{"name":"Weight (g)","value":"180"},{"name":"Front Camera","value":"8MP"},{"name":"Rear Camera","value":"50MP"},{"name":"Release Year","value":"2024"}],"pid":83429707,"gid":"15797211988331096831","created_at":"$D2024-12-01T10:50:07.893Z"},"oz":[{"node":908653,"title":"[eBay Plus, Back Order] Motorola Moto G75 5G (Bonus: Moto Buds, Dual Sim, 256GB/8GB, 6.8\'\') $230.30 Delivered @ Allphones eBay - OzBargain","upvotes":145,"downvotes":0,"link":"https://www.ebay.com.au/itm/167115114606","created_at":"$D2025-06-03T02:01:01.730Z","updated_at":"$D2025-06-03T08:00:05.574Z","pid":83429707,"status":"out of stock","coupon":"JUNEOFY","seller_id":157},{"node":905382,"title":"Motorola G75 5G 8GB RAM/256GB Storage \\u0026 Bonus Moto Buds $296.10 Delivered / C\\u0026C (Everyday Rewards Required) @ BIG W - OzBargain","upvotes":100,"downvotes":0,"link":"https://www.bigw.com.au/product/moto-g75-5g-256gb-grey-with-moto-buds/p/6001651","created_at":"$D2025-05-12T04:00:21.738Z","updated_at":"$D2025-05-24T06:00:24.532Z","pid":83429707,"status":"expired","coupon":"XMAY2025","seller_id":52},{"node":905505,"title":"Motorola G75 5G 8GB RAM/256GB Storage \\u0026 Bonus Moto Buds $287, Dyson WashG1 $539 + Delivery ($0 C\\u0026C) @ The Good Guys - OzBargain","upvotes":78,"downvotes":0,"link":"https://www.thegoodguys.com.au/motorola-g75-5g-256gb-charcoal-grey-11901327984","created_at":"$D2025-05-13T00:00:20.459Z","updated_at":"$D2025-05-14T16:00:07.499Z","pid":83429707,"status":"expired","coupon":"DEAL","seller_id":10},{"node":905614,"title":"Motorola G75 5G 8GB RAM/256GB Storage \\u0026 Bonus Moto Buds \\u0026 Cord Grippers 6 Pack $260 + Delivery ($0 C\\u0026C) @ The Good Guys - OzBargain","upvotes":250,"downvotes":0,"link":"https://www.thegoodguys.com.au/motorola-g75-5g-256gb-charcoal-grey-11901327984","created_at":"$D2025-05-13T10:00:28.563Z","updated_at":"$D2025-05-14T16:00:06.073Z","pid":83429707,"status":"expired","coupon":"DEAL","seller_id":10}]}}]'} (hydration_parser.py:91)
2025-09-22 13:00:45 [DEBUG] [DIAG] Resolved string for key 1: HL["/_next/static/media/2b3f1035ed87a788-s.p.woff2","font",{"crossOrigin":"","type":"font/woff2"}]... (hydration_parser.py:95)
2025-09-22 13:00:45 [DEBUG] [DIAG] Resolved string for key 2: HL["/_next/static/media/8bf7b2ceda89477b-s.p.woff2","font",{"crossOrigin":"","type":"font/woff2"}]... (hydration_parser.py:95)
2025-09-22 13:00:45 [DEBUG] [DIAG] Resolved string for key 3: HL["/_next/static/css/e0d445a9cf4aff75.css","style"]... (hydration_parser.py:95)
2025-09-22 13:00:45 [DEBUG] [DIAG] Resolved string for key 4: I[89562,[],""]... (hydration_parser.py:95)
2025-09-22 13:00:45 [DEBUG] [DIAG] Resolved string for key 7: I[78703,[],""]... (hydration_parser.py:95)
2025-09-22 13:00:45 [DEBUG] [DIAG] Resolved string for key 9: I[53751,[],""]... (hydration_parser.py:95)
2025-09-22 13:00:45 [DEBUG] [DIAG] Resolved string for key c: I[11478,["3655","static/chunks/3655-f78e4e363a5541d0.js","395","static/chunks/app/product/%5Bslug%5D/layout-afd1e0771fc65a8b.js"],""]... (hydration_parser.py:95)
2025-09-22 13:00:45 [WARNING] Could not parse resolved record c: ('Unknown identifier', 'I') (hydration_parser.py:112)
2025-09-22 13:00:45 [DEBUG] [DIAG] Resolved string for key d: I[25719,["3655","static/chunks/3655-f78e4e363a5541d0.js","6290","static/chunks/6290-2a8ce89a0b5a3df8.js","3895","static/chunks/app/product/%5Bslug%5D/@offers/loading-91e67d2edba3eaa4.js"],"default"]... (hydration_parser.py:95)
2025-09-22 13:00:45 [WARNING] Could not parse resolved record d: ('Unknown identifier', 'I') (hydration_parser.py:112)
2025-09-22 13:00:45 [DEBUG] [DIAG] Resolved string for key e: I[88170,["3655","static/chunks/3655-f78e4e363a5541d0.js","6290","static/chunks/6290-2a8ce89a0b5a3df8.js","3895","static/chunks/app/product/%5Bslug%5D/@offers/loading-91e67d2edba3eaa4.js"],""]... (hydration_parser.py:95)
2025-09-22 13:00:45 [WARNING] Could not parse resolved record e: ('Unknown identifier', 'I') (hydration_parser.py:112)
2025-09-22 13:00:45 [DEBUG] [DIAG] Resolved string for key f: I[44863,["3655","static/chunks/3655-f78e4e363a5541d0.js","395","static/chunks/app/product/%5Bslug%5D/layout-afd1e0771fc65a8b.js"],""]... (hydration_parser.py:95)
2025-09-22 13:00:45 [WARNING] Could not parse resolved record f: ('Unknown identifier', 'I') (hydration_parser.py:112)
2025-09-22 13:00:45 [DEBUG] [DIAG] Resolved string for key 10: I[39146,["3655","static/chunks/3655-f78e4e363a5541d0.js","6290","static/chunks/6290-2a8ce89a0b5a3df8.js","2665","static/chunks/2665-2d172eda87a962e3.js","6435","static/chunks/app/product/%5Bslug%5D/@info/loading-1c1ee849e97e6a1a.js"],""]... (hydration_parser.py:95)
2025-09-22 13:00:45 [WARNING] Could not parse resolved record 10: ('Unknown identifier', 'I') (hydration_parser.py:112)
2025-09-22 13:00:45 [DEBUG] [DIAG] Resolved string for key 13: I[79165,["3655","static/chunks/3655-f78e4e363a5541d0.js","6290","static/chunks/6290-2a8ce89a0b5a3df8.js","6381","static/chunks/6381-2b873addadcb95f3.js","6310","static/chunks/6310-99207018fb617736.js","5469","static/chunks/5469-d5f85e2b5dbb2663.js","6341","static/chunks/6341-ca54939c2b36d77d.js","6252","static/chunks/6252-920c83842bca245b.js","6574","static/chunks/6574-85b13196e7d2f55e.js","307","static/chunks/307-cefa9bd2f7381bf5.js","2665","static/chunks/2665-2d172eda87a962e3.js","684","static... (hydration_parser.py:95)
2025-09-22 13:00:45 [DEBUG] [DIAG] Resolved string for key 14: I[72470,["3655","static/chunks/3655-f78e4e363a5541d0.js","6290","static/chunks/6290-2a8ce89a0b5a3df8.js","6381","static/chunks/6381-2b873addadcb95f3.js","6310","static/chunks/6310-99207018fb617736.js","5469","static/chunks/5469-d5f85e2b5dbb2663... (hydration_parser.py:95)
2025-09-22 13:00:45 [DEBUG] [DIAG] Resolved string for key 15: I[68744,["3655","static/chunks/3655-f78e4e363a5541d0.js","6290","static/chunks/6290-2a8ce89a0b5a3df8.js","6381","static/chunks/6381-2b873addadcb95f3.js","6310","static/chunks/6310-99207018fb617736.js","5469","static/chunks/5469-d5f85e2b5dbb2663.js","6341","static/chunks/6341-ca54939c2b36d77d.js","6252","static/chunks/6252-920c83842bca245b.js","6574","static/chunks/6574-85b13196e7d2f55e.js","307","static/chunks/307-cefa9bd2f7381bf5.js","2665","static/chunks/2665-2d172eda87a962e3.js","684","static... (hydration_parser.py:95)
2025-09-22 13:00:45 [DEBUG] [DIAG] Resolved string for key 16: I[58977,["3655","static/chunks/3655-f78e4e363a5541d0.js","6290","static/chunks/6290-2a8ce89a0b5a3df8.js","6381","static/chunks/6381-2b873addadcb95f3.js","6310","static/chunks/6310-99207018fb617736.js","5469","static/chunks/5469-d5f85e2b5dbb2663.js","6341","static/chunks/6341-ca54939c2b36d77d.js","6252","static/chunks/6252-920c83842bca245b.js","6574","static/chunks/6574-85b13196e7d2f55e.js","307","static/chunks/307-cefa9bd2f7381bf5.js","2665","static/chunks/2665-2d172eda87a962e3.js","684","static... (hydration_parser.py:95)
2025-09-22 13:00:45 [DEBUG] [DIAG] Resolved string for key 17: I[66973,["3655","static/chunks/3655-f78e4e363a5541d0.js","6290","static/chunks/6290-2a8ce89a0b5a3df8.js","6381","static/chunks/6381-2b873addadcb95f3.js","6310","static/chunks/6310-99207018fb617736.js","5469","static/chunks/5469-d5f85e2b5dbb2663.js","6341","static/chunks/6341-ca54939c2b36d77d.js","6252","static/chunks/6252-920c83842bca245b.js","6574","static/chunks/6574-85b13196e7d2f55e.js","307","static/chunks/307-cefa9bd2f7381bf5.js","2665","static/chunks/2665-2d172eda87a962e3.js","684","static... (hydration_parser.py:95)
2025-09-22 13:00:45 [DEBUG] [DIAG] Resolved string for key 18: I[32206,["3655","static/chunks/3655-f78e4e363a5541d0.js","6290","static/chunks/6290-2a8ce89a0b5a3df8.js","6381","static/chunks/6381-2b873addadcb95f3.js","6310","static/chunks/6310-99207018fb617736.js","5469","static/chunks/5469-d5f85e2b5dbb2663.js","6341","static/chunks/6341-ca54939c2b36d77d.js","6252","static/chunks/6252-920c83842bca245b.js","6574","static/chunks/6574-85b13196e7d2f55e.js","307","static/chunks/307-cefa9bd2f7381bf5.js","2665","static/chunks/2665-2d172eda87a962e3.js","684","static... (hydration_parser.py:95)
2025-09-22 13:00:45 [DEBUG] [DIAG] Resolved string for key 19: I[25115,["3655","static/chunks/3655-f78e4e363a5541d0.js","6290","static/chunks/6290-2a8ce89a0b5a3df... (hydration_parser.py:95)
2025-09-22 13:00:45 [DEBUG] [DIAG] Resolved string for key 1b: I[20977,["3655","static/chunks/3655-f78e4e363a5541d0.js","6290","static/chunks/6290-2a8ce89a0b5a3df8.js","6381","static/chunks/6381-2b873addadcb95f3.js","6310","static/chunks/6310-99207018fb617736.js","5469","static/chunks/5469-d5f85e2b5dbb2663.js","9160","static/chunks/app/not-found-9fe2d208d6f479a3.js"],"default"]... (hydration_parser.py:95)
2025-09-22 13:00:45 [DEBUG] [DIAG] Resolved string for key 1c: I[79529,["3655","static/chunks/3655-f78e4e363a5541d0.js","6290","static/chunks/6290-2a8ce89a0b5a3df8.js","6381","static/chunks/6381-2b873addadcb95f3.js","6310","static/chunks/6310-99207018fb617736.js","5469","static/chunks/5469-d5f85e2b5dbb2663.js","6341","static/chunks/6341-ca54939c2b36d77d.js","6252","static/chunks/6252-920c83842bca245b.js","6574","static/chunks/6574-85b13196e7d2f55e.js","307","static/chunks/307-cefa9bd2f7381bf5.js","2665","static/chunks/2665-2d172eda87a962e3.js","684","static... (hydration_parser.py:95)
2025-09-22 13:00:45 [DEBUG] [DIAG] Resolved string for key 1d: I[74906,["3655","static/chunks/3655-f78e4e363a5541d0.js","6290","static/chunks/6290-2a8ce89a0b5a3df8.js","6381","static/chunks/6381-2... (hydration_parser.py:95)
2025-09-22 13:00:45 [DEBUG] [DIAG] Resolved string for key 1e: I[25327,["3655","static/chunks/3655-f78e4e363a5541d0.js","6290","static/chunks/6290-2a8ce89a0b5a3df8.js","6381","static/chunks/6381-2b873addadcb95f3.js","6310","static/chunks/6310-99207018fb617736.js","5469","static/chunks/5469-d5f85e2b5dbb2663.js","6341","static/chunks/6341-ca54939c2b36d77d.js","6252","static/chunks/6252-920c83842bca245b.js","6574","static/chunks/6574-85b13196e7d2f55e.js","307","static/chunks/307-cefa9bd2f7381bf5.js","2665","static/chunks/2665-2d172eda87a962e3.js","684","static... (hydration_parser.py:95)
2025-09-22 13:00:45 [DEBUG] [DIAG] Resolved string for key 20: I[51395,[],""]... (hydration_parser.py:95)
2025-09-22 13:00:45 [DEBUG] [DIAG] Resolved string for key 8: ["slug","motorola-moto-g75-5g-256gb-grey-with-buds","d"]... (hydration_parser.py:95)
2025-09-22 13:00:45 [DEBUG] [DIAG] Resolved string for key 21: []... (hydration_parser.py:95)
2025-09-22 13:00:45 [DEBUG] [DIAG] Resolved string for key 0: [[["$","link","0",{"rel":"stylesheet","href":"/_next/static/css/e0d445a9cf4aff75.css","precedence":"next","crossOrigin":"$undefined"}]],["$","$L4",null,{"buildId":"vVT_ICiXqaGX8gcuY6VmE","assetPrefix":"","initialCanonicalUrl":"/product/motorola-moto-g75-5g-256gb-grey-with-buds","initialTree":["",{"children":["product",{"children":[["slug","motorola-moto-g75-5g-256gb-grey-with-buds","d"],{"category":["__PAGE__",{"children":["__PAGE__",{}]}],"info":["__PAGE__",{"children":["__PAGE__",{}]}],"offers... (hydration_parser.py:95)
2025-09-22 13:00:45 [WARNING] Could not parse resolved record 0: ('Unknown identifier', 'I') (hydration_parser.py:112)
2025-09-22 13:00:45 [DEBUG] [DIAG] Resolved string for key a: null... (hydration_parser.py:95)
2025-09-22 13:00:45 [DEBUG] [DIAG] Resolved string for key 12: E{"digest":"NEXT_NOT_FOUND"}... (hydration_parser.py:95)
2025-09-22 13:00:45 [DEBUG] [DIAG] Resolved string for key 22: I[5821,["3655","static/chunks/3655-f78e4e363a5541d0.js","6290","static/chunks/6290-2a8ce89a0b5a3df8.js","6381","static/chunks/6381-2b873addadcb95f3.js","6310","static/chunks/6310-99207018fb617736.js","5469","static/chunks/5469-d5f85e2b5dbb2663.js","6341","static/chunks/6341-ca54939c2b36d77d.js","6252","static/chunks/6252-920c83842bca245b.js","6574","static/chunks/6574-85b13196e7d2f55e.js","307","static/chunks/307-cefa9bd2f7381bf5.js","2665","static/chunks/2665-2d172eda87a962e3.js","684","static/... (hydration_parser.py:95)
2025-09-22 13:00:45 [DEBUG] [DIAG] Resolved string for key 23: I[6063,["3655","static/chunks/3655-f78e4e363a5541d0.js","6290","static/chunks/6290-2a8ce89a0b5a3df8.js","6381","static/chunks/6381-2b873addadcb95f3.js","6310","static/chunks/6310-99207018fb617736.js","5469","static/chunks/5469-d5f85e2b5dbb2663.js","6341","static/chunks/6341-ca54939c2b36d77d.js","6252","static/chunks/6252-920c83842bca245b.js","6574","static/chunks/6574-85b13196e7d2f55e.js","307","static/chunks/307-cefa9bd2f7381bf5.js","2665","static/chunks/2665-2d172eda87a962e3.js","684","static/... (hydration_parser.py:95)
2025-09-22 13:00:45 [DEBUG] [DIAG] Resolved string for key 24: I[92163,["3655","static/chunks/3655-f78e4e363a5541d0.js","6290","static/chunks/6290-2a8ce89a0b5a3df8.js","6381","static/chunks/6381-2b873addadcb95f3.js","6310","static/chunks/6310-99207018fb617736.js","5469","static/chunks/5469-d5f85e2b5dbb2663.js","6341","static/chunks/6341-ca54939c2b36d77d.js","6252","static/chunks/6252-920c83842bca245b.js","6574","static/chunks/657... (hydration_parser.py:95)
2025-09-22 13:00:45 [DEBUG] [DIAG] Resolved string for key 25: I[5281,["3655","static/chunks/3655-f78e4e363a5541d0.js","6290","static/chunks/6290-2a8ce89a0b5a3df8.js","6381","static/chunks/6381-2b873addadcb95f3.js","6310","static/chunks/6310-99207018fb617736.js","5469","static/chunks/5469-d5f85e2b5dbb2663.js","6341","static/chunks/6341-ca54939c2b36d77d.js","6252","static/chunks/6252-920c83842bca245b.js","6574","static/chunks/6574-85b13196e7d2f55e.js","307","static/chunks/307-cefa9bd2f7381bf5.js","2665","static/chunks/2665-2d172eda87a962e3.js","684","static/... (hydration_parser.py:95)
2025-09-22 13:00:45 [DEBUG] [DIAG] Resolved string for key 26: I[90996,["3655","static/chunks/3655-f78e4e363a5541d0.js","6290","static/chunks/6290-2a8ce89a0b5a3df8.js","6381","static/chunks/6381-2b873addadcb95f3.js","6310","static/chunks/6310-99207018fb617736.js","5469","static/chunks/5469-d5f85e2b5dbb2663.js","6341","static/chunks/6341-ca54939c2b36d77d.js","6252","static/chunks/6252-920c83842bca245b.js","6574","static/chunks/6574-85b13196e7d2f55e.js","307","static/chunks/307-cefa9bd2f7381bf5.js","2665","static/chunks/2665-2d172eda87a962e3.js","684","static... (hydration_parser.py:95)
2025-09-22 13:00:45 [DEBUG] [DIAG] Resolved string for key 1a: ["$","$L22",null,{"sx":{"backdropFilter":"blur(6px)","backgroundColor":"rgba(255, 255, 255, 0.8)","boxShadow":"0 2px 4px rgba(0,0,0,0.1)"},"children":["$","$Lf",null,{"children":[["$","$Ld",null,{"direction":"row","alignItems":"center","justifyContent":"space-between","sx":{"display":{"xs":"flex","md":"none"},"height":64},"children":[["$","$L23",null,{"isMobile":true}],["$","$L24",null,{}]]}],["$","$Ld",null,{"direction":"row","alignItems":"center","justifyContent":"space-between","sx":{"display... (hydration_parser.py:95)
2025-09-22 13:00:45 [DEBUG] [DIAG] Resolved string for key 27: "$Sreact.fragment"... (hydration_parser.py:95)
2025-09-22 13:00:45 [DEBUG] [DIAG] Resolved string for key 29: I[6632,["3655","static/chunks/3655-f78e4e363a5541d0.js","6381","static/chunks/6381-2b873addadcb95f3.js","635","static/chunks/635-de4a99a005c429a5.js","5153","static/chunks/app/product/%5Bslug%5D/@category/page-e562e2b22b747881.js"],""]... (hydration_parser.py:95)
2025-09-22 13:00:45 [WARNING] Could not parse resolved record 29: ('Unknown identifier', 'I') (hydration_parser.py:112)
2025-09-22 13:00:45 [DEBUG] [DIAG] Resolved string for key 2a: I[36049,["3655","static/chunks/3655-f78e4e363a5541d0.js","6381","static/chunks/6381-2b873addadcb95f3.js","635","static/chunks/635-de4a99a005c429a5.js","5153","static/chunks/app/product/%5Bslug%5D/@category/page-e562e2b22b747881.js"],""]... (hydration_parser.py:95)
2025-09-22 13:00:45 [WARNING] Could not parse resolved record 2a: ('Unknown identifier', 'I') (hydration_parser.py:112)
2025-09-22 13:00:45 [DEBUG] [DIAG] Resolved string for key 28: [["$","meta","0",{"name":"viewport","content":"width=device-width, initial-scale=1, maximum-scale=1"}],["$","meta","1",{"charSet":"utf-8"}],["$","title","2",{"children":"Motorola Moto G75 5G 256GB Grey with Buds - Price History, Comparison \u0026 Alerts | BuyWisely"}],["$","meta","3",{"name":"description","content":"Crafted from premium materials and featuring military-grade¹ durability, moto g75 5G is made for everyday life. Capture sharp photos and smooth videos using the... Compare prices, tr... (hydration_parser.py:95)
2025-09-22 13:00:45 [INFO] [DIAG] Parsed JSON from resolved string: [['$', 'meta', '0', {'name': 'viewport', 'content': 'width=device-width, initial-scale=1, maximum-scale=1'}], ['$', 'meta', '1', {'charSet': 'utf-8'}], ['$', 'title', '2', {'children': 'Motorola Moto G75 5G 256GB Grey with Buds - Price History, Comparison & Alerts | BuyWisely'}], ['$', 'meta', '3', {'name': 'description', 'content': 'Crafted from premium materials and featuring military-grade¹ durability, moto g75 5G is made for everyday life. Capture sharp photos and smooth videos using the... Compare prices, track history, set alerts on BuyWisely.'}], ['$', 'meta', '4', {'name': 'keywords', 'content': 'Motorola Moto G75 5G 256GB Grey with Buds, price comparison, price history, price alerts, best deals, online shopping, BuyWisely'}], ['$', 'meta', '5', {'name': 'robots', 'content': 'index, follow'}], ['$', 'meta', '6', {'name': 'googlebot', 'content': 'index, follow, max-video-preview:-1, max-image-preview:large, max-snippet:-1'}], ['$', 'link', '7', {'rel': 'canonical', 'href': 'https://buywisely.com.au/product/motorola-moto-g75-5g-256gb-grey-with-buds'}], ['$', 'meta', '8', {'property': 'og:title', 'content': 'Motorola Moto G75 5G 256GB Grey with Buds - Price History, Comparison & Alerts'}], ['$', 'meta', '9', {'property': 'og:description', 'content': 'Crafted from premium materials and featuring military-grade¹ durability, moto g75 5G is made for everyday life. Capture sharp photos and smooth videos using the... Compare prices, track history, set alerts on BuyWisely.'}], ['$', 'meta', '10', {'property': 'og:image', 'content': 'https://encrypted-tbn0.gstatic.com/shopping?q=tbn:ANd9GcTN0NDdrPCDIn9NaiVIb7vTMSRVKBOQbkBMTHJyb9dzqC_WY5IGMoYuvnsDtsI8XvfpsX50GHyVY5kvPm-1nSr2bXEkwcR1sLJr1IR1dAkwVcXTXGOCB8frf7o'}], ['$', 'meta', '11', {'name': 'twitter:card', 'content': 'summary_large_image'}], ['$', 'meta', '12', {'name': 'twitter:title', 'content': 'Price History, Comparison & Tracking | Save Money on Your Purchases'}], ['$', 'meta', '13', {'name': 'twitter:description', 'content': 'Track price history, compare prices, and set price alerts for products across 20,000+ online shops. BuyWisely helps you find the best deals and make informed buying decisions.'}], ['$', 'meta', '14', {'name': 'twitter:image', 'content': 'https://buywisely.com.au/assets/images/landing/preview.png'}], ['$', 'meta', '15', {'name': 'next-size-adjust'}]] (hydration_parser.py:105)
2025-09-22 13:00:45 [DEBUG] [DIAG][find_product_with_offers_recursive] Processing data (type: <class 'list'>): [['$', 'meta', '0', {'name': 'viewport', 'content': 'width=device-width, initial-scale=1, maximum-sc... (json_parser_utils.py:94)
2025-09-22 13:00:45 [DEBUG] [DIAG][find_product_with_offers_recursive] Iterating list of length 16 (json_parser_utils.py:105)
2025-09-22 13:00:45 [DEBUG] [DIAG][find_product_with_offers_recursive] Recursing into list item 0 (json_parser_utils.py:107)
2025-09-22 13:00:45 [DEBUG] [DIAG][find_product_with_offers_recursive] Processing data (type: <class 'list'>): ['$', 'meta', '0', {'name': 'viewport', 'content': 'width=device-width, initial-scale=1, maximum-sca... (json_parser_utils.py:94)
2025-09-22 13:00:45 [DEBUG] [DIAG][find_product_with_offers_recursive] Iterating list of length 4 (json_parser_utils.py:105)
2025-09-22 13:00:45 [DEBUG] [DIAG][find_product_with_offers_recursive] Recursing into list item 0 (json_parser_utils.py:107)
2025-09-22 13:00:45 [DEBUG] [DIAG][find_product_with_offers_recursive] Processing data (type: <class 'str'>): $... (json_parser_utils.py:94)
2025-09-22 13:00:45 [DEBUG] [DIAG][find_product_with_offers_recursive] Recursing into list item 1 (json_parser_utils.py:107)
2025-09-22 13:00:45 [DEBUG] [DIAG][find_product_with_offers_recursive] Processing data (type: <class 'str'>): meta... (json_parser_utils.py:94)
2025-09-22 13:00:45 [DEBUG] [DIAG][find_product_with_offers_recursive] Recursing into list item 2 (json_parser_utils.py:107)
2025-09-22 13:00:45 [DEBUG] [DIAG][find_product_with_offers_recursive] Processing data (type: <class 'str'>): 0... (json_parser_utils.py:94)
2025-09-22 13:00:45 [DEBUG] [DIAG][find_product_with_offers_recursive] Recursing into list item 3 (json_parser_utils.py:107)
2025-09-22 13:00:45 [DEBUG] [DIAG][find_product_with_offers_recursive] Processing data (type: <class 'dict'>): {'name': 'viewport', 'content': 'width=device-width, initial-scale=1, maximum-scale=1'}... (json_parser_utils.py:94)
2025-09-22 13:00:45 [DEBUG] [DIAG][find_product_with_offers_recursive] Recursing into key 'name' (json_parser_utils.py:100)
2025-09-22 13:00:45 [DEBUG] [DIAG][find_product_with_offers_recursive] Processing data (type: <class 'str'>): viewport... (json_parser_utils.py:94)
2025-09-22 13:00:45 [DEBUG] [DIAG][find_product_with_offers_recursive] Recursing into key 'content' (json_parser_utils.py:100)
2025-09-22 13:00:45 [DEBUG] [DIAG][find_product_with_offers_recursive] Processing data (type: <class 'str'>): width=device-width, initial-scale=1, maximum-scale=1... (json_parser_utils.py:94)
2025-09-22 13:00:45 [DEBUG] [DIAG][find_product_with_offers_recursive] Recursing into list item 1 (json_parser_utils.py:107)
2025-09-22 13:00:45 [DEBUG] [DIAG][find_product_with_offers_recursive] Processing data (type: <class 'list'>): ['$', 'meta', '1', {'charSet': 'utf-8'}]... (json_parser_utils.py:94)
2025-09-22 13:00:45 [DEBUG] [DIAG][find_product_with_offers_recursive] Iterating list of length 4 (json_parser_utils.py:105)
2025-09-22 13:00:45 [DEBUG] [DIAG][find_product_with_offers_recursive] Recursing into list item 0 (json_parser_utils.py:107)
2025-09-22 13:00:45 [DEBUG] [DIAG][find_product_with_offers_recursive] Processing data (type: <class 'str'>): $... (json_parser_utils.py:94)
2025-09-22 13:00:45 [DEBUG] [DIAG][find_product_with_offers_recursive] Recursing into list item 1 (json_parser_utils.py:107)
2025-09-22 13:00:45 [DEBUG] [DIAG][find_product_with_offers_recursive] Processing data (type: <class 'str'>): meta... (json_parser_utils.py:94)
2025-09-22 13:00:45 [DEBUG] [DIAG][find_product_with_offers_recursive] Recursing into list item 2 (json_parser_utils.py:107)
2025-09-22 13:00:45 [DEBUG] [DIAG][find_product_with_offers_recursive] Processing data (type: <class 'str'>): 1... (json_parser_utils.py:94)
2025-09-22 13:00:45 [DEBUG] [DIAG][find_product_with_offers_recursive] Recursing into list item 3 (json_parser_utils.py:107)
2025-09-22 13:00:45 [DEBUG] [DIAG][find_product_with_offers_recursive] Processing data (type: <class 'dict'>): {'charSet': 'utf-8'}... (json_parser_utils.py:94)
2025-09-22 13:00:45 [DEBUG] [DIAG][find_product_with_offers_recursive] Recursing into key 'charSet' (json_parser_utils.py:100)
2025-09-22 13:00:45 [DEBUG] [DIAG][find_product_with_offers_recursive] Processing data (type: <class 'str'>): utf-8... (json_parser_utils.py:94)
2025-09-22 13:00:45 [DEBUG] [DIAG][find_product_with_offers_recursive] Recursing into list item 2 (json_parser_utils.py:107)
2025-09-22 13:00:45 [DEBUG] [DIAG][find_product_with_offers_recursive] Processing data (type: <class 'list'>): ['$', 'title', '2', {'children': 'Motorola Moto G75 5G 256GB Grey with Buds - Price History, Compari... (json_parser_utils.py:94)
2025-09-22 13:00:45 [DEBUG] [DIAG][find_product_with_offers_recursive] Iterating list of length 4 (json_parser_utils.py:105)
2025-09-22 13:00:45 [DEBUG] [DIAG][find_product_with_offers_recursive] Recursing into list item 0 (json_parser_utils.py:107)
2025-09-22 13:00:45 [DEBUG] [DIAG][find_product_with_offers_recursive] Processing data (type: <class 'str'>): $... (json_parser_utils.py:94)
2025-09-22 13:00:45 [DEBUG] [DIAG][find_product_with_offers_recursive] Recursing into list item 1 (json_parser_utils.py:107)
2025-09-22 13:00:45 [DEBUG] [DIAG][find_product_with_offers_recursive] Processing data (type: <class 'str'>): title... (json_parser_utils.py:94)
2025-09-22 13:00:45 [DEBUG] [DIAG][find_product_with_offers_recursive] Recursing into list item 2 (json_parser_utils.py:107)
2025-09-22 13:00:45 [DEBUG] [DIAG][find_product_with_offers_recursive] Processing data (type: <class 'str'>): 2... (json_parser_utils.py:94)
2025-09-22 13:00:45 [DEBUG] [DIAG][find_product_with_offers_recursive] Recursing into list item 3 (json_parser_utils.py:107)
2025-09-22 13:00:45 [DEBUG] [DIAG][find_product_with_offers_recursive] Processing data (type: <class 'dict'>): {'children': 'Motorola Moto G75 5G 256GB Grey with Buds - Price History, Comparison & Alerts | BuyWi... (json_parser_utils.py:94)
2025-09-22 13:00:45 [DEBUG] [DIAG][find_product_with_offers_recursive] Recursing into key 'children' (json_parser_utils.py:100)
2025-09-22 13:00:45 [DEBUG] [DIAG][find_product_with_offers_recursive] Processing data (type: <class 'str'>): Motorola Moto G75 5G 256GB Grey with Buds - Price History, Comparison & Alerts | BuyWisely... (json_parser_utils.py:94)
2025-09-22 13:00:45 [DEBUG] [DIAG][find_product_with_offers_recursive] Recursing into list item 3 (json_parser_utils.py:107)
2025-09-22 13:00:45 [DEBUG] [DIAG][find_product_with_offers_recursive] Processing data (type: <class 'list'>): ['$', 'meta', '3', {'name': 'description', 'content': 'Crafted from premium materials and featuring ... (json_parser_utils.py:94)
2025-09-22 13:00:45 [DEBUG] [DIAG][find_product_with_offers_recursive] Iterating list of length 4 (json_parser_utils.py:105)
2025-09-22 13:00:45 [DEBUG] [DIAG][find_product_with_offers_recursive] Recursing into list item 0 (json_parser_utils.py:107)
2025-09-22 13:00:45 [DEBUG] [DIAG][find_product_with_offers_recursive] Processing data (type: <class 'str'>): $... (json_parser_utils.py:94)
2025-09-22 13:00:45 [DEBUG] [DIAG][find_product_with_offers_recursive] Recursing into list item 1 (json_parser_utils.py:107)
2025-09-22 13:00:45 [DEBUG] [DIAG][find_product_with_offers_recursive] Processing data (type: <class 'str'>): meta... (json_parser_utils.py:94)
2025-09-22 13:00:45 [DEBUG] [DIAG][find_product_with_offers_recursive] Recursing into list item 2 (json_parser_utils.py:107)
2025-09-22 13:00:45 [DEBUG] [DIAG][find_product_with_offers_recursive] Processing data (type: <class 'str'>): 3... (json_parser_utils.py:94)
2025-09-22 13:00:45 [DEBUG] [DIAG][find_product_with_offers_recursive] Recursing into list item 3 (json_parser_utils.py:107)
2025-09-22 13:00:45 [DEBUG] [DIAG][find_product_with_offers_recursive] Processing data (type: <class 'dict'>): {'name': 'description', 'content': 'Crafted from premium materials and featuring military-grade¹ dur... (json_parser_utils.py:94)
2025-09-22 13:00:45 [DEBUG] [DIAG][find_product_with_offers_recursive] Recursing into key 'name' (json_parser_utils.py:100)
2025-09-22 13:00:45 [DEBUG] [DIAG][find_product_with_offers_recursive] Processing data (type: <class 'str'>): description... (json_parser_utils.py:94)
2025-09-22 13:00:45 [DEBUG] [DIAG][find_product_with_offers_recursive] Recursing into key 'content' (json_parser_utils.py:100)
2025-09-22 13:00:45 [DEBUG] [DIAG][find_product_with_offers_recursive] Processing data (type: <class 'str'>): Crafted from premium materials and featuring military-grade¹ durability, moto g75 5G is made for eve... (json_parser_utils.py:94)
2025-09-22 13:00:45 [DEBUG] [DIAG][find_product_with_offers_recursive] Recursing into list item 4 (json_parser_utils.py:107)
2025-09-22 13:00:45 [DEBUG] [DIAG][find_product_with_offers_recursive] Processing data (type: <class 'list'>): ['$', 'meta', '4', {'name': 'keywords', 'content': 'Motorola Moto G75 5G 256GB Grey with Buds, price... (json_parser_utils.py:94)
2025-09-22 13:00:45 [DEBUG] [DIAG][find_product_with_offers_recursive] Iterating list of length 4 (json_parser_utils.py:105)
2025-09-22 13:00:45 [DEBUG] [DIAG][find_product_with_offers_recursive] Recursing into list item 0 (json_parser_utils.py:107)
2025-09-22 13:00:45 [DEBUG] [DIAG][find_product_with_offers_recursive] Processing data (type: <class 'str'>): $... (json_parser_utils.py:94)
2025-09-22 13:00:45 [DEBUG] [DIAG][find_product_with_offers_recursive] Recursing into list item 1 (json_parser_utils.py:107)
2025-09-22 13:00:45 [DEBUG] [DIAG][find_product_with_offers_recursive] Processing data (type: <class 'str'>): meta... (json_parser_utils.py:94)
2025-09-22 13:00:45 [DEBUG] [DIAG][find_product_with_offers_recursive] Recursing into list item 2 (json_parser_utils.py:107)
2025-09-22 13:00:45 [DEBUG] [DIAG][find_product_with_offers_recursive] Processing data (type: <class 'str'>): 4... (json_parser_utils.py:94)
2025-09-22 13:00:45 [DEBUG] [DIAG][find_product_with_offers_recursive] Recursing into list item 3 (json_parser_utils.py:107)
2025-09-22 13:00:45 [DEBUG] [DIAG][find_product_with_offers_recursive] Processing data (type: <class 'dict'>): {'name': 'keywords', 'content': 'Motorola Moto G75 5G 256GB Grey with Buds, price comparison, price ... (json_parser_utils.py:94)
2025-09-22 13:00:45 [DEBUG] [DIAG][find_product_with_offers_recursive] Recursing into key 'name' (json_parser_utils.py:100)
2025-09-22 13:00:45 [DEBUG] [DIAG][find_product_with_offers_recursive] Processing data (type: <class 'str'>): keywords... (json_parser_utils.py:94)
2025-09-22 13:00:45 [DEBUG] [DIAG][find_product_with_offers_recursive] Recursing into key 'content' (json_parser_utils.py:100)
2025-09-22 13:00:45 [DEBUG] [DIAG][find_product_with_offers_recursive] Processing data (type: <class 'str'>): Motorola Moto G75 5G 256GB Grey with Buds, price comparison, price history, price alerts, best deals... (json_parser_utils.py:94)
2025-09-22 13:00:45 [DEBUG] [DIAG][find_product_with_offers_recursive] Recursing into list item 5 (json_parser_utils.py:107)
2025-09-22 13:00:45 [DEBUG] [DIAG][find_product_with_offers_recursive] Processing data (type: <class 'list'>): ['$', 'meta', '5', {'name': 'robots', 'content': 'index, follow'}]... (json_parser_utils.py:94)
2025-09-22 13:00:45 [DEBUG] [DIAG][find_product_with_offers_recursive] Iterating list of length 4 (json_parser_utils.py:105)
2025-09-22 13:00:45 [DEBUG] [DIAG][find_product_with_offers_recursive] Recursing into list item 0 (json_parser_utils.py:107)
2025-09-22 13:00:45 [DEBUG] [DIAG][find_product_with_offers_recursive] Processing data (type: <class 'str'>): $... (json_parser_utils.py:94)
2025-09-22 13:00:45 [DEBUG] [DIAG][find_product_with_offers_recursive] Recursing into list item 1 (json_parser_utils.py:107)
2025-09-22 13:00:45 [DEBUG] [DIAG][find_product_with_offers_recursive] Processing data (type: <class 'str'>): meta... (json_parser_utils.py:94)
2025-09-22 13:00:45 [DEBUG] [DIAG][find_product_with_offers_recursive] Recursing into list item 2 (json_parser_utils.py:107)
2025-09-22 13:00:45 [DEBUG] [DIAG][find_product_with_offers_recursive] Processing data (type: <class 'str'>): 5... (json_parser_utils.py:94)
2025-09-22 13:00:45 [DEBUG] [DIAG][find_product_with_offers_recursive] Recursing into list item 3 (json_parser_utils.py:107)
2025-09-22 13:00:45 [DEBUG] [DIAG][find_product_with_offers_recursive] Processing data (type: <class 'dict'>): {'name': 'robots', 'content': 'index, follow'}... (json_parser_utils.py:94)
2025-09-22 13:00:45 [DEBUG] [DIAG][find_product_with_offers_recursive] Recursing into key 'name' (json_parser_utils.py:100)
2025-09-22 13:00:45 [DEBUG] [DIAG][find_product_with_offers_recursive] Processing data (type: <class 'str'>): robots... (json_parser_utils.py:94)
2025-09-22 13:00:45 [DEBUG] [DIAG][find_product_with_offers_recursive] Recursing into key 'content' (json_parser_utils.py:100)
2025-09-22 13:00:45 [DEBUG] [DIAG][find_product_with_offers_recursive] Processing data (type: <class 'str'>): index, follow... (json_parser_utils.py:94)
2025-09-22 13:00:45 [DEBUG] [DIAG][find_product_with_offers_recursive] Recursing into list item 6 (json_parser_utils.py:107)
2025-09-22 13:00:45 [DEBUG] [DIAG][find_product_with_offers_recursive] Processing data (type: <class 'list'>): ['$', 'meta', '6', {'name': 'googlebot', 'content': 'index, follow, max-video-preview:-1, max-image-... (json_parser_utils.py:94)
2025-09-22 13:00:45 [DEBUG] [DIAG][find_product_with_offers_recursive] Iterating list of length 4 (json_parser_utils.py:105)
2025-09-22 13:00:45 [DEBUG] [DIAG][find_product_with_offers_recursive] Recursing into list item 0 (json_parser_utils.py:107)
2025-09-22 13:00:45 [DEBUG] [DIAG][find_product_with_offers_recursive] Processing data (type: <class 'str'>): $... (json_parser_utils.py:94)
2025-09-22 13:00:45 [DEBUG] [DIAG][find_product_with_offers_recursive] Recursing into list item 1 (json_parser_utils.py:107)
2025-09-22 13:00:45 [DEBUG] [DIAG][find_product_with_offers_recursive] Processing data (type: <class 'str'>): meta... (json_parser_utils.py:94)
2025-09-22 13:00:45 [DEBUG] [DIAG][find_product_with_offers_recursive] Recursing into list item 2 (json_parser_utils.py:107)
2025-09-22 13:00:45 [DEBUG] [DIAG][find_product_with_offers_recursive] Processing data (type: <class 'str'>): 6... (json_parser_utils.py:94)
2025-09-22 13:00:45 [DEBUG] [DIAG][find_product_with_offers_recursive] Recursing into list item 3 (json_parser_utils.py:107)
2025-09-22 13:00:45 [DEBUG] [DIAG][find_product_with_offers_recursive] Processing data (type: <class 'dict'>): {'name': 'googlebot', 'content': 'index, follow, max-video-preview:-1, max-image-preview:large, max-... (json_parser_utils.py:94)
2025-09-22 13:00:45 [DEBUG] [DIAG][find_product_with_offers_recursive] Recursing into key 'name' (json_parser_utils.py:100)
2025-09-22 13:00:45 [DEBUG] [DIAG][find_product_with_offers_recursive] Processing data (type: <class 'str'>): googlebot... (json_parser_utils.py:94)
2025-09-22 13:00:45 [DEBUG] [DIAG][find_product_with_offers_recursive] Recursing into key 'content' (json_parser_utils.py:100)
2025-09-22 13:00:45 [DEBUG] [DIAG][find_product_with_offers_recursive] Processing data (type: <class 'str'>): index, follow, max-video-preview:-1, max-image-preview:large, max-snippet:-1... (json_parser_utils.py:94)
2025-09-22 13:00:45 [DEBUG] [DIAG][find_product_with_offers_recursive] Recursing into list item 7 (json_parser_utils.py:107)
2025-09-22 13:00:45 [DEBUG] [DIAG][find_product_with_offers_recursive] Processing data (type: <class 'list'>): ['$', 'link', '7', {'rel': 'canonical', 'href': 'https://buywisely.com.au/product/motorola-moto-g75-... (json_parser_utils.py:94)
2025-09-22 13:00:45 [DEBUG] [DIAG][find_product_with_offers_recursive] Iterating list of length 4 (json_parser_utils.py:105)
2025-09-22 13:00:45 [DEBUG] [DIAG][find_product_with_offers_recursive] Recursing into list item 0 (json_parser_utils.py:107)
2025-09-22 13:00:45 [DEBUG] [DIAG][find_product_with_offers_recursive] Processing data (type: <class 'str'>): $... (json_parser_utils.py:94)
2025-09-22 13:00:45 [DEBUG] [DIAG][find_product_with_offers_recursive] Recursing into list item 1 (json_parser_utils.py:107)
2025-09-22 13:00:45 [DEBUG] [DIAG][find_product_with_offers_recursive] Processing data (type: <class 'str'>): link... (json_parser_utils.py:94)
2025-09-22 13:00:45 [DEBUG] [DIAG][find_product_with_offers_recursive] Recursing into list item 2 (json_parser_utils.py:107)
2025-09-22 13:00:45 [DEBUG] [DIAG][find_product_with_offers_recursive] Processing data (type: <class 'str'>): 7... (json_parser_utils.py:94)
2025-09-22 13:00:45 [DEBUG] [DIAG][find_product_with_offers_recursive] Recursing into list item 3 (json_parser_utils.py:107)
2025-09-22 13:00:45 [DEBUG] [DIAG][find_product_with_offers_recursive] Processing data (type: <class 'dict'>): {'rel': 'canonical', 'href': 'https://buywisely.com.au/product/motorola-moto-g75-5g-256gb-grey-with-... (json_parser_utils.py:94)
2025-09-22 13:00:45 [DEBUG] [DIAG][find_product_with_offers_recursive] Recursing into key 'rel' (json_parser_utils.py:100)
2025-09-22 13:00:45 [DEBUG] [DIAG][find_product_with_offers_recursive] Processing data (type: <class 'str'>): canonical... (json_parser_utils.py:94)
2025-09-22 13:00:45 [DEBUG] [DIAG][find_product_with_offers_recursive] Recursing into key 'href' (json_parser_utils.py:100)
2025-09-22 13:00:45 [DEBUG] [DIAG][find_product_with_offers_recursive] Processing data (type: <class 'str'>): https://buywisely.com.au/product/motorola-moto-g75-5g-256gb-grey-with-buds... (json_parser_utils.py:94)
2025-09-22 13:00:45 [DEBUG] [DIAG][find_product_with_offers_recursive] Recursing into list item 8 (json_parser_utils.py:107)
2025-09-22 13:00:45 [DEBUG] [DIAG][find_product_with_offers_recursive] Processing data (type: <class 'list'>): ['$', 'meta', '8', {'property': 'og:title', 'content': 'Motorola Moto G75 5G 256GB Grey with Buds - ... (json_parser_utils.py:94)
2025-09-22 13:00:45 [DEBUG] [DIAG][find_product_with_offers_recursive] Iterating list of length 4 (json_parser_utils.py:105)
2025-09-22 13:00:45 [DEBUG] [DIAG][find_product_with_offers_recursive] Recursing into list item 0 (json_parser_utils.py:107)
2025-09-22 13:00:45 [DEBUG] [DIAG][find_product_with_offers_recursive] Processing data (type: <class 'str'>): $... (json_parser_utils.py:94)
2025-09-22 13:00:45 [DEBUG] [DIAG][find_product_with_offers_recursive] Recursing into list item 1 (json_parser_utils.py:107)
2025-09-22 13:00:45 [DEBUG] [DIAG][find_product_with_offers_recursive] Processing data (type: <class 'str'>): meta... (json_parser_utils.py:94)
2025-09-22 13:00:45 [DEBUG] [DIAG][find_product_with_offers_recursive] Recursing into list item 2 (json_parser_utils.py:107)
2025-09-22 13:00:45 [DEBUG] [DIAG][find_product_with_offers_recursive] Processing data (type: <class 'str'>): 8... (json_parser_utils.py:94)
2025-09-22 13:00:45 [DEBUG] [DIAG][find_product_with_offers_recursive] Recursing into list item 3 (json_parser_utils.py:107)
2025-09-22 13:00:45 [DEBUG] [DIAG][find_product_with_offers_recursive] Processing data (type: <class 'dict'>): {'property': 'og:title', 'content': 'Motorola Moto G75 5G 256GB Grey with Buds - Price History, Comp... (json_parser_utils.py:94)
2025-09-22 13:00:45 [DEBUG] [DIAG][find_product_with_offers_recursive] Recursing into key 'property' (json_parser_utils.py:100)
2025-09-22 13:00:45 [DEBUG] [DIAG][find_product_with_offers_recursive] Processing data (type: <class 'str'>): og:title... (json_parser_utils.py:94)
2025-09-22 13:00:45 [DEBUG] [DIAG][find_product_with_offers_recursive] Recursing into key 'content' (json_parser_utils.py:100)
2025-09-22 13:00:45 [DEBUG] [DIAG][find_product_with_offers_recursive] Processing data (type: <class 'str'>): Motorola Moto G75 5G 256GB Grey with Buds - Price History, Comparison & Alerts... (json_parser_utils.py:94)
2025-09-22 13:00:45 [DEBUG] [DIAG][find_product_with_offers_recursive] Recursing into list item 9 (json_parser_utils.py:107)
2025-09-22 13:00:45 [DEBUG] [DIAG][find_product_with_offers_recursive] Processing data (type: <class 'list'>): ['$', 'meta', '9', {'property': 'og:description', 'content': 'Crafted from premium materials and fea... (json_parser_utils.py:94)
2025-09-22 13:00:45 [DEBUG] [DIAG][find_product_with_offers_recursive] Iterating list of length 4 (json_parser_utils.py:105)
2025-09-22 13:00:45 [DEBUG] [DIAG][find_product_with_offers_recursive] Recursing into list item 0 (json_parser_utils.py:107)
2025-09-22 13:00:45 [DEBUG] [DIAG][find_product_with_offers_recursive] Processing data (type: <class 'str'>): $... (json_parser_utils.py:94)
2025-09-22 13:00:45 [DEBUG] [DIAG][find_product_with_offers_recursive] Recursing into list item 1 (json_parser_utils.py:107)
2025-09-22 13:00:45 [DEBUG] [DIAG][find_product_with_offers_recursive] Processing data (type: <class 'str'>): meta... (json_parser_utils.py:94)
2025-09-22 13:00:45 [DEBUG] [DIAG][find_product_with_offers_recursive] Recursing into list item 2 (json_parser_utils.py:107)
2025-09-22 13:00:45 [DEBUG] [DIAG][find_product_with_offers_recursive] Processing data (type: <class 'str'>): 9... (json_parser_utils.py:94)
2025-09-22 13:00:45 [DEBUG] [DIAG][find_product_with_offers_recursive] Recursing into list item 3 (json_parser_utils.py:107)
2025-09-22 13:00:45 [DEBUG] [DIAG][find_product_with_offers_recursive] Processing data (type: <class 'dict'>): {'property': 'og:description', 'content': 'Crafted from premium materials and featuring military-gra... (json_parser_utils.py:94)
2025-09-22 13:00:45 [DEBUG] [DIAG][find_product_with_offers_recursive] Recursing into key 'property' (json_parser_utils.py:100)
2025-09-22 13:00:45 [DEBUG] [DIAG][find_product_with_offers_recursive] Processing data (type: <class 'str'>): og:description... (json_parser_utils.py:94)
2025-09-22 13:00:45 [DEBUG] [DIAG][find_product_with_offers_recursive] Recursing into key 'content' (json_parser_utils.py:100)
2025-09-22 13:00:45 [DEBUG] [DIAG][find_product_with_offers_recursive] Processing data (type: <class 'str'>): Crafted from premium materials and featuring military-grade¹ durability, moto g75 5G is made for eve... (json_parser_utils.py:94)
2025-09-22 13:00:45 [DEBUG] [DIAG][find_product_with_offers_recursive] Recursing into list item 10 (json_parser_utils.py:107)
2025-09-22 13:00:45 [DEBUG] [DIAG][find_product_with_offers_recursive] Processing data (type: <class 'list'>): ['$', 'meta', '10', {'property': 'og:image', 'content': 'https://encrypted-tbn0.gstatic.com/shopping... (json_parser_utils.py:94)
2025-09-22 13:00:45 [DEBUG] [DIAG][find_product_with_offers_recursive] Iterating list of length 4 (json_parser_utils.py:105)
2025-09-22 13:00:45 [DEBUG] [DIAG][find_product_with_offers_recursive] Recursing into list item 0 (json_parser_utils.py:107)
2025-09-22 13:00:45 [DEBUG] [DIAG][find_product_with_offers_recursive] Processing data (type: <class 'str'>): $... (json_parser_utils.py:94)
2025-09-22 13:00:45 [DEBUG] [DIAG][find_product_with_offers_recursive] Recursing into list item 1 (json_parser_utils.py:107)
2025-09-22 13:00:45 [DEBUG] [DIAG][find_product_with_offers_recursive] Processing data (type: <class 'str'>): meta... (json_parser_utils.py:94)
2025-09-22 13:00:45 [DEBUG] [DIAG][find_product_with_offers_recursive] Recursing into list item 2 (json_parser_utils.py:107)
2025-09-22 13:00:45 [DEBUG] [DIAG][find_product_with_offers_recursive] Processing data (type: <class 'str'>): 10... (json_parser_utils.py:94)
2025-09-22 13:00:45 [DEBUG] [DIAG][find_product_with_offers_recursive] Recursing into list item 3 (json_parser_utils.py:107)
2025-09-22 13:00:45 [DEBUG] [DIAG][find_product_with_offers_recursive] Processing data (type: <class 'dict'>): {'property': 'og:image', 'content': 'https://encrypted-tbn0.gstatic.com/shopping?q=tbn:ANd9GcTN0NDdr... (json_parser_utils.py:94)
2025-09-22 13:00:45 [DEBUG] [DIAG][find_product_with_offers_recursive] Recursing into key 'property' (json_parser_utils.py:100)
2025-09-22 13:00:45 [DEBUG] [DIAG][find_product_with_offers_recursive] Processing data (type: <class 'str'>): og:image... (json_parser_utils.py:94)
2025-09-22 13:00:45 [DEBUG] [DIAG][find_product_with_offers_recursive] Recursing into key 'content' (json_parser_utils.py:100)
2025-09-22 13:00:45 [DEBUG] [DIAG][find_product_with_offers_recursive] Processing data (type: <class 'str'>): https://encrypted-tbn0.gstatic.com/shopping?q=tbn:ANd9GcTN0NDdrPCDIn9NaiVIb7vTMSRVKBOQbkBMTHJyb9dzqC... (json_parser_utils.py:94)
2025-09-22 13:00:45 [DEBUG] [DIAG][find_product_with_offers_recursive] Recursing into list item 11 (json_parser_utils.py:107)
2025-09-22 13:00:45 [DEBUG] [DIAG][find_product_with_offers_recursive] Processing data (type: <class 'list'>): ['$', 'meta', '11', {'name': 'twitter:card', 'content': 'summary_large_image'}]... (json_parser_utils.py:94)
2025-09-22 13:00:45 [DEBUG] [DIAG][find_product_with_offers_recursive] Iterating list of length 4 (json_parser_utils.py:105)
2025-09-22 13:00:45 [DEBUG] [DIAG][find_product_with_offers_recursive] Recursing into list item 0 (json_parser_utils.py:107)
2025-09-22 13:00:45 [DEBUG] [DIAG][find_product_with_offers_recursive] Processing data (type: <class 'str'>): $... (json_parser_utils.py:94)
2025-09-22 13:00:45 [DEBUG] [DIAG][find_product_with_offers_recursive] Recursing into list item 1 (json_parser_utils.py:107)
2025-09-22 13:00:45 [DEBUG] [DIAG][find_product_with_offers_recursive] Processing data (type: <class 'str'>): meta... (json_parser_utils.py:94)
2025-09-22 13:00:45 [DEBUG] [DIAG][find_product_with_offers_recursive] Recursing into list item 2 (json_parser_utils.py:107)
2025-09-22 13:00:45 [DEBUG] [DIAG][find_product_with_offers_recursive] Processing data (type: <class 'str'>): 11... (json_parser_utils.py:94)
2025-09-22 13:00:45 [DEBUG] [DIAG][find_product_with_offers_recursive] Recursing into list item 3 (json_parser_utils.py:107)
2025-09-22 13:00:45 [DEBUG] [DIAG][find_product_with_offers_recursive] Processing data (type: <class 'dict'>): {'name': 'twitter:card', 'content': 'summary_large_image'}... (json_parser_utils.py:94)
2025-09-22 13:00:45 [DEBUG] [DIAG][find_product_with_offers_recursive] Recursing into key 'name' (json_parser_utils.py:100)
2025-09-22 13:00:45 [DEBUG] [DIAG][find_product_with_offers_recursive] Processing data (type: <class 'str'>): twitter:card... (json_parser_utils.py:94)
2025-09-22 13:00:45 [DEBUG] [DIAG][find_product_with_offers_recursive] Recursing into key 'content' (json_parser_utils.py:100)
2025-09-22 13:00:45 [DEBUG] [DIAG][find_product_with_offers_recursive] Processing data (type: <class 'str'>): summary_large_image... (json_parser_utils.py:94)
2025-09-22 13:00:45 [DEBUG] [DIAG][find_product_with_offers_recursive] Recursing into list item 12 (json_parser_utils.py:107)
2025-09-22 13:00:45 [DEBUG] [DIAG][find_product_with_offers_recursive] Processing data (type: <class 'list'>): ['$', 'meta', '12', {'name': 'twitter:title', 'content': 'Price History, Comparison & Tracking | Sav... (json_parser_utils.py:94)
2025-09-22 13:00:45 [DEBUG] [DIAG][find_product_with_offers_recursive] Iterating list of length 4 (json_parser_utils.py:105)
2025-09-22 13:00:45 [DEBUG] [DIAG][find_product_with_offers_recursive] Recursing into list item 0 (json_parser_utils.py:107)
2025-09-22 13:00:45 [DEBUG] [DIAG][find_product_with_offers_recursive] Processing data (type: <class 'str'>): $... (json_parser_utils.py:94)
2025-09-22 13:00:45 [DEBUG] [DIAG][find_product_with_offers_recursive] Recursing into list item 1 (json_parser_utils.py:107)
2025-09-22 13:00:45 [DEBUG] [DIAG][find_product_with_offers_recursive] Processing data (type: <class 'str'>): meta... (json_parser_utils.py:94)
2025-09-22 13:00:45 [DEBUG] [DIAG][find_product_with_offers_recursive] Recursing into list item 2 (json_parser_utils.py:107)
2025-09-22 13:00:45 [DEBUG] [DIAG][find_product_with_offers_recursive] Processing data (type: <class 'str'>): 12... (json_parser_utils.py:94)
2025-09-22 13:00:45 [DEBUG] [DIAG][find_product_with_offers_recursive] Recursing into list item 3 (json_parser_utils.py:107)
2025-09-22 13:00:45 [DEBUG] [DIAG][find_product_with_offers_recursive] Processing data (type: <class 'dict'>): {'name': 'twitter:title', 'content': 'Price History, Comparison & Tracking | Save Money on Your Purc... (json_parser_utils.py:94)
2025-09-22 13:00:45 [DEBUG] [DIAG][find_product_with_offers_recursive] Recursing into key 'name' (json_parser_utils.py:100)
2025-09-22 13:00:45 [DEBUG] [DIAG][find_product_with_offers_recursive] Processing data (type: <class 'str'>): twitter:title... (json_parser_utils.py:94)
2025-09-22 13:00:45 [DEBUG] [DIAG][find_product_with_offers_recursive] Recursing into key 'content' (json_parser_utils.py:100)
2025-09-22 13:00:45 [DEBUG] [DIAG][find_product_with_offers_recursive] Processing data (type: <class 'str'>): Price History, Comparison & Tracking | Save Money on Your Purchases... (json_parser_utils.py:94)
2025-09-22 13:00:45 [DEBUG] [DIAG][find_product_with_offers_recursive] Recursing into list item 13 (json_parser_utils.py:107)
2025-09-22 13:00:45 [DEBUG] [DIAG][find_product_with_offers_recursive] Processing data (type: <class 'list'>): ['$', 'meta', '13', {'name': 'twitter:description', 'content': 'Track price history, compare prices,... (json_parser_utils.py:94)
2025-09-22 13:00:45 [DEBUG] [DIAG][find_product_with_offers_recursive] Iterating list of length 4 (json_parser_utils.py:105)
2025-09-22 13:00:45 [DEBUG] [DIAG][find_product_with_offers_recursive] Recursing into list item 0 (json_parser_utils.py:107)
2025-09-22 13:00:45 [DEBUG] [DIAG][find_product_with_offers_recursive] Processing data (type: <class 'str'>): $... (json_parser_utils.py:94)
2025-09-22 13:00:45 [DEBUG] [DIAG][find_product_with_offers_recursive] Recursing into list item 1 (json_parser_utils.py:107)
2025-09-22 13:00:45 [DEBUG] [DIAG][find_product_with_offers_recursive] Processing data (type: <class 'str'>): meta... (json_parser_utils.py:94)
2025-09-22 13:00:45 [DEBUG] [DIAG][find_product_with_offers_recursive] Recursing into list item 2 (json_parser_utils.py:107)
2025-09-22 13:00:45 [DEBUG] [DIAG][find_product_with_offers_recursive] Processing data (type: <class 'str'>): 13... (json_parser_utils.py:94)
2025-09-22 13:00:45 [DEBUG] [DIAG][find_product_with_offers_recursive] Recursing into list item 3 (json_parser_utils.py:107)
2025-09-22 13:00:45 [DEBUG] [DIAG][find_product_with_offers_recursive] Processing data (type: <class 'dict'>): {'name': 'twitter:description', 'content': 'Track price history, compare prices, and set price alert... (json_parser_utils.py:94)
2025-09-22 13:00:45 [DEBUG] [DIAG][find_product_with_offers_recursive] Recursing into key 'name' (json_parser_utils.py:100)
2025-09-22 13:00:45 [DEBUG] [DIAG][find_product_with_offers_recursive] Processing data (type: <class 'str'>): twitter:description... (json_parser_utils.py:94)
2025-09-22 13:00:45 [DEBUG] [DIAG][find_product_with_offers_recursive] Recursing into key 'content' (json_parser_utils.py:100)
2025-09-22 13:00:45 [DEBUG] [DIAG][find_product_with_offers_recursive] Processing data (type: <class 'str'>): Track price history, compare prices, and set price alerts for products across 20,000+ online shops. ... (json_parser_utils.py:94)
2025-09-22 13:00:45 [DEBUG] [DIAG][find_product_with_offers_recursive] Recursing into list item 14 (json_parser_utils.py:107)
2025-09-22 13:00:45 [DEBUG] [DIAG][find_product_with_offers_recursive] Processing data (type: <class 'list'>): ['$', 'meta', '14', {'name': 'twitter:image', 'content': 'https://buywisely.com.au/assets/images/lan... (json_parser_utils.py:94)
2025-09-22 13:00:45 [DEBUG] [DIAG][find_product_with_offers_recursive] Iterating list of length 4 (json_parser_utils.py:105)
2025-09-22 13:00:45 [DEBUG] [DIAG][find_product_with_offers_recursive] Recursing into list item 0 (json_parser_utils.py:107)
2025-09-22 13:00:45 [DEBUG] [DIAG][find_product_with_offers_recursive] Processing data (type: <class 'str'>): $... (json_parser_utils.py:94)
2025-09-22 13:00:45 [DEBUG] [DIAG][find_product_with_offers_recursive] Recursing into list item 1 (json_parser_utils.py:107)
2025-09-22 13:00:45 [DEBUG] [DIAG][find_product_with_offers_recursive] Processing data (type: <class 'str'>): meta... (json_parser_utils.py:94)
2025-09-22 13:00:45 [DEBUG] [DIAG][find_product_with_offers_recursive] Recursing into list item 2 (json_parser_utils.py:107)
2025-09-22 13:00:45 [DEBUG] [DIAG][find_product_with_offers_recursive] Processing data (type: <class 'str'>): 14... (json_parser_utils.py:94)
2025-09-22 13:00:45 [DEBUG] [DIAG][find_product_with_offers_recursive] Recursing into list item 3 (json_parser_utils.py:107)
2025-09-22 13:00:45 [DEBUG] [DIAG][find_product_with_offers_recursive] Processing data (type: <class 'dict'>): {'name': 'twitter:image', 'content': 'https://buywisely.com.au/assets/images/landing/preview.png'}... (json_parser_utils.py:94)
2025-09-22 13:00:45 [DEBUG] [DIAG][find_product_with_offers_recursive] Recursing into key 'name' (json_parser_utils.py:100)
2025-09-22 13:00:45 [DEBUG] [DIAG][find_product_with_offers_recursive] Processing data (type: <class 'str'>): twitter:image... (json_parser_utils.py:94)
2025-09-22 13:00:45 [DEBUG] [DIAG][find_product_with_offers_recursive] Recursing into key 'content' (json_parser_utils.py:100)
2025-09-22 13:00:45 [DEBUG] [DIAG][find_product_with_offers_recursive] Processing data (type: <class 'str'>): https://buywisely.com.au/assets/images/landing/preview.png... (json_parser_utils.py:94)
2025-09-22 13:00:45 [DEBUG] [DIAG][find_product_with_offers_recursive] Recursing into list item 15 (json_parser_utils.py:107)
2025-09-22 13:00:45 [DEBUG] [DIAG][find_product_with_offers_recursive] Processing data (type: <class 'list'>): ['$', 'meta', '15', {'name': 'next-size-adjust'}]... (json_parser_utils.py:94)
2025-09-22 13:00:45 [DEBUG] [DIAG][find_product_with_offers_recursive] Iterating list of length 4 (json_parser_utils.py:105)
2025-09-22 13:00:45 [DEBUG] [DIAG][find_product_with_offers_recursive] Recursing into list item 0 (json_parser_utils.py:107)
2025-09-22 13:00:45 [DEBUG] [DIAG][find_product_with_offers_recursive] Processing data (type: <class 'str'>): $... (json_parser_utils.py:94)
2025-09-22 13:00:45 [DEBUG] [DIAG][find_product_with_offers_recursive] Recursing into list item 1 (json_parser_utils.py:107)
2025-09-22 13:00:45 [DEBUG] [DIAG][find_product_with_offers_recursive] Processing data (type: <class 'str'>): meta... (json_parser_utils.py:94)
2025-09-22 13:00:45 [DEBUG] [DIAG][find_product_with_offers_recursive] Recursing into list item 2 (json_parser_utils.py:107)
2025-09-22 13:00:45 [DEBUG] [DIAG][find_product_with_offers_recursive] Processing data (type: <class 'str'>): 15... (json_parser_utils.py:94)
2025-09-22 13:00:45 [DEBUG] [DIAG][find_product_with_offers_recursive] Recursing into list item 3 (json_parser_utils.py:107)
2025-09-22 13:00:45 [DEBUG] [DIAG][find_product_with_offers_recursive] Processing data (type: <class 'dict'>): {'name': 'next-size-adjust'}... (json_parser_utils.py:94)
2025-09-22 13:00:45 [DEBUG] [DIAG][find_product_with_offers_recursive] Recursing into key 'name' (json_parser_utils.py:100)
2025-09-22 13:00:45 [DEBUG] [DIAG][find_product_with_offers_recursive] Processing data (type: <class 'str'>): next-size-adjust... (json_parser_utils.py:94)
2025-09-22 13:00:45 [DEBUG] [DIAG] Resolved string for key 1f: ["$","$Sreact.fragment","k4GjLZXGGia1x7jDr8PXF",{"children":[["$","meta","0",{"name":"viewport","content":"width=device-width, initial-scale=1, maximum-scale=1"}],["$","meta","1",{"charSet":"utf-8"}],["$","title","2",{"children":"Motorola Moto G75 5G 256GB Grey with Buds - Price History, Comparison \u0026 Alerts | BuyWisely"}],["$","meta","3",{"name":"description","content":"Crafted from premium materials and featuring military-grade¹ durability, moto g75 5G is made for everyday life. Capture sh... (hydration_parser.py:95)
2025-09-22 13:00:45 [INFO] [DIAG] Parsed JSON from resolved string: ['$', 'react.fragment', 'k4GjLZXGGia1x7jDr8PXF', {'children': [['$', 'meta', '0', {'name': 'viewport', 'content': 'width=device-width, initial-scale=1, maximum-scale=1'}], ['$', 'meta', '1', {'charSet': 'utf-8'}], ['$', 'title', '2', {'children': 'Motorola Moto G75 5G 256GB Grey with Buds - Price History, Comparison & Alerts | BuyWisely'}], ['$', 'meta', '3', {'name': 'description', 'content': 'Crafted from premium materials and featuring military-grade¹ durability, moto g75 5G is made for everyday life. Capture sharp photos and smooth videos using the... Compare prices, track history, set alerts on BuyWisely.'}], ['$', 'meta', '4', {'name': 'keywords', 'content': 'Motorola Moto G75 5G 256GB Grey with Buds, price comparison, price history, price alerts, best deals, online shopping, BuyWisely'}], ['$', 'meta', '5', {'name': 'robots', 'content': 'index, follow'}], ['$', 'meta', '6', {'name': 'googlebot', 'content': 'index, follow, max-video-preview:-1, max-image-preview:large, max-snippet:-1'}], ['$', 'link', '7', {'rel': 'canonical', 'href': 'https://buywisely.com.au/product/motorola-moto-g75-5g-256gb-grey-with-buds'}], ['$', 'meta', '8', {'property': 'og:title', 'content': 'Motorola Moto G75 5G 256GB Grey with Buds - Price History, Comparison & Alerts'}], ['$', 'meta', '9', {'property': 'og:description', 'content': 'Crafted from premium materials and featuring military-grade¹ durability, moto g75 5G is made for everyday life. Capture sharp photos and smooth videos using the... Compare prices, track history, set alerts on BuyWisely.'}], ['$', 'meta', '10', {'property': 'og:image', 'content': 'https://encrypted-tbn0.gstatic.com/shopping?q=tbn:ANd9GcTN0NDdrPCDIn9NaiVIb7vTMSRVKBOQbkBMTHJyb9dzqC_WY5IGMoYuvnsDtsI8XvfpsX50GHyVY5kvPm-1nSr2bXEkwcR1sLJr1IR1dAkwVcXTXGOCB8frf7o'}], ['$', 'meta', '11', {'name': 'twitter:card', 'content': 'summary_large_image'}], ['$', 'meta', '12', {'name': 'twitter:title', 'content': 'Price History, Comparison & Tracking | Save Money on Your Purchases'}], ['$', 'meta', '13', {'name': 'twitter:description', 'content': 'Track price history, compare prices, and set price alerts for products across 20,000+ online shops. BuyWisely helps you find the best deals and make informed buying decisions.'}], ['$', 'meta', '14', {'name': 'twitter:image', 'content': 'https://buywisely.com.au/assets/images/landing/preview.png'}], ['$', 'meta', '15', {'name': 'next-size-adjust'}]]}] (hydration_parser.py:105)
2025-09-22 13:00:45 [DEBUG] [DIAG][find_product_with_offers_recursive] Processing data (type: <class 'list'>): ['$', 'react.fragment', 'k4GjLZXGGia1x7jDr8PXF', {'children': [['$', 'meta', '0', {'name': 'viewport... (json_parser_utils.py:94)
2025-09-22 13:00:45 [DEBUG] [DIAG][find_product_with_offers_recursive] Iterating list of length 4 (json_parser_utils.py:105)
2025-09-22 13:00:45 [DEBUG] [DIAG][find_product_with_offers_recursive] Recursing into list item 0 (json_parser_utils.py:107)
2025-09-22 13:00:45 [DEBUG] [DIAG][find_product_with_offers_recursive] Processing data (type: <class 'str'>): $... (json_parser_utils.py:94)
2025-09-22 13:00:45 [DEBUG] [DIAG][find_product_with_offers_recursive] Recursing into list item 1 (json_parser_utils.py:107)
2025-09-22 13:00:45 [DEBUG] [DIAG][find_product_with_offers_recursive] Processing data (type: <class 'str'>): react.fragment... (json_parser_utils.py:94)
2025-09-22 13:00:45 [DEBUG] [DIAG][find_product_with_offers_recursive] Recursing into list item 2 (json_parser_utils.py:107)
2025-09-22 13:00:45 [DEBUG] [DIAG][find_product_with_offers_recursive] Processing data (type: <class 'str'>): k4GjLZXGGia1x7jDr8PXF... (json_parser_utils.py:94)
2025-09-22 13:00:45 [DEBUG] [DIAG][find_product_with_offers_recursive] Recursing into list item 3 (json_parser_utils.py:107)
2025-09-22 13:00:45 [DEBUG] [DIAG][find_product_with_offers_recursive] Processing data (type: <class 'dict'>): {'children': [['$', 'meta', '0', {'name': 'viewport', 'content': 'width=device-width, initial-scale=... (json_parser_utils.py:94)
2025-09-22 13:00:45 [DEBUG] [DIAG][find_product_with_offers_recursive] Recursing into key 'children' (json_parser_utils.py:100)
2025-09-22 13:00:45 [DEBUG] [DIAG][find_product_with_offers_recursive] Processing data (type: <class 'list'>): [['$', 'meta', '0', {'name': 'viewport', 'content': 'width=device-width, initial-scale=1, maximum-sc... (json_parser_utils.py:94)
2025-09-22 13:00:45 [DEBUG] [DIAG][find_product_with_offers_recursive] Iterating list of length 16 (json_parser_utils.py:105)
2025-09-22 13:00:45 [DEBUG] [DIAG][find_product_with_offers_recursive] Recursing into list item 0 (json_parser_utils.py:107)
2025-09-22 13:00:45 [DEBUG] [DIAG][find_product_with_offers_recursive] Processing data (type: <class 'list'>): ['$', 'meta', '0', {'name': 'viewport', 'content': 'width=device-width, initial-scale=1, maximum-sca... (json_parser_utils.py:94)
2025-09-22 13:00:45 [DEBUG] [DIAG][find_product_with_offers_recursive] Iterating list of length 4 (json_parser_utils.py:105)
2025-09-22 13:00:45 [DEBUG] [DIAG][find_product_with_offers_recursive] Recursing into list item 0 (json_parser_utils.py:107)
2025-09-22 13:00:45 [DEBUG] [DIAG][find_product_with_offers_recursive] Processing data (type: <class 'str'>): $... (json_parser_utils.py:94)
2025-09-22 13:00:45 [DEBUG] [DIAG][find_product_with_offers_recursive] Recursing into list item 1 (json_parser_utils.py:107)
2025-09-22 13:00:45 [DEBUG] [DIAG][find_product_with_offers_recursive] Processing data (type: <class 'str'>): meta... (json_parser_utils.py:94)
2025-09-22 13:00:45 [DEBUG] [DIAG][find_product_with_offers_recursive] Recursing into list item 2 (json_parser_utils.py:107)
2025-09-22 13:00:45 [DEBUG] [DIAG][find_product_with_offers_recursive] Processing data (type: <class 'str'>): 0... (json_parser_utils.py:94)
2025-09-22 13:00:45 [DEBUG] [DIAG][find_product_with_offers_recursive] Recursing into list item 3 (json_parser_utils.py:107)
2025-09-22 13:00:45 [DEBUG] [DIAG][find_product_with_offers_recursive] Processing data (type: <class 'dict'>): {'name': 'viewport', 'content': 'width=device-width, initial-scale=1, maximum-scale=1'}... (json_parser_utils.py:94)
2025-09-22 13:00:45 [DEBUG] [DIAG][find_product_with_offers_recursive] Recursing into key 'name' (json_parser_utils.py:100)
2025-09-22 13:00:45 [DEBUG] [DIAG][find_product_with_offers_recursive] Processing data (type: <class 'str'>): viewport... (json_parser_utils.py:94)
2025-09-22 13:00:45 [DEBUG] [DIAG][find_product_with_offers_recursive] Recursing into key 'content' (json_parser_utils.py:100)
2025-09-22 13:00:45 [DEBUG] [DIAG][find_product_with_offers_recursive] Processing data (type: <class 'str'>): width=device-width, initial-scale=1, maximum-scale=1... (json_parser_utils.py:94)
2025-09-22 13:00:45 [DEBUG] [DIAG][find_product_with_offers_recursive] Recursing into list item 1 (json_parser_utils.py:107)
2025-09-22 13:00:45 [DEBUG] [DIAG][find_product_with_offers_recursive] Processing data (type: <class 'list'>): ['$', 'meta', '1', {'charSet': 'utf-8'}]... (json_parser_utils.py:94)
2025-09-22 13:00:45 [DEBUG] [DIAG][find_product_with_offers_recursive] Iterating list of length 4 (json_parser_utils.py:105)
2025-09-22 13:00:45 [DEBUG] [DIAG][find_product_with_offers_recursive] Recursing into list item 0 (json_parser_utils.py:107)
2025-09-22 13:00:45 [DEBUG] [DIAG][find_product_with_offers_recursive] Processing data (type: <class 'str'>): $... (json_parser_utils.py:94)
2025-09-22 13:00:45 [DEBUG] [DIAG][find_product_with_offers_recursive] Recursing into list item 1 (json_parser_utils.py:107)
2025-09-22 13:00:45 [DEBUG] [DIAG][find_product_with_offers_recursive] Processing data (type: <class 'str'>): meta... (json_parser_utils.py:94)
2025-09-22 13:00:45 [DEBUG] [DIAG][find_product_with_offers_recursive] Recursing into list item 2 (json_parser_utils.py:107)
2025-09-22 13:00:45 [DEBUG] [DIAG][find_product_with_offers_recursive] Processing data (type: <class 'str'>): 1... (json_parser_utils.py:94)
2025-09-22 13:00:45 [DEBUG] [DIAG][find_product_with_offers_recursive] Recursing into list item 3 (json_parser_utils.py:107)
2025-09-22 13:00:45 [DEBUG] [DIAG][find_product_with_offers_recursive] Processing data (type: <class 'dict'>): {'charSet': 'utf-8'}... (json_parser_utils.py:94)
2025-09-22 13:00:45 [DEBUG] [DIAG][find_product_with_offers_recursive] Recursing into key 'charSet' (json_parser_utils.py:100)
2025-09-22 13:00:45 [DEBUG] [DIAG][find_product_with_offers_recursive] Processing data (type: <class 'str'>): utf-8... (json_parser_utils.py:94)
2025-09-22 13:00:45 [DEBUG] [DIAG][find_product_with_offers_recursive] Recursing into list item 2 (json_parser_utils.py:107)
2025-09-22 13:00:45 [DEBUG] [DIAG][find_product_with_offers_recursive] Processing data (type: <class 'list'>): ['$', 'title', '2', {'children': 'Motorola Moto G75 5G 256GB Grey with Buds - Price History, Compari... (json_parser_utils.py:94)
2025-09-22 13:00:45 [DEBUG] [DIAG][find_product_with_offers_recursive] Iterating list of length 4 (json_parser_utils.py:105)
2025-09-22 13:00:45 [DEBUG] [DIAG][find_product_with_offers_recursive] Recursing into list item 0 (json_parser_utils.py:107)
2025-09-22 13:00:45 [DEBUG] [DIAG][find_product_with_offers_recursive] Processing data (type: <class 'str'>): $... (json_parser_utils.py:94)
2025-09-22 13:00:45 [DEBUG] [DIAG][find_product_with_offers_recursive] Recursing into list item 1 (json_parser_utils.py:107)
2025-09-22 13:00:45 [DEBUG] [DIAG][find_product_with_offers_recursive] Processing data (type: <class 'str'>): title... (json_parser_utils.py:94)
2025-09-22 13:00:45 [DEBUG] [DIAG][find_product_with_offers_recursive] Recursing into list item 2 (json_parser_utils.py:107)
2025-09-22 13:00:45 [DEBUG] [DIAG][find_product_with_offers_recursive] Processing data (type: <class 'str'>): 2... (json_parser_utils.py:94)
2025-09-22 13:00:45 [DEBUG] [DIAG][find_product_with_offers_recursive] Recursing into list item 3 (json_parser_utils.py:107)
2025-09-22 13:00:45 [DEBUG] [DIAG][find_product_with_offers_recursive] Processing data (type: <class 'dict'>): {'children': 'Motorola Moto G75 5G 256GB Grey with Buds - Price History, Comparison & Alerts | BuyWi... (json_parser_utils.py:94)
2025-09-22 13:00:45 [DEBUG] [DIAG][find_product_with_offers_recursive] Recursing into key 'children' (json_parser_utils.py:100)
2025-09-22 13:00:45 [DEBUG] [DIAG][find_product_with_offers_recursive] Processing data (type: <class 'str'>): Motorola Moto G75 5G 256GB Grey with Buds - Price History, Comparison & Alerts | BuyWisely... (json_parser_utils.py:94)
2025-09-22 13:00:45 [DEBUG] [DIAG][find_product_with_offers_recursive] Recursing into list item 3 (json_parser_utils.py:107)
2025-09-22 13:00:45 [DEBUG] [DIAG][find_product_with_offers_recursive] Processing data (type: <class 'list'>): ['$', 'meta', '3', {'name': 'description', 'content': 'Crafted from premium materials and featuring ... (json_parser_utils.py:94)
2025-09-22 13:00:45 [DEBUG] [DIAG][find_product_with_offers_recursive] Iterating list of length 4 (json_parser_utils.py:105)
2025-09-22 13:00:45 [DEBUG] [DIAG][find_product_with_offers_recursive] Recursing into list item 0 (json_parser_utils.py:107)
2025-09-22 13:00:45 [DEBUG] [DIAG][find_product_with_offers_recursive] Processing data (type: <class 'str'>): $... (json_parser_utils.py:94)
2025-09-22 13:00:45 [DEBUG] [DIAG][find_product_with_offers_recursive] Recursing into list item 1 (json_parser_utils.py:107)
2025-09-22 13:00:45 [DEBUG] [DIAG][find_product_with_offers_recursive] Processing data (type: <class 'str'>): meta... (json_parser_utils.py:94)
2025-09-22 13:00:45 [DEBUG] [DIAG][find_product_with_offers_recursive] Recursing into list item 2 (json_parser_utils.py:107)
2025-09-22 13:00:45 [DEBUG] [DIAG][find_product_with_offers_recursive] Processing data (type: <class 'str'>): 3... (json_parser_utils.py:94)
2025-09-22 13:00:45 [DEBUG] [DIAG][find_product_with_offers_recursive] Recursing into list item 3 (json_parser_utils.py:107)
2025-09-22 13:00:45 [DEBUG] [DIAG][find_product_with_offers_recursive] Processing data (type: <class 'dict'>): {'name': 'description', 'content': 'Crafted from premium materials and featuring military-grade¹ dur... (json_parser_utils.py:94)
2025-09-22 13:00:45 [DEBUG] [DIAG][find_product_with_offers_recursive] Recursing into key 'name' (json_parser_utils.py:100)
2025-09-22 13:00:45 [DEBUG] [DIAG][find_product_with_offers_recursive] Processing data (type: <class 'str'>): description... (json_parser_utils.py:94)
2025-09-22 13:00:45 [DEBUG] [DIAG][find_product_with_offers_recursive] Recursing into key 'content' (json_parser_utils.py:100)
2025-09-22 13:00:45 [DEBUG] [DIAG][find_product_with_offers_recursive] Processing data (type: <class 'str'>): Crafted from premium materials and featuring military-grade¹ durability, moto g75 5G is made for eve... (json_parser_utils.py:94)
2025-09-22 13:00:45 [DEBUG] [DIAG][find_product_with_offers_recursive] Recursing into list item 4 (json_parser_utils.py:107)
2025-09-22 13:00:45 [DEBUG] [DIAG][find_product_with_offers_recursive] Processing data (type: <class 'list'>): ['$', 'meta', '4', {'name': 'keywords', 'content': 'Motorola Moto G75 5G 256GB Grey with Buds, price... (json_parser_utils.py:94)
2025-09-22 13:00:45 [DEBUG] [DIAG][find_product_with_offers_recursive] Iterating list of length 4 (json_parser_utils.py:105)
2025-09-22 13:00:45 [DEBUG] [DIAG][find_product_with_offers_recursive] Recursing into list item 0 (json_parser_utils.py:107)
2025-09-22 13:00:45 [DEBUG] [DIAG][find_product_with_offers_recursive] Processing data (type: <class 'str'>): $... (json_parser_utils.py:94)
2025-09-22 13:00:45 [DEBUG] [DIAG][find_product_with_offers_recursive] Recursing into list item 1 (json_parser_utils.py:107)
2025-09-22 13:00:45 [DEBUG] [DIAG][find_product_with_offers_recursive] Processing data (type: <class 'str'>): meta... (json_parser_utils.py:94)
2025-09-22 13:00:45 [DEBUG] [DIAG][find_product_with_offers_recursive] Recursing into list item 2 (json_parser_utils.py:107)
2025-09-22 13:00:45 [DEBUG] [DIAG][find_product_with_offers_recursive] Processing data (type: <class 'str'>): 4... (json_parser_utils.py:94)
2025-09-22 13:00:45 [DEBUG] [DIAG][find_product_with_offers_recursive] Recursing into list item 3 (json_parser_utils.py:107)
2025-09-22 13:00:45 [DEBUG] [DIAG][find_product_with_offers_recursive] Processing data (type: <class 'dict'>): {'name': 'keywords', 'content': 'Motorola Moto G75 5G 256GB Grey with Buds, price comparison, price ... (json_parser_utils.py:94)
2025-09-22 13:00:45 [DEBUG] [DIAG][find_product_with_offers_recursive] Recursing into key 'name' (json_parser_utils.py:100)
2025-09-22 13:00:45 [DEBUG] [DIAG][find_product_with_offers_recursive] Processing data (type: <class 'str'>): keywords... (json_parser_utils.py:94)
2025-09-22 13:00:45 [DEBUG] [DIAG][find_product_with_offers_recursive] Recursing into key 'content' (json_parser_utils.py:100)
2025-09-22 13:00:45 [DEBUG] [DIAG][find_product_with_offers_recursive] Processing data (type: <class 'str'>): Motorola Moto G75 5G 256GB Grey with Buds, price comparison, price history, price alerts, best deals... (json_parser_utils.py:94)
2025-09-22 13:00:45 [DEBUG] [DIAG][find_product_with_offers_recursive] Recursing into list item 5 (json_parser_utils.py:107)
2025-09-22 13:00:45 [DEBUG] [DIAG][find_product_with_offers_recursive] Processing data (type: <class 'list'>): ['$', 'meta', '5', {'name': 'robots', 'content': 'index, follow'}]... (json_parser_utils.py:94)
2025-09-22 13:00:45 [DEBUG] [DIAG][find_product_with_offers_recursive] Iterating list of length 4 (json_parser_utils.py:105)
2025-09-22 13:00:45 [DEBUG] [DIAG][find_product_with_offers_recursive] Recursing into list item 0 (json_parser_utils.py:107)
2025-09-22 13:00:45 [DEBUG] [DIAG][find_product_with_offers_recursive] Processing data (type: <class 'str'>): $... (json_parser_utils.py:94)
2025-09-22 13:00:45 [DEBUG] [DIAG][find_product_with_offers_recursive] Recursing into list item 1 (json_parser_utils.py:107)
2025-09-22 13:00:45 [DEBUG] [DIAG][find_product_with_offers_recursive] Processing data (type: <class 'str'>): meta... (json_parser_utils.py:94)
2025-09-22 13:00:45 [DEBUG] [DIAG][find_product_with_offers_recursive] Recursing into list item 2 (json_parser_utils.py:107)
2025-09-22 13:00:45 [DEBUG] [DIAG][find_product_with_offers_recursive] Processing data (type: <class 'str'>): 5... (json_parser_utils.py:94)
2025-09-22 13:00:45 [DEBUG] [DIAG][find_product_with_offers_recursive] Recursing into list item 3 (json_parser_utils.py:107)
2025-09-22 13:00:45 [DEBUG] [DIAG][find_product_with_offers_recursive] Processing data (type: <class 'dict'>): {'name': 'robots', 'content': 'index, follow'}... (json_parser_utils.py:94)
2025-09-22 13:00:45 [DEBUG] [DIAG][find_product_with_offers_recursive] Recursing into key 'name' (json_parser_utils.py:100)
2025-09-22 13:00:45 [DEBUG] [DIAG][find_product_with_offers_recursive] Processing data (type: <class 'str'>): robots... (json_parser_utils.py:94)
2025-09-22 13:00:45 [DEBUG] [DIAG][find_product_with_offers_recursive] Recursing into key 'content' (json_parser_utils.py:100)
2025-09-22 13:00:45 [DEBUG] [DIAG][find_product_with_offers_recursive] Processing data (type: <class 'str'>): index, follow... (json_parser_utils.py:94)
2025-09-22 13:00:45 [DEBUG] [DIAG][find_product_with_offers_recursive] Recursing into list item 6 (json_parser_utils.py:107)
2025-09-22 13:00:45 [DEBUG] [DIAG][find_product_with_offers_recursive] Processing data (type: <class 'list'>): ['$', 'meta', '6', {'name': 'googlebot', 'content': 'index, follow, max-video-preview:-1, max-image-... (json_parser_utils.py:94)
2025-09-22 13:00:45 [DEBUG] [DIAG][find_product_with_offers_recursive] Iterating list of length 4 (json_parser_utils.py:105)
2025-09-22 13:00:45 [DEBUG] [DIAG][find_product_with_offers_recursive] Recursing into list item 0 (json_parser_utils.py:107)
2025-09-22 13:00:45 [DEBUG] [DIAG][find_product_with_offers_recursive] Processing data (type: <class 'str'>): $... (json_parser_utils.py:94)
2025-09-22 13:00:45 [DEBUG] [DIAG][find_product_with_offers_recursive] Recursing into list item 1 (json_parser_utils.py:107)
2025-09-22 13:00:45 [DEBUG] [DIAG][find_product_with_offers_recursive] Processing data (type: <class 'str'>): meta... (json_parser_utils.py:94)
2025-09-22 13:00:45 [DEBUG] [DIAG][find_product_with_offers_recursive] Recursing into list item 2 (json_parser_utils.py:107)
2025-09-22 13:00:45 [DEBUG] [DIAG][find_product_with_offers_recursive] Processing data (type: <class 'str'>): 6... (json_parser_utils.py:94)
2025-09-22 13:00:45 [DEBUG] [DIAG][find_product_with_offers_recursive] Recursing into list item 3 (json_parser_utils.py:107)
2025-09-22 13:00:45 [DEBUG] [DIAG][find_product_with_offers_recursive] Processing data (type: <class 'dict'>): {'name': 'googlebot', 'content': 'index, follow, max-video-preview:-1, max-image-preview:large, max-... (json_parser_utils.py:94)
2025-09-22 13:00:45 [DEBUG] [DIAG][find_product_with_offers_recursive] Recursing into key 'name' (json_parser_utils.py:100)
2025-09-22 13:00:45 [DEBUG] [DIAG][find_product_with_offers_recursive] Processing data (type: <class 'str'>): googlebot... (json_parser_utils.py:94)
2025-09-22 13:00:45 [DEBUG] [DIAG][find_product_with_offers_recursive] Recursing into key 'content' (json_parser_utils.py:100)
2025-09-22 13:00:45 [DEBUG] [DIAG][find_product_with_offers_recursive] Processing data (type: <class 'str'>): index, follow, max-video-preview:-1, max-image-preview:large, max-snippet:-1... (json_parser_utils.py:94)
2025-09-22 13:00:45 [DEBUG] [DIAG][find_product_with_offers_recursive] Recursing into list item 7 (json_parser_utils.py:107)
2025-09-22 13:00:45 [DEBUG] [DIAG][find_product_with_offers_recursive] Processing data (type: <class 'list'>): ['$', 'link', '7', {'rel': 'canonical', 'href': 'https://buywisely.com.au/product/motorola-moto-g75-... (json_parser_utils.py:94)
2025-09-22 13:00:45 [DEBUG] [DIAG][find_product_with_offers_recursive] Iterating list of length 4 (json_parser_utils.py:105)
2025-09-22 13:00:45 [DEBUG] [DIAG][find_product_with_offers_recursive] Recursing into list item 0 (json_parser_utils.py:107)
2025-09-22 13:00:45 [DEBUG] [DIAG][find_product_with_offers_recursive] Processing data (type: <class 'str'>): $... (json_parser_utils.py:94)
2025-09-22 13:00:45 [DEBUG] [DIAG][find_product_with_offers_recursive] Recursing into list item 1 (json_parser_utils.py:107)
2025-09-22 13:00:45 [DEBUG] [DIAG][find_product_with_offers_recursive] Processing data (type: <class 'str'>): link... (json_parser_utils.py:94)
2025-09-22 13:00:45 [DEBUG] [DIAG][find_product_with_offers_recursive] Recursing into list item 2 (json_parser_utils.py:107)
2025-09-22 13:00:45 [DEBUG] [DIAG][find_product_with_offers_recursive] Processing data (type: <class 'str'>): 7... (json_parser_utils.py:94)
2025-09-22 13:00:45 [DEBUG] [DIAG][find_product_with_offers_recursive] Recursing into list item 3 (json_parser_utils.py:107)
2025-09-22 13:00:45 [DEBUG] [DIAG][find_product_with_offers_recursive] Processing data (type: <class 'dict'>): {'rel': 'canonical', 'href': 'https://buywisely.com.au/product/motorola-moto-g75-5g-256gb-grey-with-... (json_parser_utils.py:94)
2025-09-22 13:00:45 [DEBUG] [DIAG][find_product_with_offers_recursive] Recursing into key 'rel' (json_parser_utils.py:100)
2025-09-22 13:00:45 [DEBUG] [DIAG][find_product_with_offers_recursive] Processing data (type: <class 'str'>): canonical... (json_parser_utils.py:94)
2025-09-22 13:00:45 [DEBUG] [DIAG][find_product_with_offers_recursive] Recursing into key 'href' (json_parser_utils.py:100)
2025-09-22 13:00:45 [DEBUG] [DIAG][find_product_with_offers_recursive] Processing data (type: <class 'str'>): https://buywisely.com.au/product/motorola-moto-g75-5g-256gb-grey-with-buds... (json_parser_utils.py:94)
2025-09-22 13:00:45 [DEBUG] [DIAG][find_product_with_offers_recursive] Recursing into list item 8 (json_parser_utils.py:107)
2025-09-22 13:00:45 [DEBUG] [DIAG][find_product_with_offers_recursive] Processing data (type: <class 'list'>): ['$', 'meta', '8', {'property': 'og:title', 'content': 'Motorola Moto G75 5G 256GB Grey with Buds - ... (json_parser_utils.py:94)
2025-09-22 13:00:45 [DEBUG] [DIAG][find_product_with_offers_recursive] Iterating list of length 4 (json_parser_utils.py:105)
2025-09-22 13:00:45 [DEBUG] [DIAG][find_product_with_offers_recursive] Recursing into list item 0 (json_parser_utils.py:107)
2025-09-22 13:00:45 [DEBUG] [DIAG][find_product_with_offers_recursive] Processing data (type: <class 'str'>): $... (json_parser_utils.py:94)
2025-09-22 13:00:45 [DEBUG] [DIAG][find_product_with_offers_recursive] Recursing into list item 1 (json_parser_utils.py:107)
2025-09-22 13:00:45 [DEBUG] [DIAG][find_product_with_offers_recursive] Processing data (type: <class 'str'>): meta... (json_parser_utils.py:94)
2025-09-22 13:00:45 [DEBUG] [DIAG][find_product_with_offers_recursive] Recursing into list item 2 (json_parser_utils.py:107)
2025-09-22 13:00:45 [DEBUG] [DIAG][find_product_with_offers_recursive] Processing data (type: <class 'str'>): 8... (json_parser_utils.py:94)
2025-09-22 13:00:45 [DEBUG] [DIAG][find_product_with_offers_recursive] Recursing into list item 3 (json_parser_utils.py:107)
2025-09-22 13:00:45 [DEBUG] [DIAG][find_product_with_offers_recursive] Processing data (type: <class 'dict'>): {'property': 'og:title', 'content': 'Motorola Moto G75 5G 256GB Grey with Buds - Price History, Comp... (json_parser_utils.py:94)
2025-09-22 13:00:45 [DEBUG] [DIAG][find_product_with_offers_recursive] Recursing into key 'property' (json_parser_utils.py:100)
2025-09-22 13:00:45 [DEBUG] [DIAG][find_product_with_offers_recursive] Processing data (type: <class 'str'>): og:title... (json_parser_utils.py:94)
2025-09-22 13:00:45 [DEBUG] [DIAG][find_product_with_offers_recursive] Recursing into key 'content' (json_parser_utils.py:100)
2025-09-22 13:00:45 [DEBUG] [DIAG][find_product_with_offers_recursive] Processing data (type: <class 'str'>): Motorola Moto G75 5G 256GB Grey with Buds - Price History, Comparison & Alerts... (json_parser_utils.py:94)
2025-09-22 13:00:45 [DEBUG] [DIAG][find_product_with_offers_recursive] Recursing into list item 9 (json_parser_utils.py:107)
2025-09-22 13:00:45 [DEBUG] [DIAG][find_product_with_offers_recursive] Processing data (type: <class 'list'>): ['$', 'meta', '9', {'property': 'og:description', 'content': 'Crafted from premium materials and fea... (json_parser_utils.py:94)
2025-09-22 13:00:45 [DEBUG] [DIAG][find_product_with_offers_recursive] Iterating list of length 4 (json_parser_utils.py:105)
2025-09-22 13:00:45 [DEBUG] [DIAG][find_product_with_offers_recursive] Recursing into list item 0 (json_parser_utils.py:107)
2025-09-22 13:00:45 [DEBUG] [DIAG][find_product_with_offers_recursive] Processing data (type: <class 'str'>): $... (json_parser_utils.py:94)
2025-09-22 13:00:45 [DEBUG] [DIAG][find_product_with_offers_recursive] Recursing into list item 1 (json_parser_utils.py:107)
2025-09-22 13:00:45 [DEBUG] [DIAG][find_product_with_offers_recursive] Processing data (type: <class 'str'>): meta... (json_parser_utils.py:94)
2025-09-22 13:00:45 [DEBUG] [DIAG][find_product_with_offers_recursive] Recursing into list item 2 (json_parser_utils.py:107)
2025-09-22 13:00:45 [DEBUG] [DIAG][find_product_with_offers_recursive] Processing data (type: <class 'str'>): 9... (json_parser_utils.py:94)
2025-09-22 13:00:45 [DEBUG] [DIAG][find_product_with_offers_recursive] Recursing into list item 3 (json_parser_utils.py:107)
2025-09-22 13:00:45 [DEBUG] [DIAG][find_product_with_offers_recursive] Processing data (type: <class 'dict'>): {'property': 'og:description', 'content': 'Crafted from premium materials and featuring military-gra... (json_parser_utils.py:94)
2025-09-22 13:00:45 [DEBUG] [DIAG][find_product_with_offers_recursive] Recursing into key 'property' (json_parser_utils.py:100)
2025-09-22 13:00:45 [DEBUG] [DIAG][find_product_with_offers_recursive] Processing data (type: <class 'str'>): og:description... (json_parser_utils.py:94)
2025-09-22 13:00:45 [DEBUG] [DIAG][find_product_with_offers_recursive] Recursing into key 'content' (json_parser_utils.py:100)
2025-09-22 13:00:45 [DEBUG] [DIAG][find_product_with_offers_recursive] Processing data (type: <class 'str'>): Crafted from premium materials and featuring military-grade¹ durability, moto g75 5G is made for eve... (json_parser_utils.py:94)
2025-09-22 13:00:45 [DEBUG] [DIAG][find_product_with_offers_recursive] Recursing into list item 10 (json_parser_utils.py:107)
2025-09-22 13:00:45 [DEBUG] [DIAG][find_product_with_offers_recursive] Processing data (type: <class 'list'>): ['$', 'meta', '10', {'property': 'og:image', 'content': 'https://encrypted-tbn0.gstatic.com/shopping... (json_parser_utils.py:94)
2025-09-22 13:00:45 [DEBUG] [DIAG][find_product_with_offers_recursive] Iterating list of length 4 (json_parser_utils.py:105)
2025-09-22 13:00:45 [DEBUG] [DIAG][find_product_with_offers_recursive] Recursing into list item 0 (json_parser_utils.py:107)
2025-09-22 13:00:45 [DEBUG] [DIAG][find_product_with_offers_recursive] Processing data (type: <class 'str'>): $... (json_parser_utils.py:94)
2025-09-22 13:00:45 [DEBUG] [DIAG][find_product_with_offers_recursive] Recursing into list item 1 (json_parser_utils.py:107)
2025-09-22 13:00:45 [DEBUG] [DIAG][find_product_with_offers_recursive] Processing data (type: <class 'str'>): meta... (json_parser_utils.py:94)
2025-09-22 13:00:45 [DEBUG] [DIAG][find_product_with_offers_recursive] Recursing into list item 2 (json_parser_utils.py:107)
2025-09-22 13:00:45 [DEBUG] [DIAG][find_product_with_offers_recursive] Processing data (type: <class 'str'>): 10... (json_parser_utils.py:94)
2025-09-22 13:00:45 [DEBUG] [DIAG][find_product_with_offers_recursive] Recursing into list item 3 (json_parser_utils.py:107)
2025-09-22 13:00:45 [DEBUG] [DIAG][find_product_with_offers_recursive] Processing data (type: <class 'dict'>): {'property': 'og:image', 'content': 'https://encrypted-tbn0.gstatic.com/shopping?q=tbn:ANd9GcTN0NDdr... (json_parser_utils.py:94)
2025-09-22 13:00:45 [DEBUG] [DIAG][find_product_with_offers_recursive] Recursing into key 'property' (json_parser_utils.py:100)
2025-09-22 13:00:45 [DEBUG] [DIAG][find_product_with_offers_recursive] Processing data (type: <class 'str'>): og:image... (json_parser_utils.py:94)
2025-09-22 13:00:45 [DEBUG] [DIAG][find_product_with_offers_recursive] Recursing into key 'content' (json_parser_utils.py:100)
2025-09-22 13:00:45 [DEBUG] [DIAG][find_product_with_offers_recursive] Processing data (type: <class 'str'>): https://encrypted-tbn0.gstatic.com/shopping?q=tbn:ANd9GcTN0NDdrPCDIn9NaiVIb7vTMSRVKBOQbkBMTHJyb9dzqC... (json_parser_utils.py:94)
2025-09-22 13:00:45 [DEBUG] [DIAG][find_product_with_offers_recursive] Recursing into list item 11 (json_parser_utils.py:107)
2025-09-22 13:00:45 [DEBUG] [DIAG][find_product_with_offers_recursive] Processing data (type: <class 'list'>): ['$', 'meta', '11', {'name': 'twitter:card', 'content': 'summary_large_image'}]... (json_parser_utils.py:94)
2025-09-22 13:00:45 [DEBUG] [DIAG][find_product_with_offers_recursive] Iterating list of length 4 (json_parser_utils.py:105)
2025-09-22 13:00:45 [DEBUG] [DIAG][find_product_with_offers_recursive] Recursing into list item 0 (json_parser_utils.py:107)
2025-09-22 13:00:45 [DEBUG] [DIAG][find_product_with_offers_recursive] Processing data (type: <class 'str'>): $... (json_parser_utils.py:94)
2025-09-22 13:00:45 [DEBUG] [DIAG][find_product_with_offers_recursive] Recursing into list item 1 (json_parser_utils.py:107)
2025-09-22 13:00:45 [DEBUG] [DIAG][find_product_with_offers_recursive] Processing data (type: <class 'str'>): meta... (json_parser_utils.py:94)
2025-09-22 13:00:45 [DEBUG] [DIAG][find_product_with_offers_recursive] Recursing into list item 2 (json_parser_utils.py:107)
2025-09-22 13:00:45 [DEBUG] [DIAG][find_product_with_offers_recursive] Processing data (type: <class 'str'>): 11... (json_parser_utils.py:94)
2025-09-22 13:00:45 [DEBUG] [DIAG][find_product_with_offers_recursive] Recursing into list item 3 (json_parser_utils.py:107)
2025-09-22 13:00:45 [DEBUG] [DIAG][find_product_with_offers_recursive] Processing data (type: <class 'dict'>): {'name': 'twitter:card', 'content': 'summary_large_image'}... (json_parser_utils.py:94)
2025-09-22 13:00:45 [DEBUG] [DIAG][find_product_with_offers_recursive] Recursing into key 'name' (json_parser_utils.py:100)
2025-09-22 13:00:45 [DEBUG] [DIAG][find_product_with_offers_recursive] Processing data (type: <class 'str'>): twitter:card... (json_parser_utils.py:94)
2025-09-22 13:00:45 [DEBUG] [DIAG][find_product_with_offers_recursive] Recursing into key 'content' (json_parser_utils.py:100)
2025-09-22 13:00:45 [DEBUG] [DIAG][find_product_with_offers_recursive] Processing data (type: <class 'str'>): summary_large_image... (json_parser_utils.py:94)
2025-09-22 13:00:45 [DEBUG] [DIAG][find_product_with_offers_recursive] Recursing into list item 12 (json_parser_utils.py:107)
2025-09-22 13:00:45 [DEBUG] [DIAG][find_product_with_offers_recursive] Processing data (type: <class 'list'>): ['$', 'meta', '12', {'name': 'twitter:title', 'content': 'Price History, Comparison & Tracking | Sav... (json_parser_utils.py:94)
2025-09-22 13:00:45 [DEBUG] [DIAG][find_product_with_offers_recursive] Iterating list of length 4 (json_parser_utils.py:105)
2025-09-22 13:00:45 [DEBUG] [DIAG][find_product_with_offers_recursive] Recursing into list item 0 (json_parser_utils.py:107)
2025-09-22 13:00:45 [DEBUG] [DIAG][find_product_with_offers_recursive] Processing data (type: <class 'str'>): $... (json_parser_utils.py:94)
2025-09-22 13:00:45 [DEBUG] [DIAG][find_product_with_offers_recursive] Recursing into list item 1 (json_parser_utils.py:107)
2025-09-22 13:00:45 [DEBUG] [DIAG][find_product_with_offers_recursive] Processing data (type: <class 'str'>): meta... (json_parser_utils.py:94)
2025-09-22 13:00:45 [DEBUG] [DIAG][find_product_with_offers_recursive] Recursing into list item 2 (json_parser_utils.py:107)
2025-09-22 13:00:45 [DEBUG] [DIAG][find_product_with_offers_recursive] Processing data (type: <class 'str'>): 12... (json_parser_utils.py:94)
2025-09-22 13:00:45 [DEBUG] [DIAG][find_product_with_offers_recursive] Recursing into list item 3 (json_parser_utils.py:107)
2025-09-22 13:00:45 [DEBUG] [DIAG][find_product_with_offers_recursive] Processing data (type: <class 'dict'>): {'name': 'twitter:title', 'content': 'Price History, Comparison & Tracking | Save Money on Your Purc... (json_parser_utils.py:94)
2025-09-22 13:00:45 [DEBUG] [DIAG][find_product_with_offers_recursive] Recursing into key 'name' (json_parser_utils.py:100)
2025-09-22 13:00:45 [DEBUG] [DIAG][find_product_with_offers_recursive] Processing data (type: <class 'str'>): twitter:title... (json_parser_utils.py:94)
2025-09-22 13:00:45 [DEBUG] [DIAG][find_product_with_offers_recursive] Recursing into key 'content' (json_parser_utils.py:100)
2025-09-22 13:00:45 [DEBUG] [DIAG][find_product_with_offers_recursive] Processing data (type: <class 'str'>): Price History, Comparison & Tracking | Save Money on Your Purchases... (json_parser_utils.py:94)
2025-09-22 13:00:45 [DEBUG] [DIAG][find_product_with_offers_recursive] Recursing into list item 13 (json_parser_utils.py:107)
2025-09-22 13:00:45 [DEBUG] [DIAG][find_product_with_offers_recursive] Processing data (type: <class 'list'>): ['$', 'meta', '13', {'name': 'twitter:description', 'content': 'Track price history, compare prices,... (json_parser_utils.py:94)
2025-09-22 13:00:45 [DEBUG] [DIAG][find_product_with_offers_recursive] Iterating list of length 4 (json_parser_utils.py:105)
2025-09-22 13:00:45 [DEBUG] [DIAG][find_product_with_offers_recursive] Recursing into list item 0 (json_parser_utils.py:107)
2025-09-22 13:00:45 [DEBUG] [DIAG][find_product_with_offers_recursive] Processing data (type: <class 'str'>): $... (json_parser_utils.py:94)
2025-09-22 13:00:45 [DEBUG] [DIAG][find_product_with_offers_recursive] Recursing into list item 1 (json_parser_utils.py:107)
2025-09-22 13:00:45 [DEBUG] [DIAG][find_product_with_offers_recursive] Processing data (type: <class 'str'>): meta... (json_parser_utils.py:94)
2025-09-22 13:00:45 [DEBUG] [DIAG][find_product_with_offers_recursive] Recursing into list item 2 (json_parser_utils.py:107)
2025-09-22 13:00:45 [DEBUG] [DIAG][find_product_with_offers_recursive] Processing data (type: <class 'str'>): 13... (json_parser_utils.py:94)
2025-09-22 13:00:45 [DEBUG] [DIAG][find_product_with_offers_recursive] Recursing into list item 3 (json_parser_utils.py:107)
2025-09-22 13:00:45 [DEBUG] [DIAG][find_product_with_offers_recursive] Processing data (type: <class 'dict'>): {'name': 'twitter:description', 'content': 'Track price history, compare prices, and set price alert... (json_parser_utils.py:94)
2025-09-22 13:00:45 [DEBUG] [DIAG][find_product_with_offers_recursive] Recursing into key 'name' (json_parser_utils.py:100)
2025-09-22 13:00:45 [DEBUG] [DIAG][find_product_with_offers_recursive] Processing data (type: <class 'str'>): twitter:description... (json_parser_utils.py:94)
2025-09-22 13:00:45 [DEBUG] [DIAG][find_product_with_offers_recursive] Recursing into key 'content' (json_parser_utils.py:100)
2025-09-22 13:00:45 [DEBUG] [DIAG][find_product_with_offers_recursive] Processing data (type: <class 'str'>): Track price history, compare prices, and set price alerts for products across 20,000+ online shops. ... (json_parser_utils.py:94)
2025-09-22 13:00:45 [DEBUG] [DIAG][find_product_with_offers_recursive] Recursing into list item 14 (json_parser_utils.py:107)
2025-09-22 13:00:45 [DEBUG] [DIAG][find_product_with_offers_recursive] Processing data (type: <class 'list'>): ['$', 'meta', '14', {'name': 'twitter:image', 'content': 'https://buywisely.com.au/assets/images/lan... (json_parser_utils.py:94)
2025-09-22 13:00:45 [DEBUG] [DIAG][find_product_with_offers_recursive] Iterating list of length 4 (json_parser_utils.py:105)
2025-09-22 13:00:45 [DEBUG] [DIAG][find_product_with_offers_recursive] Recursing into list item 0 (json_parser_utils.py:107)
2025-09-22 13:00:45 [DEBUG] [DIAG][find_product_with_offers_recursive] Processing data (type: <class 'str'>): $... (json_parser_utils.py:94)
2025-09-22 13:00:45 [DEBUG] [DIAG][find_product_with_offers_recursive] Recursing into list item 1 (json_parser_utils.py:107)
2025-09-22 13:00:45 [DEBUG] [DIAG][find_product_with_offers_recursive] Processing data (type: <class 'str'>): meta... (json_parser_utils.py:94)
2025-09-22 13:00:45 [DEBUG] [DIAG][find_product_with_offers_recursive] Recursing into list item 2 (json_parser_utils.py:107)
2025-09-22 13:00:45 [DEBUG] [DIAG][find_product_with_offers_recursive] Processing data (type: <class 'str'>): 14... (json_parser_utils.py:94)
2025-09-22 13:00:45 [DEBUG] [DIAG][find_product_with_offers_recursive] Recursing into list item 3 (json_parser_utils.py:107)
2025-09-22 13:00:45 [DEBUG] [DIAG][find_product_with_offers_recursive] Processing data (type: <class 'dict'>): {'name': 'twitter:image', 'content': 'https://buywisely.com.au/assets/images/landing/preview.png'}... (json_parser_utils.py:94)
2025-09-22 13:00:45 [DEBUG] [DIAG][find_product_with_offers_recursive] Recursing into key 'name' (json_parser_utils.py:100)
2025-09-22 13:00:45 [DEBUG] [DIAG][find_product_with_offers_recursive] Processing data (type: <class 'str'>): twitter:image... (json_parser_utils.py:94)
2025-09-22 13:00:45 [DEBUG] [DIAG][find_product_with_offers_recursive] Recursing into key 'content' (json_parser_utils.py:100)
2025-09-22 13:00:45 [DEBUG] [DIAG][find_product_with_offers_recursive] Processing data (type: <class 'str'>): https://buywisely.com.au/assets/images/landing/preview.png... (json_parser_utils.py:94)
2025-09-22 13:00:45 [DEBUG] [DIAG][find_product_with_offers_recursive] Recursing into list item 15 (json_parser_utils.py:107)
2025-09-22 13:00:45 [DEBUG] [DIAG][find_product_with_offers_recursive] Processing data (type: <class 'list'>): ['$', 'meta', '15', {'name': 'next-size-adjust'}]... (json_parser_utils.py:94)
2025-09-22 13:00:45 [DEBUG] [DIAG][find_product_with_offers_recursive] Iterating list of length 4 (json_parser_utils.py:105)
2025-09-22 13:00:45 [DEBUG] [DIAG][find_product_with_offers_recursive] Recursing into list item 0 (json_parser_utils.py:107)
2025-09-22 13:00:45 [DEBUG] [DIAG][find_product_with_offers_recursive] Processing data (type: <class 'str'>): $... (json_parser_utils.py:94)
2025-09-22 13:00:45 [DEBUG] [DIAG][find_product_with_offers_recursive] Recursing into list item 1 (json_parser_utils.py:107)
2025-09-22 13:00:45 [DEBUG] [DIAG][find_product_with_offers_recursive] Processing data (type: <class 'str'>): meta... (json_parser_utils.py:94)
2025-09-22 13:00:45 [DEBUG] [DIAG][find_product_with_offers_recursive] Recursing into list item 2 (json_parser_utils.py:107)
2025-09-22 13:00:45 [DEBUG] [DIAG][find_product_with_offers_recursive] Processing data (type: <class 'str'>): 15... (json_parser_utils.py:94)
2025-09-22 13:00:45 [DEBUG] [DIAG][find_product_with_offers_recursive] Recursing into list item 3 (json_parser_utils.py:107)
2025-09-22 13:00:45 [DEBUG] [DIAG][find_product_with_offers_recursive] Processing data (type: <class 'dict'>): {'name': 'next-size-adjust'}... (json_parser_utils.py:94)
2025-09-22 13:00:45 [DEBUG] [DIAG][find_product_with_offers_recursive] Recursing into key 'name' (json_parser_utils.py:100)
2025-09-22 13:00:45 [DEBUG] [DIAG][find_product_with_offers_recursive] Processing data (type: <class 'str'>): next-size-adjust... (json_parser_utils.py:94)
2025-09-22 13:00:45 [DEBUG] [DIAG] Resolved string for key 5: null... (hydration_parser.py:95)
2025-09-22 13:00:45 [DEBUG] [DIAG] Resolved string for key 6: {"gid":"15797211988331096831","image":"https://encrypted-tbn0.gstatic.com/shopping?q=tbn:ANd9GcSMKJEcJ5xuZEACgvb5b-OsiulwL1b5Ivy7wbsYiJ3A2vpwsAhIjV_QMfs2iyap5nDsHiEzTcaeGYaz_I5WBRrUjD5abtI2D4WPYd1uowVZArHKnsIo95M\u0026usqp=CAY"}... (hydration_parser.py:95)
2025-09-22 13:00:45 [DEBUG] [DIAG] Resolved string for key 2b: I[70760,["3655","static/chunks/3655-f78e4e363a5541d0.js","6290","static/chunks/6290-2a8ce89a0b5a3df8.js","6381","static/chunks/6381-2b873addadcb95f3.js","6310","static/chunks/6310-99207018fb617736.js","5469","static/chunks/5469-d5f85e2b5dbb2663.js","6341","static/chunks/6341-ca54939c2b36d77d.js","6252","static/chunks/6252-920c83842bca245b.js","6574","static/chunks/6574-85b13196e7d2f55e.js","307","static/chunks/307-cefa9bd2f7381bf5.js","2665","static/chunks/2665-2d172eda87a962e3.js","8393","stati... (hydration_parser.py:95)
2025-09-22 13:00:45 [WARNING] Could not parse resolved record 2b: ('Unknown identifier', 'I') (hydration_parser.py:112)
2025-09-22 13:00:45 [DEBUG] [DIAG] Resolved string for key 2c: I[61165,["3655","static/chunks/3655-f78e4e363a5541d0.js","6290","static/chunks/6290-2a8ce89a0b5a3df8.js","6381","static/chunks/6381-2b873addadcb95f3.js","6310","static/chunks/6310-99207018fb617736.js","5469","static/chunks/5469-d5f85e2b5dbb2663.js","6341","static/chunks/6341-ca54939c2b36d77d.js","6252","static/chunks/6252-920c83842bca245b.js","6574","static/chunks/6574-85b13196e7d2f55e.js","307","static/chunks/307-cefa9bd2f7381bf5.js","2665","static/chunks/2665-2d172eda87a962e3.js","8393","stati... (hydration_parser.py:95)
2025-09-22 13:00:45 [WARNING] Could not parse resolved record 2c: ('Unknown identifier', 'I') (hydration_parser.py:112)
2025-09-22 13:00:45 [DEBUG] [DIAG] Resolved string for key 2d: I[67988,["3655","static/chunks/3655-f78e4e363a5541d0.js","6290","static/chunks/6290-2a8ce89a0b5a3df8.js","6381","static/chunks/6381-2b873addadcb95f3.js","6310","static/chunks/6310-99207018fb617736.js","5469","static/chunks/5469-d5f85e2b5dbb2663.js","6341","static/chunks/6341-ca54939c2b36d77d.js","6252","static/chunks/6252-920c83842bca245b.js","6574","static/chunks/6574-85b13196e7d2f55e.js","307","static/chunks/307-cefa9bd2f7381bf5.js","2665","static/chunks/2665-2d172eda87a962e3.js","8393","stati... (hydration_parser.py:95)
2025-09-22 13:00:45 [DEBUG] [DIAG] Resolved string for key 2e: I[66079,["3655","static/chunks/3655-f78e4e363a5541d0.js","6290","static/chunks/6290-2a8ce89a0b5a3df8.js","6381","static/chunks/6381-2b873addadcb95f3.js","6310","static/chunks/6310-99207018fb617736.js","5469","static/chunks/5469-d5f85e2b5dbb2663.js","6341","static/chunks/6341-ca54939c2b36d77d.js","6252","static/chunks/6252-920c83842bca245b.js","6574","static/chunks/6574-85b13196e7d2f55e.js","307","static/chunks/307-cefa9bd2f7381bf5.js","2665","static/chunks/2665-2d172eda87a962e3.js","8393","stati... (hydration_parser.py:95)
2025-09-22 13:00:45 [WARNING] Could not parse resolved record 2e: ('Unknown identifier', 'I') (hydration_parser.py:112)
2025-09-22 13:00:45 [DEBUG] [DIAG] Resolved string for key 2f: I[61165,["3655","static/chunks/3655-f78e4e363a5541d0.js","6290","static/chunks/6290-2a8ce89a0b5a3df8.js","6381","static/chunks/6381-2b873addadcb95f3.js","6310","static/chunks/6310-99207018fb617736.js","5469","static/chunks/5469-d5f85e2b5dbb2663.js","6341","static/chunks/6341-ca54939c2b36d77d.js","6252","static/chunks/6252-920c83842bca245b.js","6574","static/chunks/6574-85b13196e7d2f55e.js","307","static/chunks/307-cefa9bd2f7381bf5.js","2665","static/chunks/2665-2d172eda87a962e3.js","8393","stati... (hydration_parser.py:95)
2025-09-22 13:00:45 [WARNING] Could not parse resolved record 2f: ('Unknown identifier', 'I') (hydration_parser.py:112)
2025-09-22 13:00:45 [DEBUG] [DIAG] Resolved string for key 30: I[74191,["3655","static/chunks/3655-f78e4e363a5541d0.js","6290","static/chunks/6290-2a8ce89a0b5a3df8.js","6381","static/chunks/6381-2b873addadcb95f3.js","6310","static/chunks/6310-99207018fb617736.js","5469","static/chunks/5469-d5f85e2b5dbb2663.js","6341","stati... (hydration_parser.py:95)
2025-09-22 13:00:45 [DEBUG] [DIAG] Resolved string for key 31: I[61165,["3655","static/chunks/3655-f78e4e363a5541d0.js","6290","static/chunks/6290-2a8ce89a0b5a3df8.js","6381","static/chunks/6381-2b873addadcb95f3.js","6310","static/chunks/6310-99207018fb617736.js","5469","static/chunks/5469-d5f85e2b5dbb2663.js","6341","static/chunks/6341-ca54939c2b36d77d.js","6252","static/chunks/6252-920c83842bca245b.js","6574","static/chunks/6574-85b13196e7d2f55e.js","307","static/chunks/307-cefa9bd2f7381bf5.js","2665","static/chunks/2665-2d172eda87a962e3.js","8393","stati... (hydration_parser.py:95)
2025-09-22 13:00:45 [WARNING] Could not parse resolved record 31: ('Unknown identifier', 'I') (hydration_parser.py:112)
2025-09-22 13:00:45 [DEBUG] [DIAG] Resolved string for key 32: I[40958,["3655","static/chunks/3655-f78e4e363a5541d0.js","6290","static/chunks/6290-2a8ce89a0b5a3df8.js","6381","static/chunks/6381-2b873addadcb95f3.js","6310","static/chunks/6310-99207018fb617736.js","5469","static/chunks/5469-d5f85e2b5dbb2663.js","6341","static/chunks/6341-ca54939c2b36d77d.js","6252","static/chunks/6252-920c83842bca245b.js","6574","static/chunks/6574-85b13196e7d2f55e.js","307","static/chunks/307-cefa9bd2f7381bf5.js","2665","static/chunks/2665-2d172eda87a962e3.js","8393","stati... (hydration_parser.py:95)
2025-09-22 13:00:45 [WARNING] Could not parse resolved record 32: ('Unknown identifier', 'I') (hydration_parser.py:112)
2025-09-22 13:00:45 [DEBUG] [DIAG] Resolved string for key 51: I[61165,["3655","static/chunks/3655-f78e4e363a5541d0.js","6290","static/chunks/6290-2a8ce89a0b5a3df8.js","6381","static/chunks/6381-2b873addadcb95f3.js","6310","static/chunks/6310-99207018fb617736.js","5469","static/chunks/5469-d5f85e2b5dbb2663.js","6341","static/chunks/6341-ca54939c2b36d77d.js","6252","static/chunks/6252-920c83842bca245b.js","6574","static/chunks/6574-85b13196e7d2f55e.js","307","static/chunks/307-cefa9bd2f7381bf5.js","2665","static/chunks/2665-2d172eda87a962e3.js","8393","stati... (hydration_parser.py:95)
2025-09-22 13:00:45 [WARNING] Could not parse resolved record 51: ('Unknown identifier', 'I') (hydration_parser.py:112)
2025-09-22 13:00:45 [DEBUG] [DIAG] Resolved string for key 52: I[97452,["3655","static/chunks/3655-f78e4e363a5541d0.js","6290","static/chunks/6290-2a8ce89a0b5a3df8.js","6381","static/chunks/6381-2b873addadcb95f3.js","6310","static/chunks/6310-99207018fb617736.js","5469","static/chunks/5469-d5f85e2b5dbb2663.js","6341","static/chunks/6341-ca54939c2b36d77d.js","6252","static/chunks/6252-920c83842bca245b.js","6574","static/chunks/6574-85b13196e7d2f55e.js","307","static/chunks/307-cefa9bd2f7381bf5.js","2665","static/chunks/2665-2d172eda87a962e3.js","8393","stati... (hydration_parser.py:95)
2025-09-22 13:00:45 [WARNING] Could not parse resolved record 52: ('Unknown identifier', 'I') (hydration_parser.py:112)
2025-09-22 13:00:45 [DEBUG] [DIAG] Resolved string for key 53: I[65469,["3655","static/chunks/3655-f78e4e363a5541d0.js","6290","static/chunks/6290-2a8ce89a0b5a3df8.js","6381","static/chunks/6381-2b873addadcb95f3.js","6310","static/chunks/6310-99207018fb617736.js","5469","static/chunks/5469-d5f85e2b5dbb2663.js","6341","static/chunks/6341-ca54939c2b36d77d.js","6252","static/chunks/6252-920c83842bca245b.js","6574","static/chunks/6574-85b13196e7d2f55e.js","307","static/chunks/307-cefa9bd2f7381bf5.js","2665","static/chunks/2665-2d172eda87a962e3.js","8393","stati... (hydration_parser.py:95)
2025-09-22 13:00:45 [DEBUG] [DIAG] Resolved string for key 54: I[77509,["3655","static/chunks/3655-f78e4e363a5541d0.js","6290","static/chunks/6290-2a8ce89a0b5a3df8.js","6381","static/chunks/6381-2b873addadcb95f3.js","6310","static/chunks/6310-99207018fb617736.js","5469","static/chunks/5469-d5f85e2b5dbb2663.js","6341","static/chunks/6341-ca54939c2b36d77d.js","6252","static/chunks/6252-920c83842bca245b.js","6574","static/chunks/6574-85b13196e7d2f55e.js","307","static/chunks/307-cefa9bd2f7381bf5.js","2665","static/chunks/2665-2d172eda87a962e3.js","8393","stati... (hydration_parser.py:95)
2025-09-22 13:00:45 [WARNING] Could not parse resolved record 54: ('Unknown identifier', 'I') (hydration_parser.py:112)
2025-09-22 13:00:45 [DEBUG] [DIAG] Resolved string for key 55: I[61165,["3655","static/chunks/3655-f78e4e363a5541d0.js","6290","static/chunks/6290-2a8ce89a0b5a3df8.js","6381","static/chunks/6381-2b873addadcb95f3.js","6310","static/chunks/6310-99207018fb617736.js","5469","static/chunks/5469-d5f85e2b5dbb2663.js","6341","static/chunks/6341-ca54939c2b36d77d.js","6252","static/chunks/6252-920c83842bca245b.js","6574","static/chunks/6574-85b13196e7d2f55e.js","307","static/chunks/307-cefa9bd2f7381bf5.js","2665","static/chunks/2665-2d172eda87a962e3.js","8393","stati... (hydration_parser.py:95)
2025-09-22 13:00:45 [WARNING] Could not parse resolved record 55: ('Unknown identifier', 'I') (hydration_parser.py:112)
2025-09-22 13:00:45 [DEBUG] [DIAG] Resolved string for key 56: I[61165,["3655","static/chunks/3655-f78e4e363a5541d0.js","6290","static/chunks/6290-2a8ce89a0b5a3df8.js","6381","static/chunks/6381-2b873addadcb95f3.js","6310","static/chunks/6310-99207018fb617736.js","5469","static/chunks/5469-d5f85e2b5dbb2663.js","6341","sta... (hydration_parser.py:95)
2025-09-22 13:00:45 [DEBUG] [DIAG] Resolved string for key 57: I[61165,["3655","static/chunks/3655-f78e4e363a5541d0.js","6290","static/chunks/6290-2a8ce89a0b5a3df8.js","6381","static/chunks/6381-2b873addadcb95f3.js","6310","static/chunks/6310-99207018fb617736.js","5469","static/chunks/5469-d5f85e2b5dbb2663.js","6341","static/chunks/6341-ca54939c2b36d77d.js","6252","static/chunks/6252-920c83842bca245b.js","6574","static/chunks/6574-85b13196e7d2f55e.js","307","static/chunks/307-cefa9bd2f7381bf5.js","2665","static/chunks/2665-2d172eda87a962e3.js","8393","stati... (hydration_parser.py:95)
2025-09-22 13:00:45 [WARNING] Could not parse resolved record 57: ('Unknown identifier', 'I') (hydration_parser.py:112)
2025-09-22 13:00:45 [DEBUG] [DIAG] Resolved string for key 58: I[35658,["3655","static/chunks/3655-f78e4e363a5541d0.js","6290","static/chunks/6290-2a8ce89a0b5a3df8.js","6381","static/chunks/6381-2b873addadcb95f3.js","6310","static/chunks/6310-99207018fb617736.js","5469","static/chunks/5469-d5f85e2b5dbb2663.js","6341","static/chunks/6341-ca54939c2b36d77d.js","6252","static/chunks/6252-920c83842bca245b.js","6574","static/chunks/6574-85b13196e7d2f55e.js","307","static/chunks/307-cefa9bd2f7381bf5.js","2665","static/chunks/2665-2d172eda87a962e3.js","8393","stati... (hydration_parser.py:95)
2025-09-22 13:00:45 [WARNING] Could not parse resolved record 58: ('Unknown identifier', 'I') (hydration_parser.py:112)
2025-09-22 13:00:45 [DEBUG] [DIAG] Resolved string for key 34: []... (hydration_parser.py:95)
2025-09-22 13:00:45 [DEBUG] [DIAG] Resolved string for key 37: {"gid":"7830005719273689496","image":"https://encrypted-tbn2.gstatic.com/shopping?q=tbn:ANd9GcRj65GJdYa0MGuv8L9RWAAJVks98kaBva-KPH34o7Nn8_xgtjFvHpEsyG-G9u_PAZwKCzR1UnPFs6JC5duNRu9kW-AZSxHpJQaql2ly1iZ6Cl09iaqRzqc\u0026usqp=CAY"}... (hydration_parser.py:95)
2025-09-22 13:00:45 [DEBUG] [DIAG] Resolved string for key 38: {"gid":"10929348810251206946","image":"https://encrypted-tbn3.gstatic.com/shopping?q=tbn:ANd9GcQktEYbdVk26_5fVXmkf85U_V4MhhlgNSCKuEGMaIHFomdm78AIUKXN6e8XyuLWwiqXOJc6OF55c3TRby_V36YYx0Twj-TArJEJ3e_Z\u0026usqp=CAY"}... (hydration_parser.py:95)
2025-09-22 13:00:45 [DEBUG] [DIAG] Resolved string for key 35: ["$36",{"gid":"7830005719273689496","image":"https://encrypted-tbn2.gstatic.com/shopping?q=tbn:ANd9GcRj65GJdYa0MGuv8L9RWAAJVks98kaBva-KPH34o7Nn8_xgtjFvHpEsyG-G9u_PAZwKCzR1UnPFs6JC5duNRu9kW-AZSxHpJQaql2ly1iZ6Cl09iaqRzqc\u0026usqp=CAY"},{"gid":"10929348810251206946","image":"https://encrypted-tbn3.gstatic.com/shopping?q=tbn:ANd9GcQktEYbdVk26_5fVXmkf85U_V4MhhlgNSCKuEGMaIHFomdm78AIUKXN6e8XyuLWwiqXOJc6OF55c3TRby_V36YYx0Twj-TArJEJ3e_Z\u0026usqp=CAY"}]... (hydration_parser.py:95)
2025-09-22 13:00:45 [DEBUG] [DIAG] Resolved string for key 39: ["https://encrypted-tbn0.gstatic.com/shopping?q=tbn:ANd9GcSqDaT816y1UmPhBrzkea3Dn_Hh8yTT3fZX4XBtJEkQcCWOz-LJ1AMEbRRDBSKM-M061mIP09PmjUwBgDldhA0acuhIAop7lQ\u0026usqp=CAY","https://encrypted-tbn3.gstatic.com/shopping?q=tbn:ANd9GcQfbnmIwlniWJ2_8uNp4bDf-6Ju-12jrovvM3RkZ_F8hYC0DcS85hBW3VZ9oCT7zcvdcW7cG-u8JHbZQMXKs0v2Co4aSaICOQ\u0026usqp=CAY","https://encrypted-tbn0.gstatic.com/shopping?q=tbn:ANd9GcR8UqT2y3HwL6mbcrp9X3EK1qROspiqDkg2j-9eEDSoFr4zLWQaFn_YrCOAi5hlWIs3MKewSYZSOFGmiREKJJNSBeWTMR7I\u0026usqp... (hydration_parser.py:95)
2025-09-22 13:00:45 [DEBUG] [DIAG] Resolved string for key 3b: {"name":"Network","value":"5G"}... (hydration_parser.py:95)
2025-09-22 13:00:45 [DEBUG] [DIAG] Resolved string for key 3c: {"name":"Sim Card Type","value":"eSIM / Nano"}... (hydration_parser.py:95)
2025-09-22 13:00:45 [DEBUG] [DIAG] Resolved string for key 3d: {"name":"Operating System","value":"Android 14"}... (hydration_parser.py:95)
2025-09-22 13:00:45 [DEBUG] [DIAG] Resolved string for key 3e: {"name":"Display","value":"6.8 inches Full HD+"}... (hydration_parser.py:95)
2025-09-22 13:00:45 [DEBUG] [DIAG] Resolved string for key 3f: {"name":"Video Recording","value":"4K"}... (hydration_parser.py:95)
2025-09-22 13:00:45 [DEBUG] [DIAG] Resolved string for key 40: {"name":"Phone Family","value":"Moto g75"}... (hydration_parser.py:95)
2025-09-22 13:00:45 [DEBUG] [DIAG] Resolved string for key 41: {"name":"Expandable Storage","value":"up to 1TB microSD card expandable"}... (hydration_parser.py:95)
2025-09-22 13:00:45 [DEBUG] [DIAG] Resolved string for key 42: {"name":"RAM Size","value":"8GB"}... (hydration_parser.py:95)
2025-09-22 13:00:45 [DEBUG] [DIAG] Resolved string for key 43: {"name":"Bluetooth","value":"5.4"}... (hydration_parser.py:95)
2025-09-22 13:00:45 [DEBUG] [DIAG] Resolved string for key 44: {"name":"GPS","value":"GPS A-GPS LTEPP SUPL GLONASS Galileo QZSS BeiDou"}... (hydration_parser.py:95)
2025-09-22 13:00:45 [DEBUG] [DIAG] Resolved string for key 45: {"name":"Product Width (mm)","value":"77.1"}... (hydration_parser.py:95)
2025-09-22 13:00:45 [DEBUG] [DIAG] Resolved string for key 46: {"name":"Product Height (mm)","value":"165.95"}... (hydration_parser.py:95)
2025-09-22 13:00:45 [DEBUG] [DIAG] Resolved string for key 47: {"name":"Product Depth (mm)","value":"7.99"}... (hydration_parser.py:95)
2025-09-22 13:00:45 [DEBUG] [DIAG] Resolved string for key 48: {"name":"Battery","value":"5000mAh"}... (hydration_parser.py:95)
2025-09-22 13:00:45 [DEBUG] [DIAG] Resolved string for key 49: {"name":"Manufacturer's Warranty","value":"2 Years"}... (hydration_parser.py:95)
2025-09-22 13:00:45 [DEBUG] [DIAG] Resolved string for key 4a: {"name":"Storage Size","value":"256GB"}... (hydration_parser.py:95)
2025-09-22 13:00:45 [DEBUG] [DIAG] Resolved string for key 4b: {"name":"Colour","value":"Charcoal Grey"}... (hydration_parser.py:95)
2025-09-22 13:00:45 [DEBUG] [DIAG] Resolved string for key 4c: {"name":"Display Resolution","value":"2388 1080"}... (hydration_parser.py:95)
2025-09-22 13:00:45 [DEBUG] [DIAG] Resolved string for key 4d: {"name":"Weight (g)","value":"180"}... (hydration_parser.py:95)
2025-09-22 13:00:45 [DEBUG] [DIAG] Resolved string for key 4e: {"name":"Front Camera","value":"8MP"}... (hydration_parser.py:95)
2025-09-22 13:00:45 [DEBUG] [DIAG] Resolved string for key 4f: {"name":"Rear Camera","value":"50MP"}... (hydration_parser.py:95)
2025-09-22 13:00:45 [DEBUG] [DIAG] Resolved string for key 50: {"name":"Release Year","value":"2024"}... (hydration_parser.py:95)
2025-09-22 13:00:45 [DEBUG] [DIAG] Resolved string for key 3a: [{"name":"Network","value":"5G"},{"name":"Sim Card Type","value":"eSIM / Nano"},{"name":"Operating System","value":"Android 14"},{"name":"Display","value":"6.8 inches Full HD+"},{"name":"Video Recording","value":"4K"},{"name":"Phone Family","value":"Moto g75"},{"name":"Expandable Storage","value":"up to 1TB microSD card expandable"},{"name":"RAM Size","value":"8GB"},{"name":"Bluetooth","value":"5.4"},{"name":"GPS","value":"GPS A-GPS LTEPP SUPL GLONASS Galileo QZSS BeiDou"},{"name":"Product Width... (hydration_parser.py:95)
2025-09-22 13:00:45 [DEBUG] [DIAG] Resolved string for key 33: {"title":"Motorola Moto G75 5G 256GB Grey with Buds","image":"https://encrypted-tbn0.gstatic.com/shopping?q=tbn:ANd9GcTN0NDdrPCDIn9NaiVIb7vTMSRVKBOQbkBMTHJyb9dzqC_WY5IGMoYuvnsDtsI8XvfpsX50GHyVY5kvPm-1nSr2bXEkwcR1sLJr1IR1dAkwVcXTXGOCB8frf7o","variants":... (hydration_parser.py:95)
2025-09-22 13:00:45 [DEBUG] [DIAG] Resolved string for key b: [["$","$L10",null,{"container":true,"justifyContent":"space-around","spacing":{"xs":0,"md":0},"children":[["$","$L10",null,{"item":true,"md":4,"xs":12,"children":["$","$L2b",null,{"product":{"title":"Motorola Moto G75 5G 256GB Grey with Buds","image":"https://encrypted-tbn0.gstatic.com/shopping?q=tbn:ANd9GcTN0NDdrPCDIn9NaiVIb7vTMSRVKBOQbkBMTHJyb9dzqC_WY5IGMoYuvnsDtsI8XvfpsX50GHyVY5kvPm-1nSr2bXEkwcR1sLJr1IR1dAkwVcXTXGOCB8frf7o","variants":[],"colors":[{"gid":"15797211988331096831","image":"https:... (hydration_parser.py:95)
2025-09-22 13:00:45 [WARNING] Could not parse resolved record b: Values must be separated by a comma (hydration_parser.py:112)
2025-09-22 13:00:45 [DEBUG] [DIAG] Resolved string for key 59: I[65161,["3655","static/chunks/3655-f78e4e363a5541d0.js","6290","static/chunks/6290-2a8ce89a0b5a3df8.js","6381","static/chunks/6381-2b873addadcb95f3.js","6310","static/chunks/6310-99207018fb617736.js","5469","static/chunks/5469-d5f85e2b5dbb2663.js","6341","static/chunks/6341-ca54939c2b36d77d.js","6252","static/chunks/6252-920c83842bca245b.js","6574","static/chunks/6574-85b13196e7d2f55e.js","307","static/chunks/307-cefa9bd2f7381bf5.js","2665","static/chunks/2665-2d172eda87a962e3.js","684","static... (hydration_parser.py:95)
2025-09-22 13:00:45 [WARNING] Could not parse resolved record 59: ('Unknown identifier', 'I') (hydration_parser.py:112)
2025-09-22 13:00:45 [DEBUG] [DIAG] Resolved string for key 5a: T6c8,Bought this for my daughter and I'm very impressed. The camera is more than capable for daylight photos and selfies. The processor and RAM are fast enough. I compared APP loading and camera launching vs my Samsung Ultra and there's little difference for normal use (processing video or intense gaming you can see a difference, but in normal use, they're close).It's a little on the big side, especially for a child, but the Military toughness and optional screen repair service make up for that.... (hydration_parser.py:95)
2025-09-22 13:00:45 [DEBUG] [DIAG] Resolved string for key 11: ["$","$L59",null,{"product":{"id":83429707,"gid":"15797211988331096831","title":"Motorola Moto G75 5G 256GB Grey with Buds","image":"https://encrypted-tbn0.gstatic.com/shopping?q=tbn:ANd9GcTN0NDdrPCDIn9NaiVIb7vTMSRVKBOQbkBMTHJyb9dzqC_WY5IGMoYuvnsDtsI8XvfpsX50GHyVY5kvPm-1nSr2bXEkwcR1sLJr1IR1dAkwVcXTXGOCB8frf7o","created_at":"$D2024-11-30T20:11:12.579Z","updated_at":"$D2024-12-01T03:20:16.117Z","slug":"motorola-moto-g75-5g-256gb-grey-with-buds","thumbnails":["https://encrypted-tbn0.gstatic.com/sho... (hydration_parser.py:95)
2025-09-22 13:00:45 [WARNING] Could not parse resolved record 11: Values must be separated by a comma (hydration_parser.py:112)
2025-09-22 13:00:45 [INFO] Hydration parser found 0 product data object(s). (hydration_parser.py:114)
FAILED                                                                   [100%]
------------------------------ live log teardown -------------------------------
2025-09-22 13:00:46 [DEBUG] Close <_UnixSelectorEventLoop running=False closed=False debug=True> (base_events.py:714)
2025-09-22 13:00:46 [DEBUG] Using selector: EpollSelector (selector_events.py:64)


=================================== FAILURES ===================================
_____________________ test_hydration_parser_with_real_data _____________________

    def test_hydration_parser_with_real_data():
        """Test that the new hydration parser can extract data from a real HTML payload."""
        with open('tests/buywisely/fixtures/nextjs_json_string.txt', 'r') as f:
            raw_content = f.read()
    
        html_content = f'''<html><body><script>{raw_content}</script></body></html>'''
    
        parsed_data = extract_and_parse_all_hydration_data(html_content)
    
        assert isinstance(parsed_data, list)
>       assert len(parsed_data) > 0
E       assert 0 > 0
E        +  where 0 = len([])

tests/buywisely/test_buywisely_parser.py:14: AssertionError
---------------------------- Captured stderr setup -----------------------------
DEBUG:asyncio:Using selector: EpollSelector
DEBUG:asyncio:Using selector: EpollSelector
------------------------------ Captured log setup ------------------------------
DEBUG    asyncio:selector_events.py:64 Using selector: EpollSelector
DEBUG    asyncio:selector_events.py:64 Using selector: EpollSelector
----------------------------- Captured stderr call -----------------------------
DEBUG:custom_components.price_tracker.services.buywisely.hydration_parser:[_extract_raw_next_f_push_strings] Input HTML: <html><body><script>self.__next_f.push([1,"1:HL[\"/_next/static/media/2b3f1035ed87a788-s.p.woff2\",\"font\",{\"crossOrigin\":\"\",\"type\":\"font/woff2\"}]\n2:HL[\"/_next/static/media/8bf7b2ceda89477b...
DEBUG:custom_components.price_tracker.services.buywisely.hydration_parser:[_extract_raw_next_f_push_strings] Found script tag: <script>self.__next_f.push([1,"1:HL[\"/_next/static/media/2b3f1035ed87a788-s.p.woff2\",\"font\",{\"crossOrigin\":\"\",\"type\":\"font/woff2\"}]\n2:HL[\"/_next/static/media/8bf7b2ceda89477b-s.p.woff2\",\"font\",{\"crossOrigin\":\"\",\"type\":\"font/woff2\"}]\n3:HL[\"/_next/static/css/e0d445a9cf4aff75.css\",\"style\"]\n"])
self.__next_f.push([1,"4:I[89562,[],\"\"]\n7:I[78703,[],\"\"]\n9:I[53751,[],\"\"]\nc:I[11478,[\"3655\",\"static/chunks/3655-f78e4e363a5541d0.js\",\"395\",\"static/chunks/app/product/%5Bslug%5D/layout-afd1e0771fc65a8b.js\"],\"\"]\nd:I[25719,[\"3655\",\"static/chunks/3655-f78e4e363a5541d0.js\",\"6290\",\"static/chunks/6290-2a8ce89a0b5a3df8.js\",\"3895\",\"static/chunks/app/product/%5Bslug%5D/@offers/loading-91e67d2edba3eaa4.js\"],\"default\"]\ne:I[88170,[\"3655\",\"static/chunks/3655-f78e4e363a5541d0.js\",\"6290\",\"static/chunks/6290-2a8ce89a0b5a3df8.js\",\"3895\",\"static/chunks/app/product/%5Bslug%5D/@offers/loading-91e67d2edba3eaa4.js\"],\"\"]\nf:I[44863,[\"3655\",\"static/chunks/3655-f78e4e363a5541d0.js\",\"395\",\"static/chunks/app/product/%5Bslug%5D/layout-afd1e0771fc65a8b.js\"],\"\"]\n10:I[39146,[\"3655\",\"static/chunks/3655-f78e4e363a5541d0.js\",\"6290\",\"static/chunks/6290-2a8ce89a0b5a3df8.js\",\"2665\",\"static/chunks/2665-2d172eda87a962e3.js\",\"6435\",\"static/chunks/app/product/%5Bslug%5D/@info/loading-1c1ee849e97e6a1a.js\"],\"\"]\n13:I[79165,[\"3655\",\"static/chunks/3655-f78e4e363a5541d0.js\",\"6290\",\"static/chunks/6290-2a8ce89a0b5a3df8.js\",\"6381\",\"static/chunks/6381-2b873addadcb95f3.js\",\"6310\",\"static/chunks/6310-99207018fb617736.js\",\"5469\",\"static/chunks/5469-d5f85e2b5dbb2663.js\",\"6341\",\"static/chunks/6341-ca54939c2b36d77d.js\",\"6252\",\"static/chunks/6252-920c83842bca245b.js\",\"6574\",\"static/chunks/6574-85b13196e7d2f55e.js\",\"307\",\"static/chunks/307-cefa9bd2f7381bf5.js\",\"2665\",\"static/chunks/2665-2d172eda87a962e3.js\",\"684\",\"static/chunks/684-7de3c401504b82a2.js\",\"7269\",\"static/chunks/7269-a4bddb872ba784d5.js\",\"8327\",\"static/chunks/8327-5596df2c7a80e7eb.js\",\"5135\",\"static/chunks/5135-e150b38f04bc4ae4.js\",\"5127\",\"static/chunks/5127-7de194f1c35db063.js\",\"5805\",\"static/chunks/5805-5009d17ba83b5e07.js\",\"3185\",\"static/chunks/app/layout-0606493c769120ee.js\"],\"default\"]\n14:I[72470,[\"3655\",\"static/chunks/3655-f78e4e363a5541d0.js\",\"6290\",\"static/chunks/6290-2a8ce89a0b5a3df8.js\",\"6381\",\"static/chunks/6381-2b873addadcb95f3.js\",\"6310\",\"static/chunks/6310-99207018fb617736.js\",\"5469\",\"static/chunks/5469-d5f85e2b5dbb2663"])
self.__next_f.push([1,".js\",\"6341\",\"static/chunks/6341-ca54939c2b36d77d.js\",\"6252\",\"static/chunks/6252-920c83842bca245b.js\",\"6574\",\"static/chunks/6574-85b13196e7d2f55e.js\",\"307\",\"static/chunks/307-cefa9bd2f7381bf5.js\",\"2665\",\"static/chunks/2665-2d172eda87a962e3.js\",\"684\",\"static/chunks/684-7de3c401504b82a2.js\",\"7269\",\"static/chunks/7269-a4bddb872ba784d5.js\",\"8327\",\"static/chunks/8327-5596df2c7a80e7eb.js\",\"5135\",\"static/chunks/5135-e150b38f04bc4ae4.js\",\"5127\",\"static/chunks/5127-7de194f1c35db063.js\",\"5805\",\"static/chunks/5805-5009d17ba83b5e07.js\",\"3185\",\"static/chunks/app/layout-0606493c769120ee.js\"],\"UserProvider\"]\n15:I[68744,[\"3655\",\"static/chunks/3655-f78e4e363a5541d0.js\",\"6290\",\"static/chunks/6290-2a8ce89a0b5a3df8.js\",\"6381\",\"static/chunks/6381-2b873addadcb95f3.js\",\"6310\",\"static/chunks/6310-99207018fb617736.js\",\"5469\",\"static/chunks/5469-d5f85e2b5dbb2663.js\",\"6341\",\"static/chunks/6341-ca54939c2b36d77d.js\",\"6252\",\"static/chunks/6252-920c83842bca245b.js\",\"6574\",\"static/chunks/6574-85b13196e7d2f55e.js\",\"307\",\"static/chunks/307-cefa9bd2f7381bf5.js\",\"2665\",\"static/chunks/2665-2d172eda87a962e3.js\",\"684\",\"static/chunks/684-7de3c401504b82a2.js\",\"7269\",\"static/chunks/7269-a4bddb872ba784d5.js\",\"8327\",\"static/chunks/8327-5596df2c7a80e7eb.js\",\"5135\",\"static/chunks/5135-e150b38f04bc4ae4.js\",\"5127\",\"static/chunks/5127-7de194f1c35db063.js\",\"5805\",\"static/chunks/5805-5009d17ba83b5e07.js\",\"3185\",\"static/chunks/app/layout-0606493c769120ee.js\"],\"EventsProvider\"]\n16:I[58977,[\"3655\",\"static/chunks/3655-f78e4e363a5541d0.js\",\"6290\",\"static/chunks/6290-2a8ce89a0b5a3df8.js\",\"6381\",\"static/chunks/6381-2b873addadcb95f3.js\",\"6310\",\"static/chunks/6310-99207018fb617736.js\",\"5469\",\"static/chunks/5469-d5f85e2b5dbb2663.js\",\"6341\",\"static/chunks/6341-ca54939c2b36d77d.js\",\"6252\",\"static/chunks/6252-920c83842bca245b.js\",\"6574\",\"static/chunks/6574-85b13196e7d2f55e.js\",\"307\",\"static/chunks/307-cefa9bd2f7381bf5.js\",\"2665\",\"static/chunks/2665-2d172eda87a962e3.js\",\"684\",\"static/chunks/684-7de3c401504b82a2.js\",\"7269\",\"static/chunks/7269-a4bddb872ba784d5.js\",\"8327\",\"static/"])
self.__next_f.push([1,"chunks/8327-5596df2c7a80e7eb.js\",\"5135\",\"static/chunks/5135-e150b38f04bc4ae4.js\",\"5127\",\"static/chunks/5127-7de194f1c35db063.js\",\"5805\",\"static/chunks/5805-5009d17ba83b5e07.js\",\"3185\",\"static/chunks/app/layout-0606493c769120ee.js\"],\"default\"]\n17:I[66973,[\"3655\",\"static/chunks/3655-f78e4e363a5541d0.js\",\"6290\",\"static/chunks/6290-2a8ce89a0b5a3df8.js\",\"6381\",\"static/chunks/6381-2b873addadcb95f3.js\",\"6310\",\"static/chunks/6310-99207018fb617736.js\",\"5469\",\"static/chunks/5469-d5f85e2b5dbb2663.js\",\"6341\",\"static/chunks/6341-ca54939c2b36d77d.js\",\"6252\",\"static/chunks/6252-920c83842bca245b.js\",\"6574\",\"static/chunks/6574-85b13196e7d2f55e.js\",\"307\",\"static/chunks/307-cefa9bd2f7381bf5.js\",\"2665\",\"static/chunks/2665-2d172eda87a962e3.js\",\"684\",\"static/chunks/684-7de3c401504b82a2.js\",\"7269\",\"static/chunks/7269-a4bddb872ba784d5.js\",\"8327\",\"static/chunks/8327-5596df2c7a80e7eb.js\",\"5135\",\"static/chunks/5135-e150b38f04bc4ae4.js\",\"5127\",\"static/chunks/5127-7de194f1c35db063.js\",\"5805\",\"static/chunks/5805-5009d17ba83b5e07.js\",\"3185\",\"static/chunks/app/layout-0606493c769120ee.js\"],\"CollectionsProvider\"]\n18:I[32206,[\"3655\",\"static/chunks/3655-f78e4e363a5541d0.js\",\"6290\",\"static/chunks/6290-2a8ce89a0b5a3df8.js\",\"6381\",\"static/chunks/6381-2b873addadcb95f3.js\",\"6310\",\"static/chunks/6310-99207018fb617736.js\",\"5469\",\"static/chunks/5469-d5f85e2b5dbb2663.js\",\"6341\",\"static/chunks/6341-ca54939c2b36d77d.js\",\"6252\",\"static/chunks/6252-920c83842bca245b.js\",\"6574\",\"static/chunks/6574-85b13196e7d2f55e.js\",\"307\",\"static/chunks/307-cefa9bd2f7381bf5.js\",\"2665\",\"static/chunks/2665-2d172eda87a962e3.js\",\"684\",\"static/chunks/684-7de3c401504b82a2.js\",\"7269\",\"static/chunks/7269-a4bddb872ba784d5.js\",\"8327\",\"static/chunks/8327-5596df2c7a80e7eb.js\",\"5135\",\"static/chunks/5135-e150b38f04bc4ae4.js\",\"5127\",\"static/chunks/5127-7de194f1c35db063.js\",\"5805\",\"static/chunks/5805-5009d17ba83b5e07.js\",\"3185\",\"static/chunks/app/layout-0606493c769120ee.js\"],\"SearchProvider\"]\n19:I[25115,[\"3655\",\"static/chunks/3655-f78e4e363a5541d0.js\",\"6290\",\"static/chunks/6290-2a8ce89a0b5a3df"])
self.__next_f.push([1,"8.js\",\"6381\",\"static/chunks/6381-2b873addadcb95f3.js\",\"6310\",\"static/chunks/6310-99207018fb617736.js\",\"5469\",\"static/chunks/5469-d5f85e2b5dbb2663.js\",\"6341\",\"static/chunks/6341-ca54939c2b36d77d.js\",\"6252\",\"static/chunks/6252-920c83842bca245b.js\",\"6574\",\"static/chunks/6574-85b13196e7d2f55e.js\",\"307\",\"static/chunks/307-cefa9bd2f7381bf5.js\",\"2665\",\"static/chunks/2665-2d172eda87a962e3.js\",\"684\",\"static/chunks/684-7de3c401504b82a2.js\",\"7269\",\"static/chunks/7269-a4bddb872ba784d5.js\",\"8327\",\"static/chunks/8327-5596df2c7a80e7eb.js\",\"5135\",\"static/chunks/5135-e150b38f04bc4ae4.js\",\"5127\",\"static/chunks/5127-7de194f1c35db063.js\",\"5805\",\"static/chunks/5805-5009d17ba83b5e07.js\",\"3185\",\"static/chunks/app/layout-0606493c769120ee.js\"],\"DropdownProvider\"]\n1b:I[20977,[\"3655\",\"static/chunks/3655-f78e4e363a5541d0.js\",\"6290\",\"static/chunks/6290-2a8ce89a0b5a3df8.js\",\"6381\",\"static/chunks/6381-2b873addadcb95f3.js\",\"6310\",\"static/chunks/6310-99207018fb617736.js\",\"5469\",\"static/chunks/5469-d5f85e2b5dbb2663.js\",\"9160\",\"static/chunks/app/not-found-9fe2d208d6f479a3.js\"],\"default\"]\n1c:I[79529,[\"3655\",\"static/chunks/3655-f78e4e363a5541d0.js\",\"6290\",\"static/chunks/6290-2a8ce89a0b5a3df8.js\",\"6381\",\"static/chunks/6381-2b873addadcb95f3.js\",\"6310\",\"static/chunks/6310-99207018fb617736.js\",\"5469\",\"static/chunks/5469-d5f85e2b5dbb2663.js\",\"6341\",\"static/chunks/6341-ca54939c2b36d77d.js\",\"6252\",\"static/chunks/6252-920c83842bca245b.js\",\"6574\",\"static/chunks/6574-85b13196e7d2f55e.js\",\"307\",\"static/chunks/307-cefa9bd2f7381bf5.js\",\"2665\",\"static/chunks/2665-2d172eda87a962e3.js\",\"684\",\"static/chunks/684-7de3c401504b82a2.js\",\"7269\",\"static/chunks/7269-a4bddb872ba784d5.js\",\"8327\",\"static/chunks/8327-5596df2c7a80e7eb.js\",\"5135\",\"static/chunks/5135-e150b38f04bc4ae4.js\",\"5127\",\"static/chunks/5127-7de194f1c35db063.js\",\"5805\",\"static/chunks/5805-5009d17ba83b5e07.js\",\"3185\",\"static/chunks/app/layout-0606493c769120ee.js\"],\"default\"]\n1d:I[74906,[\"3655\",\"static/chunks/3655-f78e4e363a5541d0.js\",\"6290\",\"static/chunks/6290-2a8ce89a0b5a3df8.js\",\"6381\",\"static/chunks/6381-2"])
self.__next_f.push([1,"b873addadcb95f3.js\",\"6310\",\"static/chunks/6310-99207018fb617736.js\",\"5469\",\"static/chunks/5469-d5f85e2b5dbb2663.js\",\"6341\",\"static/chunks/6341-ca54939c2b36d77d.js\",\"6252\",\"static/chunks/6252-920c83842bca245b.js\",\"6574\",\"static/chunks/6574-85b13196e7d2f55e.js\",\"307\",\"static/chunks/307-cefa9bd2f7381bf5.js\",\"2665\",\"static/chunks/2665-2d172eda87a962e3.js\",\"684\",\"static/chunks/684-7de3c401504b82a2.js\",\"7269\",\"static/chunks/7269-a4bddb872ba784d5.js\",\"8327\",\"static/chunks/8327-5596df2c7a80e7eb.js\",\"5135\",\"static/chunks/5135-e150b38f04bc4ae4.js\",\"5127\",\"static/chunks/5127-7de194f1c35db063.js\",\"5805\",\"static/chunks/5805-5009d17ba83b5e07.js\",\"3185\",\"static/chunks/app/layout-0606493c769120ee.js\"],\"GoogleAnalytics\"]\n1e:I[25327,[\"3655\",\"static/chunks/3655-f78e4e363a5541d0.js\",\"6290\",\"static/chunks/6290-2a8ce89a0b5a3df8.js\",\"6381\",\"static/chunks/6381-2b873addadcb95f3.js\",\"6310\",\"static/chunks/6310-99207018fb617736.js\",\"5469\",\"static/chunks/5469-d5f85e2b5dbb2663.js\",\"6341\",\"static/chunks/6341-ca54939c2b36d77d.js\",\"6252\",\"static/chunks/6252-920c83842bca245b.js\",\"6574\",\"static/chunks/6574-85b13196e7d2f55e.js\",\"307\",\"static/chunks/307-cefa9bd2f7381bf5.js\",\"2665\",\"static/chunks/2665-2d172eda87a962e3.js\",\"684\",\"static/chunks/684-7de3c401504b82a2.js\",\"7269\",\"static/chunks/7269-a4bddb872ba784d5.js\",\"8327\",\"static/chunks/8327-5596df2c7a80e7eb.js\",\"5135\",\"static/chunks/5135-e150b38f04bc4ae4.js\",\"5127\",\"static/chunks/5127-7de194f1c35db063.js\",\"5805\",\"static/chunks/5805-5009d17ba83b5e07.js\",\"3185\",\"static/chunks/app/layout-0606493c769120ee.js\"],\"\"]\n20:I[51395,[],\"\"]\n8:[\"slug\",\"motorola-moto-g75-5g-256gb-grey-with-buds\",\"d\"]\n21:[]\n"])
self.__next_f.push([1,"0:[[[\"$\",\"link\",\"0\",{\"rel\":\"stylesheet\",\"href\":\"/_next/static/css/e0d445a9cf4aff75.css\",\"precedence\":\"next\",\"crossOrigin\":\"$undefined\"}]],[\"$\",\"$L4\",null,{\"buildId\":\"vVT_ICiXqaGX8gcuY6VmE\",\"assetPrefix\":\"\",\"initialCanonicalUrl\":\"/product/motorola-moto-g75-5g-256gb-grey-with-buds\",\"initialTree\":[\"\",{\"children\":[\"product\",{\"children\":[[\"slug\",\"motorola-moto-g75-5g-256gb-grey-with-buds\",\"d\"],{\"category\":[\"__PAGE__\",{\"children\":[\"__PAGE__\",{}]}],\"info\":[\"__PAGE__\",{\"children\":[\"__PAGE__\",{}]}],\"offers\":[\"__PAGE__\",{\"children\":[\"__PAGE__\",{}]}],\"children\":[\"__DEFAULT__\",{}]}]}]},\"$undefined\",\"$undefined\",true],\"initialSeedData\":[\"\",{\"children\":[\"product\",{\"children\":[[\"slug\",\"motorola-moto-g75-5g-256gb-grey-with-buds\",\"d\"],{\"category\":[\"__PAGE__\",{\"children\":[\"__PAGE__\",{},[[\"$L5\",\"$L6\"],null],null]},[\"$\",\"$L7\",null,{\"parallelRouterKey\":\"children\",\"segmentPath\":[\"children\",\"product\",\"children\",\"$8\",\"category\",\"__PAGE__\",\"children\"],\"error\":\"$undefined\",\"errorStyles\":\"$undefined\",\"errorScripts\":\"$undefined\",\"template\":[\"$\",\"$L9\",null,{}],\"templateStyles\":\"$undefined\",\"templateScripts\":\"$undefined\",\"notFound\":\"$undefined\",\"notFoundStyles\":\"$undefined\",\"styles\":null}],null],\"info\":[\"__PAGE__\",{\"children\":[\"__PAGE__\",{},[[\"$a\",\"$Lb\"],null],null]},[\"$\",\"$L7\",null,{\"parallelRouterKey\":\"children\",\"segmentPath\":[\"children\",\"product\",\"children\",\"$8\",\"info\",\"__PAGE__\",\"children\"],\"error\":\"$undefined\",\"errorStyles\":\"$undefined\",\"errorScripts\":\"$undefined\",\"template\":[\"$\",\"$L9\",null,{}],\"templateStyles\":\"$undefined\",\"templateScripts\":\"$undefined\",\"notFound\":\"$undefined\",\"notFoundStyles\":\"$undefined\",\"styles\":null}],[[[\"$\",\"$Lc\",null,{\"sx\":{\"display\":{\"xs\":\"flex\",\"md\":\"none\"},\"width\":\"100%\"},\"children\":[\"$\",\"$Ld\",null,{\"width\":\"100%\",\"spacing\":2,\"mb\":2,\"children\":[[\"$\",\"$Le\",null,{\"variant\":\"rectangular\",\"width\":\"100%\",\"height\":300}],[\"$\",\"$Le\",null,{\"variant\":\"rounded\",\"height\":250}]]}]}],[\"$\",\"$Lc\",null,{\"sx\":{\"display\":{\"xs\":\"none\",\"md\":\"flex\"}},\"children\":[\"$\",\"$Lf\",null,{\"children\":[\"$\",\"$Lc\",null,{\"width\":\"100%\",\"mb\":2,\"children\":[\"$\",\"$L10\",null,{\"container\":true,\"justifyContent\":\"space-around\",\"children\":[[\"$\",\"$Le\",null,{\"variant\":\"rectangular\",\"width\":380,\"height\":400}],[\"$\",\"$L10\",null,{\"item\":true,\"md\":6,\"xs\":12,\"alignItems\":\"center\",\"children\":[[\"$\",\"$Le\",null,{\"width\":400,\"height\":50}],[\"$\",\"$Lc\",null,{\"my\":4,\"children\":[\"$\",\"$Le\",null,{\"variant\":\"rounded\",\"width\":600,\"height\":200}]}]]}]]}]}]}]}]],[],[]]],\"offers\":[\"__PAGE__\",{\"children\":[\"__PAGE__\",{},[[\"$a\",\"$L11\"],null],null]},[\"$\",\"$L7\",null,{\"parallelRouterKey\":\"children\",\"segmentPath\":[\"children\",\"product\",\"children\",\"$8\",\"offers\",\"__PAGE__\",\"children\"],\"error\":\"$undefined\",\"errorStyles\":\"$undefined\",\"errorScripts\":\"$undefined\",\"template\":[\"$\",\"$L9\",null,{}],\"templateStyles\":\"$undefined\",\"templateScripts\":\"$undefined\",\"notFound\":\"$undefined\",\"notFoundStyles\":\"$undefined\",\"styles\":null}],[[[\"$\",\"$Lc\",null,{\"sx\":{\"display\":{\"xs\":\"flex\",\"md\":\"none\"}},\"children\":[\"$\",\"$Ld\",null,{\"spacing\":2,\"width\":\"100%\",\"pt\":2,\"children\":[[\"$\",\"$Le\",null,{\"variant\":\"rounded\",\"width\":\"100%\",\"height\":30}],[[\"$\",\"$Le\",\"0\",{\"width\":\"100%\",\"height\":80,\"variant\":\"rounded\"}],[\"$\",\"$Le\",\"1\",{\"width\":\"100%\",\"height\":80,\"variant\":\"rounded\"}],[\"$\",\"$Le\",\"2\",{\"width\":\"100%\",\"height\":80,\"variant\":\"rounded\"}],[\"$\",\"$Le\",\"3\",{\"width\":\"100%\",\"height\":80,\"variant\":\"rounded\"}],[\"$\",\"$Le\",\"4\",{\"width\":\"100%\",\"height\":80,\"variant\":\"rounded\"}]]]}]}],[\"$\",\"$Lc\",null,{\"sx\":{\"display\":{\"xs\":\"none\",\"md\":\"flex\"}},\"children\":[\"$\",\"$Ld\",null,{\"spacing\":2,\"my\":2,\"width\":\"100%\",\"children\":[[\"$\",\"$Le\",null,{\"variant\":\"rounded\",\"width\":280,\"height\":30}],[\"$\",\"$Ld\",null,{\"spacing\":2,\"children\":[[\"$\",\"$Le\",\"0\",{\"width\":\"100%\",\"height\":60,\"variant\":\"rounded\"}],[\"$\",\"$Le\",\"1\",{\"width\":\"100%\",\"height\":60,\"variant\":\"rounded\"}],[\"$\",\"$Le\",\"2\",{\"width\":\"100%\",\"height\":60,\"variant\":\"rounded\"}],[\"$\",\"$Le\",\"3\",{\"width\":\"100%\",\"height\":60,\"variant\":\"rounded\"}],[\"$\",\"$Le\",\"4\",{\"width\":\"100%\",\"height\":60,\"variant\":\"rounded\"}],[\"$\",\"$Le\",\"5\",{\"width\":\"100%\",\"height\":60,\"variant\":\"rounded\"}],[\"$\",\"$Le\",\"6\",{\"width\":\"100%\",\"height\":60,\"variant\":\"rounded\"}],[\"$\",\"$Le\",\"7\",{\"width\":\"100%\",\"height\":60,\"variant\":\"rounded\"}],[\"$\",\"$Le\",\"8\",{\"width\":\"100%\",\"height\":60,\"variant\":\"rounded\"}],[\"$\",\"$Le\",\"9\",{\"width\":\"100%\",\"height\":60,\"variant\":\"rounded\"}]]}]]}]}]],[],[]]],\"children\":[\"__DEFAULT__\",{},[[\"$a\",\"$L12\"],null],null]},[[\"$\",\"$Lc\",null,{\"children\":[[\"$\",\"$Lc\",null,{\"sx\":{\"bgcolor\":\"background.paper\",\"boxShadow\":\"0 2px 4px rgba(0,0,0,0.1)\"},\"pt\":2,\"children\":[\"$\",\"$Lf\",null,{\"children\":[[\"$\",\"$L7\",null,{\"parallelRouterKey\":\"category\",\"segmentPath\":[\"children\",\"product\",\"children\",\"$8\",\"category\"],\"error\":\"$undefined\",\"errorStyles\":\"$undefined\",\"errorScripts\":\"$undefined\",\"template\":[\"$\",\"$L9\",null,{}],\"templateStyles\":\"$undefined\",\"templateScripts\":\"$undefined\",\"notFound\":\"$undefined\",\"notFoundStyles\":\"$undefined\",\"styles\":null}],[\"$\",\"$L7\",null,{\"parallelRouterKey\":\"info\",\"segmentPath\":[\"children\",\"product\",\"children\",\"$8\",\"info\"],\"error\":\"$undefined\",\"errorStyles\":\"$undefined\",\"errorScripts\":\"$undefined\",\"template\":[\"$\",\"$L9\",null,{}],\"templateStyles\":\"$undefined\",\"templateScripts\":\"$undefined\",\"notFound\":\"$undefined\",\"notFoundStyles\":\"$undefined\",\"styles\":null}]]}]}],[\"$\",\"$Lf\",null,{\"children\":[\"$\",\"$L7\",null,{\"parallelRouterKey\":\"offers\",\"segmentPath\":[\"children\",\"product\",\"children\",\"$8\",\"offers\"],\"error\":\"$undefined\",\"errorStyles\":\"$undefined\",\"errorScripts\":\"$undefined\",\"template\":[\"$\",\"$L9\",null,{}],\"templateStyles\":\"$undefined\",\"templateScripts\":\"$undefined\",\"notFound\":\"$undefined\",\"notFoundStyles\":\"$undefined\",\"styles\":null}]}]]}],null],null]},[\"$\",\"$L7\",null,{\"parallelRouterKey\":\"children\",\"segmentPath\":[\"children\",\"product\",\"children\"],\"error\":\"$undefined\",\"errorStyles\":\"$undefined\",\"errorScripts\":\"$undefined\",\"template\":[\"$\",\"$L9\",null,{}],\"templateStyles\":\"$undefined\",\"templateScripts\":\"$undefined\",\"notFound\":\"$undefined\",\"notFoundStyles\":\"$undefined\",\"styles\":null}],null]},[[\"$\",\"html\",null,{\"lang\":\"en\",\"className\":\"__className_6b8127\",\"children\":[[\"$\",\"body\",null,{\"children\":[[\"$\",\"$L13\",null,{\"options\":{\"enableCssLayer\":true},\"children\":[\"$\",\"$L14\",null,{\"children\":[\"$\",\"$L15\",null,{\"children\":[\"$\",\"$L16\",null,{\"children\":[\"$\",\"$L17\",null,{\"children\":[\"$\",\"$L18\",null,{\"children\":[\"$\",\"$L19\",null,{\"children\":[\"$\",\"$Ld\",null,{\"sx\":{\"minHeight\":\"100vh\",\"display\":\"flex\",\"flexDirection\":\"column\"},\"children\":[\"$L1a\",[\"$\",\"$Lc\",null,{\"sx\":{\"mt\":8,\"flex\":1},\"children\":[\"$\",\"$L7\",null,{\"parallelRouterKey\":\"children\",\"segmentPath\":[\"children\"],\"error\":\"$undefined\",\"errorStyles\":\"$undefined\",\"errorScripts\":\"$undefined\",\"template\":[\"$\",\"$L9\",null,{}],\"templateStyles\":\"$undefined\",\"templateScripts\":\"$undefined\",\"notFound\":[\"$\",\"$L1b\",null,{}],\"notFoundStyles\":[],\"styles\":null}]}],[\"$\",\"$L1c\",null,{}]]}]}]}]}]}]}]}]}],[\"$\",\"$L1d\",null,{\"gaId\":\"G-M91Z4R0XFN\"}]]}],[\"$\",\"$L1e\",null,{\"async\":true,\"strategy\":\"lazyOnload\",\"src\":\"https://pagead2.googlesyndication.com/pagead/js/adsbygoogle.js?client=ca-pub-3043658465039401\",\"crossOrigin\":\"anonymous\"}]]}],null],null],\"couldBeIntercepted\":false,\"initialHead\":[null,\"$L1f\"],\"globalErrorComponent\":\"$20\",\"missingSlots\":\"$W21\"}]]\n"])
self.__next_f.push([1,"12:E{\"digest\":\"NEXT_NOT_FOUND\"}\n"])
self.__next_f.push([1,"22:I[5821,[\"3655\",\"static/chunks/3655-f78e4e363a5541d0.js\",\"6290\",\"static/chunks/6290-2a8ce89a0b5a3df8.js\",\"6381\",\"static/chunks/6381-2b873addadcb95f3.js\",\"6310\",\"static/chunks/6310-99207018fb617736.js\",\"5469\",\"static/chunks/5469-d5f85e2b5dbb2663.js\",\"6341\",\"static/chunks/6341-ca54939c2b36d77d.js\",\"6252\",\"static/chunks/6252-920c83842bca245b.js\",\"6574\",\"static/chunks/6574-85b13196e7d2f55e.js\",\"307\",\"static/chunks/307-cefa9bd2f7381bf5.js\",\"2665\",\"static/chunks/2665-2d172eda87a962e3.js\",\"684\",\"static/chunks/684-7de3c401504b82a2.js\",\"7269\",\"static/chunks/7269-a4bddb872ba784d5.js\",\"8327\",\"static/chunks/8327-5596df2c7a80e7eb.js\",\"5135\",\"static/chunks/5135-e150b38f04bc4ae4.js\",\"5127\",\"static/chunks/5127-7de194f1c35db063.js\",\"5805\",\"static/chunks/5805-5009d17ba83b5e07.js\",\"3185\",\"static/chunks/app/layout-0606493c769120ee.js\"],\"\"]\n23:I[6063,[\"3655\",\"static/chunks/3655-f78e4e363a5541d0.js\",\"6290\",\"static/chunks/6290-2a8ce89a0b5a3df8.js\",\"6381\",\"static/chunks/6381-2b873addadcb95f3.js\",\"6310\",\"static/chunks/6310-99207018fb617736.js\",\"5469\",\"static/chunks/5469-d5f85e2b5dbb2663.js\",\"6341\",\"static/chunks/6341-ca54939c2b36d77d.js\",\"6252\",\"static/chunks/6252-920c83842bca245b.js\",\"6574\",\"static/chunks/6574-85b13196e7d2f55e.js\",\"307\",\"static/chunks/307-cefa9bd2f7381bf5.js\",\"2665\",\"static/chunks/2665-2d172eda87a962e3.js\",\"684\",\"static/chunks/684-7de3c401504b82a2.js\",\"7269\",\"static/chunks/7269-a4bddb872ba784d5.js\",\"8327\",\"static/chunks/8327-5596df2c7a80e7eb.js\",\"5135\",\"static/chunks/5135-e150b38f04bc4ae4.js\",\"5127\",\"static/chunks/5127-7de194f1c35db063.js\",\"5805\",\"static/chunks/5805-5009d17ba83b5e07.js\",\"3185\",\"static/chunks/app/layout-0606493c769120ee.js\"],\"default\"]\n24:I[92163,[\"3655\",\"static/chunks/3655-f78e4e363a5541d0.js\",\"6290\",\"static/chunks/6290-2a8ce89a0b5a3df8.js\",\"6381\",\"static/chunks/6381-2b873addadcb95f3.js\",\"6310\",\"static/chunks/6310-99207018fb617736.js\",\"5469\",\"static/chunks/5469-d5f85e2b5dbb2663.js\",\"6341\",\"static/chunks/6341-ca54939c2b36d77d.js\",\"6252\",\"static/chunks/6252-920c83842bca245b.js\",\"6574\",\"static/chunks/657"])
self.__next_f.push([1,"4-85b13196e7d2f55e.js\",\"307\",\"static/chunks/307-cefa9bd2f7381bf5.js\",\"2665\",\"static/chunks/2665-2d172eda87a962e3.js\",\"684\",\"static/chunks/684-7de3c401504b82a2.js\",\"7269\",\"static/chunks/7269-a4bddb872ba784d5.js\",\"8327\",\"static/chunks/8327-5596df2c7a80e7eb.js\",\"5135\",\"static/chunks/5135-e150b38f04bc4ae4.js\",\"5127\",\"static/chunks/5127-7de194f1c35db063.js\",\"5805\",\"static/chunks/5805-5009d17ba83b5e07.js\",\"3185\",\"static/chunks/app/layout-0606493c769120ee.js\"],\"default\"]\n25:I[5281,[\"3655\",\"static/chunks/3655-f78e4e363a5541d0.js\",\"6290\",\"static/chunks/6290-2a8ce89a0b5a3df8.js\",\"6381\",\"static/chunks/6381-2b873addadcb95f3.js\",\"6310\",\"static/chunks/6310-99207018fb617736.js\",\"5469\",\"static/chunks/5469-d5f85e2b5dbb2663.js\",\"6341\",\"static/chunks/6341-ca54939c2b36d77d.js\",\"6252\",\"static/chunks/6252-920c83842bca245b.js\",\"6574\",\"static/chunks/6574-85b13196e7d2f55e.js\",\"307\",\"static/chunks/307-cefa9bd2f7381bf5.js\",\"2665\",\"static/chunks/2665-2d172eda87a962e3.js\",\"684\",\"static/chunks/684-7de3c401504b82a2.js\",\"7269\",\"static/chunks/7269-a4bddb872ba784d5.js\",\"8327\",\"static/chunks/8327-5596df2c7a80e7eb.js\",\"5135\",\"static/chunks/5135-e150b38f04bc4ae4.js\",\"5127\",\"static/chunks/5127-7de194f1c35db063.js\",\"5805\",\"static/chunks/5805-5009d17ba83b5e07.js\",\"3185\",\"static/chunks/app/layout-0606493c769120ee.js\"],\"default\"]\n26:I[90996,[\"3655\",\"static/chunks/3655-f78e4e363a5541d0.js\",\"6290\",\"static/chunks/6290-2a8ce89a0b5a3df8.js\",\"6381\",\"static/chunks/6381-2b873addadcb95f3.js\",\"6310\",\"static/chunks/6310-99207018fb617736.js\",\"5469\",\"static/chunks/5469-d5f85e2b5dbb2663.js\",\"6341\",\"static/chunks/6341-ca54939c2b36d77d.js\",\"6252\",\"static/chunks/6252-920c83842bca245b.js\",\"6574\",\"static/chunks/6574-85b13196e7d2f55e.js\",\"307\",\"static/chunks/307-cefa9bd2f7381bf5.js\",\"2665\",\"static/chunks/2665-2d172eda87a962e3.js\",\"684\",\"static/chunks/684-7de3c401504b82a2.js\",\"7269\",\"static/chunks/7269-a4bddb872ba784d5.js\",\"8327\",\"static/chunks/8327-5596df2c7a80e7eb.js\",\"5135\",\"static/chunks/5135-e150b38f04bc4ae4.js\",\"5127\",\"static/chunks/5127-7de194f1c35db063.js\",\"5805\",\"st"])
self.__next_f.push([1,"atic/chunks/5805-5009d17ba83b5e07.js\",\"3185\",\"static/chunks/app/layout-0606493c769120ee.js\"],\"default\"]\n"])
self.__next_f.push([1,"1a:[\"$\",\"$L22\",null,{\"sx\":{\"backdropFilter\":\"blur(6px)\",\"backgroundColor\":\"rgba(255, 255, 255, 0.8)\",\"boxShadow\":\"0 2px 4px rgba(0,0,0,0.1)\"},\"children\":[\"$\",\"$Lf\",null,{\"children\":[[\"$\",\"$Ld\",null,{\"direction\":\"row\",\"alignItems\":\"center\",\"justifyContent\":\"space-between\",\"sx\":{\"display\":{\"xs\":\"flex\",\"md\":\"none\"},\"height\":64},\"children\":[[\"$\",\"$L23\",null,{\"isMobile\":true}],[\"$\",\"$L24\",null,{}]]}],[\"$\",\"$Ld\",null,{\"direction\":\"row\",\"alignItems\":\"center\",\"justifyContent\":\"space-between\",\"sx\":{\"display\":{\"xs\":\"none\",\"md\":\"flex\"},\"height\":64},\"children\":[[\"$\",\"$L23\",null,{}],[\"$\",\"$Lc\",null,{\"sx\":{\"display\":\"flex\",\"alignItems\":\"center\",\"gap\":2},\"children\":[[\"$\",\"$L25\",null,{\"trend\":0.235162889442607,\"history\":[{\"average_price_trend\":0.235162889442607,\"cycle\":{\"id\":722,\"cycle_timestamp\":\"$D2025-09-16T23:51:09.041Z\"}},{\"average_price_trend\":-0.3933975791444141,\"cycle\":{\"id\":721,\"cycle_timestamp\":\"$D2025-09-14T08:21:18.130Z\"}},{\"average_price_trend\":0.03076422666606666,\"cycle\":{\"id\":720,\"cycle_timestamp\":\"$D2025-09-13T12:04:33.238Z\"}},{\"average_price_trend\":0.1977091683052522,\"cycle\":{\"id\":719,\"cycle_timestamp\":\"$D2025-09-10T07:47:00.349Z\"}},{\"average_price_trend\":0.04236148797531323,\"cycle\":{\"id\":718,\"cycle_timestamp\":\"$D2025-09-06T06:54:04.013Z\"}},{\"average_price_trend\":0.487140901639648,\"cycle\":{\"id\":717,\"cycle_timestamp\":\"$D2025-09-03T22:06:25.743Z\"}},{\"average_price_trend\":0.6299343931703866,\"cycle\":{\"id\":716,\"cycle_timestamp\":\"$D2025-09-02T03:43:59.557Z\"}},{\"average_price_trend\":0.113508464842328,\"cycle\":{\"id\":715,\"cycle_timestamp\":\"$D2025-08-31T05:27:25.945Z\"}},{\"average_price_trend\":-0.5754341906543936,\"cycle\":{\"id\":714,\"cycle_timestamp\":\"$D2025-08-29T23:01:56.416Z\"}},{\"average_price_trend\":-0.1559035659718694,\"cycle\":{\"id\":713,\"cycle_timestamp\":\"$D2025-08-29T02:54:11.330Z\"}},{\"average_price_trend\":0.1019465491560324,\"cycle\":{\"id\":712,\"cycle_timestamp\":\"$D2025-08-26T02:50:00.523Z\"}},{\"average_price_trend\":-0.01461561512320754,\"cycle\":{\"id\":711,\"cycle_timestamp\":\"$D2025-08-23T14:42:35.806Z\"}},{\"average_price_trend\":0.08809242857108397,\"cycle\":{\"id\":710,\"cycle_timestamp\":\"$D2025-08-22T06:13:19.862Z\"}},{\"average_price_trend\":0.923648449936234,\"cycle\":{\"id\":709,\"cycle_timestamp\":\"$D2025-08-21T09:57:08.076Z\"}},{\"average_price_trend\":1.36612974824761,\"cycle\":{\"id\":708,\"cycle_timestamp\":\"$D2025-08-19T08:46:17.702Z\"}},{\"average_price_trend\":-0.01859939297230051,\"cycle\":{\"id\":707,\"cycle_timestamp\":\"$D2025-08-16T15:23:55.519Z\"}},{\"average_price_trend\":-1.438164423979347,\"cycle\":{\"id\":706,\"cycle_timestamp\":\"$D2025-08-15T02:13:45.730Z\"}},{\"average_price_trend\":-0.1492754721908467,\"cycle\":{\"id\":705,\"cycle_timestamp\":\"$D2025-08-14T06:11:54.445Z\"}},{\"average_price_trend\":-0.0814588900931564,\"cycle\":{\"id\":704,\"cycle_timestamp\":\"$D2025-08-08T09:30:50.961Z\"}},{\"average_price_trend\":0.06597306483095598,\"cycle\":{\"id\":703,\"cycle_timestamp\":\"$D2025-08-06T09:58:55.283Z\"}}]}],[\"$\",\"$L26\",null,{}]]}]]}]]}]}]\n"])
self.__next_f.push([1,"27:\"$Sreact.fragment\"\n29:I[6632,[\"3655\",\"static/chunks/3655-f78e4e363a5541d0.js\",\"6381\",\"static/chunks/6381-2b873addadcb95f3.js\",\"635\",\"static/chunks/635-de4a99a005c429a5.js\",\"5153\",\"static/chunks/app/product/%5Bslug%5D/@category/page-e562e2b22b747881.js\"],\"\"]\n2a:I[36049,[\"3655\",\"static/chunks/3655-f78e4e363a5541d0.js\",\"6381\",\"static/chunks/6381-2b873addadcb95f3.js\",\"635\",\"static/chunks/635-de4a99a005c429a5.js\",\"5153\",\"static/chunks/app/product/%5Bslug%5D/@category/page-e562e2b22b747881.js\"],\"\"]\n"])
self.__next_f.push([1,"28:[[\"$\",\"meta\",\"0\",{\"name\":\"viewport\",\"content\":\"width=device-width, initial-scale=1, maximum-scale=1\"}],[\"$\",\"meta\",\"1\",{\"charSet\":\"utf-8\"}],[\"$\",\"title\",\"2\",{\"children\":\"Motorola Moto G75 5G 256GB Grey with Buds - Price History, Comparison \u0026 Alerts | BuyWisely\"}],[\"$\",\"meta\",\"3\",{\"name\":\"description\",\"content\":\"Crafted from premium materials and featuring military-grade¹ durability, moto g75 5G is made for everyday life. Capture sharp photos and smooth videos using the... Compare prices, track history, set alerts on BuyWisely.\"}],[\"$\",\"meta\",\"4\",{\"name\":\"keywords\",\"content\":\"Motorola Moto G75 5G 256GB Grey with Buds, price comparison, price history, price alerts, best deals, online shopping, BuyWisely\"}],[\"$\",\"meta\",\"5\",{\"name\":\"robots\",\"content\":\"index, follow\"}],[\"$\",\"meta\",\"6\",{\"name\":\"googlebot\",\"content\":\"index, follow, max-video-preview:-1, max-image-preview:large, max-snippet:-1\"}],[\"$\",\"link\",\"7\",{\"rel\":\"canonical\",\"href\":\"https://buywisely.com.au/product/motorola-moto-g75-5g-256gb-grey-with-buds\"}],[\"$\",\"meta\",\"8\",{\"property\":\"og:title\",\"content\":\"Motorola Moto G75 5G 256GB Grey with Buds - Price History, Comparison \u0026 Alerts\"}],[\"$\",\"meta\",\"9\",{\"property\":\"og:description\",\"content\":\"Crafted from premium materials and featuring military-grade¹ durability, moto g75 5G is made for everyday life. Capture sharp photos and smooth videos using the... Compare prices, track history, set alerts on BuyWisely.\"}],[\"$\",\"meta\",\"10\",{\"property\":\"og:image\",\"content\":\"https://encrypted-tbn0.gstatic.com/shopping?q=tbn:ANd9GcTN0NDdrPCDIn9NaiVIb7vTMSRVKBOQbkBMTHJyb9dzqC_WY5IGMoYuvnsDtsI8XvfpsX50GHyVY5kvPm-1nSr2bXEkwcR1sLJr1IR1dAkwVcXTXGOCB8frf7o\"}],[\"$\",\"meta\",\"11\",{\"name\":\"twitter:card\",\"content\":\"summary_large_image\"}],[\"$\",\"meta\",\"12\",{\"name\":\"twitter:title\",\"content\":\"Price History, Comparison \u0026 Tracking | Save Money on Your Purchases\"}],[\"$\",\"meta\",\"13\",{\"name\":\"twitter:description\",\"content\":\"Track price history, compare prices, and set price alerts for products across 20,000+ online shops. BuyWisely helps you find the best deals and make informed buying decisions.\"}],[\"$\",\"meta\",\"14\",{\"name\":\"twitter:image\",\"content\":\"https://buywisely.com.au/assets/images/landing/preview.png\"}],[\"$\",\"meta\",\"15\",{\"name\":\"next-size-adjust\"}]]\n"])
self.__next_f.push([1,"1f:[\"$\",\"$27\",\"k4GjLZXGGia1x7jDr8PXF\",{\"children\":\"$28\"}]\n5:null\na:null\n6:[\"$\",\"$L29\",null,{\"sx\":{\"pb\":2},\"children\":[[\"$\",\"$L2a\",null,{\"underline\":\"hover\",\"color\":\"inherit\",\"href\":\"/\",\"children\":\"Home\"}],[[\"$\",\"$L2a\",\"0\",{\"underline\":\"hover\",\"color\":\"inherit\",\"href\":\"/category/New Arrivals\",\"children\":\"New Arrivals\"}]]]}]\n"])
self.__next_f.push([1,"2b:I[70760,[\"3655\",\"static/chunks/3655-f78e4e363a5541d0.js\",\"6290\",\"static/chunks/6290-2a8ce89a0b5a3df8.js\",\"6381\",\"static/chunks/6381-2b873addadcb95f3.js\",\"6310\",\"static/chunks/6310-99207018fb617736.js\",\"5469\",\"static/chunks/5469-d5f85e2b5dbb2663.js\",\"6341\",\"static/chunks/6341-ca54939c2b36d77d.js\",\"6252\",\"static/chunks/6252-920c83842bca245b.js\",\"6574\",\"static/chunks/6574-85b13196e7d2f55e.js\",\"307\",\"static/chunks/307-cefa9bd2f7381bf5.js\",\"2665\",\"static/chunks/2665-2d172eda87a962e3.js\",\"8393\",\"static/chunks/8393-4175fa3c3129adeb.js\",\"1682\",\"static/chunks/1682-b2e703b472c280ea.js\",\"9999\",\"static/chunks/9999-f564e2e7fc5b6c44.js\",\"4824\",\"static/chunks/4824-507f78e55d96f9dc.js\",\"1203\",\"static/chunks/app/product/%5Bslug%5D/@info/page-4236f2b80fc1d44c.js\"],\"default\"]\n2c:I[61165,[\"3655\",\"static/chunks/3655-f78e4e363a5541d0.js\",\"6290\",\"static/chunks/6290-2a8ce89a0b5a3df8.js\",\"6381\",\"static/chunks/6381-2b873addadcb95f3.js\",\"6310\",\"static/chunks/6310-99207018fb617736.js\",\"5469\",\"static/chunks/5469-d5f85e2b5dbb2663.js\",\"6341\",\"static/chunks/6341-ca54939c2b36d77d.js\",\"6252\",\"static/chunks/6252-920c83842bca245b.js\",\"6574\",\"static/chunks/6574-85b13196e7d2f55e.js\",\"307\",\"static/chunks/307-cefa9bd2f7381bf5.js\",\"2665\",\"static/chunks/2665-2d172eda87a962e3.js\",\"8393\",\"static/chunks/8393-4175fa3c3129adeb.js\",\"1682\",\"static/chunks/1682-b2e703b472c280ea.js\",\"9999\",\"static/chunks/9999-f564e2e7fc5b6c44.js\",\"4824\",\"static/chunks/4824-507f78e55d96f9dc.js\",\"1203\",\"static/chunks/app/product/%5Bslug%5D/@info/page-4236f2b80fc1d44c.js\"],\"H2\"]\n2d:I[67988,[\"3655\",\"static/chunks/3655-f78e4e363a5541d0.js\",\"6290\",\"static/chunks/6290-2a8ce89a0b5a3df8.js\",\"6381\",\"static/chunks/6381-2b873addadcb95f3.js\",\"6310\",\"static/chunks/6310-99207018fb617736.js\",\"5469\",\"static/chunks/5469-d5f85e2b5dbb2663.js\",\"6341\",\"static/chunks/6341-ca54939c2b36d77d.js\",\"6252\",\"static/chunks/6252-920c83842bca245b.js\",\"6574\",\"static/chunks/6574-85b13196e7d2f55e.js\",\"307\",\"static/chunks/307-cefa9bd2f7381bf5.js\",\"2665\",\"static/chunks/2665-2d172eda87a962e3.js\",\"8393\",\"static/chunks"])
self.__next_f.push([1,"/8393-4175fa3c3129adeb.js\",\"1682\",\"static/chunks/1682-b2e703b472c280ea.js\",\"9999\",\"static/chunks/9999-f564e2e7fc5b6c44.js\",\"4824\",\"static/chunks/4824-507f78e55d96f9dc.js\",\"1203\",\"static/chunks/app/product/%5Bslug%5D/@info/page-4236f2b80fc1d44c.js\"],\"\"]\n2e:I[66079,[\"3655\",\"static/chunks/3655-f78e4e363a5541d0.js\",\"6290\",\"static/chunks/6290-2a8ce89a0b5a3df8.js\",\"6381\",\"static/chunks/6381-2b873addadcb95f3.js\",\"6310\",\"static/chunks/6310-99207018fb617736.js\",\"5469\",\"static/chunks/5469-d5f85e2b5dbb2663.js\",\"6341\",\"static/chunks/6341-ca54939c2b36d77d.js\",\"6252\",\"static/chunks/6252-920c83842bca245b.js\",\"6574\",\"static/chunks/6574-85b13196e7d2f55e.js\",\"307\",\"static/chunks/307-cefa9bd2f7381bf5.js\",\"2665\",\"static/chunks/2665-2d172eda87a962e3.js\",\"8393\",\"static/chunks/8393-4175fa3c3129adeb.js\",\"1682\",\"static/chunks/1682-b2e703b472c280ea.js\",\"9999\",\"static/chunks/9999-f564e2e7fc5b6c44.js\",\"4824\",\"static/chunks/4824-507f78e55d96f9dc.js\",\"1203\",\"static/chunks/app/product/%5Bslug%5D/@info/page-4236f2b80fc1d44c.js\"],\"\"]\n2f:I[61165,[\"3655\",\"static/chunks/3655-f78e4e363a5541d0.js\",\"6290\",\"static/chunks/6290-2a8ce89a0b5a3df8.js\",\"6381\",\"static/chunks/6381-2b873addadcb95f3.js\",\"6310\",\"static/chunks/6310-99207018fb617736.js\",\"5469\",\"static/chunks/5469-d5f85e2b5dbb2663.js\",\"6341\",\"static/chunks/6341-ca54939c2b36d77d.js\",\"6252\",\"static/chunks/6252-920c83842bca245b.js\",\"6574\",\"static/chunks/6574-85b13196e7d2f55e.js\",\"307\",\"static/chunks/307-cefa9bd2f7381bf5.js\",\"2665\",\"static/chunks/2665-2d172eda87a962e3.js\",\"8393\",\"static/chunks/8393-4175fa3c3129adeb.js\",\"1682\",\"static/chunks/1682-b2e703b472c280ea.js\",\"9999\",\"static/chunks/9999-f564e2e7fc5b6c44.js\",\"4824\",\"static/chunks/4824-507f78e55d96f9dc.js\",\"1203\",\"static/chunks/app/product/%5Bslug%5D/@info/page-4236f2b80fc1d44c.js\"],\"H6\"]\n30:I[74191,[\"3655\",\"static/chunks/3655-f78e4e363a5541d0.js\",\"6290\",\"static/chunks/6290-2a8ce89a0b5a3df8.js\",\"6381\",\"static/chunks/6381-2b873addadcb95f3.js\",\"6310\",\"static/chunks/6310-99207018fb617736.js\",\"5469\",\"static/chunks/5469-d5f85e2b5dbb2663.js\",\"6341\",\"stati"])
self.__next_f.push([1,"c/chunks/6341-ca54939c2b36d77d.js\",\"6252\",\"static/chunks/6252-920c83842bca245b.js\",\"6574\",\"static/chunks/6574-85b13196e7d2f55e.js\",\"307\",\"static/chunks/307-cefa9bd2f7381bf5.js\",\"2665\",\"static/chunks/2665-2d172eda87a962e3.js\",\"8393\",\"static/chunks/8393-4175fa3c3129adeb.js\",\"1682\",\"static/chunks/1682-b2e703b472c280ea.js\",\"9999\",\"static/chunks/9999-f564e2e7fc5b6c44.js\",\"4824\",\"static/chunks/4824-507f78e55d96f9dc.js\",\"1203\",\"static/chunks/app/product/%5Bslug%5D/@info/page-4236f2b80fc1d44c.js\"],\"default\"]\n31:I[61165,[\"3655\",\"static/chunks/3655-f78e4e363a5541d0.js\",\"6290\",\"static/chunks/6290-2a8ce89a0b5a3df8.js\",\"6381\",\"static/chunks/6381-2b873addadcb95f3.js\",\"6310\",\"static/chunks/6310-99207018fb617736.js\",\"5469\",\"static/chunks/5469-d5f85e2b5dbb2663.js\",\"6341\",\"static/chunks/6341-ca54939c2b36d77d.js\",\"6252\",\"static/chunks/6252-920c83842bca245b.js\",\"6574\",\"static/chunks/6574-85b13196e7d2f55e.js\",\"307\",\"static/chunks/307-cefa9bd2f7381bf5.js\",\"2665\",\"static/chunks/2665-2d172eda87a962e3.js\",\"8393\",\"static/chunks/8393-4175fa3c3129adeb.js\",\"1682\",\"static/chunks/1682-b2e703b472c280ea.js\",\"9999\",\"static/chunks/9999-f564e2e7fc5b6c44.js\",\"4824\",\"static/chunks/4824-507f78e55d96f9dc.js\",\"1203\",\"static/chunks/app/product/%5Bslug%5D/@info/page-4236f2b80fc1d44c.js\"],\"Paragraph\"]\n32:I[40958,[\"3655\",\"static/chunks/3655-f78e4e363a5541d0.js\",\"6290\",\"static/chunks/6290-2a8ce89a0b5a3df8.js\",\"6381\",\"static/chunks/6381-2b873addadcb95f3.js\",\"6310\",\"static/chunks/6310-99207018fb617736.js\",\"5469\",\"static/chunks/5469-d5f85e2b5dbb2663.js\",\"6341\",\"static/chunks/6341-ca54939c2b36d77d.js\",\"6252\",\"static/chunks/6252-920c83842bca245b.js\",\"6574\",\"static/chunks/6574-85b13196e7d2f55e.js\",\"307\",\"static/chunks/307-cefa9bd2f7381bf5.js\",\"2665\",\"static/chunks/2665-2d172eda87a962e3.js\",\"8393\",\"static/chunks/8393-4175fa3c3129adeb.js\",\"1682\",\"static/chunks/1682-b2e703b472c280ea.js\",\"9999\",\"static/chunks/9999-f564e2e7fc5b6c44.js\",\"4824\",\"static/chunks/4824-507f78e55d96f9dc.js\",\"1203\",\"static/chunks/app/product/%5Bslug%5D/@info/page-4236f2b80fc1d44c.js\"],\"default\""])
self.__next_f.push([1,"]\n51:I[61165,[\"3655\",\"static/chunks/3655-f78e4e363a5541d0.js\",\"6290\",\"static/chunks/6290-2a8ce89a0b5a3df8.js\",\"6381\",\"static/chunks/6381-2b873addadcb95f3.js\",\"6310\",\"static/chunks/6310-99207018fb617736.js\",\"5469\",\"static/chunks/5469-d5f85e2b5dbb2663.js\",\"6341\",\"static/chunks/6341-ca54939c2b36d77d.js\",\"6252\",\"static/chunks/6252-920c83842bca245b.js\",\"6574\",\"static/chunks/6574-85b13196e7d2f55e.js\",\"307\",\"static/chunks/307-cefa9bd2f7381bf5.js\",\"2665\",\"static/chunks/2665-2d172eda87a962e3.js\",\"8393\",\"static/chunks/8393-4175fa3c3129adeb.js\",\"1682\",\"static/chunks/1682-b2e703b472c280ea.js\",\"9999\",\"static/chunks/9999-f564e2e7fc5b6c44.js\",\"4824\",\"static/chunks/4824-507f78e55d96f9dc.js\",\"1203\",\"static/chunks/app/product/%5Bslug%5D/@info/page-4236f2b80fc1d44c.js\"],\"H4\"]\n52:I[97452,[\"3655\",\"static/chunks/3655-f78e4e363a5541d0.js\",\"6290\",\"static/chunks/6290-2a8ce89a0b5a3df8.js\",\"6381\",\"static/chunks/6381-2b873addadcb95f3.js\",\"6310\",\"static/chunks/6310-99207018fb617736.js\",\"5469\",\"static/chunks/5469-d5f85e2b5dbb2663.js\",\"6341\",\"static/chunks/6341-ca54939c2b36d77d.js\",\"6252\",\"static/chunks/6252-920c83842bca245b.js\",\"6574\",\"static/chunks/6574-85b13196e7d2f55e.js\",\"307\",\"static/chunks/307-cefa9bd2f7381bf5.js\",\"2665\",\"static/chunks/2665-2d172eda87a962e3.js\",\"8393\",\"static/chunks/8393-4175fa3c3129adeb.js\",\"1682\",\"static/chunks/1682-b2e703b472c280ea.js\",\"9999\",\"static/chunks/9999-f564e2e7fc5b6c44.js\",\"4824\",\"static/chunks/4824-507f78e55d96f9dc.js\",\"1203\",\"static/chunks/app/product/%5Bslug%5D/@info/page-4236f2b80fc1d44c.js\"],\"\"]\n53:I[65469,[\"3655\",\"static/chunks/3655-f78e4e363a5541d0.js\",\"6290\",\"static/chunks/6290-2a8ce89a0b5a3df8.js\",\"6381\",\"static/chunks/6381-2b873addadcb95f3.js\",\"6310\",\"static/chunks/6310-99207018fb617736.js\",\"5469\",\"static/chunks/5469-d5f85e2b5dbb2663.js\",\"6341\",\"static/chunks/6341-ca54939c2b36d77d.js\",\"6252\",\"static/chunks/6252-920c83842bca245b.js\",\"6574\",\"static/chunks/6574-85b13196e7d2f55e.js\",\"307\",\"static/chunks/307-cefa9bd2f7381bf5.js\",\"2665\",\"static/chunks/2665-2d172eda87a962e3.js\",\"8393\",\"static/chunks/8393"])
self.__next_f.push([1,"-4175fa3c3129adeb.js\",\"1682\",\"static/chunks/1682-b2e703b472c280ea.js\",\"9999\",\"static/chunks/9999-f564e2e7fc5b6c44.js\",\"4824\",\"static/chunks/4824-507f78e55d96f9dc.js\",\"1203\",\"static/chunks/app/product/%5Bslug%5D/@info/page-4236f2b80fc1d44c.js\"],\"\"]\n54:I[77509,[\"3655\",\"static/chunks/3655-f78e4e363a5541d0.js\",\"6290\",\"static/chunks/6290-2a8ce89a0b5a3df8.js\",\"6381\",\"static/chunks/6381-2b873addadcb95f3.js\",\"6310\",\"static/chunks/6310-99207018fb617736.js\",\"5469\",\"static/chunks/5469-d5f85e2b5dbb2663.js\",\"6341\",\"static/chunks/6341-ca54939c2b36d77d.js\",\"6252\",\"static/chunks/6252-920c83842bca245b.js\",\"6574\",\"static/chunks/6574-85b13196e7d2f55e.js\",\"307\",\"static/chunks/307-cefa9bd2f7381bf5.js\",\"2665\",\"static/chunks/2665-2d172eda87a962e3.js\",\"8393\",\"static/chunks/8393-4175fa3c3129adeb.js\",\"1682\",\"static/chunks/1682-b2e703b472c280ea.js\",\"9999\",\"static/chunks/9999-f564e2e7fc5b6c44.js\",\"4824\",\"static/chunks/4824-507f78e55d96f9dc.js\",\"1203\",\"static/chunks/app/product/%5Bslug%5D/@info/page-4236f2b80fc1d44c.js\"],\"default\"]\n55:I[61165,[\"3655\",\"static/chunks/3655-f78e4e363a5541d0.js\",\"6290\",\"static/chunks/6290-2a8ce89a0b5a3df8.js\",\"6381\",\"static/chunks/6381-2b873addadcb95f3.js\",\"6310\",\"static/chunks/6310-99207018fb617736.js\",\"5469\",\"static/chunks/5469-d5f85e2b5dbb2663.js\",\"6341\",\"static/chunks/6341-ca54939c2b36d77d.js\",\"6252\",\"static/chunks/6252-920c83842bca245b.js\",\"6574\",\"static/chunks/6574-85b13196e7d2f55e.js\",\"307\",\"static/chunks/307-cefa9bd2f7381bf5.js\",\"2665\",\"static/chunks/2665-2d172eda87a962e3.js\",\"8393\",\"static/chunks/8393-4175fa3c3129adeb.js\",\"1682\",\"static/chunks/1682-b2e703b472c280ea.js\",\"9999\",\"static/chunks/9999-f564e2e7fc5b6c44.js\",\"4824\",\"static/chunks/4824-507f78e55d96f9dc.js\",\"1203\",\"static/chunks/app/product/%5Bslug%5D/@info/page-4236f2b80fc1d44c.js\"],\"H3\"]\n56:I[61165,[\"3655\",\"static/chunks/3655-f78e4e363a5541d0.js\",\"6290\",\"static/chunks/6290-2a8ce89a0b5a3df8.js\",\"6381\",\"static/chunks/6381-2b873addadcb95f3.js\",\"6310\",\"static/chunks/6310-99207018fb617736.js\",\"5469\",\"static/chunks/5469-d5f85e2b5dbb2663.js\",\"6341\",\"sta"])
self.__next_f.push([1,"tic/chunks/6341-ca54939c2b36d77d.js\",\"6252\",\"static/chunks/6252-920c83842bca245b.js\",\"6574\",\"static/chunks/6574-85b13196e7d2f55e.js\",\"307\",\"static/chunks/307-cefa9bd2f7381bf5.js\",\"2665\",\"static/chunks/2665-2d172eda87a962e3.js\",\"8393\",\"static/chunks/8393-4175fa3c3129adeb.js\",\"1682\",\"static/chunks/1682-b2e703b472c280ea.js\",\"9999\",\"static/chunks/9999-f564e2e7fc5b6c44.js\",\"4824\",\"static/chunks/4824-507f78e55d96f9dc.js\",\"1203\",\"static/chunks/app/product/%5Bslug%5D/@info/page-4236f2b80fc1d44c.js\"],\"Small\"]\n57:I[61165,[\"3655\",\"static/chunks/3655-f78e4e363a5541d0.js\",\"6290\",\"static/chunks/6290-2a8ce89a0b5a3df8.js\",\"6381\",\"static/chunks/6381-2b873addadcb95f3.js\",\"6310\",\"static/chunks/6310-99207018fb617736.js\",\"5469\",\"static/chunks/5469-d5f85e2b5dbb2663.js\",\"6341\",\"static/chunks/6341-ca54939c2b36d77d.js\",\"6252\",\"static/chunks/6252-920c83842bca245b.js\",\"6574\",\"static/chunks/6574-85b13196e7d2f55e.js\",\"307\",\"static/chunks/307-cefa9bd2f7381bf5.js\",\"2665\",\"static/chunks/2665-2d172eda87a962e3.js\",\"8393\",\"static/chunks/8393-4175fa3c3129adeb.js\",\"1682\",\"static/chunks/1682-b2e703b472c280ea.js\",\"9999\",\"static/chunks/9999-f564e2e7fc5b6c44.js\",\"4824\",\"static/chunks/4824-507f78e55d96f9dc.js\",\"1203\",\"static/chunks/app/product/%5Bslug%5D/@info/page-4236f2b80fc1d44c.js\"],\"H5\"]\n58:I[35658,[\"3655\",\"static/chunks/3655-f78e4e363a5541d0.js\",\"6290\",\"static/chunks/6290-2a8ce89a0b5a3df8.js\",\"6381\",\"static/chunks/6381-2b873addadcb95f3.js\",\"6310\",\"static/chunks/6310-99207018fb617736.js\",\"5469\",\"static/chunks/5469-d5f85e2b5dbb2663.js\",\"6341\",\"static/chunks/6341-ca54939c2b36d77d.js\",\"6252\",\"static/chunks/6252-920c83842bca245b.js\",\"6574\",\"static/chunks/6574-85b13196e7d2f55e.js\",\"307\",\"static/chunks/307-cefa9bd2f7381bf5.js\",\"2665\",\"static/chunks/2665-2d172eda87a962e3.js\",\"8393\",\"static/chunks/8393-4175fa3c3129adeb.js\",\"1682\",\"static/chunks/1682-b2e703b472c280ea.js\",\"9999\",\"static/chunks/9999-f564e2e7fc5b6c44.js\",\"4824\",\"static/chunks/4824-507f78e55d96f9dc.js\",\"1203\",\"static/chunks/app/product/%5Bslug%5D/@info/page-4236f2b80fc1d44c.js\"],\"Image\"]\n34:[]\n3"])
self.__next_f.push([1,"6:{\"gid\":\"15797211988331096831\",\"image\":\"https://encrypted-tbn0.gstatic.com/shopping?q=tbn:ANd9GcSMKJEcJ5xuZEACgvb5b-OsiulwL1b5Ivy7wbsYiJ3A2vpwsAhIjV_QMfs2iyap5nDsHiEzTcaeGYaz_I5WBRrUjD5abtI2D4WPYd1uowVZArHKnsIo95M\u0026usqp=CAY\"}\n37:{\"gid\":\"7830005719273689496\",\"image\":\"https://encrypted-tbn2.gstatic.com/shopping?q=tbn:ANd9GcRj65GJdYa0MGuv8L9RWAAJVks98kaBva-KPH34o7Nn8_xgtjFvHpEsyG-G9u_PAZwKCzR1UnPFs6JC5duNRu9kW-AZSxHpJQaql2ly1iZ6Cl09iaqRzqc\u0026usqp=CAY\"}\n38:{\"gid\":\"10929348810251206946\",\"image\":\"https://encrypted-tbn3.gstatic.com/shopping?q=tbn:ANd9GcQktEYbdVk26_5fVXmkf85U_V4MhhlgNSCKuEGMaIHFomdm78AIUKXN6e8XyuLWwiqXOJc6OF55c3TRby_V36YYx0Twj-TArJEJ3e_Z\u0026usqp=CAY\"}\n35:[\"$36\",\"$37\",\"$38\"]\n39:[\"https://encrypted-tbn0.gstatic.com/shopping?q=tbn:ANd9GcSqDaT816y1UmPhBrzkea3Dn_Hh8yTT3fZX4XBtJEkQcCWOz-LJ1AMEbRRDBSKM-M061mIP09PmjUwBgDldhA0acuhIAop7lQ\u0026usqp=CAY\",\"https://encrypted-tbn3.gstatic.com/shopping?q=tbn:ANd9GcQfbnmIwlniWJ2_8uNp4bDf-6Ju-12jrovvM3RkZ_F8hYC0DcS85hBW3VZ9oCT7zcvdcW7cG-u8JHbZQMXKs0v2Co4aSaICOQ\u0026usqp=CAY\",\"https://encrypted-tbn0.gstatic.com/shopping?q=tbn:ANd9GcR8UqT2y3HwL6mbcrp9X3EK1qROspiqDkg2j-9eEDSoFr4zLWQaFn_YrCOAi5hlWIs3MKewSYZSOFGmiREKJJNSBeWTMR7I\u0026usqp=CAY\",\"https://encrypted-tbn3.gstatic.com/shopping?q=tbn:ANd9GcSqlFWOdYRimHwGbRJI5IbP1AoXqAoJxhYRcQyn_ApjOgs6Plh_8JB3o2ty4s-L5Cg5FksrYalJmjsHi8o23nCuDdFhKywx\u0026usqp=CAY\",\"https://encrypted-tbn3.gstatic.com/shopping?q=tbn:ANd9GcTGaMNVsjZ6wopAkoCqf1frqUqC33R2pndPv3vm8_EbCO6PYXg6BBsU3OD398cOK_BW1ThT4nJXKLSf30DZHd0mG8Zq0KPDnw\u0026usqp=CAY\",\"https://encrypted-tbn3.gstatic.com/shopping?q=tbn:ANd9GcSNnV_WMDGVD4l6oHYCubmAQT7jpJwR2zyu-MbXinPr0z2qL-TKjOS5KkDIYnN4Fn69kQ-BiBFAiYqv9rH5kvHsmNICBre4\u0026usqp=CAY\",\"https://encrypted-tbn3.gstatic.com/shopping?q=tbn:ANd9GcTT9EARYceKt_jqn9X4MH43Ey1bIDrsnZc5wPjG0wS-F-wQ9PJta1l4A-AxAAyko3Z5IvHSgO0_Gnn4enHFUQoYVIaWvMZk\u0026usqp=CAY\",\"https://encrypted-tbn0.gstatic.com/shopping?q=tbn:ANd9GcTpF9PimunMhlcnHfgzkn895rKQb35EW48PS-IM0lwnuADaF5tC3szKbe9ZkxnAHAXp6fnGEBkgzmDcz0ElPmL-WzR4HBShmg\u0026usqp=CAY\",\"https://encrypted-tbn2.gstatic.com/shopping?q=tbn:AN"])
self.__next_f.push([1,"d9GcT56PnF6Ir30ACBooV4QML9XqGxPMeS0UD-J-IOmt4RfpWkpWyt9SsenHDo-DCqfhurJ2kXsVOBsMMEV9L72XZYRPTuRv6C\u0026usqp=CAY\",\"https://encrypted-tbn2.gstatic.com/shopping?q=tbn:ANd9GcRG-GwVx5yd5FeS1o4JqlvUNwo3MPbl6Vc91YmWDI7TxsS8K17-ngY2Swkyvx_kAQg74KZJLwhOXKfvPq_3PHKWlmwNPzLPfg\u0026usqp=CAY\",\"https://encrypted-tbn0.gstatic.com/shopping?q=tbn:ANd9GcTcKKMgCXlJBxNH38rkCOoEjV0HdTnoWIilR_2EhskIJR6-4tF8CNhNhqIGSunQGyXQXvQG3Cy2lWEVq7bg-_x8LP0YeD6ZVQ\u0026usqp=CAY\",\"https://encrypted-tbn2.gstatic.com/shopping?q=tbn:ANd9GcSrenO1gNc233DGNWBIH4nRqrJPMwjW9ZIOfZ-NwBq8vYwNzpba6jAeRAkG5OVrB7tCPhPT_E-ODrd0HhJgHD33EjgK7MZTNA\u0026usqp=CAY\"]\n3b:{\"name\":\"Network\",\"value\":\"5G\"}\n3c:{\"name\":\"Sim Card Type\",\"value\":\"eSIM / Nano\"}\n3d:{\"name\":\"Operating System\",\"value\":\"Android 14\"}\n3e:{\"name\":\"Display\",\"value\":\"6.8 inches Full HD+\"}\n3f:{\"name\":\"Video Recording\",\"value\":\"4K\"}\n40:{\"name\":\"Phone Family\",\"value\":\"Moto g75\"}\n41:{\"name\":\"Expandable Storage\",\"value\":\"up to 1TB microSD card expandable\"}\n42:{\"name\":\"RAM Size\",\"value\":\"8GB\"}\n43:{\"name\":\"Bluetooth\",\"value\":\"5.4\"}\n44:{\"name\":\"GPS\",\"value\":\"GPS A-GPS LTEPP SUPL GLONASS Galileo QZSS BeiDou\"}\n45:{\"name\":\"Product Width (mm)\",\"value\":\"77.1\"}\n46:{\"name\":\"Product Height (mm)\",\"value\":\"165.95\"}\n47:{\"name\":\"Product Depth (mm)\",\"value\":\"7.99\"}\n48:{\"name\":\"Battery\",\"value\":\"5000mAh\"}\n49:{\"name\":\"Manufacturer's Warranty\",\"value\":\"2 Years\"}\n4a:{\"name\":\"Storage Size\",\"value\":\"256GB\"}\n4b:{\"name\":\"Colour\",\"value\":\"Charcoal Grey\"}\n4c:{\"name\":\"Display Resolution\",\"value\":\"2388 1080\"}\n4d:{\"name\":\"Weight (g)\",\"value\":\"180\"}\n4e:{\"name\":\"Front Camera\",\"value\":\"8MP\"}\n4f:{\"name\":\"Rear Camera\",\"value\":\"50MP\"}\n50:{\"name\":\"Release Year\",\"value\":\"2024\"}\n3a:[\"$3b\",\"$3c\",\"$3d\",\"$3e\",\"$3f\",\"$40\",\"$41\",\"$42\",\"$43\",\"$44\",\"$45\",\"$46\",\"$47\",\"$48\",\"$49\",\"$4a\",\"$4b\",\"$4c\",\"$4d\",\"$4e\",\"$4f\",\"$50\"]\n33:{\"title\":\"Motorola Moto G75 5G 256GB Grey with Buds\",\"image\":\"https://encrypted-tbn0.gstatic.com/shopping?q=tbn:ANd9GcTN0NDdrPCDIn9NaiVIb7vTMSRVKBOQbkBMTHJyb9dzqC_WY5IGMoYuvnsDtsI8XvfpsX50GHyVY5kvPm-1nSr2bXEkwcR1sLJr1IR1dAkwVcXTXGOCB8frf7o\",\"variants\":"])
self.__next_f.push([1,"\"$34\",\"colors\":\"$35\",\"thumbnails\":\"$39\",\"details\":\"Crafted from premium materials and featuring military-grade¹ durability, moto g75 5G is made for everyday life. Capture sharp photos and smooth videos using the Sony - LYTIA 600 camera with OIS. Enjoy endless entertainment on a super-bright 6.8\\\" Full HD+ display backed by Dolby Atmos sound. Plus, be the first to experience the efficiency of the latest Qualcomm Snapdragon processor, a 5000mAh battery with 30W TurboPower charging²,15W wireless charging³, and 256GB⁴ of built-in storage. And it comes bundled with moto buds earbuds, featuring a large dynamic driver, and Hi-Res Audio. Immerse yourself in music and movies, experiencing high-quality, balanced sound with enhanced bass.\",\"specs\":\"$3a\",\"id\":83429707,\"reviews_count\":976,\"reviews_rating\":\"4.5\",\"discount\":\"0\",\"offer_amount\":24,\"lowest_price\":\"391.00\",\"highest_price\":\"499.00\"}\n"])
self.__next_f.push([1,"b:[[\"$\",\"$L10\",null,{\"container\":true,\"justifyContent\":\"space-around\",\"spacing\":{\"xs\":0,\"md\":0},\"children\":[[\"$\",\"$L10\",null,{\"item\":true,\"md\":4,\"xs\":12,\"children\":[\"$\",\"$L2b\",null,{\"product\":{\"title\":\"Motorola Moto G75 5G 256GB Grey with Buds\",\"image\":\"https://encrypted-tbn0.gstatic.com/shopping?q=tbn:ANd9GcTN0NDdrPCDIn9NaiVIb7vTMSRVKBOQbkBMTHJyb9dzqC_WY5IGMoYuvnsDtsI8XvfpsX50GHyVY5kvPm-1nSr2bXEkwcR1sLJr1IR1dAkwVcXTXGOCB8frf7o\",\"variants\":[],\"colors\":[{\"gid\":\"15797211988331096831\",\"image\":\"https://encrypted-tbn0.gstatic.com/shopping?q=tbn:ANd9GcSMKJEcJ5xuZEACgvb5b-OsiulwL1b5Ivy7wbsYiJ3A2vpwsAhIjV_QMfs2iyap5nDsHiEzTcaeGYaz_I5WBRrUjD5abtI2D4WPYd1uowVZArHKnsIo95M\u0026usqp=CAY\"},{\"gid\":\"7830005719273689496\",\"image\":\"https://encrypted-tbn2.gstatic.com/shopping?q=tbn:ANd9GcRj65GJdYa0MGuv8L9RWAAJVks98kaBva-KPH34o7Nn8_xgtjFvHpEsyG-G9u_PAZwKCzR1UnPFs6JC5duNRu9kW-AZSxHpJQaql2ly1iZ6Cl09iaqRzqc\u0026usqp=CAY\"},{\"gid\":\"10929348810251206946\",\"image\":\"https://encrypted-tbn3.gstatic.com/shopping?q=tbn:ANd9GcQktEYbdVk26_5fVXmkf85U_V4MhhlgNSCKuEGMaIHFomdm78AIUKXN6e8XyuLWwiqXOJc6OF55c3TRby_V36YYx0Twj-TArJEJ3e_Z\u0026usqp=CAY\"}],\"thumbnails\":[\"https://encrypted-tbn0.gstatic.com/shopping?q=tbn:ANd9GcSqDaT816y1UmPhBrzkea3Dn_Hh8yTT3fZX4XBtJEkQcCWOz-LJ1AMEbRRDBSKM-M061mIP09PmjUwBgDldhA0acuhIAop7lQ\u0026usqp=CAY\",\"https://encrypted-tbn3.gstatic.com/shopping?q=tbn:ANd9GcQfbnmIwlniWJ2_8uNp4bDf-6Ju-12jrovvM3RkZ_F8hYC0DcS85hBW3VZ9oCT7zcvdcW7cG-u8JHbZQMXKs0v2Co4aSaICOQ\u0026usqp=CAY\",\"https://encrypted-tbn0.gstatic.com/shopping?q=tbn:ANd9GcR8UqT2y3HwL6mbcrp9X3EK1qROspiqDkg2j-9eEDSoFr4zLWQaFn_YrCOAi5hlWIs3MKewSYZSOFGmiREKJJNSBeWTMR7I\u0026usqp=CAY\",\"https://encrypted-tbn3.gstatic.com/shopping?q=tbn:ANd9GcSqlFWOdYRimHwGbRJI5IbP1AoXqAoJxhYRcQyn_ApjOgs6Plh_8JB3o2ty4s-L5Cg5FksrYalJmjsHi8o23nCuDdFhKywx\u0026usqp=CAY\",\"https://encrypted-tbn3.gstatic.com/shopping?q=tbn:ANd9GcTGaMNVsjZ6wopAkoCqf1frqUqC33R2pndPv3vm8_EbCO6PYXg6BBsU3OD398cOK_BW1ThT4nJXKLSf30DZHd0mG8Zq0KPDnw\u0026usqp=CAY\",\"https://encrypted-tbn3.gstatic.com/shopping?q=tbn:ANd9GcSNnV_WMDGVD4l6oHYCubmAQT7jpJwR2zyu-MbXinPr0z2qL-TKjOS5KkDIYnN4Fn69kQ-BiBFAiYqv9rH5kvHsmNICBre4\u0026usqp=CAY\",\"https://encrypted-tbn3.gstatic.com/shopping?q=tbn:ANd9GcTT9EARYceKt_jqn9X4MH43Ey1bIDrsnZc5wPjG0wS-F-wQ9PJta1l4A-AxAAyko3Z5IvHSgO0_Gnn4enHFUQoYVIaWvMZk\u0026usqp=CAY\",\"https://encrypted-tbn0.gstatic.com/shopping?q=tbn:ANd9GcTpF9PimunMhlcnHfgzkn895rKQb35EW48PS-IM0lwnuADaF5tC3szKbe9ZkxnAHAXp6fnGEBkgzmDcz0ElPmL-WzR4HBShmg\u0026usqp=CAY\",\"https://encrypted-tbn2.gstatic.com/shopping?q=tbn:ANd9GcT56PnF6Ir30ACBooV4QML9XqGxPMeS0UD-J-IOmt4RfpWkpWyt9SsenHDo-DCqfhurJ2kXsVOBsMMEV9L72XZYRPTuRv6C\u0026usqp=CAY\",\"https://encrypted-tbn2.gstatic.com/shopping?q=tbn:ANd9GcRG-GwVx5yd5FeS1o4JqlvUNwo3MPbl6Vc91YmWDI7TxsS8K17-ngY2Swkyvx_kAQg74KZJLwhOXKfvPq_3PHKWlmwNPzLPfg\u0026usqp=CAY\",\"https://encrypted-tbn0.gstatic.com/shopping?q=tbn:ANd9GcTcKKMgCXlJBxNH38rkCOoEjV0HdTnoWIilR_2EhskIJR6-4tF8CNhNhqIGSunQGyXQXvQG3Cy2lWEVq7bg-_x8LP0YeD6ZVQ\u0026usqp=CAY\",\"https://encrypted-tbn2.gstatic.com/shopping?q=tbn:ANd9GcSrenO1gNc233DGNWBIH4nRqrJPMwjW9ZIOfZ-NwBq8vYwNzpba6jAeRAkG5OVrB7tCPhPT_E-ODrd0HhJgHD33EjgK7MZTNA\u0026usqp=CAY\"],\"details\":\"Crafted from premium materials and featuring military-grade¹ durability, moto g75 5G is made for everyday life. Capture sharp photos and smooth videos using the Sony - LYTIA 600 camera with OIS. Enjoy endless entertainment on a super-bright 6.8\\\" Full HD+ display backed by Dolby Atmos sound. Plus, be the first to experience the efficiency of the latest Qualcomm Snapdragon processor, a 5000mAh battery with 30W TurboPower charging²,15W wireless charging³, and 256GB⁴ of built-in storage. And it comes bundled with moto buds earbuds, featuring a large dynamic driver, and Hi-Res Audio. Immerse yourself in music and movies, experiencing high-quality, balanced sound with enhanced bass.\",\"specs\":[{\"name\":\"Network\",\"value\":\"5G\"},{\"name\":\"Sim Card Type\",\"value\":\"eSIM / Nano\"},{\"name\":\"Operating System\",\"value\":\"Android 14\"},{\"name\":\"Display\",\"value\":\"6.8 inches Full HD+\"},{\"name\":\"Video Recording\",\"value\":\"4K\"},{\"name\":\"Phone Family\",\"value\":\"Moto g75\"},{\"name\":\"Expandable Storage\",\"value\":\"up to 1TB microSD card expandable\"},{\"name\":\"RAM Size\",\"value\":\"8GB\"},{\"name\":\"Bluetooth\",\"value\":\"5.4\"},{\"name\":\"GPS\",\"value\":\"GPS A-GPS LTEPP SUPL GLONASS Galileo QZSS BeiDou\"},{\"name\":\"Product Width (mm)\",\"value\":\"77.1\"},{\"name\":\"Product Height (mm)\",\"value\":\"165.95\"},{\"name\":\"Product Depth (mm)\",\"value\":\"7.99\"},{\"name\":\"Battery\",\"value\":\"5000mAh\"},{\"name\":\"Manufacturer's Warranty\",\"value\":\"2 Years\"},{\"name\":\"Storage Size\",\"value\":\"256GB\"},{\"name\":\"Colour\",\"value\":\"Charcoal Grey\"},{\"name\":\"Display Resolution\",\"value\":\"2388 1080\"},{\"name\":\"Weight (g)\",\"value\":\"180\"},{\"name\":\"Front Camera\",\"value\":\"8MP\"},{\"name\":\"Rear Camera\",\"value\":\"50MP\"},{\"name\":\"Release Year\",\"value\":\"2024\"}],\"id\":83429707,\"reviews_count\":976,\"reviews_rating\":\"4.5\",\"discount\":\"0\",\"offer_amount\":24,\"lowest_price\":\"391.00\",\"highest_price\":\"499.00\"}}]}],[\"$\",\"$L10\",null,{\"item\":true,\"md\":8,\"xs\":12,\"children\":[\"$\",\"$Ld\",null,{\"px\":4,\"sx\":{\"display\":{\"xs\":\"none\",\"md\":\"flex\"}},\"children\":[[\"$\",\"$L2c\",null,{\"mb\":1,\"children\":\"Motorola Moto G75 5G 256GB Grey with Buds\"}],[\"$\",\"$Lc\",null,{\"display\":\"flex\",\"alignItems\":\"center\",\"gap\":1,\"children\":[[\"$\",\"$Lc\",null,{\"sx\":{\"display\":\"flex\",\"color\":\"#faaf00\"},\"children\":[[\"$\",\"$L2d\",\"1\",{\"sx\":{\"fontSize\":\"1.25rem\"}}],[\"$\",\"$L2d\",\"2\",{\"sx\":{\"fontSize\":\"1.25rem\"}}],[\"$\",\"$L2d\",\"3\",{\"sx\":{\"fontSize\":\"1.25rem\"}}],[\"$\",\"$L2d\",\"4\",{\"sx\":{\"fontSize\":\"1.25rem\"}}],[\"$\",\"$L2e\",\"5\",{\"sx\":{\"fontSize\":\"1.25rem\"}}]]}],[\"$\",\"$L2f\",null,{\"lineHeight\":\"1\",\"children\":[\"(\",\"976\",\" reviews)\"]}]]}],[\"$\",\"$Lc\",null,{\"my\":2,\"children\":[\"$\",\"$L30\",null,{\"content\":\"Crafted from premium materials and featuring military-grade¹ durability, moto g75 5G is made for everyday life. Capture sharp photos and smooth videos using the Sony - LYTIA 600 camera with OIS. Enjoy endless entertainment on a super-bright 6.8\\\" Full HD+ display backed by Dolby Atmos sound. Plus, be the first to experience the efficiency of the latest Qualcomm Snapdragon processor, a 5000mAh battery with 30W TurboPower charging²,15W wireless charging³, and 256GB⁴ of built-in storage. And it comes bundled with moto buds earbuds, featuring a large dynamic driver, and Hi-Res Audio. Immerse yourself in music and movies, experiencing high-quality, balanced sound with enhanced bass.\"}]}],[\"$\",\"$Lc\",null,{\"display\":\"flex\",\"alignItems\":\"center\",\"justifyContent\":\"space-between\",\"children\":[[\"$\",\"$Lc\",null,{\"display\":\"flex\",\"alignItems\":\"center\",\"children\":[[\"$\",\"$L2c\",null,{\"color\":\"primary.main\",\"mr\":2,\"children\":\"$$391.00 - $499.00\"}],[\"$\",\"$L31\",null,{\"children\":[\"in \",24,\" offers\"]}]]}],[\"$\",\"$L32\",null,{\"product\":\"$33\"}]]}],[\"$\",\"$Lc\",null,{\"display\":\"flex\",\"alignItems\":\"center\",\"my\":1,\"flexWrap\":\"wrap\",\"rowGap\":1,\"children\":[[\"$\",\"$L51\",null,{\"mr\":1,\"children\":\"Colour:\"}],[[\"$\",\"$Lc\",\"0\",{\"display\":\"flex\",\"justifyContent\":\"center\",\"alignItems\":\"center\",\"width\":48,\"height\":48,\"minWidth\":48,\"bgcolor\":\"white\",\"border\":\"1px solid\",\"borderRadius\":\"10px\",\"style\":{\"cursor\":\"unset\"},\"borderColor\":\"primary.main\",\"mr\":\"10px\",\"children\":[\"$\",\"$L52\",null,{\"title\":false,\"children\":[\"$\",\"$L53\",null,{\"href\":\"\",\"ref\":\"$undefined\",\"prefetch\":\"$undefined\",\"target\":\"_blank\",\"children\":[\"$\",\"$L54\",null,{\"src\":\"https://encrypted-tbn0.gstatic.com/shopping?q=tbn:ANd9GcSMKJEcJ5xuZEACgvb5b-OsiulwL1b5Ivy7wbsYiJ3A2vpwsAhIjV_QMfs2iyap5nDsHiEzTcaeGYaz_I5WBRrUjD5abtI2D4WPYd1uowVZArHKnsIo95M\u0026usqp=CAY\",\"alt\":\"Motorola Moto G75 5G 256GB Grey with Buds\",\"width\":40,\"height\":40,\"style\":{\"objectFit\":\"contain\"}}]}]}]}],[\"$\",\"$Lc\",\"1\",{\"display\":\"flex\",\"justifyContent\":\"center\",\"alignItems\":\"center\",\"width\":48,\"height\":48,\"minWidth\":48,\"bgcolor\":\"white\",\"border\":\"1px solid\",\"borderRadius\":\"10px\",\"style\":{\"cursor\":\"pointer\"},\"borderColor\":\"grey.400\",\"mr\":\"10px\",\"children\":[\"$\",\"$L52\",null,{\"title\":\"Motorola Moto G75 5G 256GB Blue with Buds\",\"children\":[\"$\",\"$L53\",null,{\"href\":\"/product/motorola-moto-g75-5g-256gb-blue-with-buds\",\"ref\":\"$undefined\",\"prefetch\":false,\"target\":\"_blank\",\"children\":[\"$\",\"$L54\",null,{\"src\":\"https://encrypted-tbn2.gstatic.com/shopping?q=tbn:ANd9GcRj65GJdYa0MGuv8L9RWAAJVks98kaBva-KPH34o7Nn8_xgtjFvHpEsyG-G9u_PAZwKCzR1UnPFs6JC5duNRu9kW-AZSxHpJQaql2ly1iZ6Cl09iaqRzqc\u0026usqp=CAY\",\"alt\":\"Motorola Moto G75 5G 256GB Blue with Buds\",\"width\":40,\"height\":40,\"style\":{\"objectFit\":\"contain\"}}]}]}]}],[\"$\",\"$Lc\",\"2\",{\"display\":\"flex\",\"justifyContent\":\"center\",\"alignItems\":\"center\",\"width\":48,\"height\":48,\"minWidth\":48,\"bgcolor\":\"white\",\"border\":\"1px solid\",\"borderRadius\":\"10px\",\"style\":{\"cursor\":\"pointer\"},\"borderColor\":\"grey.400\",\"mr\":\"auto\",\"children\":[\"$\",\"$L52\",null,{\"title\":\"Motorola Moto G75 5G 256GB - Succulent Green + Moto Buds\",\"children\":[\"$\",\"$L53\",null,{\"href\":\"/product/motorola-moto-g75-5g-256gb-succulent-green-moto-buds\",\"ref\":\"$undefined\",\"prefetch\":false,\"target\":\"_blank\",\"children\":[\"$\",\"$L54\",null,{\"src\":\"https://encrypted-tbn3.gstatic.com/shopping?q=tbn:ANd9GcQktEYbdVk26_5fVXmkf85U_V4MhhlgNSCKuEGMaIHFomdm78AIUKXN6e8XyuLWwiqXOJc6OF55c3TRby_V36YYx0Twj-TArJEJ3e_Z\u0026usqp=CAY\",\"alt\":\"Motorola Moto G75 5G 256GB - Succulent Green + Moto Buds\",\"width\":40,\"height\":40,\"style\":{\"objectFit\":\"contain\"}}]}]}]}]]]}],[]]}]}]]}],[\"$\",\"$Ld\",null,{\"pb\":2,\"sx\":{\"display\":{\"xs\":\"flex\",\"md\":\"none\"}},\"children\":[[\"$\",\"$L51\",null,{\"children\":\"Motorola Moto G75 5G 256GB Grey with Buds\"}],[\"$\",\"$Ld\",null,{\"direction\":\"row\",\"justifyContent\":\"flex-start\",\"my\":1,\"children\":[[\"$\",\"$L55\",null,{\"color\":\"primary.main\",\"mr\":2,\"children\":\"$$391.00\"}],[\"$\",\"$Lc\",null,{\"display\":\"flex\",\"alignItems\":\"center\",\"gap\":1,\"children\":[[\"$\",\"$Lc\",null,{\"sx\":{\"display\":\"flex\",\"color\":\"#faaf00\"},\"children\":[[\"$\",\"$L2d\",\"1\",{\"sx\":{\"fontSize\":\"1.25rem\"}}],[\"$\",\"$L2d\",\"2\",{\"sx\":{\"fontSize\":\"1.25rem\"}}],[\"$\",\"$L2d\",\"3\",{\"sx\":{\"fontSize\":\"1.25rem\"}}],[\"$\",\"$L2d\",\"4\",{\"sx\":{\"fontSize\":\"1.25rem\"}}],[\"$\",\"$L2e\",\"5\",{\"sx\":{\"fontSize\":\"1.25rem\"}}]]}],[\"$\",\"$L56\",null,{\"children\":[\"(\",\"976\",\" reviews)\"]}]]}]]}],[\"$\",\"$L30\",null,{\"content\":\"Crafted from premium materials and featuring military-grade¹ durability, moto g75 5G is made for everyday life. Capture sharp photos and smooth videos using the Sony - LYTIA 600 camera with OIS. Enjoy endless entertainment on a super-bright 6.8\\\" Full HD+ display backed by Dolby Atmos sound. Plus, be the first to experience the efficiency of the latest Qualcomm Snapdragon processor, a 5000mAh battery with 30W TurboPower charging²,15W wireless charging³, and 256GB⁴ of built-in storage. And it comes bundled with moto buds earbuds, featuring a large dynamic driver, and Hi-Res Audio. Immerse yourself in music and movies, experiencing high-quality, balanced sound with enhanced bass.\",\"fontSize\":14,\"maxHeight\":63}],[\"$\",\"$Lc\",null,{\"display\":\"flex\",\"sx\":{\"overflowX\":\"auto\",\"whiteSpace\":\"nowrap\",\"my\":1},\"children\":[\"$\",\"$Lc\",null,{\"display\":\"flex\",\"alignItems\":\"center\",\"children\":[[\"$\",\"$L57\",null,{\"mr\":1,\"children\":\"Colour:\"}],[[\"$\",\"$Lc\",\"0\",{\"display\":\"flex\",\"justifyContent\":\"center\",\"alignItems\":\"center\",\"width\":48,\"height\":48,\"minWidth\":48,\"bgcolor\":\"white\",\"border\":\"1px solid\",\"borderRadius\":\"10px\",\"style\":{\"cursor\":\"unset\"},\"borderColor\":\"primary.main\",\"mr\":\"6px\",\"children\":[\"$\",\"$L53\",null,{\"href\":\"\",\"ref\":\"$undefined\",\"prefetch\":\"$undefined\",\"target\":\"_blank\",\"children\":[\"$\",\"$L58\",null,{\"src\":\"https://encrypted-tbn0.gstatic.com/shopping?q=tbn:ANd9GcSMKJEcJ5xuZEACgvb5b-OsiulwL1b5Ivy7wbsYiJ3A2vpwsAhIjV_QMfs2iyap5nDsHiEzTcaeGYaz_I5WBRrUjD5abtI2D4WPYd1uowVZArHKnsIo95M\u0026usqp=CAY\",\"alt\":\"Motorola Moto G75 5G 256GB Grey with Buds\",\"width\":40,\"height\":40,\"style\":{\"objectFit\":\"contain\"}}]}]}],[\"$\",\"$Lc\",\"1\",{\"display\":\"flex\",\"justifyContent\":\"center\",\"alignItems\":\"center\",\"width\":48,\"height\":48,\"minWidth\":48,\"bgcolor\":\"white\",\"border\":\"1px solid\",\"borderRadius\":\"10px\",\"style\":{\"cursor\":\"pointer\"},\"borderColor\":\"grey.400\",\"mr\":\"6px\",\"children\":[\"$\",\"$L53\",null,{\"href\":\"/product/motorola-moto-g75-5g-256gb-blue-with-buds\",\"ref\":\"$undefined\",\"prefetch\":false,\"target\":\"_blank\",\"children\":[\"$\",\"$L58\",null,{\"src\":\"https://encrypted-tbn2.gstatic.com/shopping?q=tbn:ANd9GcRj65GJdYa0MGuv8L9RWAAJVks98kaBva-KPH34o7Nn8_xgtjFvHpEsyG-G9u_PAZwKCzR1UnPFs6JC5duNRu9kW-AZSxHpJQaql2ly1iZ6Cl09iaqRzqc\u0026usqp=CAY\",\"alt\":\"Motorola Moto G75 5G 256GB Blue with Buds\",\"width\":40,\"height\":40,\"style\":{\"objectFit\":\"contain\"}}]}]}],[\"$\",\"$Lc\",\"2\",{\"display\":\"flex\",\"justifyContent\":\"center\",\"alignItems\":\"center\",\"width\":48,\"height\":48,\"minWidth\":48,\"bgcolor\":\"white\",\"border\":\"1px solid\",\"borderRadius\":\"10px\",\"style\":{\"cursor\":\"pointer\"},\"borderColor\":\"grey.400\",\"mr\":\"auto\",\"children\":[\"$\",\"$L53\",null,{\"href\":\"/product/motorola-moto-g75-5g-256gb-succulent-green-moto-buds\",\"ref\":\"$undefined\",\"prefetch\":false,\"target\":\"_blank\",\"children\":[\"$\",\"$L58\",null,{\"src\":\"https://encrypted-tbn3.gstatic.com/shopping?q=tbn:ANd9GcQktEYbdVk26_5fVXmkf85U_V4MhhlgNSCKuEGMaIHFomdm78AIUKXN6e8XyuLWwiqXOJc6OF55c3TRby_V36YYx0Twj-TArJEJ3e_Z\u0026usqp=CAY\",\"alt\":\"Motorola Moto G75 5G 256GB - Succulent Green + Moto Buds\",\"width\":40,\"height\":40,\"style\":{\"objectFit\":\"contain\"}}]}]}]]]}]}],[\"$\",\"$Lc\",null,{\"children\":false}]]}]]\n"])
self.__next_f.push([1,"59:I[65161,[\"3655\",\"static/chunks/3655-f78e4e363a5541d0.js\",\"6290\",\"static/chunks/6290-2a8ce89a0b5a3df8.js\",\"6381\",\"static/chunks/6381-2b873addadcb95f3.js\",\"6310\",\"static/chunks/6310-99207018fb617736.js\",\"5469\",\"static/chunks/5469-d5f85e2b5dbb2663.js\",\"6341\",\"static/chunks/6341-ca54939c2b36d77d.js\",\"6252\",\"static/chunks/6252-920c83842bca245b.js\",\"6574\",\"static/chunks/6574-85b13196e7d2f55e.js\",\"307\",\"static/chunks/307-cefa9bd2f7381bf5.js\",\"2665\",\"static/chunks/2665-2d172eda87a962e3.js\",\"684\",\"static/chunks/684-7de3c401504b82a2.js\",\"8393\",\"static/chunks/8393-4175fa3c3129adeb.js\",\"7269\",\"static/chunks/7269-a4bddb872ba784d5.js\",\"3691\",\"static/chunks/3691-4bb5861e2d594f2b.js\",\"8368\",\"static/chunks/8368-d0cd9f9fca0712a7.js\",\"1682\",\"static/chunks/1682-b2e703b472c280ea.js\",\"2917\",\"static/chunks/2917-184ec9877565fafd.js\",\"4824\",\"static/chunks/4824-507f78e55d96f9dc.js\",\"7614\",\"static/chunks/app/product/%5Bslug%5D/@offers/page-8d4c61690e8d9066.js\"],\"default\"]\n5a:T6c8,Bought this for my daughter and I'm very impressed. The camera is more than capable for daylight photos and selfies. The processor and RAM are fast enough. I compared APP loading and camera launching vs my Samsung Ultra and there's little difference for normal use (processing video or intense gaming you can see a difference, but in normal use, they're close).It's a little on the big side, especially for a child, but the Military toughness and optional screen repair service make up for that. The battery beats my Samsung phone in real every day use hands down.Absolute standout feature for me is Wireless Charging. This means the phone is left on our charger in the living room, and doesn't go up to bedrooms in the evening. Google Family Link works well too.Overall ... MoreBought this for my daughter and I'm very impressed. The camera is more than capable for daylight photos and selfies. The processor and RAM are fast enough. I compared APP loading and camera launching vs my Samsung Ultra and there's little difference for normal use (processing video or intense gam"])
self.__next_f.push([1,"ing you can see a difference, but in normal use, they're close).It's a little on the big side, especially for a child, but the Military toughness and optional screen repair service make up for that. The battery beats my Samsung phone in real every day use hands down.Absolute standout feature for me is Wireless Charging. This means the phone is left on our charger in the living room, and doesn't go up to bedrooms in the evening. Google Family Link works well too.Overall really impressed with the quality, features and toughness. Oh, and finally Motorola have guaranteed a few years updates, I wouldn't have bought it without the new Android Update policy."])
self.__next_f.push([1,"11:[\"$\",\"$L59\",null,{\"product\":{\"id\":83429707,\"gid\":\"15797211988331096831\",\"title\":\"Motorola Moto G75 5G 256GB Grey with Buds\",\"image\":\"https://encrypted-tbn0.gstatic.com/shopping?q=tbn:ANd9GcTN0NDdrPCDIn9NaiVIb7vTMSRVKBOQbkBMTHJyb9dzqC_WY5IGMoYuvnsDtsI8XvfpsX50GHyVY5kvPm-1nSr2bXEkwcR1sLJr1IR1dAkwVcXTXGOCB8frf7o\",\"created_at\":\"$D2024-11-30T20:11:12.579Z\",\"updated_at\":\"$D2024-12-01T03:20:16.117Z\",\"slug\":\"motorola-moto-g75-5g-256gb-grey-with-buds\",\"thumbnails\":[\"https://encrypted-tbn0.gstatic.com/shopping?q=tbn:ANd9GcSqDaT816y1UmPhBrzkea3Dn_Hh8yTT3fZX4XBtJEkQcCWOz-LJ1AMEbRRDBSKM-M061mIP09PmjUwBgDldhA0acuhIAop7lQ\u0026usqp=CAY\",\"https://encrypted-tbn3.gstatic.com/shopping?q=tbn:ANd9GcQfbnmIwlniWJ2_8uNp4bDf-6Ju-12jrovvM3RkZ_F8hYC0DcS85hBW3VZ9oCT7zcvdcW7cG-u8JHbZQMXKs0v2Co4aSaICOQ\u0026usqp=CAY\",\"https://encrypted-tbn0.gstatic.com/shopping?q=tbn:ANd9GcR8UqT2y3HwL6mbcrp9X3EK1qROspiqDkg2j-9eEDSoFr4zLWQaFn_YrCOAi5hlWIs3MKewSYZSOFGmiREKJJNSBeWTMR7I\u0026usqp=CAY\",\"https://encrypted-tbn3.gstatic.com/shopping?q=tbn:ANd9GcSqlFWOdYRimHwGbRJI5IbP1AoXqAoJxhYRcQyn_ApjOgs6Plh_8JB3o2ty4s-L5Cg5FksrYalJmjsHi8o23nCuDdFhKywx\u0026usqp=CAY\",\"https://encrypted-tbn3.gstatic.com/shopping?q=tbn:ANd9GcTGaMNVsjZ6wopAkoCqf1frqUqC33R2pndPv3vm8_EbCO6PYXg6BBsU3OD398cOK_BW1ThT4nJXKLSf30DZHd0mG8Zq0KPDnw\u0026usqp=CAY\",\"https://encrypted-tbn3.gstatic.com/shopping?q=tbn:ANd9GcSNnV_WMDGVD4l6oHYCubmAQT7jpJwR2zyu-MbXinPr0z2qL-TKjOS5KkDIYnN4Fn69kQ-BiBFAiYqv9rH5kvHsmNICBre4\u0026usqp=CAY\",\"https://encrypted-tbn3.gstatic.com/shopping?q=tbn:ANd9GcTT9EARYceKt_jqn9X4MH43Ey1bIDrsnZc5wPjG0wS-F-wQ9PJta1l4A-AxAAyko3Z5IvHSgO0_Gnn4enHFUQoYVIaWvMZk\u0026usqp=CAY\",\"https://encrypted-tbn0.gstatic.com/shopping?q=tbn:ANd9GcTpF9PimunMhlcnHfgzkn895rKQb35EW48PS-IM0lwnuADaF5tC3szKbe9ZkxnAHAXp6fnGEBkgzmDcz0ElPmL-WzR4HBShmg\u0026usqp=CAY\",\"https://encrypted-tbn2.gstatic.com/shopping?q=tbn:ANd9GcT56PnF6Ir30ACBooV4QML9XqGxPMeS0UD-J-IOmt4RfpWkpWyt9SsenHDo-DCqfhurJ2kXsVOBsMMEV9L72XZYRPTuRv6C\u0026usqp=CAY\",\"https://encrypted-tbn2.gstatic.com/shopping?q=tbn:ANd9GcRG-GwVx5yd5FeS1o4JqlvUNwo3MPbl6Vc91YmWDI7TxsS8K17-ngY2Swkyvx_kAQg74KZJLwhOXKfvPq_3PHKWlmwNPzLPfg\u0026usqp=CAY\",\"https://encrypted-tbn0.gstatic.com/shopping?q=tbn:ANd9GcTcKKMgCXlJBxNH38rkCOoEjV0HdTnoWIilR_2EhskIJR6-4tF8CNhNhqIGSunQGyXQXvQG3Cy2lWEVq7bg-_x8LP0YeD6ZVQ\u0026usqp=CAY\",\"https://encrypted-tbn2.gstatic.com/shopping?q=tbn:ANd9GcSrenO1gNc233DGNWBIH4nRqrJPMwjW9ZIOfZ-NwBq8vYwNzpba6jAeRAkG5OVrB7tCPhPT_E-ODrd0HhJgHD33EjgK7MZTNA\u0026usqp=CAY\"],\"details\":\"Crafted from premium materials and featuring military-grade¹ durability, moto g75 5G is made for everyday life. Capture sharp photos and smooth videos using the Sony - LYTIA 600 camera with OIS. Enjoy endless entertainment on a super-bright 6.8\\\" Full HD+ display backed by Dolby Atmos sound. Plus, be the first to experience the efficiency of the latest Qualcomm Snapdragon processor, a 5000mAh battery with 30W TurboPower charging²,15W wireless charging³, and 256GB⁴ of built-in storage. And it comes bundled with moto buds earbuds, featuring a large dynamic driver, and Hi-Res Audio. Immerse yourself in music and movies, experiencing high-quality, balanced sound with enhanced bass.\",\"variants\":[],\"category_id\":null,\"offline_at\":null,\"colors\":[{\"gid\":\"15797211988331096831\",\"image\":\"https://encrypted-tbn0.gstatic.com/shopping?q=tbn:ANd9GcSMKJEcJ5xuZEACgvb5b-OsiulwL1b5Ivy7wbsYiJ3A2vpwsAhIjV_QMfs2iyap5nDsHiEzTcaeGYaz_I5WBRrUjD5abtI2D4WPYd1uowVZArHKnsIo95M\u0026usqp=CAY\"},{\"gid\":\"7830005719273689496\",\"image\":\"https://encrypted-tbn2.gstatic.com/shopping?q=tbn:ANd9GcRj65GJdYa0MGuv8L9RWAAJVks98kaBva-KPH34o7Nn8_xgtjFvHpEsyG-G9u_PAZwKCzR1UnPFs6JC5duNRu9kW-AZSxHpJQaql2ly1iZ6Cl09iaqRzqc\u0026usqp=CAY\"},{\"gid\":\"10929348810251206946\",\"image\":\"https://encrypted-tbn3.gstatic.com/shopping?q=tbn:ANd9GcQktEYbdVk26_5fVXmkf85U_V4MhhlgNSCKuEGMaIHFomdm78AIUKXN6e8XyuLWwiqXOJc6OF55c3TRby_V36YYx0Twj-TArJEJ3e_Z\u0026usqp=CAY\"}],\"product_status\":{\"pid\":83429707,\"offer_amount\":24,\"lowest_price\":391,\"highest_price\":499,\"single_seller_id\":null,\"discount\":0,\"featured\":true,\"last_price_updated_at\":\"$D2025-09-14T01:53:37.581Z\",\"discount_seller_id\":1392573,\"last_lowest_price\":391,\"reviews_count\":976,\"reviews_rating\":4.5,\"country_code\":\"au\",\"language_code\":null},\"offers\":[{\"pid\":83429707,\"seller_product_url\":\"https://www.mydeal.com.au/motorola-g75-5g-256gb-with-moto-buds-charcoal-grey-au-stock-6-8-full-hd-120hz-8gb-256gb-dual-sim-50mp-16mp-water-protection-5000mah-2year-warranty-14598762\",\"created_at\":\"$D2025-09-14T01:53:37.581Z\",\"offer_id\":null,\"base_price\":471.25,\"shipping\":0,\"seller_id\":908,\"condition\":\"new\",\"country_code\":null,\"seller\":{\"seller_id\":908,\"name\":\"MyDeal\",\"url\":\"mydeal.com.au\",\"shopback\":{\"sb_id\":7696,\"sb_name\":\"MyDeal.com.au\",\"url\":\"www.shopback.com.au/mydeal\",\"commission\":\"Up to 3.6% Cashback\",\"created_at\":\"$D2023-08-01T09:56:13.775Z\",\"updated_at\":\"$D2023-11-25T10:32:54.782Z\",\"hostname\":\"mydeal.com.au\"},\"cashrewards\":{\"cr_id\":1004953,\"name\":\"MyDeal\",\"hyphenated_name\":\"mydeal\",\"logo\":\"//cdn.cashrewards.com/mydeal.png?t=637672695131179086\",\"created_at\":\"$D2023-07-30T11:50:50.100Z\",\"commission\":4.2,\"commission_string\":\"Up to 4.2% cashback\",\"online\":true,\"instore\":false,\"hostname\":\"mydeal.com.au\",\"updated_at\":\"$D2023-11-30T03:50:38.698Z\"}}},{\"pid\":83429707,\"seller_product_url\":\"https://www.lwt.com.au/Product/MOT5690517/PB3Y0024AU/Motorola-G75-5G-256GB-With-Moto-Buds-Charcoal-GreyAU-STOCK68Full-HD120Hz8GB-256GBDual-SIM50MP-16MPWater-Protection5000mAh2Year-Warranty/ws/Business\",\"created_at\":\"$D2025-09-14T01:53:37.581Z\",\"offer_id\":null,\"base_price\":400.4,\"shipping\":16.5,\"seller_id\":555296346,\"condition\":\"new\",\"country_code\":null,\"seller\":{\"seller_id\":555296346,\"name\":\"LWT\",\"url\":\"www.lwt.com.au\",\"shopback\":null,\"cashrewards\":null}},{\"pid\":83429707,\"seller_product_url\":\"https://www.flashtrend.com.au/motorola-g75-5g-256gb-with-moto-buds-charcoal-grey\",\"created_at\":\"$D2025-09-14T01:53:37.581Z\",\"offer_id\":null,\"base_price\":479.77,\"shipping\":7.95,\"seller_id\":99,\"condition\":\"new\",\"country_code\":null,\"seller\":{\"seller_id\":99,\"name\":\"Flashtrend.com.au\",\"url\":\"www.flashtrend.com.au\",\"shopback\":null,\"cashrewards\":null}},{\"pid\":83429707,\"seller_product_url\":\"https://shop.zelrose.com.au/products/motorola-g75-5g-256gb-with-moto-buds-charcoal-grey-au-stock-6-8-full-hd-120hz-8gb-256gb-dual-sim-50mp-16mp-water-protection-5000mah-2year-warranty?variant=50892878020887\",\"created_at\":\"$D2025-09-14T01:53:37.581Z\",\"offer_id\":null,\"base_price\":499,\"shipping\":12.5,\"seller_id\":51017477,\"condition\":\"new\",\"country_code\":null,\"seller\":{\"seller_id\":51017477,\"name\":\"Zelrose IT\",\"url\":null,\"shopback\":null,\"cashrewards\":null}},{\"pid\":83429707,\"seller_product_url\":\"https://www.techciti.com.au/motorola-moto-g75-5g-w-moto-buds-dual-sim-256gb-8gb-6-8-grey\",\"created_at\":\"$D2025-09-14T01:53:37.581Z\",\"offer_id\":null,\"base_price\":438,\"shipping\":0,\"seller_id\":1400,\"condition\":\"new\",\"country_code\":null,\"seller\":{\"seller_id\":1400,\"name\":\"Techciti\",\"url\":\"www.techciti.com.au\",\"shopback\":null,\"cashrewards\":null}},{\"pid\":83429707,\"seller_product_url\":\"https://betteroffice.store/products/motorola-g75-5g-256gb-with-moto-buds-charcoal-grey-au-stock-6-8full-hd-120hz8gb-256gbdual-sim50mp-16mpwater-protection5000mah2year-warranty?variant=45678834450586\",\"created_at\":\"$D2025-09-14T01:53:37.581Z\",\"offer_id\":null,\"base_price\":499,\"shipping\":12,\"seller_id\":1210947108,\"condition\":\"new\",\"country_code\":null,\"seller\":{\"seller_id\":1210947108,\"name\":\"betteroffice.store\",\"url\":\"betteroffice.store\",\"shopback\":null,\"cashrewards\":null}},{\"pid\":83429707,\"seller_product_url\":\"https://vtechindustries.com.au/products/motorola-g75-5g-256gb-with-moto-buds-charcoal-grey-au-stock-6-8-full-hd-120hz-8gb-256gb-dual-sim-50mp-16mp-water-protection-5000mah-2year-warranty-pb3y0024au?variant=50641766383904\",\"created_at\":\"$D2025-09-14T01:53:37.581Z\",\"offer_id\":null,\"base_price\":391,\"shipping\":13,\"seller_id\":1392573,\"condition\":\"new\",\"country_code\":null,\"seller\":{\"seller_id\":1392573,\"name\":\"VTech Industries\",\"url\":\"www.vtechindustries.com.au\",\"shopback\":null,\"cashrewards\":null}},{\"pid\":83429707,\"seller_product_url\":\"https://i-tech.com.au/pb3y0024au-motorola-g75-5g-256gb-with-moto-buds-charcoal-430730.html\",\"created_at\":\"$D2025-09-14T01:53:37.581Z\",\"offer_id\":null,\"base_price\":415,\"shipping\":15,\"seller_id\":175,\"condition\":\"new\",\"country_code\":null,\"seller\":{\"seller_id\":175,\"name\":\"www.i-tech.com.au\",\"url\":\"i-tech.com.au\",\"shopback\":null,\"cashrewards\":null}},{\"pid\":83429707,\"seller_product_url\":\"https://www.itnest.com.au/hardware/other/motorola-g75-5g-256gb-with-moto-buds-charcoal-grey(pb3y0024au)-pb3y0024au\",\"created_at\":\"$D2025-09-14T01:53:37.581Z\",\"offer_id\":null,\"base_price\":409,\"shipping\":16.95,\"seller_id\":283,\"condition\":\"new\",\"country_code\":null,\"seller\":{\"seller_id\":283,\"name\":\"itnest.com.au\",\"url\":\"www.itnest.com.au\",\"shopback\":null,\"cashrewards\":null}},{\"pid\":83429707,\"seller_product_url\":\"https://www.allphones.com.au/motorola-moto-g75-5g-w-moto-buds-dual-sim-256gb-8gb-6-8-grey\",\"created_at\":\"$D2025-09-14T01:53:37.581Z\",\"offer_id\":null,\"base_price\":438,\"shipping\":0,\"seller_id\":8569,\"condition\":\"new\",\"country_code\":null,\"seller\":{\"seller_id\":8569,\"name\":\"Allphones Online\",\"url\":\"www.allphones.com.au\",\"shopback\":null,\"cashrewards\":null}},{\"pid\":83429707,\"seller_product_url\":\"https://www.ozspots.com.au/product/motorola-g75-5g-256gb-with-moto-buds-charcoal-greyau-stock6-8full-hd120hz8gb-256gbdual-sim50mp-16mpwater-protection5000mah2year-warranty/\",\"created_at\":\"$D2025-09-14T01:53:37.581Z\",\"offer_id\":null,\"base_price\":400.02,\"shipping\":9.7,\"seller_id\":1525538,\"condition\":\"new\",\"country_code\":null,\"seller\":{\"seller_id\":1525538,\"name\":\"OzSpots Wireless\",\"url\":\"www.ozspots.com.au\",\"shopback\":null,\"cashrewards\":null}},{\"pid\":83429707,\"seller_product_url\":\"https://www.jw.com.au/product/motorola-moto-g75-5g-256gb-8gb-6-8-charcoal-grey\",\"created_at\":\"$D2025-09-14T01:53:37.581Z\",\"offer_id\":null,\"base_price\":459,\"shipping\":0,\"seller_id\":138,\"condition\":\"new\",\"country_code\":null,\"seller\":{\"seller_id\":138,\"name\":\"JW Computers\",\"url\":\"www.jw.com.au\",\"shopback\":null,\"cashrewards\":null}},{\"pid\":83429707,\"seller_product_url\":\"https://www.woolworths.com.au/shop/productdetails/1123910867\",\"created_at\":\"$D2025-09-14T01:53:37.581Z\",\"offer_id\":null,\"base_price\":471.25,\"shipping\":10,\"seller_id\":97,\"condition\":\"new\",\"country_code\":null,\"seller\":{\"seller_id\":97,\"name\":\"Woolworths\",\"url\":\"www.woolworths.com.au\",\"shopback\":null,\"cashrewards\":null}},{\"pid\":83429707,\"seller_product_url\":\"https://www.ebay.com.au/itm/167115114606\",\"created_at\":\"$D2025-09-14T01:53:37.581Z\",\"offer_id\":null,\"base_price\":467.7,\"shipping\":0,\"seller_id\":1042295139,\"condition\":\"new\",\"country_code\":null,\"seller\":{\"seller_id\":1042295139,\"name\":\"eBay\",\"url\":\"www.ebay.com.au\",\"shopback\":null,\"cashrewards\":null}},{\"pid\":83429707,\"seller_product_url\":\"https://ezypcsales.com.au/product/motorola-g75-5g-256gb-with-moto-buds-charcoal-greyau-stock6-8full-hd120hz8gb-256gbdual-sim50mp-16mpwater-protection5000mah2year-warranty/\",\"created_at\":\"$D2025-09-14T01:53:37.581Z\",\"offer_id\":null,\"base_price\":391.56,\"shipping\":12.95,\"seller_id\":2808065,\"condition\":\"new\",\"country_code\":null,\"seller\":{\"seller_id\":2808065,\"name\":\"Ezy P.C. Sales\",\"url\":\"ezypcsales.com.au\",\"shopback\":null,\"cashrewards\":null}},{\"pid\":83429707,\"seller_product_url\":\"https://www.dicksmith.com.au/da/buy/motorola-moto-g75-5g-bonus-moto-buds-dual-sim-256gb8gb-68-00840023276545/\",\"created_at\":\"$D2025-09-14T01:53:37.581Z\",\"offer_id\":null,\"base_price\":438.99,\"shipping\":0,\"seller_id\":156,\"condition\":\"new\",\"country_code\":null,\"seller\":{\"seller_id\":156,\"name\":\"Dick Smith AU\",\"url\":\"www.dicksmith.com.au\",\"shopback\":null,\"cashrewards\":null}},{\"pid\":83429707,\"seller_product_url\":\"https://www.bigw.com.au/product/motorola-g75-5g-256gb-with-moto-buds-charcoal-grey-au-stock-6-8-full-hd-120hz-8gb-256gb-dual-sim-50mp-16mp-water-protection-5000mah-2year-warranty/p/9901208423\",\"created_at\":\"$D2025-09-14T01:53:37.581Z\",\"offer_id\":null,\"base_price\":471.25,\"shipping\":0,\"seller_id\":769007327,\"condition\":\"new\",\"country_code\":null,\"seller\":{\"seller_id\":769007327,\"name\":\"BIG W - BIG W MARKET\",\"url\":\"www.bigw.com.au\",\"shopback\":null,\"cashrewards\":null}},{\"pid\":83429707,\"seller_product_url\":\"https://campcomprep.com.au/product/motorola-g75-5g-256gb-with-moto-buds-charcoal-greyau-stock6-8full-hd120hz8gb-256gbdual-sim50mp-16mpwater-protection5000mah2year-warranty/\",\"created_at\":\"$D2025-09-14T01:53:37.581Z\",\"offer_id\":null,\"base_price\":499,\"shipping\":15,\"seller_id\":1374,\"condition\":\"new\",\"country_code\":null,\"seller\":{\"seller_id\":1374,\"name\":\"Campbelltown Computer Repairs\",\"url\":\"campcomprep.com.au\",\"shopback\":null,\"cashrewards\":null}},{\"pid\":83429707,\"seller_product_url\":\"https://www.kogan.com/au/buy/motorola-moto-g75-5g-bonus-moto-buds-dual-sim-256gb8gb-68-00840023276545/\",\"created_at\":\"$D2025-09-14T01:53:37.581Z\",\"offer_id\":null,\"base_price\":438.99,\"shipping\":0,\"seller_id\":103,\"condition\":\"new\",\"country_code\":null,\"seller\":{\"seller_id\":103,\"name\":\"Kogan.com\",\"url\":\"www.kogan.com\",\"shopback\":null,\"cashrewards\":null}},{\"pid\":83429707,\"seller_product_url\":\"https://www.bunnings.com.au/motorola-moto-g75-5g-8gb-256gb-6-8-w-moto-buds-charcoal-grey_p0826330\",\"created_at\":\"$D2025-09-14T01:53:37.581Z\",\"offer_id\":null,\"base_price\":495.72,\"shipping\":15,\"seller_id\":47,\"condition\":\"new\",\"country_code\":null,\"seller\":{\"seller_id\":47,\"name\":\"Bunnings Warehouse\",\"url\":\"www.bunnings.com.au\",\"shopback\":null,\"cashrewards\":null}},{\"pid\":83429707,\"seller_product_url\":\"https://www.mobileciti.com.au/motorola-moto-g75-5g-w-moto-buds-dual-sim-256gb-8gb-6-8-grey\",\"created_at\":\"$D2025-09-14T01:53:37.581Z\",\"offer_id\":null,\"base_price\":438,\"shipping\":0,\"seller_id\":202,\"condition\":\"new\",\"country_code\":null,\"seller\":{\"seller_id\":202,\"name\":\"Mobileciti\",\"url\":\"www.mobileciti.com.au\",\"shopback\":{\"sb_id\":8410,\"sb_name\":\"Mobileciti\",\"url\":\"www.shopback.com.au/mobileciti\",\"commission\":\"Up to 2.10% Cashback\",\"created_at\":\"$D2023-08-01T09:56:13.775Z\",\"updated_at\":null,\"hostname\":\"mobileciti.com.au\"},\"cashrewards\":{\"cr_id\":1005098,\"name\":\"Mobileciti\",\"hyphenated_name\":\"mobileciti\",\"logo\":\"//cdn.cashrewards.com/mobileciti.jpg?t=637765071372444088\",\"created_at\":\"$D2023-07-30T11:50:50.100Z\",\"commission\":2.2,\"commission_string\":\"Up to 2.2% cashback\",\"online\":true,\"instore\":false,\"hostname\":\"mobileciti.com.au\",\"updated_at\":null}}},{\"pid\":83429707,\"seller_product_url\":\"https://www.thegoodguys.com.au/motorola-g75-5g-256gb-charcoal-grey-11901327984\",\"created_at\":\"$D2025-09-14T01:53:37.581Z\",\"offer_id\":null,\"base_price\":497,\"shipping\":3,\"seller_id\":10,\"condition\":\"new\",\"country_code\":null,\"seller\":{\"seller_id\":10,\"name\":\"The Good Guys\",\"url\":\"www.thegoodguys.com.au\",\"shopback\":{\"sb_id\":8367,\"sb_name\":\"The Good Guys\",\"url\":\"www.shopback.com.au/the-good-guys\",\"commission\":\"Up to 3% Cashback\",\"created_at\":\"$D2023-08-01T09:56:13.775Z\",\"updated_at\":\"$D2023-11-25T10:32:54.782Z\",\"hostname\":\"thegoodguys.com.au\"},\"cashrewards\":{\"cr_id\":1004849,\"name\":\"The Good Guys\",\"hyphenated_name\":\"the-good-guys\",\"logo\":\"//cdn.cashrewards.com/the-good-guys.jpg?t=637599296823973829\",\"created_at\":\"$D2023-07-30T11:50:50.100Z\",\"commission\":2.3,\"commission_string\":\"Up to 2.3% cashback\",\"online\":true,\"instore\":false,\"hostname\":\"thegoodguys.com.au\",\"updated_at\":\"$D2023-11-25T10:32:11.855Z\"}}},{\"pid\":83429707,\"seller_product_url\":\"https://www.amazon.com.au/dp/B0DKXB12CP\",\"created_at\":\"$D2025-09-14T01:53:37.581Z\",\"offer_id\":null,\"base_price\":438,\"shipping\":0,\"seller_id\":60,\"condition\":\"new\",\"country_code\":null,\"seller\":{\"seller_id\":60,\"name\":\"Amazon.com.au\",\"url\":\"www.amazon.com.au\",\"shopback\":{\"sb_id\":8448,\"sb_name\":\"Amazon Australia\",\"url\":\"www.shopback.com.au/amazon-australia\",\"commission\":\"Up to 7% Cashback\",\"created_at\":\"$D2023-08-01T09:56:13.775Z\",\"updated_at\":\"$D2023-11-25T10:32:54.782Z\",\"hostname\":\"amazon.com.au\"},\"cashrewards\":{\"cr_id\":1003434,\"name\":\"Amazon Australia\",\"hyphenated_name\":\"amazon-australia\",\"logo\":\"//cdn.cashrewards.com/amazon-australia.jpg\",\"created_at\":\"$D2023-07-30T11:50:50.100Z\",\"commission\":7,\"commission_string\":\"Up to 7% cashback\",\"online\":true,\"instore\":false,\"hostname\":\"amazon.com.au\",\"updated_at\":\"$D2023-11-30T03:50:38.698Z\"}}},{\"pid\":83429707,\"seller_product_url\":\"https://www.harveynorman.com.au/motorola-moto-g75-5g-256gb-charcoal-grey.html\",\"created_at\":\"$D2025-09-14T01:53:37.581Z\",\"offer_id\":null,\"base_price\":499,\"shipping\":7.95,\"seller_id\":11,\"condition\":\"new\",\"country_code\":null,\"seller\":{\"seller_id\":11,\"name\":\"Harvey Norman Australia\",\"url\":\"www.harveynorman.com.au\",\"shopback\":null,\"cashrewards\":null}},{\"pid\":83429707,\"seller_product_url\":\"https://www.lasoo.com.au/products/personal-digital/1716909/motorola-moto-g75-5g-dual-sim-256gb8gb-68-charcoal-grey\",\"created_at\":\"$D2025-08-29T20:03:27.652Z\",\"offer_id\":null,\"base_price\":529,\"shipping\":0,\"seller_id\":6823,\"condition\":\"new\",\"country_code\":null,\"seller\":{\"seller_id\":6823,\"name\":\"Lasoo\",\"url\":\"www.lasoo.com.au\",\"shopback\":null,\"cashrewards\":null}},{\"pid\":83429707,\"seller_product_url\":\"https://www.personaldigital.com.au/products/motorola-moto-g75-5g-dual-sim-256gb-8gb-6-8-bonus-moto-buds-charcoal-grey?variant=43108785651811\",\"created_at\":\"$D2025-08-28T23:53:56.005Z\",\"offer_id\":null,\"base_price\":529,\"shipping\":0,\"seller_id\":14764,\"condition\":\"new\",\"country_code\":null,\"seller\":{\"seller_id\":14764,\"name\":\"Personal Digital\",\"url\":\"www.personaldigital.com.au\",\"shopback\":null,\"cashrewards\":null}},{\"pid\":83429707,\"seller_product_url\":\"https://www.mobilewizardstore.com.au/product-page/motorola-g75-5g-256gb-with-moto-buds-charcoal-grey-au-stock-6-8-full\",\"created_at\":\"$D2025-08-23T11:01:27.827Z\",\"offer_id\":null,\"base_price\":499,\"shipping\":15,\"seller_id\":1212885227,\"condition\":\"new\",\"country_code\":null,\"seller\":{\"seller_id\":1212885227,\"name\":\"Mobile Wizard Store\",\"url\":\"www.mobilewizardstore.com.au\",\"shopback\":null,\"cashrewards\":null}},{\"pid\":83429707,\"seller_product_url\":\"https://www.bigw.com.au/product/moto-g75-5g-256gb-grey-with-moto-buds/p/6001651\",\"created_at\":\"$D2025-08-23T11:01:27.827Z\",\"offer_id\":null,\"base_price\":399,\"shipping\":0,\"seller_id\":52,\"condition\":\"new\",\"country_code\":null,\"seller\":{\"seller_id\":52,\"name\":\"BIG W\",\"url\":\"www.bigw.com.au\",\"shopback\":{\"sb_id\":17706,\"sb_name\":\"Big W\",\"url\":\"www.shopback.com.au/bigw\",\"commission\":\"Up to 4% Cashback\",\"created_at\":\"$D2023-08-01T09:56:13.775Z\",\"updated_at\":\"$D2023-11-25T10:32:54.782Z\",\"hostname\":\"bigw.com.au\"},\"cashrewards\":{\"cr_id\":1004971,\"name\":\"BIG W\",\"hyphenated_name\":\"big-w\",\"logo\":\"//cdn.cashrewards.com/big-w.png?t=637690919703543365\",\"created_at\":\"$D2023-07-30T11:50:50.100Z\",\"commission\":2.4,\"commission_string\":\"Up to 2.4% cashback\",\"online\":true,\"instore\":false,\"hostname\":\"bigw.com.au\",\"updated_at\":\"$D2023-11-30T03:50:38.698Z\"}}},{\"pid\":83429707,\"seller_product_url\":\"https://cybertechlab.com.au/products/motorola-g75-5g-256gb-with-moto-buds-charcoal-grey-au-stock-6-8-full-hd-120hz-8gb-256gb-dual-sim-50mp-16mp-water-protection-5000mah-2year-warranty\",\"created_at\":\"$D2025-07-28T22:35:09.370Z\",\"offer_id\":null,\"base_price\":424.15,\"shipping\":20,\"seller_id\":1464195854,\"condition\":\"new\",\"country_code\":null,\"seller\":{\"seller_id\":1464195854,\"name\":\"cybertechlab.com.au\",\"url\":null,\"shopback\":null,\"cashrewards\":null}},{\"pid\":83429707,\"seller_product_url\":\"https://horizonstore.com.au/products/motorola-moto-g75-5g-8gb-256gb-6-8-w-moto-buds-charcoal-grey?variant=44615659061436\",\"created_at\":\"$D2025-07-10T08:25:35.929Z\",\"offer_id\":null,\"base_price\":399.99,\"shipping\":0,\"seller_id\":395586347,\"condition\":\"new\",\"country_code\":null,\"seller\":{\"seller_id\":395586347,\"name\":\"Horizon Store\",\"url\":\"www.horizonstore.com.au\",\"shopback\":null,\"cashrewards\":null}},{\"pid\":83429707,\"seller_product_url\":\"https://www.officeworks.com.au/shop/officeworks/p/moto-g75-5g-256gb-grey-with-buds-motog75gry\",\"created_at\":\"$D2025-06-20T16:42:06.111Z\",\"offer_id\":null,\"base_price\":277,\"shipping\":0,\"seller_id\":57,\"condition\":\"new\",\"country_code\":null,\"seller\":{\"seller_id\":57,\"name\":\"Officeworks\",\"url\":\"www.officeworks.com.au\",\"shopback\":null,\"cashrewards\":null}},{\"pid\":83429707,\"seller_product_url\":\"https://www.domayne.com.au/motorola-moto-g75-5g-256gb-charcoal-grey.html\",\"created_at\":\"$D2025-06-20T16:42:06.111Z\",\"offer_id\":null,\"base_price\":277,\"shipping\":7.95,\"seller_id\":1364130860,\"condition\":\"new\",\"country_code\":null,\"seller\":{\"seller_id\":1364130860,\"name\":\"Domayne\",\"url\":\"www.domayne.com.au\",\"shopback\":null,\"cashrewards\":null}},{\"pid\":83429707,\"seller_product_url\":\"https://www.joycemayne.com.au/motorola-moto-g75-5g-256gb-charcoal-grey.html\",\"created_at\":\"$D2025-06-20T16:42:06.111Z\",\"offer_id\":null,\"base_price\":277,\"shipping\":7.95,\"seller_id\":711746650,\"condition\":\"new\",\"country_code\":null,\"seller\":{\"seller_id\":711746650,\"name\":\"Joyce Mayne\",\"url\":\"www.joycemayne.com.au\",\"shopback\":null,\"cashrewards\":null}},{\"pid\":83429707,\"seller_product_url\":\"https://www.ebay.com.au/itm/335991073910\",\"created_at\":\"$D2025-06-16T07:03:09.539Z\",\"offer_id\":null,\"base_price\":395,\"shipping\":5,\"seller_id\":467756700,\"condition\":\"new\",\"country_code\":null,\"seller\":{\"seller_id\":467756700,\"name\":\"eBay - ozzie_collecta\",\"url\":null,\"shopback\":null,\"cashrewards\":null}},{\"pid\":83429707,\"seller_product_url\":\"https://www.jbhifi.com.au/products/moto-g75-5g-256gb-with-moto-buds-charcoal-grey\",\"created_at\":\"$D2025-06-05T03:15:37.431Z\",\"offer_id\":null,\"base_price\":499,\"shipping\":6.99,\"seller_id\":9,\"condition\":\"new\",\"country_code\":null,\"seller\":{\"seller_id\":9,\"name\":\"JB Hi-Fi\",\"url\":\"www.jbhifi.com.au\",\"shopback\":null,\"cashrewards\":null}},{\"pid\":83429707,\"seller_product_url\":\"https://auzzistore.com.au/products/motorola-moto-g75-5g-with-moto-buds-256gb-charcoal-grey?variant=46348469862617\",\"created_at\":\"$D2025-06-01T17:31:11.420Z\",\"offer_id\":null,\"base_price\":718.96,\"shipping\":0,\"seller_id\":6332,\"condition\":\"new\",\"country_code\":null,\"seller\":{\"seller_id\":6332,\"name\":\"Auzzi Store\",\"url\":\"www.auzzistore.com.au\",\"shopback\":null,\"cashrewards\":null}},{\"pid\":83429707,\"seller_product_url\":\"https://www.lenovo.com/au/en/p/accessories-and-software/moto-phones/moto-g-series/78808445\",\"created_at\":\"$D2025-05-22T09:46:29.425Z\",\"offer_id\":null,\"base_price\":499,\"shipping\":0,\"seller_id\":1580,\"condition\":\"new\",\"country_code\":null,\"seller\":{\"seller_id\":1580,\"name\":\"Lenovo\",\"url\":\"www.lenovo.com\",\"shopback\":{\"sb_id\":8373,\"sb_name\":\"Lenovo\",\"url\":\"www.shopback.com.au/lenovo\",\"commission\":\"10% Cashback\",\"created_at\":\"$D2023-08-01T09:56:13.775Z\",\"updated_at\":\"$D2023-11-25T10:32:54.782Z\",\"hostname\":\"lenovo.com\"},\"cashrewards\":{\"cr_id\":1005943,\"name\":\"Lenovo\",\"hyphenated_name\":\"lenovo\",\"logo\":\"//cdn.cashrewards.com/lenovo.png?t=638261059478146003\",\"created_at\":\"$D2023-07-30T11:50:50.100Z\",\"commission\":3.3,\"commission_string\":\"3.3% cashback\",\"online\":true,\"instore\":false,\"hostname\":\"lenovo.com\",\"updated_at\":\"$D2023-11-30T03:50:38.698Z\"}}},{\"pid\":83429707,\"seller_product_url\":\"https://www.retravision.com.au/motorola-moto-g75-5g-256gb-charcoal-grey-moto-buds-11901327984-pb3y0024au\",\"created_at\":\"$D2025-05-20T07:46:42.621Z\",\"offer_id\":null,\"base_price\":328,\"shipping\":7.76,\"seller_id\":80,\"condition\":\"new\",\"country_code\":null,\"seller\":{\"seller_id\":80,\"name\":\"Retravision\",\"url\":\"www.retravision.com.au\",\"shopback\":null,\"cashrewards\":null}},{\"pid\":83429707,\"seller_product_url\":\"https://www.catch.com.au/product/motorola-moto-g75-5g-bonus-moto-buds-dual-sim-256gb-8gb-6-8-grey-33244983/\",\"created_at\":\"$D2025-05-01T20:06:57.701Z\",\"offer_id\":null,\"base_price\":506.8,\"shipping\":0,\"seller_id\":115,\"condition\":\"new\",\"country_code\":null,\"seller\":{\"seller_id\":115,\"name\":\"Catch.com.au\",\"url\":\"www.catch.com.au\",\"shopback\":null,\"cashrewards\":null}},{\"pid\":83429707,\"seller_product_url\":\"https://www.mwave.com.au/product/motorola-g75-5g-256gb-smartphone-with-buds-grey-ac82193\",\"created_at\":\"$D2025-03-30T19:36:19.814Z\",\"offer_id\":null,\"base_price\":481.95,\"shipping\":9.95,\"seller_id\":278,\"condition\":\"new\",\"country_code\":null,\"seller\":{\"seller_id\":278,\"name\":\"Mwave Australia\",\"url\":\"mwave.com.au\",\"shopback\":{\"sb_id\":63702,\"sb_name\":\"Mwave\",\"url\":\"www.shopback.com.au/mwave\",\"commission\":\"0.5% Cashback\",\"created_at\":\"$D2023-08-01T09:56:13.775Z\",\"updated_at\":\"$D2023-11-25T10:32:54.782Z\",\"hostname\":\"mwave.com.au\"},\"cashrewards\":{\"cr_id\":1004885,\"name\":\"Mwave\",\"hyphenated_name\":\"mwave\",\"logo\":\"//cdn.cashrewards.com/mwave.png?t=637622737569102693\",\"created_at\":\"$D2023-07-30T11:50:50.100Z\",\"commission\":0.6,\"commission_string\":\"0.6% cashback\",\"online\":true,\"instore\":false,\"hostname\":\"mwave.com.au\",\"updated_at\":\"$D2024-09-18T10:29:30.752Z\"}}},{\"pid\":83429707,\"seller_product_url\":\"https://www.ebay.com.au/itm/395926055872\",\"created_at\":\"$D2025-03-25T23:36:19.529Z\",\"offer_id\":null,\"base_price\":388.64,\"shipping\":0,\"seller_id\":157,\"condition\":\"new\",\"country_code\":null,\"seller\":{\"seller_id\":157,\"name\":\"eBay.com.au\",\"url\":\"www.ebay.com.au\",\"shopback\":{\"sb_id\":25493,\"sb_name\":\"eBay\",\"url\":\"www.shopback.com.au/ebay\",\"commission\":\"Up to 4% Cashback\",\"created_at\":\"$D2023-08-01T09:56:13.775Z\",\"updated_at\":\"$D2023-11-25T10:32:54.782Z\",\"hostname\":\"ebay.com.au\"},\"cashrewards\":{\"cr_id\":1001163,\"name\":\"eBay Australia\",\"hyphenated_name\":\"ebay-australia\",\"logo\":\"//cdn.cashrewards.com/ebay-australia.jpg\",\"created_at\":\"$D2023-07-30T11:50:50.100Z\",\"commission\":5,\"commission_string\":\"Up to 5% cashback\",\"online\":true,\"instore\":false,\"hostname\":\"stores.ebay.com.au\",\"updated_at\":\"$D2024-09-18T10:29:30.752Z\"}}},{\"pid\":83429707,\"seller_product_url\":\"https://www.snaffle.com.au/p/%7B%7Bprocess.slugify(decodeURIComponent(Variant.Slug))%7D%7D/\",\"created_at\":\"$D2025-03-18T23:28:30.123Z\",\"offer_id\":null,\"base_price\":795.08,\"shipping\":0,\"seller_id\":78499855,\"condition\":\"new\",\"country_code\":null,\"seller\":{\"seller_id\":78499855,\"name\":\"Snaffle\",\"url\":\"www.snaffle.com.au\",\"shopback\":null,\"cashrewards\":null}},{\"pid\":83429707,\"seller_product_url\":\"https://mylayby.com/product_via_sku/1442822\",\"created_at\":\"$D2024-12-26T09:11:29.984Z\",\"offer_id\":null,\"base_price\":534,\"shipping\":0,\"seller_id\":215,\"condition\":\"new\",\"country_code\":null,\"seller\":{\"seller_id\":215,\"name\":\"MyLayby\",\"url\":\"mylayby.com\",\"shopback\":null,\"cashrewards\":null}}],\"reviews\":[{\"review_id\":12146952,\"pid\":83429707,\"gid\":\"15797211988331096831\",\"title\":\"Excellent value for money\",\"details\":\"$5a\",\"rating\":5,\"review_date\":\"3 November 2024\",\"reviewer\":\"KentishLad\",\"store\":\"motorola.co.uk\",\"created_at\":\"$D2024-12-01T14:01:57.793Z\",\"thumbnails\":null},{\"review_id\":12146960,\"pid\":83429707,\"gid\":\"15797211988331096831\",\"title\":\"great bargain\",\"details\":\"great price ... great specs... great phone... i am satisfied\",\"rating\":5,\"review_date\":\"28 October 2024\",\"reviewer\":\"trindik\",\"store\":\"motorola.co.uk\",\"created_at\":\"$D2024-12-01T14:01:57.793Z\",\"thumbnails\":null},{\"review_id\":12146959,\"pid\":83429707,\"gid\":\"15797211988331096831\",\"title\":\"Great features.\",\"details\":\"I'm so happy with it.Nice phone and features compared with other phones and its price too.\",\"rating\":5,\"review_date\":\"20 November 2024\",\"reviewer\":\"Nusrat\",\"store\":\"motorola.co.uk\",\"created_at\":\"$D2024-12-01T14:01:57.793Z\",\"thumbnails\":null},{\"review_id\":12146961,\"pid\":83429707,\"gid\":\"15797211988331096831\",\"title\":\"Must buy\",\"details\":\"Best budget mobile with all the best features.\",\"rating\":4,\"review_date\":\"16 November 2024\",\"reviewer\":\"\",\"store\":\"noon.com/uae-en/\",\"created_at\":\"$D2024-12-01T14:01:57.793Z\",\"thumbnails\":null},{\"review_id\":12146958,\"pid\":83429707,\"gid\":\"15797211988331096831\",\"title\":\"On internet everywhere they said this is a snapdragon 6gen3\",\"details\":\"On internet everywhere they said this is a snapdragon 6gen3, but when I received this phone and I checked microprocessor it was not the same, microprocessor is something else not the snapdragon\",\"rating\":4,\"review_date\":\"9 November 2024\",\"reviewer\":\"Farhan P.\",\"store\":\"noon.com/uae-en/\",\"created_at\":\"$D2024-12-01T14:01:57.793Z\",\"thumbnails\":null},{\"review_id\":12146957,\"pid\":83429707,\"gid\":\"15797211988331096831\",\"title\":\"people purchased thinking it was nano + nano sim\",\"details\":\"People purchased this phone thinking it was nano + nano configuration and then got sent esim + nano instead. motorola uk website showed that the mot g75 had nano sim + nano sim. but later changed it to esim + nano sim. so either motorola initially put the wrong details on the website , or it was a mess up at the factory , ie did motorola order nano + nano configuration from factory in china and they messed up ? and then when they shipped the phone with wrong configuration they just changed spec on their website ? because all the reviews that came out first stated it had nano + nano facility.\",\"rating\":1,\"review_date\":\"14 November 2024\",\"reviewer\":\"wizdumb\",\"store\":\"motorola.co.uk\",\"created_at\":\"$D2024-12-01T14:01:57.793Z\",\"thumbnails\":[\"https://encrypted-tbn2.gstatic.com/shopping?q=tbn:ANd9GcRIt9VoCvfxQOjQnzzO4k1rizOQl9Y5tUeODDYJu-SNtZDuqyNgnqGj38gD1_mK5EIBUxuusMz4RWvxA6-dnUELNzuNJtqQ9woySfRgPRNiej5W5URwvdQdGQ\",\"https://encrypted-tbn1.gstatic.com/shopping?q=tbn:ANd9GcR2HqJ4hYu9-qIowJ4Dl-TvENKO-d_dXEXLofIJInNQzlG7-Jl7AgWeF7J46DRiQSAOgDGoNf_2ESJaIoBeSBxKdKhSGrj5hNt_fXdTwkwGeic-7LPqxPFDig\",\"https://encrypted-tbn2.gstatic.com/shopping?q=tbn:ANd9GcSBpWTE7-ivCZyUCeAGXIyrIMXKEboYFdJdNKbeSr35-BaMg4U5mn-ilzH4fLm8YYvP6AKH3WbVknoXx8huEC9psXOzL1apuElUPsmyjXpnAYYwjvy4F90pdDE\"]},{\"review_id\":12146956,\"pid\":83429707,\"gid\":\"15797211988331096831\",\"title\":\"The only phone that has everything I want\",\"details\":\"Absolute Pinnacle of Value such a bargain. It's fast, has support for dual SIM and eSIM. Has expandable storage, IP68 so it can be submerged into water, it has wireless charging, Military drop tested approved, has Gorilla Glass 5. The screen is LCD rather than OLED, which in my view is better because it's more eye friendly than OLED (PWM method that OLED uses can cause eyestrain and headaches)I went for green because the black option does not have the faux leather on the back and I found it to be too slippy so I returned it.The battery lasts a long time, after a full days use it still shows 50 percent. I'm very happy with image quality.Oh and the camera has Optical image stabilisation and at this price point it is hard to find.\",\"rating\":5,\"review_date\":\"10 November 2024\",\"reviewer\":\"Smithy\",\"store\":\"motorola.co.uk\",\"created_at\":\"$D2024-12-01T14:01:57.793Z\",\"thumbnails\":[\"https://encrypted-tbn1.gstatic.com/shopping?q=tbn:ANd9GcSb1QrN0DeSZDPRzuEYbkHKq9puZRr_-o9vzFhg5GK47QP70agUJyeMsNwDxH2PB6E1Jf2SfruHSs1pxhRdiFOKB0D9hibbbGLDvSMaLUMDB3Rc4_Arl9enpQ8\",\"https://encrypted-tbn1.gstatic.com/shopping?q=tbn:ANd9GcTynVt7ocP6bzQ7c56Ac_gq3REyxv0EFXGeOjgUTTMk3cZdnQN06NPOgVUDqtzOo-rAeLclMXLVRmlHW9g47fg2fViEDG-nSBVbJ9KeaqMyS4dKkp0f2kySs7g\"]}],\"detail\":{\"specs\":[{\"name\":\"Network\",\"value\":\"5G\"},{\"name\":\"Sim Card Type\",\"value\":\"eSIM / Nano\"},{\"name\":\"Operating System\",\"value\":\"Android 14\"},{\"name\":\"Display\",\"value\":\"6.8 inches Full HD+\"},{\"name\":\"Video Recording\",\"value\":\"4K\"},{\"name\":\"Phone Family\",\"value\":\"Moto g75\"},{\"name\":\"Expandable Storage\",\"value\":\"up to 1TB microSD card expandable\"},{\"name\":\"RAM Size\",\"value\":\"8GB\"},{\"name\":\"Bluetooth\",\"value\":\"5.4\"},{\"name\":\"GPS\",\"value\":\"GPS A-GPS LTEPP SUPL GLONASS Galileo QZSS BeiDou\"},{\"name\":\"Product Width (mm)\",\"value\":\"77.1\"},{\"name\":\"Product Height (mm)\",\"value\":\"165.95\"},{\"name\":\"Product Depth (mm)\",\"value\":\"7.99\"},{\"name\":\"Battery\",\"value\":\"5000mAh\"},{\"name\":\"Manufacturer's Warranty\",\"value\":\"2 Years\"},{\"name\":\"Storage Size\",\"value\":\"256GB\"},{\"name\":\"Colour\",\"value\":\"Charcoal Grey\"},{\"name\":\"Display Resolution\",\"value\":\"2388 1080\"},{\"name\":\"Weight (g)\",\"value\":\"180\"},{\"name\":\"Front Camera\",\"value\":\"8MP\"},{\"name\":\"Rear Camera\",\"value\":\"50MP\"},{\"name\":\"Release Year\",\"value\":\"2024\"}],\"pid\":83429707,\"gid\":\"15797211988331096831\",\"created_at\":\"$D2024-12-01T10:50:07.893Z\"},\"oz\":[{\"node\":908653,\"title\":\"[eBay Plus, Back Order] Motorola Moto G75 5G (Bonus: Moto Buds, Dual Sim, 256GB/8GB, 6.8'') $230.30 Delivered @ Allphones eBay - OzBargain\",\"upvotes\":145,\"downvotes\":0,\"link\":\"https://www.ebay.com.au/itm/167115114606\",\"created_at\":\"$D2025-06-03T02:01:01.730Z\",\"updated_at\":\"$D2025-06-03T08:00:05.574Z\",\"pid\":83429707,\"status\":\"out of stock\",\"coupon\":\"JUNEOFY\",\"seller_id\":157},{\"node\":905382,\"title\":\"Motorola G75 5G 8GB RAM/256GB Storage \u0026 Bonus Moto Buds $296.10 Delivered / C\u0026C (Everyday Rewards Required) @ BIG W - OzBargain\",\"upvotes\":100,\"downvotes\":0,\"link\":\"https://www.bigw.com.au/product/moto-g75-5g-256gb-grey-with-moto-buds/p/6001651\",\"created_at\":\"$D2025-05-12T04:00:21.738Z\",\"updated_at\":\"$D2025-05-24T06:00:24.532Z\",\"pid\":83429707,\"status\":\"expired\",\"coupon\":\"XMAY2025\",\"seller_id\":52},{\"node\":905505,\"title\":\"Motorola G75 5G 8GB RAM/256GB Storage \u0026 Bonus Moto Buds $287, Dyson WashG1 $539 + Delivery ($0 C\u0026C) @ The Good Guys - OzBargain\",\"upvotes\":78,\"downvotes\":0,\"link\":\"https://www.thegoodguys.com.au/motorola-g75-5g-256gb-charcoal-grey-11901327984\",\"created_at\":\"$D2025-05-13T00:00:20.459Z\",\"updated_at\":\"$D2025-05-14T16:00:07.499Z\",\"pid\":83429707,\"status\":\"expired\",\"coupon\":\"DEAL\",\"seller_id\":10},{\"node\":905614,\"title\":\"Motorola G75 5G 8GB RAM/256GB Storage \u0026 Bonus Moto Buds \u0026 Cord Grippers 6 Pack $260 + Delivery ($0 C\u0026C) @ The Good Guys - OzBargain\",\"upvotes\":250,\"downvotes\":0,\"link\":\"https://www.thegoodguys.com.au/motorola-g75-5g-256gb-charcoal-grey-11901327984\",\"created_at\":\"$D2025-05-13T10:00:28.563Z\",\"updated_at\":\"$D2025-05-14T16:00:06.073Z\",\"pid\":83429707,\"status\":\"expired\",\"coupon\":\"DEAL\",\"seller_id\":10}]}}]\n"])
</script>
DEBUG:custom_components.price_tracker.services.buywisely.hydration_parser:[_extract_raw_next_f_push_strings] Script string: self.__next_f.push([1,"1:HL[\"/_next/static/media/2b3f1035ed87a788-s.p.woff2\",\"font\",{\"crossOrigin\":\"\",\"type\":\"font/woff2\"}]\n2:HL[\"/_next/static/media/8bf7b2ceda89477b-s.p.woff2\",\"font\...
DEBUG:custom_components.price_tracker.services.buywisely.hydration_parser:[_extract_raw_next_f_push_strings] Found matching line: self.__next_f.push([1,"1:HL[\"/_next/static/media/2b3f1035ed87a788-s.p.woff2\",\"font\",{\"crossOrigin\":\"\",\"type\":\"font/woff2\"}]\n2:HL[\"/_next/static/media/8bf7b2ceda89477b-s.p.woff2\",\"font\...
DEBUG:custom_components.price_tracker.services.buywisely.hydration_parser:[_extract_raw_next_f_push_strings] Appended payload chunk: 1:HL[\"/_next/static/media/2b3f1035ed87a788-s.p.woff2\",\"font\",{\"crossOrigin\":\"\",\"type\":\"font/woff2\"}]\n2:HL[\"/_next/static/media/8bf7b2ceda89477b-s.p.woff2\",\"font\",{\"crossOrigin\":\"\"...
DEBUG:custom_components.price_tracker.services.buywisely.hydration_parser:[_extract_raw_next_f_push_strings] Found matching line: self.__next_f.push([1,"4:I[89562,[],\"\"]\n7:I[78703,[],\"\"]\n9:I[53751,[],\"\"]\nc:I[11478,[\"3655\",\"static/chunks/3655-f78e4e363a5541d0.js\",\"395\",\"static/chunks/app/product/%5Bslug%5D/layout-...
DEBUG:custom_components.price_tracker.services.buywisely.hydration_parser:[_extract_raw_next_f_push_strings] Appended payload chunk: 4:I[89562,[],\"\"]\n7:I[78703,[],\"\"]\n9:I[53751,[],\"\"]\nc:I[11478,[\"3655\",\"static/chunks/3655-f78e4e363a5541d0.js\",\"395\",\"static/chunks/app/product/%5Bslug%5D/layout-afd1e0771fc65a8b.js\"],...
DEBUG:custom_components.price_tracker.services.buywisely.hydration_parser:[_extract_raw_next_f_push_strings] Found matching line: self.__next_f.push([1,".js\",\"6341\",\"static/chunks/6341-ca54939c2b36d77d.js\",\"6252\",\"static/chunks/6252-920c83842bca245b.js\",\"6574\",\"static/chunks/6574-85b13196e7d2f55e.js\",\"307\",\"stati...
DEBUG:custom_components.price_tracker.services.buywisely.hydration_parser:[_extract_raw_next_f_push_strings] Appended payload chunk: .js\",\"6341\",\"static/chunks/6341-ca54939c2b36d77d.js\",\"6252\",\"static/chunks/6252-920c83842bca245b.js\",\"6574\",\"static/chunks/6574-85b13196e7d2f55e.js\",\"307\",\"static/chunks/307-cefa9bd2f7...
DEBUG:custom_components.price_tracker.services.buywisely.hydration_parser:[_extract_raw_next_f_push_strings] Found matching line: self.__next_f.push([1,"chunks/8327-5596df2c7a80e7eb.js\",\"5135\",\"static/chunks/5135-e150b38f04bc4ae4.js\",\"5127\",\"static/chunks/5127-7de194f1c35db063.js\",\"5805\",\"static/chunks/5805-5009d17ba...
DEBUG:custom_components.price_tracker.services.buywisely.hydration_parser:[_extract_raw_next_f_push_strings] Appended payload chunk: chunks/8327-5596df2c7a80e7eb.js\",\"5135\",\"static/chunks/5135-e150b38f04bc4ae4.js\",\"5127\",\"static/chunks/5127-7de194f1c35db063.js\",\"5805\",\"static/chunks/5805-5009d17ba83b5e07.js\",\"3185\",\...
DEBUG:custom_components.price_tracker.services.buywisely.hydration_parser:[_extract_raw_next_f_push_strings] Found matching line: self.__next_f.push([1,"8.js\",\"6381\",\"static/chunks/6381-2b873addadcb95f3.js\",\"6310\",\"static/chunks/6310-99207018fb617736.js\",\"5469\",\"static/chunks/5469-d5f85e2b5dbb2663.js\",\"6341\",\"sta...
DEBUG:custom_components.price_tracker.services.buywisely.hydration_parser:[_extract_raw_next_f_push_strings] Appended payload chunk: 8.js\",\"6381\",\"static/chunks/6381-2b873addadcb95f3.js\",\"6310\",\"static/chunks/6310-99207018fb617736.js\",\"5469\",\"static/chunks/5469-d5f85e2b5dbb2663.js\",\"6341\",\"static/chunks/6341-ca54939...
DEBUG:custom_components.price_tracker.services.buywisely.hydration_parser:[_extract_raw_next_f_push_strings] Found matching line: self.__next_f.push([1,"b873addadcb95f3.js\",\"6310\",\"static/chunks/6310-99207018fb617736.js\",\"5469\",\"static/chunks/5469-d5f85e2b5dbb2663.js\",\"6341\",\"static/chunks/6341-ca54939c2b36d77d.js\",...
DEBUG:custom_components.price_tracker.services.buywisely.hydration_parser:[_extract_raw_next_f_push_strings] Appended payload chunk: b873addadcb95f3.js\",\"6310\",\"static/chunks/6310-99207018fb617736.js\",\"5469\",\"static/chunks/5469-d5f85e2b5dbb2663.js\",\"6341\",\"static/chunks/6341-ca54939c2b36d77d.js\",\"6252\",\"static/chunk...
DEBUG:custom_components.price_tracker.services.buywisely.hydration_parser:[_extract_raw_next_f_push_strings] Found matching line: self.__next_f.push([1,"0:[[[\"$\",\"link\",\"0\",{\"rel\":\"stylesheet\",\"href\":\"/_next/static/css/e0d445a9cf4aff75.css\",\"precedence\":\"next\",\"crossOrigin\":\"$undefined\"}]],[\"$\",\"$L4\",nu...
DEBUG:custom_components.price_tracker.services.buywisely.hydration_parser:[_extract_raw_next_f_push_strings] Appended payload chunk: 0:[[[\"$\",\"link\",\"0\",{\"rel\":\"stylesheet\",\"href\":\"/_next/static/css/e0d445a9cf4aff75.css\",\"precedence\":\"next\",\"crossOrigin\":\"$undefined\"}]],[\"$\",\"$L4\",null,{\"buildId\":\"vVT_I...
DEBUG:custom_components.price_tracker.services.buywisely.hydration_parser:[_extract_raw_next_f_push_strings] Found matching line: self.__next_f.push([1,"12:E{\"digest\":\"NEXT_NOT_FOUND\"}\n"])...
DEBUG:custom_components.price_tracker.services.buywisely.hydration_parser:[_extract_raw_next_f_push_strings] Appended payload chunk: 12:E{\"digest\":\"NEXT_NOT_FOUND\"}\n...
DEBUG:custom_components.price_tracker.services.buywisely.hydration_parser:[_extract_raw_next_f_push_strings] Found matching line: self.__next_f.push([1,"22:I[5821,[\"3655\",\"static/chunks/3655-f78e4e363a5541d0.js\",\"6290\",\"static/chunks/6290-2a8ce89a0b5a3df8.js\",\"6381\",\"static/chunks/6381-2b873addadcb95f3.js\",\"6310\",\...
DEBUG:custom_components.price_tracker.services.buywisely.hydration_parser:[_extract_raw_next_f_push_strings] Appended payload chunk: 22:I[5821,[\"3655\",\"static/chunks/3655-f78e4e363a5541d0.js\",\"6290\",\"static/chunks/6290-2a8ce89a0b5a3df8.js\",\"6381\",\"static/chunks/6381-2b873addadcb95f3.js\",\"6310\",\"static/chunks/6310-992...
DEBUG:custom_components.price_tracker.services.buywisely.hydration_parser:[_extract_raw_next_f_push_strings] Found matching line: self.__next_f.push([1,"4-85b13196e7d2f55e.js\",\"307\",\"static/chunks/307-cefa9bd2f7381bf5.js\",\"2665\",\"static/chunks/2665-2d172eda87a962e3.js\",\"684\",\"static/chunks/684-7de3c401504b82a2.js\",\...
DEBUG:custom_components.price_tracker.services.buywisely.hydration_parser:[_extract_raw_next_f_push_strings] Appended payload chunk: 4-85b13196e7d2f55e.js\",\"307\",\"static/chunks/307-cefa9bd2f7381bf5.js\",\"2665\",\"static/chunks/2665-2d172eda87a962e3.js\",\"684\",\"static/chunks/684-7de3c401504b82a2.js\",\"7269\",\"static/chunks...
DEBUG:custom_components.price_tracker.services.buywisely.hydration_parser:[_extract_raw_next_f_push_strings] Found matching line: self.__next_f.push([1,"atic/chunks/5805-5009d17ba83b5e07.js\",\"3185\",\"static/chunks/app/layout-0606493c769120ee.js\"],\"default\"]\n"])...
DEBUG:custom_components.price_tracker.services.buywisely.hydration_parser:[_extract_raw_next_f_push_strings] Appended payload chunk: atic/chunks/5805-5009d17ba83b5e07.js\",\"3185\",\"static/chunks/app/layout-0606493c769120ee.js\"],\"default\"]\n...
DEBUG:custom_components.price_tracker.services.buywisely.hydration_parser:[_extract_raw_next_f_push_strings] Found matching line: self.__next_f.push([1,"1a:[\"$\",\"$L22\",null,{\"sx\":{\"backdropFilter\":\"blur(6px)\",\"backgroundColor\":\"rgba(255, 255, 255, 0.8)\",\"boxShadow\":\"0 2px 4px rgba(0,0,0,0.1)\"},\"children\":[\"$...
DEBUG:custom_components.price_tracker.services.buywisely.hydration_parser:[_extract_raw_next_f_push_strings] Appended payload chunk: 1a:[\"$\",\"$L22\",null,{\"sx\":{\"backdropFilter\":\"blur(6px)\",\"backgroundColor\":\"rgba(255, 255, 255, 0.8)\",\"boxShadow\":\"0 2px 4px rgba(0,0,0,0.1)\"},\"children\":[\"$\",\"$Lf\",null,{\"chil...
DEBUG:custom_components.price_tracker.services.buywisely.hydration_parser:[_extract_raw_next_f_push_strings] Found matching line: self.__next_f.push([1,"27:\"$Sreact.fragment\"\n29:I[6632,[\"3655\",\"static/chunks/3655-f78e4e363a5541d0.js\",\"6381\",\"static/chunks/6381-2b873addadcb95f3.js\",\"635\",\"static/chunks/635-de4a99a00...
DEBUG:custom_components.price_tracker.services.buywisely.hydration_parser:[_extract_raw_next_f_push_strings] Appended payload chunk: 27:\"$Sreact.fragment\"\n29:I[6632,[\"3655\",\"static/chunks/3655-f78e4e363a5541d0.js\",\"6381\",\"static/chunks/6381-2b873addadcb95f3.js\",\"635\",\"static/chunks/635-de4a99a005c429a5.js\",\"5153\",\...
DEBUG:custom_components.price_tracker.services.buywisely.hydration_parser:[_extract_raw_next_f_push_strings] Found matching line: self.__next_f.push([1,"28:[[\"$\",\"meta\",\"0\",{\"name\":\"viewport\",\"content\":\"width=device-width, initial-scale=1, maximum-scale=1\"}],[\"$\",\"meta\",\"1\",{\"charSet\":\"utf-8\"}],[\"$\",\"t...
DEBUG:custom_components.price_tracker.services.buywisely.hydration_parser:[_extract_raw_next_f_push_strings] Appended payload chunk: 28:[[\"$\",\"meta\",\"0\",{\"name\":\"viewport\",\"content\":\"width=device-width, initial-scale=1, maximum-scale=1\"}],[\"$\",\"meta\",\"1\",{\"charSet\":\"utf-8\"}],[\"$\",\"title\",\"2\",{\"childre...
DEBUG:custom_components.price_tracker.services.buywisely.hydration_parser:[_extract_raw_next_f_push_strings] Found matching line: self.__next_f.push([1,"1f:[\"$\",\"$27\",\"k4GjLZXGGia1x7jDr8PXF\",{\"children\":\"$28\"}]\n5:null\na:null\n6:[\"$\",\"$L29\",null,{\"sx\":{\"pb\":2},\"children\":[[\"$\",\"$L2a\",null,{\"underline\":...
DEBUG:custom_components.price_tracker.services.buywisely.hydration_parser:[_extract_raw_next_f_push_strings] Appended payload chunk: 1f:[\"$\",\"$27\",\"k4GjLZXGGia1x7jDr8PXF\",{\"children\":\"$28\"}]\n5:null\na:null\n6:[\"$\",\"$L29\",null,{\"sx\":{\"pb\":2},\"children\":[[\"$\",\"$L2a\",null,{\"underline\":\"hover\",\"color\":\"i...
DEBUG:custom_components.price_tracker.services.buywisely.hydration_parser:[_extract_raw_next_f_push_strings] Found matching line: self.__next_f.push([1,"2b:I[70760,[\"3655\",\"static/chunks/3655-f78e4e363a5541d0.js\",\"6290\",\"static/chunks/6290-2a8ce89a0b5a3df8.js\",\"6381\",\"static/chunks/6381-2b873addadcb95f3.js\",\"6310\",...
DEBUG:custom_components.price_tracker.services.buywisely.hydration_parser:[_extract_raw_next_f_push_strings] Appended payload chunk: 2b:I[70760,[\"3655\",\"static/chunks/3655-f78e4e363a5541d0.js\",\"6290\",\"static/chunks/6290-2a8ce89a0b5a3df8.js\",\"6381\",\"static/chunks/6381-2b873addadcb95f3.js\",\"6310\",\"static/chunks/6310-99...
DEBUG:custom_components.price_tracker.services.buywisely.hydration_parser:[_extract_raw_next_f_push_strings] Found matching line: self.__next_f.push([1,"/8393-4175fa3c3129adeb.js\",\"1682\",\"static/chunks/1682-b2e703b472c280ea.js\",\"9999\",\"static/chunks/9999-f564e2e7fc5b6c44.js\",\"4824\",\"static/chunks/4824-507f78e55d96f9d...
DEBUG:custom_components.price_tracker.services.buywisely.hydration_parser:[_extract_raw_next_f_push_strings] Appended payload chunk: /8393-4175fa3c3129adeb.js\",\"1682\",\"static/chunks/1682-b2e703b472c280ea.js\",\"9999\",\"static/chunks/9999-f564e2e7fc5b6c44.js\",\"4824\",\"static/chunks/4824-507f78e55d96f9dc.js\",\"1203\",\"stati...
DEBUG:custom_components.price_tracker.services.buywisely.hydration_parser:[_extract_raw_next_f_push_strings] Found matching line: self.__next_f.push([1,"c/chunks/6341-ca54939c2b36d77d.js\",\"6252\",\"static/chunks/6252-920c83842bca245b.js\",\"6574\",\"static/chunks/6574-85b13196e7d2f55e.js\",\"307\",\"static/chunks/307-cefa9bd2f...
DEBUG:custom_components.price_tracker.services.buywisely.hydration_parser:[_extract_raw_next_f_push_strings] Appended payload chunk: c/chunks/6341-ca54939c2b36d77d.js\",\"6252\",\"static/chunks/6252-920c83842bca245b.js\",\"6574\",\"static/chunks/6574-85b13196e7d2f55e.js\",\"307\",\"static/chunks/307-cefa9bd2f7381bf5.js\",\"2665\",\...
DEBUG:custom_components.price_tracker.services.buywisely.hydration_parser:[_extract_raw_next_f_push_strings] Found matching line: self.__next_f.push([1,"]\n51:I[61165,[\"3655\",\"static/chunks/3655-f78e4e363a5541d0.js\",\"6290\",\"static/chunks/6290-2a8ce89a0b5a3df8.js\",\"6381\",\"static/chunks/6381-2b873addadcb95f3.js\",\"6310...
DEBUG:custom_components.price_tracker.services.buywisely.hydration_parser:[_extract_raw_next_f_push_strings] Appended payload chunk: ]\n51:I[61165,[\"3655\",\"static/chunks/3655-f78e4e363a5541d0.js\",\"6290\",\"static/chunks/6290-2a8ce89a0b5a3df8.js\",\"6381\",\"static/chunks/6381-2b873addadcb95f3.js\",\"6310\",\"static/chunks/6310...
DEBUG:custom_components.price_tracker.services.buywisely.hydration_parser:[_extract_raw_next_f_push_strings] Found matching line: self.__next_f.push([1,"-4175fa3c3129adeb.js\",\"1682\",\"static/chunks/1682-b2e703b472c280ea.js\",\"9999\",\"static/chunks/9999-f564e2e7fc5b6c44.js\",\"4824\",\"static/chunks/4824-507f78e55d96f9dc.js\...
DEBUG:custom_components.price_tracker.services.buywisely.hydration_parser:[_extract_raw_next_f_push_strings] Appended payload chunk: -4175fa3c3129adeb.js\",\"1682\",\"static/chunks/1682-b2e703b472c280ea.js\",\"9999\",\"static/chunks/9999-f564e2e7fc5b6c44.js\",\"4824\",\"static/chunks/4824-507f78e55d96f9dc.js\",\"1203\",\"static/chu...
DEBUG:custom_components.price_tracker.services.buywisely.hydration_parser:[_extract_raw_next_f_push_strings] Found matching line: self.__next_f.push([1,"tic/chunks/6341-ca54939c2b36d77d.js\",\"6252\",\"static/chunks/6252-920c83842bca245b.js\",\"6574\",\"static/chunks/6574-85b13196e7d2f55e.js\",\"307\",\"static/chunks/307-cefa9bd...
DEBUG:custom_components.price_tracker.services.buywisely.hydration_parser:[_extract_raw_next_f_push_strings] Appended payload chunk: tic/chunks/6341-ca54939c2b36d77d.js\",\"6252\",\"static/chunks/6252-920c83842bca245b.js\",\"6574\",\"static/chunks/6574-85b13196e7d2f55e.js\",\"307\",\"static/chunks/307-cefa9bd2f7381bf5.js\",\"2665\"...
DEBUG:custom_components.price_tracker.services.buywisely.hydration_parser:[_extract_raw_next_f_push_strings] Found matching line: self.__next_f.push([1,"6:{\"gid\":\"15797211988331096831\",\"image\":\"https://encrypted-tbn0.gstatic.com/shopping?q=tbn:ANd9GcSMKJEcJ5xuZEACgvb5b-OsiulwL1b5Ivy7wbsYiJ3A2vpwsAhIjV_QMfs2iyap5nDsHiEzTca...
DEBUG:custom_components.price_tracker.services.buywisely.hydration_parser:[_extract_raw_next_f_push_strings] Appended payload chunk: 6:{\"gid\":\"15797211988331096831\",\"image\":\"https://encrypted-tbn0.gstatic.com/shopping?q=tbn:ANd9GcSMKJEcJ5xuZEACgvb5b-OsiulwL1b5Ivy7wbsYiJ3A2vpwsAhIjV_QMfs2iyap5nDsHiEzTcaeGYaz_I5WBRrUjD5abtI2D4...
DEBUG:custom_components.price_tracker.services.buywisely.hydration_parser:[_extract_raw_next_f_push_strings] Found matching line: self.__next_f.push([1,"d9GcT56PnF6Ir30ACBooV4QML9XqGxPMeS0UD-J-IOmt4RfpWkpWyt9SsenHDo-DCqfhurJ2kXsVOBsMMEV9L72XZYRPTuRv6C\u0026usqp=CAY\",\"https://encrypted-tbn2.gstatic.com/shopping?q=tbn:ANd9GcRG-G...
DEBUG:custom_components.price_tracker.services.buywisely.hydration_parser:[_extract_raw_next_f_push_strings] Appended payload chunk: d9GcT56PnF6Ir30ACBooV4QML9XqGxPMeS0UD-J-IOmt4RfpWkpWyt9SsenHDo-DCqfhurJ2kXsVOBsMMEV9L72XZYRPTuRv6C\u0026usqp=CAY\",\"https://encrypted-tbn2.gstatic.com/shopping?q=tbn:ANd9GcRG-GwVx5yd5FeS1o4JqlvUNwo3M...
DEBUG:custom_components.price_tracker.services.buywisely.hydration_parser:[_extract_raw_next_f_push_strings] Found matching line: self.__next_f.push([1,"\"$34\",\"colors\":\"$35\",\"thumbnails\":\"$39\",\"details\":\"Crafted from premium materials and featuring military-grade¹ durability, moto g75 5G is made for everyday life. C...
DEBUG:custom_components.price_tracker.services.buywisely.hydration_parser:[_extract_raw_next_f_push_strings] Appended payload chunk: \"$34\",\"colors\":\"$35\",\"thumbnails\":\"$39\",\"details\":\"Crafted from premium materials and featuring military-grade¹ durability, moto g75 5G is made for everyday life. Capture sharp photos and...
DEBUG:custom_components.price_tracker.services.buywisely.hydration_parser:[_extract_raw_next_f_push_strings] Found matching line: self.__next_f.push([1,"b:[[\"$\",\"$L10\",null,{\"container\":true,\"justifyContent\":\"space-around\",\"spacing\":{\"xs\":0,\"md\":0},\"children\":[[\"$\",\"$L10\",null,{\"item\":true,\"md\":4,\"xs\"...
DEBUG:custom_components.price_tracker.services.buywisely.hydration_parser:[_extract_raw_next_f_push_strings] Appended payload chunk: b:[[\"$\",\"$L10\",null,{\"container\":true,\"justifyContent\":\"space-around\",\"spacing\":{\"xs\":0,\"md\":0},\"children\":[[\"$\",\"$L10\",null,{\"item\":true,\"md\":4,\"xs\":12,\"children\":[\"$\"...
DEBUG:custom_components.price_tracker.services.buywisely.hydration_parser:[_extract_raw_next_f_push_strings] Found matching line: self.__next_f.push([1,"59:I[65161,[\"3655\",\"static/chunks/3655-f78e4e363a5541d0.js\",\"6290\",\"static/chunks/6290-2a8ce89a0b5a3df8.js\",\"6381\",\"static/chunks/6381-2b873addadcb95f3.js\",\"6310\",...
DEBUG:custom_components.price_tracker.services.buywisely.hydration_parser:[_extract_raw_next_f_push_strings] Appended payload chunk: 59:I[65161,[\"3655\",\"static/chunks/3655-f78e4e363a5541d0.js\",\"6290\",\"static/chunks/6290-2a8ce89a0b5a3df8.js\",\"6381\",\"static/chunks/6381-2b873addadcb95f3.js\",\"6310\",\"static/chunks/6310-99...
DEBUG:custom_components.price_tracker.services.buywisely.hydration_parser:[_extract_raw_next_f_push_strings] Found matching line: self.__next_f.push([1,"ing you can see a difference, but in normal use, they're close).It's a little on the big side, especially for a child, but the Military toughness and optional screen repair serv...
DEBUG:custom_components.price_tracker.services.buywisely.hydration_parser:[_extract_raw_next_f_push_strings] Appended payload chunk: ing you can see a difference, but in normal use, they're close).It's a little on the big side, especially for a child, but the Military toughness and optional screen repair service make up for that. T...
DEBUG:custom_components.price_tracker.services.buywisely.hydration_parser:[_extract_raw_next_f_push_strings] Found matching line: self.__next_f.push([1,"11:[\"$\",\"$L59\",null,{\"product\":{\"id\":83429707,\"gid\":\"15797211988331096831\",\"title\":\"Motorola Moto G75 5G 256GB Grey with Buds\",\"image\":\"https://encrypted-tbn0...
DEBUG:custom_components.price_tracker.services.buywisely.hydration_parser:[_extract_raw_next_f_push_strings] Appended payload chunk: 11:[\"$\",\"$L59\",null,{\"product\":{\"id\":83429707,\"gid\":\"15797211988331096831\",\"title\":\"Motorola Moto G75 5G 256GB Grey with Buds\",\"image\":\"https://encrypted-tbn0.gstatic.com/shopping?q...
DEBUG:custom_components.price_tracker.services.buywisely.hydration_parser:[_extract_raw_next_f_push_strings] Final payload_chunks: ['1:HL[\\"/_next/static/media/2b3f1035ed87a788-s.p.woff2\\",\\"font\\",{\\"crossOrigin\\":\\"\\",\\"type\\":\\"font/woff2\\"}]\\n2:HL[\\"/_next/static/media/8bf7b2ceda89477b-s.p.woff2\\",\\"font\\",{\\"crossOrigin\\":\\"\\",\\"type\\":\\"font/woff2\\"}]\\n3:HL[\\"/_next/static/css/e0d445a9cf4aff75.css\\",\\"style\\"]\\n', '4:I[89562,[],\\"\\"]\\n7:I[78703,[],\\"\\"]\\n9:I[53751,[],\\"\\"]\\nc:I[11478,[\\"3655\\",\\"static/chunks/3655-f78e4e363a5541d0.js\\",\\"395\\",\\"static/chunks/app/product/%5Bslug%5D/layout-afd1e0771fc65a8b.js\\"],\\"\\"]\\nd:I[25719,[\\"3655\\",\\"static/chunks/3655-f78e4e363a5541d0.js\\",\\"6290\\",\\"static/chunks/6290-2a8ce89a0b5a3df8.js\\",\\"3895\\",\\"static/chunks/app/product/%5Bslug%5D/@offers/loading-91e67d2edba3eaa4.js\\"],\\"default\\"]\\ne:I[88170,[\\"3655\\",\\"static/chunks/3655-f78e4e363a5541d0.js\\",\\"6290\\",\\"static/chunks/6290-2a8ce89a0b5a3df8.js\\",\\"3895\\",\\"static/chunks/app/product/%5Bslug%5D/@offers/loading-91e67d2edba3eaa4.js\\"],\\"\\"]\\nf:I[44863,[\\"3655\\",\\"static/chunks/3655-f78e4e363a5541d0.js\\",\\"395\\",\\"static/chunks/app/product/%5Bslug%5D/layout-afd1e0771fc65a8b.js\\"],\\"\\"]\\n10:I[39146,[\\"3655\\",\\"static/chunks/3655-f78e4e363a5541d0.js\\",\\"6290\\",\\"static/chunks/6290-2a8ce89a0b5a3df8.js\\",\\"2665\\",\\"static/chunks/2665-2d172eda87a962e3.js\\",\\"6435\\",\\"static/chunks/app/product/%5Bslug%5D/@info/loading-1c1ee849e97e6a1a.js\\"],\\"\\"]\\n13:I[79165,[\\"3655\\",\\"static/chunks/3655-f78e4e363a5541d0.js\\",\\"6290\\",\\"static/chunks/6290-2a8ce89a0b5a3df8.js\\",\\"6381\\",\\"static/chunks/6381-2b873addadcb95f3.js\\",\\"6310\\",\\"static/chunks/6310-99207018fb617736.js\\",\\"5469\\",\\"static/chunks/5469-d5f85e2b5dbb2663.js\\",\\"6341\\",\\"static/chunks/6341-ca54939c2b36d77d.js\\",\\"6252\\",\\"static/chunks/6252-920c83842bca245b.js\\",\\"6574\\",\\"static/chunks/6574-85b13196e7d2f55e.js\\",\\"307\\",\\"static/chunks/307-cefa9bd2f7381bf5.js\\",\\"2665\\",\\"static/chunks/2665-2d172eda87a962e3.js\\",\\"684\\",\\"static/chunks/684-7de3c401504b82a2.js\\",\\"7269\\",\\"static/chunks/7269-a4bddb872ba784d5.js\\",\\"8327\\",\\"static/chunks/8327-5596df2c7a80e7eb.js\\",\\"5135\\",\\"static/chunks/5135-e150b38f04bc4ae4.js\\",\\"5127\\",\\"static/chunks/5127-7de194f1c35db063.js\\",\\"5805\\",\\"static/chunks/5805-5009d17ba83b5e07.js\\",\\"3185\\",\\"static/chunks/app/layout-0606493c769120ee.js\\"],\\"default\\"]\\n14:I[72470,[\\"3655\\",\\"static/chunks/3655-f78e4e363a5541d0.js\\",\\"6290\\",\\"static/chunks/6290-2a8ce89a0b5a3df8.js\\",\\"6381\\",\\"static/chunks/6381-2b873addadcb95f3.js\\",\\"6310\\",\\"static/chunks/6310-99207018fb617736.js\\",\\"5469\\",\\"static/chunks/5469-d5f85e2b5dbb2663', '.js\\",\\"6341\\",\\"static/chunks/6341-ca54939c2b36d77d.js\\",\\"6252\\",\\"static/chunks/6252-920c83842bca245b.js\\",\\"6574\\",\\"static/chunks/6574-85b13196e7d2f55e.js\\",\\"307\\",\\"static/chunks/307-cefa9bd2f7381bf5.js\\",\\"2665\\",\\"static/chunks/2665-2d172eda87a962e3.js\\",\\"684\\",\\"static/chunks/684-7de3c401504b82a2.js\\",\\"7269\\",\\"static/chunks/7269-a4bddb872ba784d5.js\\",\\"8327\\",\\"static/chunks/8327-5596df2c7a80e7eb.js\\",\\"5135\\",\\"static/chunks/5135-e150b38f04bc4ae4.js\\",\\"5127\\",\\"static/chunks/5127-7de194f1c35db063.js\\",\\"5805\\",\\"static/chunks/5805-5009d17ba83b5e07.js\\",\\"3185\\",\\"static/chunks/app/layout-0606493c769120ee.js\\"],\\"UserProvider\\"]\\n15:I[68744,[\\"3655\\",\\"static/chunks/3655-f78e4e363a5541d0.js\\",\\"6290\\",\\"static/chunks/6290-2a8ce89a0b5a3df8.js\\",\\"6381\\",\\"static/chunks/6381-2b873addadcb95f3.js\\",\\"6310\\",\\"static/chunks/6310-99207018fb617736.js\\",\\"5469\\",\\"static/chunks/5469-d5f85e2b5dbb2663.js\\",\\"6341\\",\\"static/chunks/6341-ca54939c2b36d77d.js\\",\\"6252\\",\\"static/chunks/6252-920c83842bca245b.js\\",\\"6574\\",\\"static/chunks/6574-85b13196e7d2f55e.js\\",\\"307\\",\\"static/chunks/307-cefa9bd2f7381bf5.js\\",\\"2665\\",\\"static/chunks/2665-2d172eda87a962e3.js\\",\\"684\\",\\"static/chunks/684-7de3c401504b82a2.js\\",\\"7269\\",\\"static/chunks/7269-a4bddb872ba784d5.js\\",\\"8327\\",\\"static/chunks/8327-5596df2c7a80e7eb.js\\",\\"5135\\",\\"static/chunks/5135-e150b38f04bc4ae4.js\\",\\"5127\\",\\"static/chunks/5127-7de194f1c35db063.js\\",\\"5805\\",\\"static/chunks/5805-5009d17ba83b5e07.js\\",\\"3185\\",\\"static/chunks/app/layout-0606493c769120ee.js\\"],\\"EventsProvider\\"]\\n16:I[58977,[\\"3655\\",\\"static/chunks/3655-f78e4e363a5541d0.js\\",\\"6290\\",\\"static/chunks/6290-2a8ce89a0b5a3df8.js\\",\\"6381\\",\\"static/chunks/6381-2b873addadcb95f3.js\\",\\"6310\\",\\"static/chunks/6310-99207018fb617736.js\\",\\"5469\\",\\"static/chunks/5469-d5f85e2b5dbb2663.js\\",\\"6341\\",\\"static/chunks/6341-ca54939c2b36d77d.js\\",\\"6252\\",\\"static/chunks/6252-920c83842bca245b.js\\",\\"6574\\",\\"static/chunks/6574-85b13196e7d2f55e.js\\",\\"307\\",\\"static/chunks/307-cefa9bd2f7381bf5.js\\",\\"2665\\",\\"static/chunks/2665-2d172eda87a962e3.js\\",\\"684\\",\\"static/chunks/684-7de3c401504b82a2.js\\",\\"7269\\",\\"static/chunks/7269-a4bddb872ba784d5.js\\",\\"8327\\",\\"static/', 'chunks/8327-5596df2c7a80e7eb.js\\",\\"5135\\",\\"static/chunks/5135-e150b38f04bc4ae4.js\\",\\"5127\\",\\"static/chunks/5127-7de194f1c35db063.js\\",\\"5805\\",\\"static/chunks/5805-5009d17ba83b5e07.js\\",\\"3185\\",\\"static/chunks/app/layout-0606493c769120ee.js\\"],\\"default\\"]\\n17:I[66973,[\\"3655\\",\\"static/chunks/3655-f78e4e363a5541d0.js\\",\\"6290\\",\\"static/chunks/6290-2a8ce89a0b5a3df8.js\\",\\"6381\\",\\"static/chunks/6381-2b873addadcb95f3.js\\",\\"6310\\",\\"static/chunks/6310-99207018fb617736.js\\",\\"5469\\",\\"static/chunks/5469-d5f85e2b5dbb2663.js\\",\\"6341\\",\\"static/chunks/6341-ca54939c2b36d77d.js\\",\\"6252\\",\\"static/chunks/6252-920c83842bca245b.js\\",\\"6574\\",\\"static/chunks/6574-85b13196e7d2f55e.js\\",\\"307\\",\\"static/chunks/307-cefa9bd2f7381bf5.js\\",\\"2665\\",\\"static/chunks/2665-2d172eda87a962e3.js\\",\\"684\\",\\"static/chunks/684-7de3c401504b82a2.js\\",\\"7269\\",\\"static/chunks/7269-a4bddb872ba784d5.js\\",\\"8327\\",\\"static/chunks/8327-5596df2c7a80e7eb.js\\",\\"5135\\",\\"static/chunks/5135-e150b38f04bc4ae4.js\\",\\"5127\\",\\"static/chunks/5127-7de194f1c35db063.js\\",\\"5805\\",\\"static/chunks/5805-5009d17ba83b5e07.js\\",\\"3185\\",\\"static/chunks/app/layout-0606493c769120ee.js\\"],\\"CollectionsProvider\\"]\\n18:I[32206,[\\"3655\\",\\"static/chunks/3655-f78e4e363a5541d0.js\\",\\"6290\\",\\"static/chunks/6290-2a8ce89a0b5a3df8.js\\",\\"6381\\",\\"static/chunks/6381-2b873addadcb95f3.js\\",\\"6310\\",\\"static/chunks/6310-99207018fb617736.js\\",\\"5469\\",\\"static/chunks/5469-d5f85e2b5dbb2663.js\\",\\"6341\\",\\"static/chunks/6341-ca54939c2b36d77d.js\\",\\"6252\\",\\"static/chunks/6252-920c83842bca245b.js\\",\\"6574\\",\\"static/chunks/6574-85b13196e7d2f55e.js\\",\\"307\\",\\"static/chunks/307-cefa9bd2f7381bf5.js\\",\\"2665\\",\\"static/chunks/2665-2d172eda87a962e3.js\\",\\"684\\",\\"static/chunks/684-7de3c401504b82a2.js\\",\\"7269\\",\\"static/chunks/7269-a4bddb872ba784d5.js\\",\\"8327\\",\\"static/chunks/8327-5596df2c7a80e7eb.js\\",\\"5135\\",\\"static/chunks/5135-e150b38f04bc4ae4.js\\",\\"5127\\",\\"static/chunks/5127-7de194f1c35db063.js\\",\\"5805\\",\\"static/chunks/5805-5009d17ba83b5e07.js\\",\\"3185\\",\\"static/chunks/app/layout-0606493c769120ee.js\\"],\\"SearchProvider\\"]\\n19:I[25115,[\\"3655\\",\\"static/chunks/3655-f78e4e363a5541d0.js\\",\\"6290\\",\\"static/chunks/6290-2a8ce89a0b5a3df', '8.js\\",\\"6381\\",\\"static/chunks/6381-2b873addadcb95f3.js\\",\\"6310\\",\\"static/chunks/6310-99207018fb617736.js\\",\\"5469\\",\\"static/chunks/5469-d5f85e2b5dbb2663.js\\",\\"6341\\",\\"static/chunks/6341-ca54939c2b36d77d.js\\",\\"6252\\",\\"static/chunks/6252-920c83842bca245b.js\\",\\"6574\\",\\"static/chunks/6574-85b13196e7d2f55e.js\\",\\"307\\",\\"static/chunks/307-cefa9bd2f7381bf5.js\\",\\"2665\\",\\"static/chunks/2665-2d172eda87a962e3.js\\",\\"684\\",\\"static/chunks/684-7de3c401504b82a2.js\\",\\"7269\\",\\"static/chunks/7269-a4bddb872ba784d5.js\\",\\"8327\\",\\"static/chunks/8327-5596df2c7a80e7eb.js\\",\\"5135\\",\\"static/chunks/5135-e150b38f04bc4ae4.js\\",\\"5127\\",\\"static/chunks/5127-7de194f1c35db063.js\\",\\"5805\\",\\"static/chunks/5805-5009d17ba83b5e07.js\\",\\"3185\\",\\"static/chunks/app/layout-0606493c769120ee.js\\"],\\"DropdownProvider\\"]\\n1b:I[20977,[\\"3655\\",\\"static/chunks/3655-f78e4e363a5541d0.js\\",\\"6290\\",\\"static/chunks/6290-2a8ce89a0b5a3df8.js\\",\\"6381\\",\\"static/chunks/6381-2b873addadcb95f3.js\\",\\"6310\\",\\"static/chunks/6310-99207018fb617736.js\\",\\"5469\\",\\"static/chunks/5469-d5f85e2b5dbb2663.js\\",\\"9160\\",\\"static/chunks/app/not-found-9fe2d208d6f479a3.js\\"],\\"default\\"]\\n1c:I[79529,[\\"3655\\",\\"static/chunks/3655-f78e4e363a5541d0.js\\",\\"6290\\",\\"static/chunks/6290-2a8ce89a0b5a3df8.js\\",\\"6381\\",\\"static/chunks/6381-2b873addadcb95f3.js\\",\\"6310\\",\\"static/chunks/6310-99207018fb617736.js\\",\\"5469\\",\\"static/chunks/5469-d5f85e2b5dbb2663.js\\",\\"6341\\",\\"static/chunks/6341-ca54939c2b36d77d.js\\",\\"6252\\",\\"static/chunks/6252-920c83842bca245b.js\\",\\"6574\\",\\"static/chunks/6574-85b13196e7d2f55e.js\\",\\"307\\",\\"static/chunks/307-cefa9bd2f7381bf5.js\\",\\"2665\\",\\"static/chunks/2665-2d172eda87a962e3.js\\",\\"684\\",\\"static/chunks/684-7de3c401504b82a2.js\\",\\"7269\\",\\"static/chunks/7269-a4bddb872ba784d5.js\\",\\"8327\\",\\"static/chunks/8327-5596df2c7a80e7eb.js\\",\\"5135\\",\\"static/chunks/5135-e150b38f04bc4ae4.js\\",\\"5127\\",\\"static/chunks/5127-7de194f1c35db063.js\\",\\"5805\\",\\"static/chunks/5805-5009d17ba83b5e07.js\\",\\"3185\\",\\"static/chunks/app/layout-0606493c769120ee.js\\"],\\"default\\"]\\n1d:I[74906,[\\"3655\\",\\"static/chunks/3655-f78e4e363a5541d0.js\\",\\"6290\\",\\"static/chunks/6290-2a8ce89a0b5a3df8.js\\",\\"6381\\",\\"static/chunks/6381-2', 'b873addadcb95f3.js\\",\\"6310\\",\\"static/chunks/6310-99207018fb617736.js\\",\\"5469\\",\\"static/chunks/5469-d5f85e2b5dbb2663.js\\",\\"6341\\",\\"static/chunks/6341-ca54939c2b36d77d.js\\",\\"6252\\",\\"static/chunks/6252-920c83842bca245b.js\\",\\"6574\\",\\"static/chunks/6574-85b13196e7d2f55e.js\\",\\"307\\",\\"static/chunks/307-cefa9bd2f7381bf5.js\\",\\"2665\\",\\"static/chunks/2665-2d172eda87a962e3.js\\",\\"684\\",\\"static/chunks/684-7de3c401504b82a2.js\\",\\"7269\\",\\"static/chunks/7269-a4bddb872ba784d5.js\\",\\"8327\\",\\"static/chunks/8327-5596df2c7a80e7eb.js\\",\\"5135\\",\\"static/chunks/5135-e150b38f04bc4ae4.js\\",\\"5127\\",\\"static/chunks/5127-7de194f1c35db063.js\\",\\"5805\\",\\"static/chunks/5805-5009d17ba83b5e07.js\\",\\"3185\\",\\"static/chunks/app/layout-0606493c769120ee.js\\"],\\"GoogleAnalytics\\"]\\n1e:I[25327,[\\"3655\\",\\"static/chunks/3655-f78e4e363a5541d0.js\\",\\"6290\\",\\"static/chunks/6290-2a8ce89a0b5a3df8.js\\",\\"6381\\",\\"static/chunks/6381-2b873addadcb95f3.js\\",\\"6310\\",\\"static/chunks/6310-99207018fb617736.js\\",\\"5469\\",\\"static/chunks/5469-d5f85e2b5dbb2663.js\\",\\"6341\\",\\"static/chunks/6341-ca54939c2b36d77d.js\\",\\"6252\\",\\"static/chunks/6252-920c83842bca245b.js\\",\\"6574\\",\\"static/chunks/6574-85b13196e7d2f55e.js\\",\\"307\\",\\"static/chunks/307-cefa9bd2f7381bf5.js\\",\\"2665\\",\\"static/chunks/2665-2d172eda87a962e3.js\\",\\"684\\",\\"static/chunks/684-7de3c401504b82a2.js\\",\\"7269\\",\\"static/chunks/7269-a4bddb872ba784d5.js\\",\\"8327\\",\\"static/chunks/8327-5596df2c7a80e7eb.js\\",\\"5135\\",\\"static/chunks/5135-e150b38f04bc4ae4.js\\",\\"5127\\",\\"static/chunks/5127-7de194f1c35db063.js\\",\\"5805\\",\\"static/chunks/5805-5009d17ba83b5e07.js\\",\\"3185\\",\\"static/chunks/app/layout-0606493c769120ee.js\\"],\\"\\"]\\n20:I[51395,[],\\"\\"]\\n8:[\\"slug\\",\\"motorola-moto-g75-5g-256gb-grey-with-buds\\",\\"d\\"]\\n21:[]\\n', '0:[[[\\"$\\",\\"link\\",\\"0\\",{\\"rel\\":\\"stylesheet\\",\\"href\\":\\"/_next/static/css/e0d445a9cf4aff75.css\\",\\"precedence\\":\\"next\\",\\"crossOrigin\\":\\"$undefined\\"}]],[\\"$\\",\\"$L4\\",null,{\\"buildId\\":\\"vVT_ICiXqaGX8gcuY6VmE\\",\\"assetPrefix\\":\\"\\",\\"initialCanonicalUrl\\":\\"/product/motorola-moto-g75-5g-256gb-grey-with-buds\\",\\"initialTree\\":[\\"\\",{\\"children\\":[\\"product\\",{\\"children\\":[[\\"slug\\",\\"motorola-moto-g75-5g-256gb-grey-with-buds\\",\\"d\\"],{\\"category\\":[\\"__PAGE__\\",{\\"children\\":[\\"__PAGE__\\",{}]}],\\"info\\":[\\"__PAGE__\\",{\\"children\\":[\\"__PAGE__\\",{}]}],\\"offers\\":[\\"__PAGE__\\",{\\"children\\":[\\"__PAGE__\\",{}]}],\\"children\\":[\\"__DEFAULT__\\",{}]}]}]},\\"$undefined\\",\\"$undefined\\",true],\\"initialSeedData\\":[\\"\\",{\\"children\\":[\\"product\\",{\\"children\\":[[\\"slug\\",\\"motorola-moto-g75-5g-256gb-grey-with-buds\\",\\"d\\"],{\\"category\\":[\\"__PAGE__\\",{\\"children\\":[\\"__PAGE__\\",{},[[\\"$L5\\",\\"$L6\\"],null],null]},[\\"$\\",\\"$L7\\",null,{\\"parallelRouterKey\\":\\"children\\",\\"segmentPath\\":[\\"children\\",\\"product\\",\\"children\\",\\"$8\\",\\"category\\",\\"__PAGE__\\",\\"children\\"],\\"error\\":\\"$undefined\\",\\"errorStyles\\":\\"$undefined\\",\\"errorScripts\\":\\"$undefined\\",\\"template\\":[\\"$\\",\\"$L9\\",null,{}],\\"templateStyles\\":\\"$undefined\\",\\"templateScripts\\":\\"$undefined\\",\\"notFound\\":\\"$undefined\\",\\"notFoundStyles\\":\\"$undefined\\",\\"styles\\":null}],null],\\"info\\":[\\"__PAGE__\\",{\\"children\\":[\\"__PAGE__\\",{},[[\\"$a\\",\\"$Lb\\"],null],null]},[\\"$\\",\\"$L7\\",null,{\\"parallelRouterKey\\":\\"children\\",\\"segmentPath\\":[\\"children\\",\\"product\\",\\"children\\",\\"$8\\",\\"info\\",\\"__PAGE__\\",\\"children\\"],\\"error\\":\\"$undefined\\",\\"errorStyles\\":\\"$undefined\\",\\"errorScripts\\":\\"$undefined\\",\\"template\\":[\\"$\\",\\"$L9\\",null,{}],\\"templateStyles\\":\\"$undefined\\",\\"templateScripts\\":\\"$undefined\\",\\"notFound\\":\\"$undefined\\",\\"notFoundStyles\\":\\"$undefined\\",\\"styles\\":null}],[[[\\"$\\",\\"$Lc\\",null,{\\"sx\\":{\\"display\\":{\\"xs\\":\\"flex\\",\\"md\\":\\"none\\"},\\"width\\":\\"100%\\"},\\"children\\":[\\"$\\",\\"$Ld\\",null,{\\"width\\":\\"100%\\",\\"spacing\\":2,\\"mb\\":2,\\"children\\":[[\\"$\\",\\"$Le\\",null,{\\"variant\\":\\"rectangular\\",\\"width\\":\\"100%\\",\\"height\\":300}],[\\"$\\",\\"$Le\\",null,{\\"variant\\":\\"rounded\\",\\"height\\":250}]]}]}],[\\"$\\",\\"$Lc\\",null,{\\"sx\\":{\\"display\\":{\\"xs\\":\\"none\\",\\"md\\":\\"flex\\"}},\\"children\\":[\\"$\\",\\"$Lf\\",null,{\\"children\\":[\\"$\\",\\"$Lc\\",null,{\\"width\\":\\"100%\\",\\"mb\\":2,\\"children\\":[\\"$\\",\\"$L10\\",null,{\\"container\\":true,\\"justifyContent\\":\\"space-around\\",\\"children\\":[[\\"$\\",\\"$Le\\",null,{\\"variant\\":\\"rectangular\\",\\"width\\":380,\\"height\\":400}],[\\"$\\",\\"$L10\\",null,{\\"item\\":true,\\"md\\":6,\\"xs\\":12,\\"alignItems\\":\\"center\\",\\"children\\":[[\\"$\\",\\"$Le\\",null,{\\"width\\":400,\\"height\\":50}],[\\"$\\",\\"$Lc\\",null,{\\"my\\":4,\\"children\\":[\\"$\\",\\"$Le\\",null,{\\"variant\\":\\"rounded\\",\\"width\\":600,\\"height\\":200}]}]]}]]}]}]}]}]],[],[]]],\\"offers\\":[\\"__PAGE__\\",{\\"children\\":[\\"__PAGE__\\",{},[[\\"$a\\",\\"$L11\\"],null],null]},[\\"$\\",\\"$L7\\",null,{\\"parallelRouterKey\\":\\"children\\",\\"segmentPath\\":[\\"children\\",\\"product\\",\\"children\\",\\"$8\\",\\"offers\\",\\"__PAGE__\\",\\"children\\"],\\"error\\":\\"$undefined\\",\\"errorStyles\\":\\"$undefined\\",\\"errorScripts\\":\\"$undefined\\",\\"template\\":[\\"$\\",\\"$L9\\",null,{}],\\"templateStyles\\":\\"$undefined\\",\\"templateScripts\\":\\"$undefined\\",\\"notFound\\":\\"$undefined\\",\\"notFoundStyles\\":\\"$undefined\\",\\"styles\\":null}],[[[\\"$\\",\\"$Lc\\",null,{\\"sx\\":{\\"display\\":{\\"xs\\":\\"flex\\",\\"md\\":\\"none\\"}},\\"children\\":[\\"$\\",\\"$Ld\\",null,{\\"spacing\\":2,\\"width\\":\\"100%\\",\\"pt\\":2,\\"children\\":[[\\"$\\",\\"$Le\\",null,{\\"variant\\":\\"rounded\\",\\"width\\":\\"100%\\",\\"height\\":30}],[[\\"$\\",\\"$Le\\",\\"0\\",{\\"width\\":\\"100%\\",\\"height\\":80,\\"variant\\":\\"rounded\\"}],[\\"$\\",\\"$Le\\",\\"1\\",{\\"width\\":\\"100%\\",\\"height\\":80,\\"variant\\":\\"rounded\\"}],[\\"$\\",\\"$Le\\",\\"2\\",{\\"width\\":\\"100%\\",\\"height\\":80,\\"variant\\":\\"rounded\\"}],[\\"$\\",\\"$Le\\",\\"3\\",{\\"width\\":\\"100%\\",\\"height\\":80,\\"variant\\":\\"rounded\\"}],[\\"$\\",\\"$Le\\",\\"4\\",{\\"width\\":\\"100%\\",\\"height\\":80,\\"variant\\":\\"rounded\\"}]]]}]}],[\\"$\\",\\"$Lc\\",null,{\\"sx\\":{\\"display\\":{\\"xs\\":\\"none\\",\\"md\\":\\"flex\\"}},\\"children\\":[\\"$\\",\\"$Ld\\",null,{\\"spacing\\":2,\\"my\\":2,\\"width\\":\\"100%\\",\\"children\\":[[\\"$\\",\\"$Le\\",null,{\\"variant\\":\\"rounded\\",\\"width\\":280,\\"height\\":30}],[\\"$\\",\\"$Ld\\",null,{\\"spacing\\":2,\\"children\\":[[\\"$\\",\\"$Le\\",\\"0\\",{\\"width\\":\\"100%\\",\\"height\\":60,\\"variant\\":\\"rounded\\"}],[\\"$\\",\\"$Le\\",\\"1\\",{\\"width\\":\\"100%\\",\\"height\\":60,\\"variant\\":\\"rounded\\"}],[\\"$\\",\\"$Le\\",\\"2\\",{\\"width\\":\\"100%\\",\\"height\\":60,\\"variant\\":\\"rounded\\"}],[\\"$\\",\\"$Le\\",\\"3\\",{\\"width\\":\\"100%\\",\\"height\\":60,\\"variant\\":\\"rounded\\"}],[\\"$\\",\\"$Le\\",\\"4\\",{\\"width\\":\\"100%\\",\\"height\\":60,\\"variant\\":\\"rounded\\"}],[\\"$\\",\\"$Le\\",\\"5\\",{\\"width\\":\\"100%\\",\\"height\\":60,\\"variant\\":\\"rounded\\"}],[\\"$\\",\\"$Le\\",\\"6\\",{\\"width\\":\\"100%\\",\\"height\\":60,\\"variant\\":\\"rounded\\"}],[\\"$\\",\\"$Le\\",\\"7\\",{\\"width\\":\\"100%\\",\\"height\\":60,\\"variant\\":\\"rounded\\"}],[\\"$\\",\\"$Le\\",\\"8\\",{\\"width\\":\\"100%\\",\\"height\\":60,\\"variant\\":\\"rounded\\"}],[\\"$\\",\\"$Le\\",\\"9\\",{\\"width\\":\\"100%\\",\\"height\\":60,\\"variant\\":\\"rounded\\"}]]}]]}]}]],[],[]]],\\"children\\":[\\"__DEFAULT__\\",{},[[\\"$a\\",\\"$L12\\"],null],null]},[[\\"$\\",\\"$Lc\\",null,{\\"children\\":[[\\"$\\",\\"$Lc\\",null,{\\"sx\\":{\\"bgcolor\\":\\"background.paper\\",\\"boxShadow\\":\\"0 2px 4px rgba(0,0,0,0.1)\\"},\\"pt\\":2,\\"children\\":[\\"$\\",\\"$Lf\\",null,{\\"children\\":[[\\"$\\",\\"$L7\\",null,{\\"parallelRouterKey\\":\\"category\\",\\"segmentPath\\":[\\"children\\",\\"product\\",\\"children\\",\\"$8\\",\\"category\\"],\\"error\\":\\"$undefined\\",\\"errorStyles\\":\\"$undefined\\",\\"errorScripts\\":\\"$undefined\\",\\"template\\":[\\"$\\",\\"$L9\\",null,{}],\\"templateStyles\\":\\"$undefined\\",\\"templateScripts\\":\\"$undefined\\",\\"notFound\\":\\"$undefined\\",\\"notFoundStyles\\":\\"$undefined\\",\\"styles\\":null}],[\\"$\\",\\"$L7\\",null,{\\"parallelRouterKey\\":\\"info\\",\\"segmentPath\\":[\\"children\\",\\"product\\",\\"children\\",\\"$8\\",\\"info\\"],\\"error\\":\\"$undefined\\",\\"errorStyles\\":\\"$undefined\\",\\"errorScripts\\":\\"$undefined\\",\\"template\\":[\\"$\\",\\"$L9\\",null,{}],\\"templateStyles\\":\\"$undefined\\",\\"templateScripts\\":\\"$undefined\\",\\"notFound\\":\\"$undefined\\",\\"notFoundStyles\\":\\"$undefined\\",\\"styles\\":null}]]}]}],[\\"$\\",\\"$Lf\\",null,{\\"children\\":[\\"$\\",\\"$L7\\",null,{\\"parallelRouterKey\\":\\"offers\\",\\"segmentPath\\":[\\"children\\",\\"product\\",\\"children\\",\\"$8\\",\\"offers\\"],\\"error\\":\\"$undefined\\",\\"errorStyles\\":\\"$undefined\\",\\"errorScripts\\":\\"$undefined\\",\\"template\\":[\\"$\\",\\"$L9\\",null,{}],\\"templateStyles\\":\\"$undefined\\",\\"templateScripts\\":\\"$undefined\\",\\"notFound\\":\\"$undefined\\",\\"notFoundStyles\\":\\"$undefined\\",\\"styles\\":null}]}]]}],null],null]},[\\"$\\",\\"$L7\\",null,{\\"parallelRouterKey\\":\\"children\\",\\"segmentPath\\":[\\"children\\",\\"product\\",\\"children\\"],\\"error\\":\\"$undefined\\",\\"errorStyles\\":\\"$undefined\\",\\"errorScripts\\":\\"$undefined\\",\\"template\\":[\\"$\\",\\"$L9\\",null,{}],\\"templateStyles\\":\\"$undefined\\",\\"templateScripts\\":\\"$undefined\\",\\"notFound\\":\\"$undefined\\",\\"notFoundStyles\\":\\"$undefined\\",\\"styles\\":null}],null]},[[\\"$\\",\\"html\\",null,{\\"lang\\":\\"en\\",\\"className\\":\\"__className_6b8127\\",\\"children\\":[[\\"$\\",\\"body\\",null,{\\"children\\":[[\\"$\\",\\"$L13\\",null,{\\"options\\":{\\"enableCssLayer\\":true},\\"children\\":[\\"$\\",\\"$L14\\",null,{\\"children\\":[\\"$\\",\\"$L15\\",null,{\\"children\\":[\\"$\\",\\"$L16\\",null,{\\"children\\":[\\"$\\",\\"$L17\\",null,{\\"children\\":[\\"$\\",\\"$L18\\",null,{\\"children\\":[\\"$\\",\\"$L19\\",null,{\\"children\\":[\\"$\\",\\"$Ld\\",null,{\\"sx\\":{\\"minHeight\\":\\"100vh\\",\\"display\\":\\"flex\\",\\"flexDirection\\":\\"column\\"},\\"children\\":[\\"$L1a\\",[\\"$\\",\\"$Lc\\",null,{\\"sx\\":{\\"mt\\":8,\\"flex\\":1},\\"children\\":[\\"$\\",\\"$L7\\",null,{\\"parallelRouterKey\\":\\"children\\",\\"segmentPath\\":[\\"children\\"],\\"error\\":\\"$undefined\\",\\"errorStyles\\":\\"$undefined\\",\\"errorScripts\\":\\"$undefined\\",\\"template\\":[\\"$\\",\\"$L9\\",null,{}],\\"templateStyles\\":\\"$undefined\\",\\"templateScripts\\":\\"$undefined\\",\\"notFound\\":[\\"$\\",\\"$L1b\\",null,{}],\\"notFoundStyles\\":[],\\"styles\\":null}]}],[\\"$\\",\\"$L1c\\",null,{}]]}]}]}]}]}]}]}]}],[\\"$\\",\\"$L1d\\",null,{\\"gaId\\":\\"G-M91Z4R0XFN\\"}]]}],[\\"$\\",\\"$L1e\\",null,{\\"async\\":true,\\"strategy\\":\\"lazyOnload\\",\\"src\\":\\"https://pagead2.googlesyndication.com/pagead/js/adsbygoogle.js?client=ca-pub-3043658465039401\\",\\"crossOrigin\\":\\"anonymous\\"}]]}],null],null],\\"couldBeIntercepted\\":false,\\"initialHead\\":[null,\\"$L1f\\"],\\"globalErrorComponent\\":\\"$20\\",\\"missingSlots\\":\\"$W21\\"}]]\\n', '12:E{\\"digest\\":\\"NEXT_NOT_FOUND\\"}\\n', '22:I[5821,[\\"3655\\",\\"static/chunks/3655-f78e4e363a5541d0.js\\",\\"6290\\",\\"static/chunks/6290-2a8ce89a0b5a3df8.js\\",\\"6381\\",\\"static/chunks/6381-2b873addadcb95f3.js\\",\\"6310\\",\\"static/chunks/6310-99207018fb617736.js\\",\\"5469\\",\\"static/chunks/5469-d5f85e2b5dbb2663.js\\",\\"6341\\",\\"static/chunks/6341-ca54939c2b36d77d.js\\",\\"6252\\",\\"static/chunks/6252-920c83842bca245b.js\\",\\"6574\\",\\"static/chunks/6574-85b13196e7d2f55e.js\\",\\"307\\",\\"static/chunks/307-cefa9bd2f7381bf5.js\\",\\"2665\\",\\"static/chunks/2665-2d172eda87a962e3.js\\",\\"684\\",\\"static/chunks/684-7de3c401504b82a2.js\\",\\"7269\\",\\"static/chunks/7269-a4bddb872ba784d5.js\\",\\"8327\\",\\"static/chunks/8327-5596df2c7a80e7eb.js\\",\\"5135\\",\\"static/chunks/5135-e150b38f04bc4ae4.js\\",\\"5127\\",\\"static/chunks/5127-7de194f1c35db063.js\\",\\"5805\\",\\"static/chunks/5805-5009d17ba83b5e07.js\\",\\"3185\\",\\"static/chunks/app/layout-0606493c769120ee.js\\"],\\"\\"]\\n23:I[6063,[\\"3655\\",\\"static/chunks/3655-f78e4e363a5541d0.js\\",\\"6290\\",\\"static/chunks/6290-2a8ce89a0b5a3df8.js\\",\\"6381\\",\\"static/chunks/6381-2b873addadcb95f3.js\\",\\"6310\\",\\"static/chunks/6310-99207018fb617736.js\\",\\"5469\\",\\"static/chunks/5469-d5f85e2b5dbb2663.js\\",\\"6341\\",\\"static/chunks/6341-ca54939c2b36d77d.js\\",\\"6252\\",\\"static/chunks/6252-920c83842bca245b.js\\",\\"6574\\",\\"static/chunks/6574-85b13196e7d2f55e.js\\",\\"307\\",\\"static/chunks/307-cefa9bd2f7381bf5.js\\",\\"2665\\",\\"static/chunks/2665-2d172eda87a962e3.js\\",\\"684\\",\\"static/chunks/684-7de3c401504b82a2.js\\",\\"7269\\",\\"static/chunks/7269-a4bddb872ba784d5.js\\",\\"8327\\",\\"static/chunks/8327-5596df2c7a80e7eb.js\\",\\"5135\\",\\"static/chunks/5135-e150b38f04bc4ae4.js\\",\\"5127\\",\\"static/chunks/5127-7de194f1c35db063.js\\",\\"5805\\",\\"static/chunks/5805-5009d17ba83b5e07.js\\",\\"3185\\",\\"static/chunks/app/layout-0606493c769120ee.js\\"],\\"default\\"]\\n24:I[92163,[\\"3655\\",\\"static/chunks/3655-f78e4e363a5541d0.js\\",\\"6290\\",\\"static/chunks/6290-2a8ce89a0b5a3df8.js\\",\\"6381\\",\\"static/chunks/6381-2b873addadcb95f3.js\\",\\"6310\\",\\"static/chunks/6310-99207018fb617736.js\\",\\"5469\\",\\"static/chunks/5469-d5f85e2b5dbb2663.js\\",\\"6341\\",\\"static/chunks/6341-ca54939c2b36d77d.js\\",\\"6252\\",\\"static/chunks/6252-920c83842bca245b.js\\",\\"6574\\",\\"static/chunks/657', '4-85b13196e7d2f55e.js\\",\\"307\\",\\"static/chunks/307-cefa9bd2f7381bf5.js\\",\\"2665\\",\\"static/chunks/2665-2d172eda87a962e3.js\\",\\"684\\",\\"static/chunks/684-7de3c401504b82a2.js\\",\\"7269\\",\\"static/chunks/7269-a4bddb872ba784d5.js\\",\\"8327\\",\\"static/chunks/8327-5596df2c7a80e7eb.js\\",\\"5135\\",\\"static/chunks/5135-e150b38f04bc4ae4.js\\",\\"5127\\",\\"static/chunks/5127-7de194f1c35db063.js\\",\\"5805\\",\\"static/chunks/5805-5009d17ba83b5e07.js\\",\\"3185\\",\\"static/chunks/app/layout-0606493c769120ee.js\\"],\\"default\\"]\\n25:I[5281,[\\"3655\\",\\"static/chunks/3655-f78e4e363a5541d0.js\\",\\"6290\\",\\"static/chunks/6290-2a8ce89a0b5a3df8.js\\",\\"6381\\",\\"static/chunks/6381-2b873addadcb95f3.js\\",\\"6310\\",\\"static/chunks/6310-99207018fb617736.js\\",\\"5469\\",\\"static/chunks/5469-d5f85e2b5dbb2663.js\\",\\"6341\\",\\"static/chunks/6341-ca54939c2b36d77d.js\\",\\"6252\\",\\"static/chunks/6252-920c83842bca245b.js\\",\\"6574\\",\\"static/chunks/6574-85b13196e7d2f55e.js\\",\\"307\\",\\"static/chunks/307-cefa9bd2f7381bf5.js\\",\\"2665\\",\\"static/chunks/2665-2d172eda87a962e3.js\\",\\"684\\",\\"static/chunks/684-7de3c401504b82a2.js\\",\\"7269\\",\\"static/chunks/7269-a4bddb872ba784d5.js\\",\\"8327\\",\\"static/chunks/8327-5596df2c7a80e7eb.js\\",\\"5135\\",\\"static/chunks/5135-e150b38f04bc4ae4.js\\",\\"5127\\",\\"static/chunks/5127-7de194f1c35db063.js\\",\\"5805\\",\\"static/chunks/5805-5009d17ba83b5e07.js\\",\\"3185\\",\\"static/chunks/app/layout-0606493c769120ee.js\\"],\\"default\\"]\\n26:I[90996,[\\"3655\\",\\"static/chunks/3655-f78e4e363a5541d0.js\\",\\"6290\\",\\"static/chunks/6290-2a8ce89a0b5a3df8.js\\",\\"6381\\",\\"static/chunks/6381-2b873addadcb95f3.js\\",\\"6310\\",\\"static/chunks/6310-99207018fb617736.js\\",\\"5469\\",\\"static/chunks/5469-d5f85e2b5dbb2663.js\\",\\"6341\\",\\"static/chunks/6341-ca54939c2b36d77d.js\\",\\"6252\\",\\"static/chunks/6252-920c83842bca245b.js\\",\\"6574\\",\\"static/chunks/6574-85b13196e7d2f55e.js\\",\\"307\\",\\"static/chunks/307-cefa9bd2f7381bf5.js\\",\\"2665\\",\\"static/chunks/2665-2d172eda87a962e3.js\\",\\"684\\",\\"static/chunks/684-7de3c401504b82a2.js\\",\\"7269\\",\\"static/chunks/7269-a4bddb872ba784d5.js\\",\\"8327\\",\\"static/chunks/8327-5596df2c7a80e7eb.js\\",\\"5135\\",\\"static/chunks/5135-e150b38f04bc4ae4.js\\",\\"5127\\",\\"static/chunks/5127-7de194f1c35db063.js\\",\\"5805\\",\\"st', 'atic/chunks/5805-5009d17ba83b5e07.js\\",\\"3185\\",\\"static/chunks/app/layout-0606493c769120ee.js\\"],\\"default\\"]\\n', '1a:[\\"$\\",\\"$L22\\",null,{\\"sx\\":{\\"backdropFilter\\":\\"blur(6px)\\",\\"backgroundColor\\":\\"rgba(255, 255, 255, 0.8)\\",\\"boxShadow\\":\\"0 2px 4px rgba(0,0,0,0.1)\\"},\\"children\\":[\\"$\\",\\"$Lf\\",null,{\\"children\\":[[\\"$\\",\\"$Ld\\",null,{\\"direction\\":\\"row\\",\\"alignItems\\":\\"center\\",\\"justifyContent\\":\\"space-between\\",\\"sx\\":{\\"display\\":{\\"xs\\":\\"flex\\",\\"md\\":\\"none\\"},\\"height\\":64},\\"children\\":[[\\"$\\",\\"$L23\\",null,{\\"isMobile\\":true}],[\\"$\\",\\"$L24\\",null,{}]]}],[\\"$\\",\\"$Ld\\",null,{\\"direction\\":\\"row\\",\\"alignItems\\":\\"center\\",\\"justifyContent\\":\\"space-between\\",\\"sx\\":{\\"display\\":{\\"xs\\":\\"none\\",\\"md\\":\\"flex\\"},\\"height\\":64},\\"children\\":[[\\"$\\",\\"$L23\\",null,{}],[\\"$\\",\\"$Lc\\",null,{\\"sx\\":{\\"display\\":\\"flex\\",\\"alignItems\\":\\"center\\",\\"gap\\":2},\\"children\\":[[\\"$\\",\\"$L25\\",null,{\\"trend\\":0.235162889442607,\\"history\\":[{\\"average_price_trend\\":0.235162889442607,\\"cycle\\":{\\"id\\":722,\\"cycle_timestamp\\":\\"$D2025-09-16T23:51:09.041Z\\"}},{\\"average_price_trend\\":-0.3933975791444141,\\"cycle\\":{\\"id\\":721,\\"cycle_timestamp\\":\\"$D2025-09-14T08:21:18.130Z\\"}},{\\"average_price_trend\\":0.03076422666606666,\\"cycle\\":{\\"id\\":720,\\"cycle_timestamp\\":\\"$D2025-09-13T12:04:33.238Z\\"}},{\\"average_price_trend\\":0.1977091683052522,\\"cycle\\":{\\"id\\":719,\\"cycle_timestamp\\":\\"$D2025-09-10T07:47:00.349Z\\"}},{\\"average_price_trend\\":0.04236148797531323,\\"cycle\\":{\\"id\\":718,\\"cycle_timestamp\\":\\"$D2025-09-06T06:54:04.013Z\\"}},{\\"average_price_trend\\":0.487140901639648,\\"cycle\\":{\\"id\\":717,\\"cycle_timestamp\\":\\"$D2025-09-03T22:06:25.743Z\\"}},{\\"average_price_trend\\":0.6299343931703866,\\"cycle\\":{\\"id\\":716,\\"cycle_timestamp\\":\\"$D2025-09-02T03:43:59.557Z\\"}},{\\"average_price_trend\\":0.113508464842328,\\"cycle\\":{\\"id\\":715,\\"cycle_timestamp\\":\\"$D2025-08-31T05:27:25.945Z\\"}},{\\"average_price_trend\\":-0.5754341906543936,\\"cycle\\":{\\"id\\":714,\\"cycle_timestamp\\":\\"$D2025-08-29T23:01:56.416Z\\"}},{\\"average_price_trend\\":-0.1559035659718694,\\"cycle\\":{\\"id\\":713,\\"cycle_timestamp\\":\\"$D2025-08-29T02:54:11.330Z\\"}},{\\"average_price_trend\\":0.1019465491560324,\\"cycle\\":{\\"id\\":712,\\"cycle_timestamp\\":\\"$D2025-08-26T02:50:00.523Z\\"}},{\\"average_price_trend\\":-0.01461561512320754,\\"cycle\\":{\\"id\\":711,\\"cycle_timestamp\\":\\"$D2025-08-23T14:42:35.806Z\\"}},{\\"average_price_trend\\":0.08809242857108397,\\"cycle\\":{\\"id\\":710,\\"cycle_timestamp\\":\\"$D2025-08-22T06:13:19.862Z\\"}},{\\"average_price_trend\\":0.923648449936234,\\"cycle\\":{\\"id\\":709,\\"cycle_timestamp\\":\\"$D2025-08-21T09:57:08.076Z\\"}},{\\"average_price_trend\\":1.36612974824761,\\"cycle\\":{\\"id\\":708,\\"cycle_timestamp\\":\\"$D2025-08-19T08:46:17.702Z\\"}},{\\"average_price_trend\\":-0.01859939297230051,\\"cycle\\":{\\"id\\":707,\\"cycle_timestamp\\":\\"$D2025-08-16T15:23:55.519Z\\"}},{\\"average_price_trend\\":-1.438164423979347,\\"cycle\\":{\\"id\\":706,\\"cycle_timestamp\\":\\"$D2025-08-15T02:13:45.730Z\\"}},{\\"average_price_trend\\":-0.1492754721908467,\\"cycle\\":{\\"id\\":705,\\"cycle_timestamp\\":\\"$D2025-08-14T06:11:54.445Z\\"}},{\\"average_price_trend\\":-0.0814588900931564,\\"cycle\\":{\\"id\\":704,\\"cycle_timestamp\\":\\"$D2025-08-08T09:30:50.961Z\\"}},{\\"average_price_trend\\":0.06597306483095598,\\"cycle\\":{\\"id\\":703,\\"cycle_timestamp\\":\\"$D2025-08-06T09:58:55.283Z\\"}}]}],[\\"$\\",\\"$L26\\",null,{}]]}]]}]]}]}]\\n', '27:\\"$Sreact.fragment\\"\\n29:I[6632,[\\"3655\\",\\"static/chunks/3655-f78e4e363a5541d0.js\\",\\"6381\\",\\"static/chunks/6381-2b873addadcb95f3.js\\",\\"635\\",\\"static/chunks/635-de4a99a005c429a5.js\\",\\"5153\\",\\"static/chunks/app/product/%5Bslug%5D/@category/page-e562e2b22b747881.js\\"],\\"\\"]\\n2a:I[36049,[\\"3655\\",\\"static/chunks/3655-f78e4e363a5541d0.js\\",\\"6381\\",\\"static/chunks/6381-2b873addadcb95f3.js\\",\\"635\\",\\"static/chunks/635-de4a99a005c429a5.js\\",\\"5153\\",\\"static/chunks/app/product/%5Bslug%5D/@category/page-e562e2b22b747881.js\\"],\\"\\"]\\n', '28:[[\\"$\\",\\"meta\\",\\"0\\",{\\"name\\":\\"viewport\\",\\"content\\":\\"width=device-width, initial-scale=1, maximum-scale=1\\"}],[\\"$\\",\\"meta\\",\\"1\\",{\\"charSet\\":\\"utf-8\\"}],[\\"$\\",\\"title\\",\\"2\\",{\\"children\\":\\"Motorola Moto G75 5G 256GB Grey with Buds - Price History, Comparison \\u0026 Alerts | BuyWisely\\"}],[\\"$\\",\\"meta\\",\\"3\\",{\\"name\\":\\"description\\",\\"content\\":\\"Crafted from premium materials and featuring military-grade¹ durability, moto g75 5G is made for everyday life. Capture sharp photos and smooth videos using the... Compare prices, track history, set alerts on BuyWisely.\\"}],[\\"$\\",\\"meta\\",\\"4\\",{\\"name\\":\\"keywords\\",\\"content\\":\\"Motorola Moto G75 5G 256GB Grey with Buds, price comparison, price history, price alerts, best deals, online shopping, BuyWisely\\"}],[\\"$\\",\\"meta\\",\\"5\\",{\\"name\\":\\"robots\\",\\"content\\":\\"index, follow\\"}],[\\"$\\",\\"meta\\",\\"6\\",{\\"name\\":\\"googlebot\\",\\"content\\":\\"index, follow, max-video-preview:-1, max-image-preview:large, max-snippet:-1\\"}],[\\"$\\",\\"link\\",\\"7\\",{\\"rel\\":\\"canonical\\",\\"href\\":\\"https://buywisely.com.au/product/motorola-moto-g75-5g-256gb-grey-with-buds\\"}],[\\"$\\",\\"meta\\",\\"8\\",{\\"property\\":\\"og:title\\",\\"content\\":\\"Motorola Moto G75 5G 256GB Grey with Buds - Price History, Comparison \\u0026 Alerts\\"}],[\\"$\\",\\"meta\\",\\"9\\",{\\"property\\":\\"og:description\\",\\"content\\":\\"Crafted from premium materials and featuring military-grade¹ durability, moto g75 5G is made for everyday life. Capture sharp photos and smooth videos using the... Compare prices, track history, set alerts on BuyWisely.\\"}],[\\"$\\",\\"meta\\",\\"10\\",{\\"property\\":\\"og:image\\",\\"content\\":\\"https://encrypted-tbn0.gstatic.com/shopping?q=tbn:ANd9GcTN0NDdrPCDIn9NaiVIb7vTMSRVKBOQbkBMTHJyb9dzqC_WY5IGMoYuvnsDtsI8XvfpsX50GHyVY5kvPm-1nSr2bXEkwcR1sLJr1IR1dAkwVcXTXGOCB8frf7o\\"}],[\\"$\\",\\"meta\\",\\"11\\",{\\"name\\":\\"twitter:card\\",\\"content\\":\\"summary_large_image\\"}],[\\"$\\",\\"meta\\",\\"12\\",{\\"name\\":\\"twitter:title\\",\\"content\\":\\"Price History, Comparison \\u0026 Tracking | Save Money on Your Purchases\\"}],[\\"$\\",\\"meta\\",\\"13\\",{\\"name\\":\\"twitter:description\\",\\"content\\":\\"Track price history, compare prices, and set price alerts for products across 20,000+ online shops. BuyWisely helps you find the best deals and make informed buying decisions.\\"}],[\\"$\\",\\"meta\\",\\"14\\",{\\"name\\":\\"twitter:image\\",\\"content\\":\\"https://buywisely.com.au/assets/images/landing/preview.png\\"}],[\\"$\\",\\"meta\\",\\"15\\",{\\"name\\":\\"next-size-adjust\\"}]]\\n', '1f:[\\"$\\",\\"$27\\",\\"k4GjLZXGGia1x7jDr8PXF\\",{\\"children\\":\\"$28\\"}]\\n5:null\\na:null\\n6:[\\"$\\",\\"$L29\\",null,{\\"sx\\":{\\"pb\\":2},\\"children\\":[[\\"$\\",\\"$L2a\\",null,{\\"underline\\":\\"hover\\",\\"color\\":\\"inherit\\",\\"href\\":\\"/\\",\\"children\\":\\"Home\\"}],[[\\"$\\",\\"$L2a\\",\\"0\\",{\\"underline\\":\\"hover\\",\\"color\\":\\"inherit\\",\\"href\\":\\"/category/New Arrivals\\",\\"children\\":\\"New Arrivals\\"}]]]}]\\n', '2b:I[70760,[\\"3655\\",\\"static/chunks/3655-f78e4e363a5541d0.js\\",\\"6290\\",\\"static/chunks/6290-2a8ce89a0b5a3df8.js\\",\\"6381\\",\\"static/chunks/6381-2b873addadcb95f3.js\\",\\"6310\\",\\"static/chunks/6310-99207018fb617736.js\\",\\"5469\\",\\"static/chunks/5469-d5f85e2b5dbb2663.js\\",\\"6341\\",\\"static/chunks/6341-ca54939c2b36d77d.js\\",\\"6252\\",\\"static/chunks/6252-920c83842bca245b.js\\",\\"6574\\",\\"static/chunks/6574-85b13196e7d2f55e.js\\",\\"307\\",\\"static/chunks/307-cefa9bd2f7381bf5.js\\",\\"2665\\",\\"static/chunks/2665-2d172eda87a962e3.js\\",\\"8393\\",\\"static/chunks/8393-4175fa3c3129adeb.js\\",\\"1682\\",\\"static/chunks/1682-b2e703b472c280ea.js\\",\\"9999\\",\\"static/chunks/9999-f564e2e7fc5b6c44.js\\",\\"4824\\",\\"static/chunks/4824-507f78e55d96f9dc.js\\",\\"1203\\",\\"static/chunks/app/product/%5Bslug%5D/@info/page-4236f2b80fc1d44c.js\\"],\\"default\\"]\\n2c:I[61165,[\\"3655\\",\\"static/chunks/3655-f78e4e363a5541d0.js\\",\\"6290\\",\\"static/chunks/6290-2a8ce89a0b5a3df8.js\\",\\"6381\\",\\"static/chunks/6381-2b873addadcb95f3.js\\",\\"6310\\",\\"static/chunks/6310-99207018fb617736.js\\",\\"5469\\",\\"static/chunks/5469-d5f85e2b5dbb2663.js\\",\\"6341\\",\\"static/chunks/6341-ca54939c2b36d77d.js\\",\\"6252\\",\\"static/chunks/6252-920c83842bca245b.js\\",\\"6574\\",\\"static/chunks/6574-85b13196e7d2f55e.js\\",\\"307\\",\\"static/chunks/307-cefa9bd2f7381bf5.js\\",\\"2665\\",\\"static/chunks/2665-2d172eda87a962e3.js\\",\\"8393\\",\\"static/chunks/8393-4175fa3c3129adeb.js\\",\\"1682\\",\\"static/chunks/1682-b2e703b472c280ea.js\\",\\"9999\\",\\"static/chunks/9999-f564e2e7fc5b6c44.js\\",\\"4824\\",\\"static/chunks/4824-507f78e55d96f9dc.js\\",\\"1203\\",\\"static/chunks/app/product/%5Bslug%5D/@info/page-4236f2b80fc1d44c.js\\"],\\"H2\\"]\\n2d:I[67988,[\\"3655\\",\\"static/chunks/3655-f78e4e363a5541d0.js\\",\\"6290\\",\\"static/chunks/6290-2a8ce89a0b5a3df8.js\\",\\"6381\\",\\"static/chunks/6381-2b873addadcb95f3.js\\",\\"6310\\",\\"static/chunks/6310-99207018fb617736.js\\",\\"5469\\",\\"static/chunks/5469-d5f85e2b5dbb2663.js\\",\\"6341\\",\\"static/chunks/6341-ca54939c2b36d77d.js\\",\\"6252\\",\\"static/chunks/6252-920c83842bca245b.js\\",\\"6574\\",\\"static/chunks/6574-85b13196e7d2f55e.js\\",\\"307\\",\\"static/chunks/307-cefa9bd2f7381bf5.js\\",\\"2665\\",\\"static/chunks/2665-2d172eda87a962e3.js\\",\\"8393\\",\\"static/chunks', '/8393-4175fa3c3129adeb.js\\",\\"1682\\",\\"static/chunks/1682-b2e703b472c280ea.js\\",\\"9999\\",\\"static/chunks/9999-f564e2e7fc5b6c44.js\\",\\"4824\\",\\"static/chunks/4824-507f78e55d96f9dc.js\\",\\"1203\\",\\"static/chunks/app/product/%5Bslug%5D/@info/page-4236f2b80fc1d44c.js\\"],\\"\\"]\\n2e:I[66079,[\\"3655\\",\\"static/chunks/3655-f78e4e363a5541d0.js\\",\\"6290\\",\\"static/chunks/6290-2a8ce89a0b5a3df8.js\\",\\"6381\\",\\"static/chunks/6381-2b873addadcb95f3.js\\",\\"6310\\",\\"static/chunks/6310-99207018fb617736.js\\",\\"5469\\",\\"static/chunks/5469-d5f85e2b5dbb2663.js\\",\\"6341\\",\\"static/chunks/6341-ca54939c2b36d77d.js\\",\\"6252\\",\\"static/chunks/6252-920c83842bca245b.js\\",\\"6574\\",\\"static/chunks/6574-85b13196e7d2f55e.js\\",\\"307\\",\\"static/chunks/307-cefa9bd2f7381bf5.js\\",\\"2665\\",\\"static/chunks/2665-2d172eda87a962e3.js\\",\\"8393\\",\\"static/chunks/8393-4175fa3c3129adeb.js\\",\\"1682\\",\\"static/chunks/1682-b2e703b472c280ea.js\\",\\"9999\\",\\"static/chunks/9999-f564e2e7fc5b6c44.js\\",\\"4824\\",\\"static/chunks/4824-507f78e55d96f9dc.js\\",\\"1203\\",\\"static/chunks/app/product/%5Bslug%5D/@info/page-4236f2b80fc1d44c.js\\"],\\"\\"]\\n2f:I[61165,[\\"3655\\",\\"static/chunks/3655-f78e4e363a5541d0.js\\",\\"6290\\",\\"static/chunks/6290-2a8ce89a0b5a3df8.js\\",\\"6381\\",\\"static/chunks/6381-2b873addadcb95f3.js\\",\\"6310\\",\\"static/chunks/6310-99207018fb617736.js\\",\\"5469\\",\\"static/chunks/5469-d5f85e2b5dbb2663.js\\",\\"6341\\",\\"static/chunks/6341-ca54939c2b36d77d.js\\",\\"6252\\",\\"static/chunks/6252-920c83842bca245b.js\\",\\"6574\\",\\"static/chunks/6574-85b13196e7d2f55e.js\\",\\"307\\",\\"static/chunks/307-cefa9bd2f7381bf5.js\\",\\"2665\\",\\"static/chunks/2665-2d172eda87a962e3.js\\",\\"8393\\",\\"static/chunks/8393-4175fa3c3129adeb.js\\",\\"1682\\",\\"static/chunks/1682-b2e703b472c280ea.js\\",\\"9999\\",\\"static/chunks/9999-f564e2e7fc5b6c44.js\\",\\"4824\\",\\"static/chunks/4824-507f78e55d96f9dc.js\\",\\"1203\\",\\"static/chunks/app/product/%5Bslug%5D/@info/page-4236f2b80fc1d44c.js\\"],\\"H6\\"]\\n30:I[74191,[\\"3655\\",\\"static/chunks/3655-f78e4e363a5541d0.js\\",\\"6290\\",\\"static/chunks/6290-2a8ce89a0b5a3df8.js\\",\\"6381\\",\\"static/chunks/6381-2b873addadcb95f3.js\\",\\"6310\\",\\"static/chunks/6310-99207018fb617736.js\\",\\"5469\\",\\"static/chunks/5469-d5f85e2b5dbb2663.js\\",\\"6341\\",\\"stati', 'c/chunks/6341-ca54939c2b36d77d.js\\",\\"6252\\",\\"static/chunks/6252-920c83842bca245b.js\\",\\"6574\\",\\"static/chunks/6574-85b13196e7d2f55e.js\\",\\"307\\",\\"static/chunks/307-cefa9bd2f7381bf5.js\\",\\"2665\\",\\"static/chunks/2665-2d172eda87a962e3.js\\",\\"8393\\",\\"static/chunks/8393-4175fa3c3129adeb.js\\",\\"1682\\",\\"static/chunks/1682-b2e703b472c280ea.js\\",\\"9999\\",\\"static/chunks/9999-f564e2e7fc5b6c44.js\\",\\"4824\\",\\"static/chunks/4824-507f78e55d96f9dc.js\\",\\"1203\\",\\"static/chunks/app/product/%5Bslug%5D/@info/page-4236f2b80fc1d44c.js\\"],\\"default\\"]\\n31:I[61165,[\\"3655\\",\\"static/chunks/3655-f78e4e363a5541d0.js\\",\\"6290\\",\\"static/chunks/6290-2a8ce89a0b5a3df8.js\\",\\"6381\\",\\"static/chunks/6381-2b873addadcb95f3.js\\",\\"6310\\",\\"static/chunks/6310-99207018fb617736.js\\",\\"5469\\",\\"static/chunks/5469-d5f85e2b5dbb2663.js\\",\\"6341\\",\\"static/chunks/6341-ca54939c2b36d77d.js\\",\\"6252\\",\\"static/chunks/6252-920c83842bca245b.js\\",\\"6574\\",\\"static/chunks/6574-85b13196e7d2f55e.js\\",\\"307\\",\\"static/chunks/307-cefa9bd2f7381bf5.js\\",\\"2665\\",\\"static/chunks/2665-2d172eda87a962e3.js\\",\\"8393\\",\\"static/chunks/8393-4175fa3c3129adeb.js\\",\\"1682\\",\\"static/chunks/1682-b2e703b472c280ea.js\\",\\"9999\\",\\"static/chunks/9999-f564e2e7fc5b6c44.js\\",\\"4824\\",\\"static/chunks/4824-507f78e55d96f9dc.js\\",\\"1203\\",\\"static/chunks/app/product/%5Bslug%5D/@info/page-4236f2b80fc1d44c.js\\"],\\"Paragraph\\"]\\n32:I[40958,[\\"3655\\",\\"static/chunks/3655-f78e4e363a5541d0.js\\",\\"6290\\",\\"static/chunks/6290-2a8ce89a0b5a3df8.js\\",\\"6381\\",\\"static/chunks/6381-2b873addadcb95f3.js\\",\\"6310\\",\\"static/chunks/6310-99207018fb617736.js\\",\\"5469\\",\\"static/chunks/5469-d5f85e2b5dbb2663.js\\",\\"6341\\",\\"static/chunks/6341-ca54939c2b36d77d.js\\",\\"6252\\",\\"static/chunks/6252-920c83842bca245b.js\\",\\"6574\\",\\"static/chunks/6574-85b13196e7d2f55e.js\\",\\"307\\",\\"static/chunks/307-cefa9bd2f7381bf5.js\\",\\"2665\\",\\"static/chunks/2665-2d172eda87a962e3.js\\",\\"8393\\",\\"static/chunks/8393-4175fa3c3129adeb.js\\",\\"1682\\",\\"static/chunks/1682-b2e703b472c280ea.js\\",\\"9999\\",\\"static/chunks/9999-f564e2e7fc5b6c44.js\\",\\"4824\\",\\"static/chunks/4824-507f78e55d96f9dc.js\\",\\"1203\\",\\"static/chunks/app/product/%5Bslug%5D/@info/page-4236f2b80fc1d44c.js\\"],\\"default\\"', ']\\n51:I[61165,[\\"3655\\",\\"static/chunks/3655-f78e4e363a5541d0.js\\",\\"6290\\",\\"static/chunks/6290-2a8ce89a0b5a3df8.js\\",\\"6381\\",\\"static/chunks/6381-2b873addadcb95f3.js\\",\\"6310\\",\\"static/chunks/6310-99207018fb617736.js\\",\\"5469\\",\\"static/chunks/5469-d5f85e2b5dbb2663.js\\",\\"6341\\",\\"static/chunks/6341-ca54939c2b36d77d.js\\",\\"6252\\",\\"static/chunks/6252-920c83842bca245b.js\\",\\"6574\\",\\"static/chunks/6574-85b13196e7d2f55e.js\\",\\"307\\",\\"static/chunks/307-cefa9bd2f7381bf5.js\\",\\"2665\\",\\"static/chunks/2665-2d172eda87a962e3.js\\",\\"8393\\",\\"static/chunks/8393-4175fa3c3129adeb.js\\",\\"1682\\",\\"static/chunks/1682-b2e703b472c280ea.js\\",\\"9999\\",\\"static/chunks/9999-f564e2e7fc5b6c44.js\\",\\"4824\\",\\"static/chunks/4824-507f78e55d96f9dc.js\\",\\"1203\\",\\"static/chunks/app/product/%5Bslug%5D/@info/page-4236f2b80fc1d44c.js\\"],\\"H4\\"]\\n52:I[97452,[\\"3655\\",\\"static/chunks/3655-f78e4e363a5541d0.js\\",\\"6290\\",\\"static/chunks/6290-2a8ce89a0b5a3df8.js\\",\\"6381\\",\\"static/chunks/6381-2b873addadcb95f3.js\\",\\"6310\\",\\"static/chunks/6310-99207018fb617736.js\\",\\"5469\\",\\"static/chunks/5469-d5f85e2b5dbb2663.js\\",\\"6341\\",\\"static/chunks/6341-ca54939c2b36d77d.js\\",\\"6252\\",\\"static/chunks/6252-920c83842bca245b.js\\",\\"6574\\",\\"static/chunks/6574-85b13196e7d2f55e.js\\",\\"307\\",\\"static/chunks/307-cefa9bd2f7381bf5.js\\",\\"2665\\",\\"static/chunks/2665-2d172eda87a962e3.js\\",\\"8393\\",\\"static/chunks/8393-4175fa3c3129adeb.js\\",\\"1682\\",\\"static/chunks/1682-b2e703b472c280ea.js\\",\\"9999\\",\\"static/chunks/9999-f564e2e7fc5b6c44.js\\",\\"4824\\",\\"static/chunks/4824-507f78e55d96f9dc.js\\",\\"1203\\",\\"static/chunks/app/product/%5Bslug%5D/@info/page-4236f2b80fc1d44c.js\\"],\\"\\"]\\n53:I[65469,[\\"3655\\",\\"static/chunks/3655-f78e4e363a5541d0.js\\",\\"6290\\",\\"static/chunks/6290-2a8ce89a0b5a3df8.js\\",\\"6381\\",\\"static/chunks/6381-2b873addadcb95f3.js\\",\\"6310\\",\\"static/chunks/6310-99207018fb617736.js\\",\\"5469\\",\\"static/chunks/5469-d5f85e2b5dbb2663.js\\",\\"6341\\",\\"static/chunks/6341-ca54939c2b36d77d.js\\",\\"6252\\",\\"static/chunks/6252-920c83842bca245b.js\\",\\"6574\\",\\"static/chunks/6574-85b13196e7d2f55e.js\\",\\"307\\",\\"static/chunks/307-cefa9bd2f7381bf5.js\\",\\"2665\\",\\"static/chunks/2665-2d172eda87a962e3.js\\",\\"8393\\",\\"static/chunks/8393', '-4175fa3c3129adeb.js\\",\\"1682\\",\\"static/chunks/1682-b2e703b472c280ea.js\\",\\"9999\\",\\"static/chunks/9999-f564e2e7fc5b6c44.js\\",\\"4824\\",\\"static/chunks/4824-507f78e55d96f9dc.js\\",\\"1203\\",\\"static/chunks/app/product/%5Bslug%5D/@info/page-4236f2b80fc1d44c.js\\"],\\"\\"]\\n54:I[77509,[\\"3655\\",\\"static/chunks/3655-f78e4e363a5541d0.js\\",\\"6290\\",\\"static/chunks/6290-2a8ce89a0b5a3df8.js\\",\\"6381\\",\\"static/chunks/6381-2b873addadcb95f3.js\\",\\"6310\\",\\"static/chunks/6310-99207018fb617736.js\\",\\"5469\\",\\"static/chunks/5469-d5f85e2b5dbb2663.js\\",\\"6341\\",\\"static/chunks/6341-ca54939c2b36d77d.js\\",\\"6252\\",\\"static/chunks/6252-920c83842bca245b.js\\",\\"6574\\",\\"static/chunks/6574-85b13196e7d2f55e.js\\",\\"307\\",\\"static/chunks/307-cefa9bd2f7381bf5.js\\",\\"2665\\",\\"static/chunks/2665-2d172eda87a962e3.js\\",\\"8393\\",\\"static/chunks/8393-4175fa3c3129adeb.js\\",\\"1682\\",\\"static/chunks/1682-b2e703b472c280ea.js\\",\\"9999\\",\\"static/chunks/9999-f564e2e7fc5b6c44.js\\",\\"4824\\",\\"static/chunks/4824-507f78e55d96f9dc.js\\",\\"1203\\",\\"static/chunks/app/product/%5Bslug%5D/@info/page-4236f2b80fc1d44c.js\\"],\\"default\\"]\\n55:I[61165,[\\"3655\\",\\"static/chunks/3655-f78e4e363a5541d0.js\\",\\"6290\\",\\"static/chunks/6290-2a8ce89a0b5a3df8.js\\",\\"6381\\",\\"static/chunks/6381-2b873addadcb95f3.js\\",\\"6310\\",\\"static/chunks/6310-99207018fb617736.js\\",\\"5469\\",\\"static/chunks/5469-d5f85e2b5dbb2663.js\\",\\"6341\\",\\"static/chunks/6341-ca54939c2b36d77d.js\\",\\"6252\\",\\"static/chunks/6252-920c83842bca245b.js\\",\\"6574\\",\\"static/chunks/6574-85b13196e7d2f55e.js\\",\\"307\\",\\"static/chunks/307-cefa9bd2f7381bf5.js\\",\\"2665\\",\\"static/chunks/2665-2d172eda87a962e3.js\\",\\"8393\\",\\"static/chunks/8393-4175fa3c3129adeb.js\\",\\"1682\\",\\"static/chunks/1682-b2e703b472c280ea.js\\",\\"9999\\",\\"static/chunks/9999-f564e2e7fc5b6c44.js\\",\\"4824\\",\\"static/chunks/4824-507f78e55d96f9dc.js\\",\\"1203\\",\\"static/chunks/app/product/%5Bslug%5D/@info/page-4236f2b80fc1d44c.js\\"],\\"H3\\"]\\n56:I[61165,[\\"3655\\",\\"static/chunks/3655-f78e4e363a5541d0.js\\",\\"6290\\",\\"static/chunks/6290-2a8ce89a0b5a3df8.js\\",\\"6381\\",\\"static/chunks/6381-2b873addadcb95f3.js\\",\\"6310\\",\\"static/chunks/6310-99207018fb617736.js\\",\\"5469\\",\\"static/chunks/5469-d5f85e2b5dbb2663.js\\",\\"6341\\",\\"sta', 'tic/chunks/6341-ca54939c2b36d77d.js\\",\\"6252\\",\\"static/chunks/6252-920c83842bca245b.js\\",\\"6574\\",\\"static/chunks/6574-85b13196e7d2f55e.js\\",\\"307\\",\\"static/chunks/307-cefa9bd2f7381bf5.js\\",\\"2665\\",\\"static/chunks/2665-2d172eda87a962e3.js\\",\\"8393\\",\\"static/chunks/8393-4175fa3c3129adeb.js\\",\\"1682\\",\\"static/chunks/1682-b2e703b472c280ea.js\\",\\"9999\\",\\"static/chunks/9999-f564e2e7fc5b6c44.js\\",\\"4824\\",\\"static/chunks/4824-507f78e55d96f9dc.js\\",\\"1203\\",\\"static/chunks/app/product/%5Bslug%5D/@info/page-4236f2b80fc1d44c.js\\"],\\"Small\\"]\\n57:I[61165,[\\"3655\\",\\"static/chunks/3655-f78e4e363a5541d0.js\\",\\"6290\\",\\"static/chunks/6290-2a8ce89a0b5a3df8.js\\",\\"6381\\",\\"static/chunks/6381-2b873addadcb95f3.js\\",\\"6310\\",\\"static/chunks/6310-99207018fb617736.js\\",\\"5469\\",\\"static/chunks/5469-d5f85e2b5dbb2663.js\\",\\"6341\\",\\"static/chunks/6341-ca54939c2b36d77d.js\\",\\"6252\\",\\"static/chunks/6252-920c83842bca245b.js\\",\\"6574\\",\\"static/chunks/6574-85b13196e7d2f55e.js\\",\\"307\\",\\"static/chunks/307-cefa9bd2f7381bf5.js\\",\\"2665\\",\\"static/chunks/2665-2d172eda87a962e3.js\\",\\"8393\\",\\"static/chunks/8393-4175fa3c3129adeb.js\\",\\"1682\\",\\"static/chunks/1682-b2e703b472c280ea.js\\",\\"9999\\",\\"static/chunks/9999-f564e2e7fc5b6c44.js\\",\\"4824\\",\\"static/chunks/4824-507f78e55d96f9dc.js\\",\\"1203\\",\\"static/chunks/app/product/%5Bslug%5D/@info/page-4236f2b80fc1d44c.js\\"],\\"H5\\"]\\n58:I[35658,[\\"3655\\",\\"static/chunks/3655-f78e4e363a5541d0.js\\",\\"6290\\",\\"static/chunks/6290-2a8ce89a0b5a3df8.js\\",\\"6381\\",\\"static/chunks/6381-2b873addadcb95f3.js\\",\\"6310\\",\\"static/chunks/6310-99207018fb617736.js\\",\\"5469\\",\\"static/chunks/5469-d5f85e2b5dbb2663.js\\",\\"6341\\",\\"static/chunks/6341-ca54939c2b36d77d.js\\",\\"6252\\",\\"static/chunks/6252-920c83842bca245b.js\\",\\"6574\\",\\"static/chunks/6574-85b13196e7d2f55e.js\\",\\"307\\",\\"static/chunks/307-cefa9bd2f7381bf5.js\\",\\"2665\\",\\"static/chunks/2665-2d172eda87a962e3.js\\",\\"8393\\",\\"static/chunks/8393-4175fa3c3129adeb.js\\",\\"1682\\",\\"static/chunks/1682-b2e703b472c280ea.js\\",\\"9999\\",\\"static/chunks/9999-f564e2e7fc5b6c44.js\\",\\"4824\\",\\"static/chunks/4824-507f78e55d96f9dc.js\\",\\"1203\\",\\"static/chunks/app/product/%5Bslug%5D/@info/page-4236f2b80fc1d44c.js\\"],\\"Image\\"]\\n34:[]\\n3', '6:{\\"gid\\":\\"15797211988331096831\\",\\"image\\":\\"https://encrypted-tbn0.gstatic.com/shopping?q=tbn:ANd9GcSMKJEcJ5xuZEACgvb5b-OsiulwL1b5Ivy7wbsYiJ3A2vpwsAhIjV_QMfs2iyap5nDsHiEzTcaeGYaz_I5WBRrUjD5abtI2D4WPYd1uowVZArHKnsIo95M\\u0026usqp=CAY\\"}\\n37:{\\"gid\\":\\"7830005719273689496\\",\\"image\\":\\"https://encrypted-tbn2.gstatic.com/shopping?q=tbn:ANd9GcRj65GJdYa0MGuv8L9RWAAJVks98kaBva-KPH34o7Nn8_xgtjFvHpEsyG-G9u_PAZwKCzR1UnPFs6JC5duNRu9kW-AZSxHpJQaql2ly1iZ6Cl09iaqRzqc\\u0026usqp=CAY\\"}\\n38:{\\"gid\\":\\"10929348810251206946\\",\\"image\\":\\"https://encrypted-tbn3.gstatic.com/shopping?q=tbn:ANd9GcQktEYbdVk26_5fVXmkf85U_V4MhhlgNSCKuEGMaIHFomdm78AIUKXN6e8XyuLWwiqXOJc6OF55c3TRby_V36YYx0Twj-TArJEJ3e_Z\\u0026usqp=CAY\\"}\\n35:[\\"$36\\",\\"$37\\",\\"$38\\"]\\n39:[\\"https://encrypted-tbn0.gstatic.com/shopping?q=tbn:ANd9GcSqDaT816y1UmPhBrzkea3Dn_Hh8yTT3fZX4XBtJEkQcCWOz-LJ1AMEbRRDBSKM-M061mIP09PmjUwBgDldhA0acuhIAop7lQ\\u0026usqp=CAY\\",\\"https://encrypted-tbn3.gstatic.com/shopping?q=tbn:ANd9GcQfbnmIwlniWJ2_8uNp4bDf-6Ju-12jrovvM3RkZ_F8hYC0DcS85hBW3VZ9oCT7zcvdcW7cG-u8JHbZQMXKs0v2Co4aSaICOQ\\u0026usqp=CAY\\",\\"https://encrypted-tbn0.gstatic.com/shopping?q=tbn:ANd9GcR8UqT2y3HwL6mbcrp9X3EK1qROspiqDkg2j-9eEDSoFr4zLWQaFn_YrCOAi5hlWIs3MKewSYZSOFGmiREKJJNSBeWTMR7I\\u0026usqp=CAY\\",\\"https://encrypted-tbn3.gstatic.com/shopping?q=tbn:ANd9GcSqlFWOdYRimHwGbRJI5IbP1AoXqAoJxhYRcQyn_ApjOgs6Plh_8JB3o2ty4s-L5Cg5FksrYalJmjsHi8o23nCuDdFhKywx\\u0026usqp=CAY\\",\\"https://encrypted-tbn3.gstatic.com/shopping?q=tbn:ANd9GcTGaMNVsjZ6wopAkoCqf1frqUqC33R2pndPv3vm8_EbCO6PYXg6BBsU3OD398cOK_BW1ThT4nJXKLSf30DZHd0mG8Zq0KPDnw\\u0026usqp=CAY\\",\\"https://encrypted-tbn3.gstatic.com/shopping?q=tbn:ANd9GcSNnV_WMDGVD4l6oHYCubmAQT7jpJwR2zyu-MbXinPr0z2qL-TKjOS5KkDIYnN4Fn69kQ-BiBFAiYqv9rH5kvHsmNICBre4\\u0026usqp=CAY\\",\\"https://encrypted-tbn3.gstatic.com/shopping?q=tbn:ANd9GcTT9EARYceKt_jqn9X4MH43Ey1bIDrsnZc5wPjG0wS-F-wQ9PJta1l4A-AxAAyko3Z5IvHSgO0_Gnn4enHFUQoYVIaWvMZk\\u0026usqp=CAY\\",\\"https://encrypted-tbn0.gstatic.com/shopping?q=tbn:ANd9GcTpF9PimunMhlcnHfgzkn895rKQb35EW48PS-IM0lwnuADaF5tC3szKbe9ZkxnAHAXp6fnGEBkgzmDcz0ElPmL-WzR4HBShmg\\u0026usqp=CAY\\",\\"https://encrypted-tbn2.gstatic.com/shopping?q=tbn:AN', 'd9GcT56PnF6Ir30ACBooV4QML9XqGxPMeS0UD-J-IOmt4RfpWkpWyt9SsenHDo-DCqfhurJ2kXsVOBsMMEV9L72XZYRPTuRv6C\\u0026usqp=CAY\\",\\"https://encrypted-tbn2.gstatic.com/shopping?q=tbn:ANd9GcRG-GwVx5yd5FeS1o4JqlvUNwo3MPbl6Vc91YmWDI7TxsS8K17-ngY2Swkyvx_kAQg74KZJLwhOXKfvPq_3PHKWlmwNPzLPfg\\u0026usqp=CAY\\",\\"https://encrypted-tbn0.gstatic.com/shopping?q=tbn:ANd9GcTcKKMgCXlJBxNH38rkCOoEjV0HdTnoWIilR_2EhskIJR6-4tF8CNhNhqIGSunQGyXQXvQG3Cy2lWEVq7bg-_x8LP0YeD6ZVQ\\u0026usqp=CAY\\",\\"https://encrypted-tbn2.gstatic.com/shopping?q=tbn:ANd9GcSrenO1gNc233DGNWBIH4nRqrJPMwjW9ZIOfZ-NwBq8vYwNzpba6jAeRAkG5OVrB7tCPhPT_E-ODrd0HhJgHD33EjgK7MZTNA\\u0026usqp=CAY\\"]\\n3b:{\\"name\\":\\"Network\\",\\"value\\":\\"5G\\"}\\n3c:{\\"name\\":\\"Sim Card Type\\",\\"value\\":\\"eSIM / Nano\\"}\\n3d:{\\"name\\":\\"Operating System\\",\\"value\\":\\"Android 14\\"}\\n3e:{\\"name\\":\\"Display\\",\\"value\\":\\"6.8 inches Full HD+\\"}\\n3f:{\\"name\\":\\"Video Recording\\",\\"value\\":\\"4K\\"}\\n40:{\\"name\\":\\"Phone Family\\",\\"value\\":\\"Moto g75\\"}\\n41:{\\"name\\":\\"Expandable Storage\\",\\"value\\":\\"up to 1TB microSD card expandable\\"}\\n42:{\\"name\\":\\"RAM Size\\",\\"value\\":\\"8GB\\"}\\n43:{\\"name\\":\\"Bluetooth\\",\\"value\\":\\"5.4\\"}\\n44:{\\"name\\":\\"GPS\\",\\"value\\":\\"GPS A-GPS LTEPP SUPL GLONASS Galileo QZSS BeiDou\\"}\\n45:{\\"name\\":\\"Product Width (mm)\\",\\"value\\":\\"77.1\\"}\\n46:{\\"name\\":\\"Product Height (mm)\\",\\"value\\":\\"165.95\\"}\\n47:{\\"name\\":\\"Product Depth (mm)\\",\\"value\\":\\"7.99\\"}\\n48:{\\"name\\":\\"Battery\\",\\"value\\":\\"5000mAh\\"}\\n49:{\\"name\\":\\"Manufacturer\'s Warranty\\",\\"value\\":\\"2 Years\\"}\\n4a:{\\"name\\":\\"Storage Size\\",\\"value\\":\\"256GB\\"}\\n4b:{\\"name\\":\\"Colour\\",\\"value\\":\\"Charcoal Grey\\"}\\n4c:{\\"name\\":\\"Display Resolution\\",\\"value\\":\\"2388 1080\\"}\\n4d:{\\"name\\":\\"Weight (g)\\",\\"value\\":\\"180\\"}\\n4e:{\\"name\\":\\"Front Camera\\",\\"value\\":\\"8MP\\"}\\n4f:{\\"name\\":\\"Rear Camera\\",\\"value\\":\\"50MP\\"}\\n50:{\\"name\\":\\"Release Year\\",\\"value\\":\\"2024\\"}\\n3a:[\\"$3b\\",\\"$3c\\",\\"$3d\\",\\"$3e\\",\\"$3f\\",\\"$40\\",\\"$41\\",\\"$42\\",\\"$43\\",\\"$44\\",\\"$45\\",\\"$46\\",\\"$47\\",\\"$48\\",\\"$49\\",\\"$4a\\",\\"$4b\\",\\"$4c\\",\\"$4d\\",\\"$4e\\",\\"$4f\\",\\"$50\\"]\\n33:{\\"title\\":\\"Motorola Moto G75 5G 256GB Grey with Buds\\",\\"image\\":\\"https://encrypted-tbn0.gstatic.com/shopping?q=tbn:ANd9GcTN0NDdrPCDIn9NaiVIb7vTMSRVKBOQbkBMTHJyb9dzqC_WY5IGMoYuvnsDtsI8XvfpsX50GHyVY5kvPm-1nSr2bXEkwcR1sLJr1IR1dAkwVcXTXGOCB8frf7o\\",\\"variants\\":', '\\"$34\\",\\"colors\\":\\"$35\\",\\"thumbnails\\":\\"$39\\",\\"details\\":\\"Crafted from premium materials and featuring military-grade¹ durability, moto g75 5G is made for everyday life. Capture sharp photos and smooth videos using the Sony - LYTIA 600 camera with OIS. Enjoy endless entertainment on a super-bright 6.8\\\\\\" Full HD+ display backed by Dolby Atmos sound. Plus, be the first to experience the efficiency of the latest Qualcomm Snapdragon processor, a 5000mAh battery with 30W TurboPower charging²,15W wireless charging³, and 256GB⁴ of built-in storage. And it comes bundled with moto buds earbuds, featuring a large dynamic driver, and Hi-Res Audio. Immerse yourself in music and movies, experiencing high-quality, balanced sound with enhanced bass.\\",\\"specs\\":\\"$3a\\",\\"id\\":83429707,\\"reviews_count\\":976,\\"reviews_rating\\":\\"4.5\\",\\"discount\\":\\"0\\",\\"offer_amount\\":24,\\"lowest_price\\":\\"391.00\\",\\"highest_price\\":\\"499.00\\"}\\n', 'b:[[\\"$\\",\\"$L10\\",null,{\\"container\\":true,\\"justifyContent\\":\\"space-around\\",\\"spacing\\":{\\"xs\\":0,\\"md\\":0},\\"children\\":[[\\"$\\",\\"$L10\\",null,{\\"item\\":true,\\"md\\":4,\\"xs\\":12,\\"children\\":[\\"$\\",\\"$L2b\\",null,{\\"product\\":{\\"title\\":\\"Motorola Moto G75 5G 256GB Grey with Buds\\",\\"image\\":\\"https://encrypted-tbn0.gstatic.com/shopping?q=tbn:ANd9GcTN0NDdrPCDIn9NaiVIb7vTMSRVKBOQbkBMTHJyb9dzqC_WY5IGMoYuvnsDtsI8XvfpsX50GHyVY5kvPm-1nSr2bXEkwcR1sLJr1IR1dAkwVcXTXGOCB8frf7o\\",\\"variants\\":[],\\"colors\\":[{\\"gid\\":\\"15797211988331096831\\",\\"image\\":\\"https://encrypted-tbn0.gstatic.com/shopping?q=tbn:ANd9GcSMKJEcJ5xuZEACgvb5b-OsiulwL1b5Ivy7wbsYiJ3A2vpwsAhIjV_QMfs2iyap5nDsHiEzTcaeGYaz_I5WBRrUjD5abtI2D4WPYd1uowVZArHKnsIo95M\\u0026usqp=CAY\\"},{\\"gid\\":\\"7830005719273689496\\",\\"image\\":\\"https://encrypted-tbn2.gstatic.com/shopping?q=tbn:ANd9GcRj65GJdYa0MGuv8L9RWAAJVks98kaBva-KPH34o7Nn8_xgtjFvHpEsyG-G9u_PAZwKCzR1UnPFs6JC5duNRu9kW-AZSxHpJQaql2ly1iZ6Cl09iaqRzqc\\u0026usqp=CAY\\"},{\\"gid\\":\\"10929348810251206946\\",\\"image\\":\\"https://encrypted-tbn3.gstatic.com/shopping?q=tbn:ANd9GcQktEYbdVk26_5fVXmkf85U_V4MhhlgNSCKuEGMaIHFomdm78AIUKXN6e8XyuLWwiqXOJc6OF55c3TRby_V36YYx0Twj-TArJEJ3e_Z\\u0026usqp=CAY\\"}],\\"thumbnails\\":[\\"https://encrypted-tbn0.gstatic.com/shopping?q=tbn:ANd9GcSqDaT816y1UmPhBrzkea3Dn_Hh8yTT3fZX4XBtJEkQcCWOz-LJ1AMEbRRDBSKM-M061mIP09PmjUwBgDldhA0acuhIAop7lQ\\u0026usqp=CAY\\",\\"https://encrypted-tbn3.gstatic.com/shopping?q=tbn:ANd9GcQfbnmIwlniWJ2_8uNp4bDf-6Ju-12jrovvM3RkZ_F8hYC0DcS85hBW3VZ9oCT7zcvdcW7cG-u8JHbZQMXKs0v2Co4aSaICOQ\\u0026usqp=CAY\\",\\"https://encrypted-tbn0.gstatic.com/shopping?q=tbn:ANd9GcR8UqT2y3HwL6mbcrp9X3EK1qROspiqDkg2j-9eEDSoFr4zLWQaFn_YrCOAi5hlWIs3MKewSYZSOFGmiREKJJNSBeWTMR7I\\u0026usqp=CAY\\",\\"https://encrypted-tbn3.gstatic.com/shopping?q=tbn:ANd9GcSqlFWOdYRimHwGbRJI5IbP1AoXqAoJxhYRcQyn_ApjOgs6Plh_8JB3o2ty4s-L5Cg5FksrYalJmjsHi8o23nCuDdFhKywx\\u0026usqp=CAY\\",\\"https://encrypted-tbn3.gstatic.com/shopping?q=tbn:ANd9GcTGaMNVsjZ6wopAkoCqf1frqUqC33R2pndPv3vm8_EbCO6PYXg6BBsU3OD398cOK_BW1ThT4nJXKLSf30DZHd0mG8Zq0KPDnw\\u0026usqp=CAY\\",\\"https://encrypted-tbn3.gstatic.com/shopping?q=tbn:ANd9GcSNnV_WMDGVD4l6oHYCubmAQT7jpJwR2zyu-MbXinPr0z2qL-TKjOS5KkDIYnN4Fn69kQ-BiBFAiYqv9rH5kvHsmNICBre4\\u0026usqp=CAY\\",\\"https://encrypted-tbn3.gstatic.com/shopping?q=tbn:ANd9GcTT9EARYceKt_jqn9X4MH43Ey1bIDrsnZc5wPjG0wS-F-wQ9PJta1l4A-AxAAyko3Z5IvHSgO0_Gnn4enHFUQoYVIaWvMZk\\u0026usqp=CAY\\",\\"https://encrypted-tbn0.gstatic.com/shopping?q=tbn:ANd9GcTpF9PimunMhlcnHfgzkn895rKQb35EW48PS-IM0lwnuADaF5tC3szKbe9ZkxnAHAXp6fnGEBkgzmDcz0ElPmL-WzR4HBShmg\\u0026usqp=CAY\\",\\"https://encrypted-tbn2.gstatic.com/shopping?q=tbn:ANd9GcT56PnF6Ir30ACBooV4QML9XqGxPMeS0UD-J-IOmt4RfpWkpWyt9SsenHDo-DCqfhurJ2kXsVOBsMMEV9L72XZYRPTuRv6C\\u0026usqp=CAY\\",\\"https://encrypted-tbn2.gstatic.com/shopping?q=tbn:ANd9GcRG-GwVx5yd5FeS1o4JqlvUNwo3MPbl6Vc91YmWDI7TxsS8K17-ngY2Swkyvx_kAQg74KZJLwhOXKfvPq_3PHKWlmwNPzLPfg\\u0026usqp=CAY\\",\\"https://encrypted-tbn0.gstatic.com/shopping?q=tbn:ANd9GcTcKKMgCXlJBxNH38rkCOoEjV0HdTnoWIilR_2EhskIJR6-4tF8CNhNhqIGSunQGyXQXvQG3Cy2lWEVq7bg-_x8LP0YeD6ZVQ\\u0026usqp=CAY\\",\\"https://encrypted-tbn2.gstatic.com/shopping?q=tbn:ANd9GcSrenO1gNc233DGNWBIH4nRqrJPMwjW9ZIOfZ-NwBq8vYwNzpba6jAeRAkG5OVrB7tCPhPT_E-ODrd0HhJgHD33EjgK7MZTNA\\u0026usqp=CAY\\"],\\"details\\":\\"Crafted from premium materials and featuring military-grade¹ durability, moto g75 5G is made for everyday life. Capture sharp photos and smooth videos using the Sony - LYTIA 600 camera with OIS. Enjoy endless entertainment on a super-bright 6.8\\\\\\" Full HD+ display backed by Dolby Atmos sound. Plus, be the first to experience the efficiency of the latest Qualcomm Snapdragon processor, a 5000mAh battery with 30W TurboPower charging²,15W wireless charging³, and 256GB⁴ of built-in storage. And it comes bundled with moto buds earbuds, featuring a large dynamic driver, and Hi-Res Audio. Immerse yourself in music and movies, experiencing high-quality, balanced sound with enhanced bass.\\",\\"specs\\":[{\\"name\\":\\"Network\\",\\"value\\":\\"5G\\"},{\\"name\\":\\"Sim Card Type\\",\\"value\\":\\"eSIM / Nano\\"},{\\"name\\":\\"Operating System\\",\\"value\\":\\"Android 14\\"},{\\"name\\":\\"Display\\",\\"value\\":\\"6.8 inches Full HD+\\"},{\\"name\\":\\"Video Recording\\",\\"value\\":\\"4K\\"},{\\"name\\":\\"Phone Family\\",\\"value\\":\\"Moto g75\\"},{\\"name\\":\\"Expandable Storage\\",\\"value\\":\\"up to 1TB microSD card expandable\\"},{\\"name\\":\\"RAM Size\\",\\"value\\":\\"8GB\\"},{\\"name\\":\\"Bluetooth\\",\\"value\\":\\"5.4\\"},{\\"name\\":\\"GPS\\",\\"value\\":\\"GPS A-GPS LTEPP SUPL GLONASS Galileo QZSS BeiDou\\"},{\\"name\\":\\"Product Width (mm)\\",\\"value\\":\\"77.1\\"},{\\"name\\":\\"Product Height (mm)\\",\\"value\\":\\"165.95\\"},{\\"name\\":\\"Product Depth (mm)\\",\\"value\\":\\"7.99\\"},{\\"name\\":\\"Battery\\",\\"value\\":\\"5000mAh\\"},{\\"name\\":\\"Manufacturer\'s Warranty\\",\\"value\\":\\"2 Years\\"},{\\"name\\":\\"Storage Size\\",\\"value\\":\\"256GB\\"},{\\"name\\":\\"Colour\\",\\"value\\":\\"Charcoal Grey\\"},{\\"name\\":\\"Display Resolution\\",\\"value\\":\\"2388 1080\\"},{\\"name\\":\\"Weight (g)\\",\\"value\\":\\"180\\"},{\\"name\\":\\"Front Camera\\",\\"value\\":\\"8MP\\"},{\\"name\\":\\"Rear Camera\\",\\"value\\":\\"50MP\\"},{\\"name\\":\\"Release Year\\",\\"value\\":\\"2024\\"}],\\"id\\":83429707,\\"reviews_count\\":976,\\"reviews_rating\\":\\"4.5\\",\\"discount\\":\\"0\\",\\"offer_amount\\":24,\\"lowest_price\\":\\"391.00\\",\\"highest_price\\":\\"499.00\\"}}]}],[\\"$\\",\\"$L10\\",null,{\\"item\\":true,\\"md\\":8,\\"xs\\":12,\\"children\\":[\\"$\\",\\"$Ld\\",null,{\\"px\\":4,\\"sx\\":{\\"display\\":{\\"xs\\":\\"none\\",\\"md\\":\\"flex\\"}},\\"children\\":[[\\"$\\",\\"$L2c\\",null,{\\"mb\\":1,\\"children\\":\\"Motorola Moto G75 5G 256GB Grey with Buds\\"}],[\\"$\\",\\"$Lc\\",null,{\\"display\\":\\"flex\\",\\"alignItems\\":\\"center\\",\\"gap\\":1,\\"children\\":[[\\"$\\",\\"$Lc\\",null,{\\"sx\\":{\\"display\\":\\"flex\\",\\"color\\":\\"#faaf00\\"},\\"children\\":[[\\"$\\",\\"$L2d\\",\\"1\\",{\\"sx\\":{\\"fontSize\\":\\"1.25rem\\"}}],[\\"$\\",\\"$L2d\\",\\"2\\",{\\"sx\\":{\\"fontSize\\":\\"1.25rem\\"}}],[\\"$\\",\\"$L2d\\",\\"3\\",{\\"sx\\":{\\"fontSize\\":\\"1.25rem\\"}}],[\\"$\\",\\"$L2d\\",\\"4\\",{\\"sx\\":{\\"fontSize\\":\\"1.25rem\\"}}],[\\"$\\",\\"$L2e\\",\\"5\\",{\\"sx\\":{\\"fontSize\\":\\"1.25rem\\"}}]]}],[\\"$\\",\\"$L2f\\",null,{\\"lineHeight\\":\\"1\\",\\"children\\":[\\"(\\",\\"976\\",\\" reviews)\\"]}]]}],[\\"$\\",\\"$Lc\\",null,{\\"my\\":2,\\"children\\":[\\"$\\",\\"$L30\\",null,{\\"content\\":\\"Crafted from premium materials and featuring military-grade¹ durability, moto g75 5G is made for everyday life. Capture sharp photos and smooth videos using the Sony - LYTIA 600 camera with OIS. Enjoy endless entertainment on a super-bright 6.8\\\\\\" Full HD+ display backed by Dolby Atmos sound. Plus, be the first to experience the efficiency of the latest Qualcomm Snapdragon processor, a 5000mAh battery with 30W TurboPower charging²,15W wireless charging³, and 256GB⁴ of built-in storage. And it comes bundled with moto buds earbuds, featuring a large dynamic driver, and Hi-Res Audio. Immerse yourself in music and movies, experiencing high-quality, balanced sound with enhanced bass.\\"}]}],[\\"$\\",\\"$Lc\\",null,{\\"display\\":\\"flex\\",\\"alignItems\\":\\"center\\",\\"justifyContent\\":\\"space-between\\",\\"children\\":[[\\"$\\",\\"$Lc\\",null,{\\"display\\":\\"flex\\",\\"alignItems\\":\\"center\\",\\"children\\":[[\\"$\\",\\"$L2c\\",null,{\\"color\\":\\"primary.main\\",\\"mr\\":2,\\"children\\":\\"$$391.00 - $499.00\\"}],[\\"$\\",\\"$L31\\",null,{\\"children\\":[\\"in \\",24,\\" offers\\"]}]]}],[\\"$\\",\\"$L32\\",null,{\\"product\\":\\"$33\\"}]]}],[\\"$\\",\\"$Lc\\",null,{\\"display\\":\\"flex\\",\\"alignItems\\":\\"center\\",\\"my\\":1,\\"flexWrap\\":\\"wrap\\",\\"rowGap\\":1,\\"children\\":[[\\"$\\",\\"$L51\\",null,{\\"mr\\":1,\\"children\\":\\"Colour:\\"}],[[\\"$\\",\\"$Lc\\",\\"0\\",{\\"display\\":\\"flex\\",\\"justifyContent\\":\\"center\\",\\"alignItems\\":\\"center\\",\\"width\\":48,\\"height\\":48,\\"minWidth\\":48,\\"bgcolor\\":\\"white\\",\\"border\\":\\"1px solid\\",\\"borderRadius\\":\\"10px\\",\\"style\\":{\\"cursor\\":\\"unset\\"},\\"borderColor\\":\\"primary.main\\",\\"mr\\":\\"10px\\",\\"children\\":[\\"$\\",\\"$L52\\",null,{\\"title\\":false,\\"children\\":[\\"$\\",\\"$L53\\",null,{\\"href\\":\\"\\",\\"ref\\":\\"$undefined\\",\\"prefetch\\":\\"$undefined\\",\\"target\\":\\"_blank\\",\\"children\\":[\\"$\\",\\"$L54\\",null,{\\"src\\":\\"https://encrypted-tbn0.gstatic.com/shopping?q=tbn:ANd9GcSMKJEcJ5xuZEACgvb5b-OsiulwL1b5Ivy7wbsYiJ3A2vpwsAhIjV_QMfs2iyap5nDsHiEzTcaeGYaz_I5WBRrUjD5abtI2D4WPYd1uowVZArHKnsIo95M\\u0026usqp=CAY\\",\\"alt\\":\\"Motorola Moto G75 5G 256GB Grey with Buds\\",\\"width\\":40,\\"height\\":40,\\"style\\":{\\"objectFit\\":\\"contain\\"}}]}]}]}],[\\"$\\",\\"$Lc\\",\\"1\\",{\\"display\\":\\"flex\\",\\"justifyContent\\":\\"center\\",\\"alignItems\\":\\"center\\",\\"width\\":48,\\"height\\":48,\\"minWidth\\":48,\\"bgcolor\\":\\"white\\",\\"border\\":\\"1px solid\\",\\"borderRadius\\":\\"10px\\",\\"style\\":{\\"cursor\\":\\"pointer\\"},\\"borderColor\\":\\"grey.400\\",\\"mr\\":\\"10px\\",\\"children\\":[\\"$\\",\\"$L52\\",null,{\\"title\\":\\"Motorola Moto G75 5G 256GB Blue with Buds\\",\\"children\\":[\\"$\\",\\"$L53\\",null,{\\"href\\":\\"/product/motorola-moto-g75-5g-256gb-blue-with-buds\\",\\"ref\\":\\"$undefined\\",\\"prefetch\\":false,\\"target\\":\\"_blank\\",\\"children\\":[\\"$\\",\\"$L54\\",null,{\\"src\\":\\"https://encrypted-tbn2.gstatic.com/shopping?q=tbn:ANd9GcRj65GJdYa0MGuv8L9RWAAJVks98kaBva-KPH34o7Nn8_xgtjFvHpEsyG-G9u_PAZwKCzR1UnPFs6JC5duNRu9kW-AZSxHpJQaql2ly1iZ6Cl09iaqRzqc\\u0026usqp=CAY\\",\\"alt\\":\\"Motorola Moto G75 5G 256GB Blue with Buds\\",\\"width\\":40,\\"height\\":40,\\"style\\":{\\"objectFit\\":\\"contain\\"}}]}]}]}],[\\"$\\",\\"$Lc\\",\\"2\\",{\\"display\\":\\"flex\\",\\"justifyContent\\":\\"center\\",\\"alignItems\\":\\"center\\",\\"width\\":48,\\"height\\":48,\\"minWidth\\":48,\\"bgcolor\\":\\"white\\",\\"border\\":\\"1px solid\\",\\"borderRadius\\":\\"10px\\",\\"style\\":{\\"cursor\\":\\"pointer\\"},\\"borderColor\\":\\"grey.400\\",\\"mr\\":\\"auto\\",\\"children\\":[\\"$\\",\\"$L52\\",null,{\\"title\\":\\"Motorola Moto G75 5G 256GB - Succulent Green + Moto Buds\\",\\"children\\":[\\"$\\",\\"$L53\\",null,{\\"href\\":\\"/product/motorola-moto-g75-5g-256gb-succulent-green-moto-buds\\",\\"ref\\":\\"$undefined\\",\\"prefetch\\":false,\\"target\\":\\"_blank\\",\\"children\\":[\\"$\\",\\"$L54\\",null,{\\"src\\":\\"https://encrypted-tbn3.gstatic.com/shopping?q=tbn:ANd9GcQktEYbdVk26_5fVXmkf85U_V4MhhlgNSCKuEGMaIHFomdm78AIUKXN6e8XyuLWwiqXOJc6OF55c3TRby_V36YYx0Twj-TArJEJ3e_Z\\u0026usqp=CAY\\",\\"alt\\":\\"Motorola Moto G75 5G 256GB - Succulent Green + Moto Buds\\",\\"width\\":40,\\"height\\":40,\\"style\\":{\\"objectFit\\":\\"contain\\"}}]}]}]}]]]}],[]]}]}]]}],[\\"$\\",\\"$Ld\\",null,{\\"pb\\":2,\\"sx\\":{\\"display\\":{\\"xs\\":\\"flex\\",\\"md\\":\\"none\\"}},\\"children\\":[[\\"$\\",\\"$L51\\",null,{\\"children\\":\\"Motorola Moto G75 5G 256GB Grey with Buds\\"}],[\\"$\\",\\"$Ld\\",null,{\\"direction\\":\\"row\\",\\"justifyContent\\":\\"flex-start\\",\\"my\\":1,\\"children\\":[[\\"$\\",\\"$L55\\",null,{\\"color\\":\\"primary.main\\",\\"mr\\":2,\\"children\\":\\"$$391.00\\"}],[\\"$\\",\\"$Lc\\",null,{\\"display\\":\\"flex\\",\\"alignItems\\":\\"center\\",\\"gap\\":1,\\"children\\":[[\\"$\\",\\"$Lc\\",null,{\\"sx\\":{\\"display\\":\\"flex\\",\\"color\\":\\"#faaf00\\"},\\"children\\":[[\\"$\\",\\"$L2d\\",\\"1\\",{\\"sx\\":{\\"fontSize\\":\\"1.25rem\\"}}],[\\"$\\",\\"$L2d\\",\\"2\\",{\\"sx\\":{\\"fontSize\\":\\"1.25rem\\"}}],[\\"$\\",\\"$L2d\\",\\"3\\",{\\"sx\\":{\\"fontSize\\":\\"1.25rem\\"}}],[\\"$\\",\\"$L2d\\",\\"4\\",{\\"sx\\":{\\"fontSize\\":\\"1.25rem\\"}}],[\\"$\\",\\"$L2e\\",\\"5\\",{\\"sx\\":{\\"fontSize\\":\\"1.25rem\\"}}]]}],[\\"$\\",\\"$L56\\",null,{\\"children\\":[\\"(\\",\\"976\\",\\" reviews)\\"]}]]}]]}],[\\"$\\",\\"$L30\\",null,{\\"content\\":\\"Crafted from premium materials and featuring military-grade¹ durability, moto g75 5G is made for everyday life. Capture sharp photos and smooth videos using the Sony - LYTIA 600 camera with OIS. Enjoy endless entertainment on a super-bright 6.8\\\\\\" Full HD+ display backed by Dolby Atmos sound. Plus, be the first to experience the efficiency of the latest Qualcomm Snapdragon processor, a 5000mAh battery with 30W TurboPower charging²,15W wireless charging³, and 256GB⁴ of built-in storage. And it comes bundled with moto buds earbuds, featuring a large dynamic driver, and Hi-Res Audio. Immerse yourself in music and movies, experiencing high-quality, balanced sound with enhanced bass.\\",\\"fontSize\\":14,\\"maxHeight\\":63}],[\\"$\\",\\"$Lc\\",null,{\\"display\\":\\"flex\\",\\"sx\\":{\\"overflowX\\":\\"auto\\",\\"whiteSpace\\":\\"nowrap\\",\\"my\\":1},\\"children\\":[\\"$\\",\\"$Lc\\",null,{\\"display\\":\\"flex\\",\\"alignItems\\":\\"center\\",\\"children\\":[[\\"$\\",\\"$L57\\",null,{\\"mr\\":1,\\"children\\":\\"Colour:\\"}],[[\\"$\\",\\"$Lc\\",\\"0\\",{\\"display\\":\\"flex\\",\\"justifyContent\\":\\"center\\",\\"alignItems\\":\\"center\\",\\"width\\":48,\\"height\\":48,\\"minWidth\\":48,\\"bgcolor\\":\\"white\\",\\"border\\":\\"1px solid\\",\\"borderRadius\\":\\"10px\\",\\"style\\":{\\"cursor\\":\\"unset\\"},\\"borderColor\\":\\"primary.main\\",\\"mr\\":\\"6px\\",\\"children\\":[\\"$\\",\\"$L53\\",null,{\\"href\\":\\"\\",\\"ref\\":\\"$undefined\\",\\"prefetch\\":\\"$undefined\\",\\"target\\":\\"_blank\\",\\"children\\":[\\"$\\",\\"$L58\\",null,{\\"src\\":\\"https://encrypted-tbn0.gstatic.com/shopping?q=tbn:ANd9GcSMKJEcJ5xuZEACgvb5b-OsiulwL1b5Ivy7wbsYiJ3A2vpwsAhIjV_QMfs2iyap5nDsHiEzTcaeGYaz_I5WBRrUjD5abtI2D4WPYd1uowVZArHKnsIo95M\\u0026usqp=CAY\\",\\"alt\\":\\"Motorola Moto G75 5G 256GB Grey with Buds\\",\\"width\\":40,\\"height\\":40,\\"style\\":{\\"objectFit\\":\\"contain\\"}}]}]}],[\\"$\\",\\"$Lc\\",\\"1\\",{\\"display\\":\\"flex\\",\\"justifyContent\\":\\"center\\",\\"alignItems\\":\\"center\\",\\"width\\":48,\\"height\\":48,\\"minWidth\\":48,\\"bgcolor\\":\\"white\\",\\"border\\":\\"1px solid\\",\\"borderRadius\\":\\"10px\\",\\"style\\":{\\"cursor\\":\\"pointer\\"},\\"borderColor\\":\\"grey.400\\",\\"mr\\":\\"6px\\",\\"children\\":[\\"$\\",\\"$L53\\",null,{\\"href\\":\\"/product/motorola-moto-g75-5g-256gb-blue-with-buds\\",\\"ref\\":\\"$undefined\\",\\"prefetch\\":false,\\"target\\":\\"_blank\\",\\"children\\":[\\"$\\",\\"$L58\\",null,{\\"src\\":\\"https://encrypted-tbn2.gstatic.com/shopping?q=tbn:ANd9GcRj65GJdYa0MGuv8L9RWAAJVks98kaBva-KPH34o7Nn8_xgtjFvHpEsyG-G9u_PAZwKCzR1UnPFs6JC5duNRu9kW-AZSxHpJQaql2ly1iZ6Cl09iaqRzqc\\u0026usqp=CAY\\",\\"alt\\":\\"Motorola Moto G75 5G 256GB Blue with Buds\\",\\"width\\":40,\\"height\\":40,\\"style\\":{\\"objectFit\\":\\"contain\\"}}]}]}],[\\"$\\",\\"$Lc\\",\\"2\\",{\\"display\\":\\"flex\\",\\"justifyContent\\":\\"center\\",\\"alignItems\\":\\"center\\",\\"width\\":48,\\"height\\":48,\\"minWidth\\":48,\\"bgcolor\\":\\"white\\",\\"border\\":\\"1px solid\\",\\"borderRadius\\":\\"10px\\",\\"style\\":{\\"cursor\\":\\"pointer\\"},\\"borderColor\\":\\"grey.400\\",\\"mr\\":\\"auto\\",\\"children\\":[\\"$\\",\\"$L53\\",null,{\\"href\\":\\"/product/motorola-moto-g75-5g-256gb-succulent-green-moto-buds\\",\\"ref\\":\\"$undefined\\",\\"prefetch\\":false,\\"target\\":\\"_blank\\",\\"children\\":[\\"$\\",\\"$L58\\",null,{\\"src\\":\\"https://encrypted-tbn3.gstatic.com/shopping?q=tbn:ANd9GcQktEYbdVk26_5fVXmkf85U_V4MhhlgNSCKuEGMaIHFomdm78AIUKXN6e8XyuLWwiqXOJc6OF55c3TRby_V36YYx0Twj-TArJEJ3e_Z\\u0026usqp=CAY\\",\\"alt\\":\\"Motorola Moto G75 5G 256GB - Succulent Green + Moto Buds\\",\\"width\\":40,\\"height\\":40,\\"style\\":{\\"objectFit\\":\\"contain\\"}}]}]}]]]}]}],[\\"$\\",\\"$Lc\\",null,{\\"children\\":false}]]}]]\\n', '59:I[65161,[\\"3655\\",\\"static/chunks/3655-f78e4e363a5541d0.js\\",\\"6290\\",\\"static/chunks/6290-2a8ce89a0b5a3df8.js\\",\\"6381\\",\\"static/chunks/6381-2b873addadcb95f3.js\\",\\"6310\\",\\"static/chunks/6310-99207018fb617736.js\\",\\"5469\\",\\"static/chunks/5469-d5f85e2b5dbb2663.js\\",\\"6341\\",\\"static/chunks/6341-ca54939c2b36d77d.js\\",\\"6252\\",\\"static/chunks/6252-920c83842bca245b.js\\",\\"6574\\",\\"static/chunks/6574-85b13196e7d2f55e.js\\",\\"307\\",\\"static/chunks/307-cefa9bd2f7381bf5.js\\",\\"2665\\",\\"static/chunks/2665-2d172eda87a962e3.js\\",\\"684\\",\\"static/chunks/684-7de3c401504b82a2.js\\",\\"8393\\",\\"static/chunks/8393-4175fa3c3129adeb.js\\",\\"7269\\",\\"static/chunks/7269-a4bddb872ba784d5.js\\",\\"3691\\",\\"static/chunks/3691-4bb5861e2d594f2b.js\\",\\"8368\\",\\"static/chunks/8368-d0cd9f9fca0712a7.js\\",\\"1682\\",\\"static/chunks/1682-b2e703b472c280ea.js\\",\\"2917\\",\\"static/chunks/2917-184ec9877565fafd.js\\",\\"4824\\",\\"static/chunks/4824-507f78e55d96f9dc.js\\",\\"7614\\",\\"static/chunks/app/product/%5Bslug%5D/@offers/page-8d4c61690e8d9066.js\\"],\\"default\\"]\\n5a:T6c8,Bought this for my daughter and I\'m very impressed. The camera is more than capable for daylight photos and selfies. The processor and RAM are fast enough. I compared APP loading and camera launching vs my Samsung Ultra and there\'s little difference for normal use (processing video or intense gaming you can see a difference, but in normal use, they\'re close).It\'s a little on the big side, especially for a child, but the Military toughness and optional screen repair service make up for that. The battery beats my Samsung phone in real every day use hands down.Absolute standout feature for me is Wireless Charging. This means the phone is left on our charger in the living room, and doesn\'t go up to bedrooms in the evening. Google Family Link works well too.Overall ...\xa0MoreBought this for my daughter and I\'m very impressed. The camera is more than capable for daylight photos and selfies. The processor and RAM are fast enough. I compared APP loading and camera launching vs my Samsung Ultra and there\'s little difference for normal use (processing video or intense gam', "ing you can see a difference, but in normal use, they're close).It's a little on the big side, especially for a child, but the Military toughness and optional screen repair service make up for that. The battery beats my Samsung phone in real every day use hands down.Absolute standout feature for me is Wireless Charging. This means the phone is left on our charger in the living room, and doesn't go up to bedrooms in the evening. Google Family Link works well too.Overall really impressed with the quality, features and toughness. Oh, and finally Motorola have guaranteed a few years updates, I wouldn't have bought it without the new Android Update policy.", '11:[\\"$\\",\\"$L59\\",null,{\\"product\\":{\\"id\\":83429707,\\"gid\\":\\"15797211988331096831\\",\\"title\\":\\"Motorola Moto G75 5G 256GB Grey with Buds\\",\\"image\\":\\"https://encrypted-tbn0.gstatic.com/shopping?q=tbn:ANd9GcTN0NDdrPCDIn9NaiVIb7vTMSRVKBOQbkBMTHJyb9dzqC_WY5IGMoYuvnsDtsI8XvfpsX50GHyVY5kvPm-1nSr2bXEkwcR1sLJr1IR1dAkwVcXTXGOCB8frf7o\\",\\"created_at\\":\\"$D2024-11-30T20:11:12.579Z\\",\\"updated_at\\":\\"$D2024-12-01T03:20:16.117Z\\",\\"slug\\":\\"motorola-moto-g75-5g-256gb-grey-with-buds\\",\\"thumbnails\\":[\\"https://encrypted-tbn0.gstatic.com/shopping?q=tbn:ANd9GcSqDaT816y1UmPhBrzkea3Dn_Hh8yTT3fZX4XBtJEkQcCWOz-LJ1AMEbRRDBSKM-M061mIP09PmjUwBgDldhA0acuhIAop7lQ\\u0026usqp=CAY\\",\\"https://encrypted-tbn3.gstatic.com/shopping?q=tbn:ANd9GcQfbnmIwlniWJ2_8uNp4bDf-6Ju-12jrovvM3RkZ_F8hYC0DcS85hBW3VZ9oCT7zcvdcW7cG-u8JHbZQMXKs0v2Co4aSaICOQ\\u0026usqp=CAY\\",\\"https://encrypted-tbn0.gstatic.com/shopping?q=tbn:ANd9GcR8UqT2y3HwL6mbcrp9X3EK1qROspiqDkg2j-9eEDSoFr4zLWQaFn_YrCOAi5hlWIs3MKewSYZSOFGmiREKJJNSBeWTMR7I\\u0026usqp=CAY\\",\\"https://encrypted-tbn3.gstatic.com/shopping?q=tbn:ANd9GcSqlFWOdYRimHwGbRJI5IbP1AoXqAoJxhYRcQyn_ApjOgs6Plh_8JB3o2ty4s-L5Cg5FksrYalJmjsHi8o23nCuDdFhKywx\\u0026usqp=CAY\\",\\"https://encrypted-tbn3.gstatic.com/shopping?q=tbn:ANd9GcTGaMNVsjZ6wopAkoCqf1frqUqC33R2pndPv3vm8_EbCO6PYXg6BBsU3OD398cOK_BW1ThT4nJXKLSf30DZHd0mG8Zq0KPDnw\\u0026usqp=CAY\\",\\"https://encrypted-tbn3.gstatic.com/shopping?q=tbn:ANd9GcSNnV_WMDGVD4l6oHYCubmAQT7jpJwR2zyu-MbXinPr0z2qL-TKjOS5KkDIYnN4Fn69kQ-BiBFAiYqv9rH5kvHsmNICBre4\\u0026usqp=CAY\\",\\"https://encrypted-tbn3.gstatic.com/shopping?q=tbn:ANd9GcTT9EARYceKt_jqn9X4MH43Ey1bIDrsnZc5wPjG0wS-F-wQ9PJta1l4A-AxAAyko3Z5IvHSgO0_Gnn4enHFUQoYVIaWvMZk\\u0026usqp=CAY\\",\\"https://encrypted-tbn0.gstatic.com/shopping?q=tbn:ANd9GcTpF9PimunMhlcnHfgzkn895rKQb35EW48PS-IM0lwnuADaF5tC3szKbe9ZkxnAHAXp6fnGEBkgzmDcz0ElPmL-WzR4HBShmg\\u0026usqp=CAY\\",\\"https://encrypted-tbn2.gstatic.com/shopping?q=tbn:ANd9GcT56PnF6Ir30ACBooV4QML9XqGxPMeS0UD-J-IOmt4RfpWkpWyt9SsenHDo-DCqfhurJ2kXsVOBsMMEV9L72XZYRPTuRv6C\\u0026usqp=CAY\\",\\"https://encrypted-tbn2.gstatic.com/shopping?q=tbn:ANd9GcRG-GwVx5yd5FeS1o4JqlvUNwo3MPbl6Vc91YmWDI7TxsS8K17-ngY2Swkyvx_kAQg74KZJLwhOXKfvPq_3PHKWlmwNPzLPfg\\u0026usqp=CAY\\",\\"https://encrypted-tbn0.gstatic.com/shopping?q=tbn:ANd9GcTcKKMgCXlJBxNH38rkCOoEjV0HdTnoWIilR_2EhskIJR6-4tF8CNhNhqIGSunQGyXQXvQG3Cy2lWEVq7bg-_x8LP0YeD6ZVQ\\u0026usqp=CAY\\",\\"https://encrypted-tbn2.gstatic.com/shopping?q=tbn:ANd9GcSrenO1gNc233DGNWBIH4nRqrJPMwjW9ZIOfZ-NwBq8vYwNzpba6jAeRAkG5OVrB7tCPhPT_E-ODrd0HhJgHD33EjgK7MZTNA\\u0026usqp=CAY\\"],\\"details\\":\\"Crafted from premium materials and featuring military-grade¹ durability, moto g75 5G is made for everyday life. Capture sharp photos and smooth videos using the Sony - LYTIA 600 camera with OIS. Enjoy endless entertainment on a super-bright 6.8\\\\\\" Full HD+ display backed by Dolby Atmos sound. Plus, be the first to experience the efficiency of the latest Qualcomm Snapdragon processor, a 5000mAh battery with 30W TurboPower charging²,15W wireless charging³, and 256GB⁴ of built-in storage. And it comes bundled with moto buds earbuds, featuring a large dynamic driver, and Hi-Res Audio. Immerse yourself in music and movies, experiencing high-quality, balanced sound with enhanced bass.\\",\\"variants\\":[],\\"category_id\\":null,\\"offline_at\\":null,\\"colors\\":[{\\"gid\\":\\"15797211988331096831\\",\\"image\\":\\"https://encrypted-tbn0.gstatic.com/shopping?q=tbn:ANd9GcSMKJEcJ5xuZEACgvb5b-OsiulwL1b5Ivy7wbsYiJ3A2vpwsAhIjV_QMfs2iyap5nDsHiEzTcaeGYaz_I5WBRrUjD5abtI2D4WPYd1uowVZArHKnsIo95M\\u0026usqp=CAY\\"},{\\"gid\\":\\"7830005719273689496\\",\\"image\\":\\"https://encrypted-tbn2.gstatic.com/shopping?q=tbn:ANd9GcRj65GJdYa0MGuv8L9RWAAJVks98kaBva-KPH34o7Nn8_xgtjFvHpEsyG-G9u_PAZwKCzR1UnPFs6JC5duNRu9kW-AZSxHpJQaql2ly1iZ6Cl09iaqRzqc\\u0026usqp=CAY\\"},{\\"gid\\":\\"10929348810251206946\\",\\"image\\":\\"https://encrypted-tbn3.gstatic.com/shopping?q=tbn:ANd9GcQktEYbdVk26_5fVXmkf85U_V4MhhlgNSCKuEGMaIHFomdm78AIUKXN6e8XyuLWwiqXOJc6OF55c3TRby_V36YYx0Twj-TArJEJ3e_Z\\u0026usqp=CAY\\"}],\\"product_status\\":{\\"pid\\":83429707,\\"offer_amount\\":24,\\"lowest_price\\":391,\\"highest_price\\":499,\\"single_seller_id\\":null,\\"discount\\":0,\\"featured\\":true,\\"last_price_updated_at\\":\\"$D2025-09-14T01:53:37.581Z\\",\\"discount_seller_id\\":1392573,\\"last_lowest_price\\":391,\\"reviews_count\\":976,\\"reviews_rating\\":4.5,\\"country_code\\":\\"au\\",\\"language_code\\":null},\\"offers\\":[{\\"pid\\":83429707,\\"seller_product_url\\":\\"https://www.mydeal.com.au/motorola-g75-5g-256gb-with-moto-buds-charcoal-grey-au-stock-6-8-full-hd-120hz-8gb-256gb-dual-sim-50mp-16mp-water-protection-5000mah-2year-warranty-14598762\\",\\"created_at\\":\\"$D2025-09-14T01:53:37.581Z\\",\\"offer_id\\":null,\\"base_price\\":471.25,\\"shipping\\":0,\\"seller_id\\":908,\\"condition\\":\\"new\\",\\"country_code\\":null,\\"seller\\":{\\"seller_id\\":908,\\"name\\":\\"MyDeal\\",\\"url\\":\\"mydeal.com.au\\",\\"shopback\\":{\\"sb_id\\":7696,\\"sb_name\\":\\"MyDeal.com.au\\",\\"url\\":\\"www.shopback.com.au/mydeal\\",\\"commission\\":\\"Up to 3.6% Cashback\\",\\"created_at\\":\\"$D2023-08-01T09:56:13.775Z\\",\\"updated_at\\":\\"$D2023-11-25T10:32:54.782Z\\",\\"hostname\\":\\"mydeal.com.au\\"},\\"cashrewards\\":{\\"cr_id\\":1004953,\\"name\\":\\"MyDeal\\",\\"hyphenated_name\\":\\"mydeal\\",\\"logo\\":\\"//cdn.cashrewards.com/mydeal.png?t=637672695131179086\\",\\"created_at\\":\\"$D2023-07-30T11:50:50.100Z\\",\\"commission\\":4.2,\\"commission_string\\":\\"Up to 4.2% cashback\\",\\"online\\":true,\\"instore\\":false,\\"hostname\\":\\"mydeal.com.au\\",\\"updated_at\\":\\"$D2023-11-30T03:50:38.698Z\\"}}},{\\"pid\\":83429707,\\"seller_product_url\\":\\"https://www.lwt.com.au/Product/MOT5690517/PB3Y0024AU/Motorola-G75-5G-256GB-With-Moto-Buds-Charcoal-GreyAU-STOCK68Full-HD120Hz8GB-256GBDual-SIM50MP-16MPWater-Protection5000mAh2Year-Warranty/ws/Business\\",\\"created_at\\":\\"$D2025-09-14T01:53:37.581Z\\",\\"offer_id\\":null,\\"base_price\\":400.4,\\"shipping\\":16.5,\\"seller_id\\":555296346,\\"condition\\":\\"new\\",\\"country_code\\":null,\\"seller\\":{\\"seller_id\\":555296346,\\"name\\":\\"LWT\\",\\"url\\":\\"www.lwt.com.au\\",\\"shopback\\":null,\\"cashrewards\\":null}},{\\"pid\\":83429707,\\"seller_product_url\\":\\"https://www.flashtrend.com.au/motorola-g75-5g-256gb-with-moto-buds-charcoal-grey\\",\\"created_at\\":\\"$D2025-09-14T01:53:37.581Z\\",\\"offer_id\\":null,\\"base_price\\":479.77,\\"shipping\\":7.95,\\"seller_id\\":99,\\"condition\\":\\"new\\",\\"country_code\\":null,\\"seller\\":{\\"seller_id\\":99,\\"name\\":\\"Flashtrend.com.au\\",\\"url\\":\\"www.flashtrend.com.au\\",\\"shopback\\":null,\\"cashrewards\\":null}},{\\"pid\\":83429707,\\"seller_product_url\\":\\"https://shop.zelrose.com.au/products/motorola-g75-5g-256gb-with-moto-buds-charcoal-grey-au-stock-6-8-full-hd-120hz-8gb-256gb-dual-sim-50mp-16mp-water-protection-5000mah-2year-warranty?variant=50892878020887\\",\\"created_at\\":\\"$D2025-09-14T01:53:37.581Z\\",\\"offer_id\\":null,\\"base_price\\":499,\\"shipping\\":12.5,\\"seller_id\\":51017477,\\"condition\\":\\"new\\",\\"country_code\\":null,\\"seller\\":{\\"seller_id\\":51017477,\\"name\\":\\"Zelrose IT\\",\\"url\\":null,\\"shopback\\":null,\\"cashrewards\\":null}},{\\"pid\\":83429707,\\"seller_product_url\\":\\"https://www.techciti.com.au/motorola-moto-g75-5g-w-moto-buds-dual-sim-256gb-8gb-6-8-grey\\",\\"created_at\\":\\"$D2025-09-14T01:53:37.581Z\\",\\"offer_id\\":null,\\"base_price\\":438,\\"shipping\\":0,\\"seller_id\\":1400,\\"condition\\":\\"new\\",\\"country_code\\":null,\\"seller\\":{\\"seller_id\\":1400,\\"name\\":\\"Techciti\\",\\"url\\":\\"www.techciti.com.au\\",\\"shopback\\":null,\\"cashrewards\\":null}},{\\"pid\\":83429707,\\"seller_product_url\\":\\"https://betteroffice.store/products/motorola-g75-5g-256gb-with-moto-buds-charcoal-grey-au-stock-6-8full-hd-120hz8gb-256gbdual-sim50mp-16mpwater-protection5000mah2year-warranty?variant=45678834450586\\",\\"created_at\\":\\"$D2025-09-14T01:53:37.581Z\\",\\"offer_id\\":null,\\"base_price\\":499,\\"shipping\\":12,\\"seller_id\\":1210947108,\\"condition\\":\\"new\\",\\"country_code\\":null,\\"seller\\":{\\"seller_id\\":1210947108,\\"name\\":\\"betteroffice.store\\",\\"url\\":\\"betteroffice.store\\",\\"shopback\\":null,\\"cashrewards\\":null}},{\\"pid\\":83429707,\\"seller_product_url\\":\\"https://vtechindustries.com.au/products/motorola-g75-5g-256gb-with-moto-buds-charcoal-grey-au-stock-6-8-full-hd-120hz-8gb-256gb-dual-sim-50mp-16mp-water-protection-5000mah-2year-warranty-pb3y0024au?variant=50641766383904\\",\\"created_at\\":\\"$D2025-09-14T01:53:37.581Z\\",\\"offer_id\\":null,\\"base_price\\":391,\\"shipping\\":13,\\"seller_id\\":1392573,\\"condition\\":\\"new\\",\\"country_code\\":null,\\"seller\\":{\\"seller_id\\":1392573,\\"name\\":\\"VTech Industries\\",\\"url\\":\\"www.vtechindustries.com.au\\",\\"shopback\\":null,\\"cashrewards\\":null}},{\\"pid\\":83429707,\\"seller_product_url\\":\\"https://i-tech.com.au/pb3y0024au-motorola-g75-5g-256gb-with-moto-buds-charcoal-430730.html\\",\\"created_at\\":\\"$D2025-09-14T01:53:37.581Z\\",\\"offer_id\\":null,\\"base_price\\":415,\\"shipping\\":15,\\"seller_id\\":175,\\"condition\\":\\"new\\",\\"country_code\\":null,\\"seller\\":{\\"seller_id\\":175,\\"name\\":\\"www.i-tech.com.au\\",\\"url\\":\\"i-tech.com.au\\",\\"shopback\\":null,\\"cashrewards\\":null}},{\\"pid\\":83429707,\\"seller_product_url\\":\\"https://www.itnest.com.au/hardware/other/motorola-g75-5g-256gb-with-moto-buds-charcoal-grey(pb3y0024au)-pb3y0024au\\",\\"created_at\\":\\"$D2025-09-14T01:53:37.581Z\\",\\"offer_id\\":null,\\"base_price\\":409,\\"shipping\\":16.95,\\"seller_id\\":283,\\"condition\\":\\"new\\",\\"country_code\\":null,\\"seller\\":{\\"seller_id\\":283,\\"name\\":\\"itnest.com.au\\",\\"url\\":\\"www.itnest.com.au\\",\\"shopback\\":null,\\"cashrewards\\":null}},{\\"pid\\":83429707,\\"seller_product_url\\":\\"https://www.allphones.com.au/motorola-moto-g75-5g-w-moto-buds-dual-sim-256gb-8gb-6-8-grey\\",\\"created_at\\":\\"$D2025-09-14T01:53:37.581Z\\",\\"offer_id\\":null,\\"base_price\\":438,\\"shipping\\":0,\\"seller_id\\":8569,\\"condition\\":\\"new\\",\\"country_code\\":null,\\"seller\\":{\\"seller_id\\":8569,\\"name\\":\\"Allphones Online\\",\\"url\\":\\"www.allphones.com.au\\",\\"shopback\\":null,\\"cashrewards\\":null}},{\\"pid\\":83429707,\\"seller_product_url\\":\\"https://www.ozspots.com.au/product/motorola-g75-5g-256gb-with-moto-buds-charcoal-greyau-stock6-8full-hd120hz8gb-256gbdual-sim50mp-16mpwater-protection5000mah2year-warranty/\\",\\"created_at\\":\\"$D2025-09-14T01:53:37.581Z\\",\\"offer_id\\":null,\\"base_price\\":400.02,\\"shipping\\":9.7,\\"seller_id\\":1525538,\\"condition\\":\\"new\\",\\"country_code\\":null,\\"seller\\":{\\"seller_id\\":1525538,\\"name\\":\\"OzSpots Wireless\\",\\"url\\":\\"www.ozspots.com.au\\",\\"shopback\\":null,\\"cashrewards\\":null}},{\\"pid\\":83429707,\\"seller_product_url\\":\\"https://www.jw.com.au/product/motorola-moto-g75-5g-256gb-8gb-6-8-charcoal-grey\\",\\"created_at\\":\\"$D2025-09-14T01:53:37.581Z\\",\\"offer_id\\":null,\\"base_price\\":459,\\"shipping\\":0,\\"seller_id\\":138,\\"condition\\":\\"new\\",\\"country_code\\":null,\\"seller\\":{\\"seller_id\\":138,\\"name\\":\\"JW Computers\\",\\"url\\":\\"www.jw.com.au\\",\\"shopback\\":null,\\"cashrewards\\":null}},{\\"pid\\":83429707,\\"seller_product_url\\":\\"https://www.woolworths.com.au/shop/productdetails/1123910867\\",\\"created_at\\":\\"$D2025-09-14T01:53:37.581Z\\",\\"offer_id\\":null,\\"base_price\\":471.25,\\"shipping\\":10,\\"seller_id\\":97,\\"condition\\":\\"new\\",\\"country_code\\":null,\\"seller\\":{\\"seller_id\\":97,\\"name\\":\\"Woolworths\\",\\"url\\":\\"www.woolworths.com.au\\",\\"shopback\\":null,\\"cashrewards\\":null}},{\\"pid\\":83429707,\\"seller_product_url\\":\\"https://www.ebay.com.au/itm/167115114606\\",\\"created_at\\":\\"$D2025-09-14T01:53:37.581Z\\",\\"offer_id\\":null,\\"base_price\\":467.7,\\"shipping\\":0,\\"seller_id\\":1042295139,\\"condition\\":\\"new\\",\\"country_code\\":null,\\"seller\\":{\\"seller_id\\":1042295139,\\"name\\":\\"eBay\\",\\"url\\":\\"www.ebay.com.au\\",\\"shopback\\":null,\\"cashrewards\\":null}},{\\"pid\\":83429707,\\"seller_product_url\\":\\"https://ezypcsales.com.au/product/motorola-g75-5g-256gb-with-moto-buds-charcoal-greyau-stock6-8full-hd120hz8gb-256gbdual-sim50mp-16mpwater-protection5000mah2year-warranty/\\",\\"created_at\\":\\"$D2025-09-14T01:53:37.581Z\\",\\"offer_id\\":null,\\"base_price\\":391.56,\\"shipping\\":12.95,\\"seller_id\\":2808065,\\"condition\\":\\"new\\",\\"country_code\\":null,\\"seller\\":{\\"seller_id\\":2808065,\\"name\\":\\"Ezy P.C. Sales\\",\\"url\\":\\"ezypcsales.com.au\\",\\"shopback\\":null,\\"cashrewards\\":null}},{\\"pid\\":83429707,\\"seller_product_url\\":\\"https://www.dicksmith.com.au/da/buy/motorola-moto-g75-5g-bonus-moto-buds-dual-sim-256gb8gb-68-00840023276545/\\",\\"created_at\\":\\"$D2025-09-14T01:53:37.581Z\\",\\"offer_id\\":null,\\"base_price\\":438.99,\\"shipping\\":0,\\"seller_id\\":156,\\"condition\\":\\"new\\",\\"country_code\\":null,\\"seller\\":{\\"seller_id\\":156,\\"name\\":\\"Dick Smith AU\\",\\"url\\":\\"www.dicksmith.com.au\\",\\"shopback\\":null,\\"cashrewards\\":null}},{\\"pid\\":83429707,\\"seller_product_url\\":\\"https://www.bigw.com.au/product/motorola-g75-5g-256gb-with-moto-buds-charcoal-grey-au-stock-6-8-full-hd-120hz-8gb-256gb-dual-sim-50mp-16mp-water-protection-5000mah-2year-warranty/p/9901208423\\",\\"created_at\\":\\"$D2025-09-14T01:53:37.581Z\\",\\"offer_id\\":null,\\"base_price\\":471.25,\\"shipping\\":0,\\"seller_id\\":769007327,\\"condition\\":\\"new\\",\\"country_code\\":null,\\"seller\\":{\\"seller_id\\":769007327,\\"name\\":\\"BIG W - BIG W MARKET\\",\\"url\\":\\"www.bigw.com.au\\",\\"shopback\\":null,\\"cashrewards\\":null}},{\\"pid\\":83429707,\\"seller_product_url\\":\\"https://campcomprep.com.au/product/motorola-g75-5g-256gb-with-moto-buds-charcoal-greyau-stock6-8full-hd120hz8gb-256gbdual-sim50mp-16mpwater-protection5000mah2year-warranty/\\",\\"created_at\\":\\"$D2025-09-14T01:53:37.581Z\\",\\"offer_id\\":null,\\"base_price\\":499,\\"shipping\\":15,\\"seller_id\\":1374,\\"condition\\":\\"new\\",\\"country_code\\":null,\\"seller\\":{\\"seller_id\\":1374,\\"name\\":\\"Campbelltown Computer Repairs\\",\\"url\\":\\"campcomprep.com.au\\",\\"shopback\\":null,\\"cashrewards\\":null}},{\\"pid\\":83429707,\\"seller_product_url\\":\\"https://www.kogan.com/au/buy/motorola-moto-g75-5g-bonus-moto-buds-dual-sim-256gb8gb-68-00840023276545/\\",\\"created_at\\":\\"$D2025-09-14T01:53:37.581Z\\",\\"offer_id\\":null,\\"base_price\\":438.99,\\"shipping\\":0,\\"seller_id\\":103,\\"condition\\":\\"new\\",\\"country_code\\":null,\\"seller\\":{\\"seller_id\\":103,\\"name\\":\\"Kogan.com\\",\\"url\\":\\"www.kogan.com\\",\\"shopback\\":null,\\"cashrewards\\":null}},{\\"pid\\":83429707,\\"seller_product_url\\":\\"https://www.bunnings.com.au/motorola-moto-g75-5g-8gb-256gb-6-8-w-moto-buds-charcoal-grey_p0826330\\",\\"created_at\\":\\"$D2025-09-14T01:53:37.581Z\\",\\"offer_id\\":null,\\"base_price\\":495.72,\\"shipping\\":15,\\"seller_id\\":47,\\"condition\\":\\"new\\",\\"country_code\\":null,\\"seller\\":{\\"seller_id\\":47,\\"name\\":\\"Bunnings Warehouse\\",\\"url\\":\\"www.bunnings.com.au\\",\\"shopback\\":null,\\"cashrewards\\":null}},{\\"pid\\":83429707,\\"seller_product_url\\":\\"https://www.mobileciti.com.au/motorola-moto-g75-5g-w-moto-buds-dual-sim-256gb-8gb-6-8-grey\\",\\"created_at\\":\\"$D2025-09-14T01:53:37.581Z\\",\\"offer_id\\":null,\\"base_price\\":438,\\"shipping\\":0,\\"seller_id\\":202,\\"condition\\":\\"new\\",\\"country_code\\":null,\\"seller\\":{\\"seller_id\\":202,\\"name\\":\\"Mobileciti\\",\\"url\\":\\"www.mobileciti.com.au\\",\\"shopback\\":{\\"sb_id\\":8410,\\"sb_name\\":\\"Mobileciti\\",\\"url\\":\\"www.shopback.com.au/mobileciti\\",\\"commission\\":\\"Up to 2.10% Cashback\\",\\"created_at\\":\\"$D2023-08-01T09:56:13.775Z\\",\\"updated_at\\":null,\\"hostname\\":\\"mobileciti.com.au\\"},\\"cashrewards\\":{\\"cr_id\\":1005098,\\"name\\":\\"Mobileciti\\",\\"hyphenated_name\\":\\"mobileciti\\",\\"logo\\":\\"//cdn.cashrewards.com/mobileciti.jpg?t=637765071372444088\\",\\"created_at\\":\\"$D2023-07-30T11:50:50.100Z\\",\\"commission\\":2.2,\\"commission_string\\":\\"Up to 2.2% cashback\\",\\"online\\":true,\\"instore\\":false,\\"hostname\\":\\"mobileciti.com.au\\",\\"updated_at\\":null}}},{\\"pid\\":83429707,\\"seller_product_url\\":\\"https://www.thegoodguys.com.au/motorola-g75-5g-256gb-charcoal-grey-11901327984\\",\\"created_at\\":\\"$D2025-09-14T01:53:37.581Z\\",\\"offer_id\\":null,\\"base_price\\":497,\\"shipping\\":3,\\"seller_id\\":10,\\"condition\\":\\"new\\",\\"country_code\\":null,\\"seller\\":{\\"seller_id\\":10,\\"name\\":\\"The Good Guys\\",\\"url\\":\\"www.thegoodguys.com.au\\",\\"shopback\\":{\\"sb_id\\":8367,\\"sb_name\\":\\"The Good Guys\\",\\"url\\":\\"www.shopback.com.au/the-good-guys\\",\\"commission\\":\\"Up to 3% Cashback\\",\\"created_at\\":\\"$D2023-08-01T09:56:13.775Z\\",\\"updated_at\\":\\"$D2023-11-25T10:32:54.782Z\\",\\"hostname\\":\\"thegoodguys.com.au\\"},\\"cashrewards\\":{\\"cr_id\\":1004849,\\"name\\":\\"The Good Guys\\",\\"hyphenated_name\\":\\"the-good-guys\\",\\"logo\\":\\"//cdn.cashrewards.com/the-good-guys.jpg?t=637599296823973829\\",\\"created_at\\":\\"$D2023-07-30T11:50:50.100Z\\",\\"commission\\":2.3,\\"commission_string\\":\\"Up to 2.3% cashback\\",\\"online\\":true,\\"instore\\":false,\\"hostname\\":\\"thegoodguys.com.au\\",\\"updated_at\\":\\"$D2023-11-25T10:32:11.855Z\\"}}},{\\"pid\\":83429707,\\"seller_product_url\\":\\"https://www.amazon.com.au/dp/B0DKXB12CP\\",\\"created_at\\":\\"$D2025-09-14T01:53:37.581Z\\",\\"offer_id\\":null,\\"base_price\\":438,\\"shipping\\":0,\\"seller_id\\":60,\\"condition\\":\\"new\\",\\"country_code\\":null,\\"seller\\":{\\"seller_id\\":60,\\"name\\":\\"Amazon.com.au\\",\\"url\\":\\"www.amazon.com.au\\",\\"shopback\\":{\\"sb_id\\":8448,\\"sb_name\\":\\"Amazon Australia\\",\\"url\\":\\"www.shopback.com.au/amazon-australia\\",\\"commission\\":\\"Up to 7% Cashback\\",\\"created_at\\":\\"$D2023-08-01T09:56:13.775Z\\",\\"updated_at\\":\\"$D2023-11-25T10:32:54.782Z\\",\\"hostname\\":\\"amazon.com.au\\"},\\"cashrewards\\":{\\"cr_id\\":1003434,\\"name\\":\\"Amazon Australia\\",\\"hyphenated_name\\":\\"amazon-australia\\",\\"logo\\":\\"//cdn.cashrewards.com/amazon-australia.jpg\\",\\"created_at\\":\\"$D2023-07-30T11:50:50.100Z\\",\\"commission\\":7,\\"commission_string\\":\\"Up to 7% cashback\\",\\"online\\":true,\\"instore\\":false,\\"hostname\\":\\"amazon.com.au\\",\\"updated_at\\":\\"$D2023-11-30T03:50:38.698Z\\"}}},{\\"pid\\":83429707,\\"seller_product_url\\":\\"https://www.harveynorman.com.au/motorola-moto-g75-5g-256gb-charcoal-grey.html\\",\\"created_at\\":\\"$D2025-09-14T01:53:37.581Z\\",\\"offer_id\\":null,\\"base_price\\":499,\\"shipping\\":7.95,\\"seller_id\\":11,\\"condition\\":\\"new\\",\\"country_code\\":null,\\"seller\\":{\\"seller_id\\":11,\\"name\\":\\"Harvey Norman Australia\\",\\"url\\":\\"www.harveynorman.com.au\\",\\"shopback\\":null,\\"cashrewards\\":null}},{\\"pid\\":83429707,\\"seller_product_url\\":\\"https://www.lasoo.com.au/products/personal-digital/1716909/motorola-moto-g75-5g-dual-sim-256gb8gb-68-charcoal-grey\\",\\"created_at\\":\\"$D2025-08-29T20:03:27.652Z\\",\\"offer_id\\":null,\\"base_price\\":529,\\"shipping\\":0,\\"seller_id\\":6823,\\"condition\\":\\"new\\",\\"country_code\\":null,\\"seller\\":{\\"seller_id\\":6823,\\"name\\":\\"Lasoo\\",\\"url\\":\\"www.lasoo.com.au\\",\\"shopback\\":null,\\"cashrewards\\":null}},{\\"pid\\":83429707,\\"seller_product_url\\":\\"https://www.personaldigital.com.au/products/motorola-moto-g75-5g-dual-sim-256gb-8gb-6-8-bonus-moto-buds-charcoal-grey?variant=43108785651811\\",\\"created_at\\":\\"$D2025-08-28T23:53:56.005Z\\",\\"offer_id\\":null,\\"base_price\\":529,\\"shipping\\":0,\\"seller_id\\":14764,\\"condition\\":\\"new\\",\\"country_code\\":null,\\"seller\\":{\\"seller_id\\":14764,\\"name\\":\\"Personal Digital\\",\\"url\\":\\"www.personaldigital.com.au\\",\\"shopback\\":null,\\"cashrewards\\":null}},{\\"pid\\":83429707,\\"seller_product_url\\":\\"https://www.mobilewizardstore.com.au/product-page/motorola-g75-5g-256gb-with-moto-buds-charcoal-grey-au-stock-6-8-full\\",\\"created_at\\":\\"$D2025-08-23T11:01:27.827Z\\",\\"offer_id\\":null,\\"base_price\\":499,\\"shipping\\":15,\\"seller_id\\":1212885227,\\"condition\\":\\"new\\",\\"country_code\\":null,\\"seller\\":{\\"seller_id\\":1212885227,\\"name\\":\\"Mobile Wizard Store\\",\\"url\\":\\"www.mobilewizardstore.com.au\\",\\"shopback\\":null,\\"cashrewards\\":null}},{\\"pid\\":83429707,\\"seller_product_url\\":\\"https://www.bigw.com.au/product/moto-g75-5g-256gb-grey-with-moto-buds/p/6001651\\",\\"created_at\\":\\"$D2025-08-23T11:01:27.827Z\\",\\"offer_id\\":null,\\"base_price\\":399,\\"shipping\\":0,\\"seller_id\\":52,\\"condition\\":\\"new\\",\\"country_code\\":null,\\"seller\\":{\\"seller_id\\":52,\\"name\\":\\"BIG W\\",\\"url\\":\\"www.bigw.com.au\\",\\"shopback\\":{\\"sb_id\\":17706,\\"sb_name\\":\\"Big W\\",\\"url\\":\\"www.shopback.com.au/bigw\\",\\"commission\\":\\"Up to 4% Cashback\\",\\"created_at\\":\\"$D2023-08-01T09:56:13.775Z\\",\\"updated_at\\":\\"$D2023-11-25T10:32:54.782Z\\",\\"hostname\\":\\"bigw.com.au\\"},\\"cashrewards\\":{\\"cr_id\\":1004971,\\"name\\":\\"BIG W\\",\\"hyphenated_name\\":\\"big-w\\",\\"logo\\":\\"//cdn.cashrewards.com/big-w.png?t=637690919703543365\\",\\"created_at\\":\\"$D2023-07-30T11:50:50.100Z\\",\\"commission\\":2.4,\\"commission_string\\":\\"Up to 2.4% cashback\\",\\"online\\":true,\\"instore\\":false,\\"hostname\\":\\"bigw.com.au\\",\\"updated_at\\":\\"$D2023-11-30T03:50:38.698Z\\"}}},{\\"pid\\":83429707,\\"seller_product_url\\":\\"https://cybertechlab.com.au/products/motorola-g75-5g-256gb-with-moto-buds-charcoal-grey-au-stock-6-8-full-hd-120hz-8gb-256gb-dual-sim-50mp-16mp-water-protection-5000mah-2year-warranty\\",\\"created_at\\":\\"$D2025-07-28T22:35:09.370Z\\",\\"offer_id\\":null,\\"base_price\\":424.15,\\"shipping\\":20,\\"seller_id\\":1464195854,\\"condition\\":\\"new\\",\\"country_code\\":null,\\"seller\\":{\\"seller_id\\":1464195854,\\"name\\":\\"cybertechlab.com.au\\",\\"url\\":null,\\"shopback\\":null,\\"cashrewards\\":null}},{\\"pid\\":83429707,\\"seller_product_url\\":\\"https://horizonstore.com.au/products/motorola-moto-g75-5g-8gb-256gb-6-8-w-moto-buds-charcoal-grey?variant=44615659061436\\",\\"created_at\\":\\"$D2025-07-10T08:25:35.929Z\\",\\"offer_id\\":null,\\"base_price\\":399.99,\\"shipping\\":0,\\"seller_id\\":395586347,\\"condition\\":\\"new\\",\\"country_code\\":null,\\"seller\\":{\\"seller_id\\":395586347,\\"name\\":\\"Horizon Store\\",\\"url\\":\\"www.horizonstore.com.au\\",\\"shopback\\":null,\\"cashrewards\\":null}},{\\"pid\\":83429707,\\"seller_product_url\\":\\"https://www.officeworks.com.au/shop/officeworks/p/moto-g75-5g-256gb-grey-with-buds-motog75gry\\",\\"created_at\\":\\"$D2025-06-20T16:42:06.111Z\\",\\"offer_id\\":null,\\"base_price\\":277,\\"shipping\\":0,\\"seller_id\\":57,\\"condition\\":\\"new\\",\\"country_code\\":null,\\"seller\\":{\\"seller_id\\":57,\\"name\\":\\"Officeworks\\",\\"url\\":\\"www.officeworks.com.au\\",\\"shopback\\":null,\\"cashrewards\\":null}},{\\"pid\\":83429707,\\"seller_product_url\\":\\"https://www.domayne.com.au/motorola-moto-g75-5g-256gb-charcoal-grey.html\\",\\"created_at\\":\\"$D2025-06-20T16:42:06.111Z\\",\\"offer_id\\":null,\\"base_price\\":277,\\"shipping\\":7.95,\\"seller_id\\":1364130860,\\"condition\\":\\"new\\",\\"country_code\\":null,\\"seller\\":{\\"seller_id\\":1364130860,\\"name\\":\\"Domayne\\",\\"url\\":\\"www.domayne.com.au\\",\\"shopback\\":null,\\"cashrewards\\":null}},{\\"pid\\":83429707,\\"seller_product_url\\":\\"https://www.joycemayne.com.au/motorola-moto-g75-5g-256gb-charcoal-grey.html\\",\\"created_at\\":\\"$D2025-06-20T16:42:06.111Z\\",\\"offer_id\\":null,\\"base_price\\":277,\\"shipping\\":7.95,\\"seller_id\\":711746650,\\"condition\\":\\"new\\",\\"country_code\\":null,\\"seller\\":{\\"seller_id\\":711746650,\\"name\\":\\"Joyce Mayne\\",\\"url\\":\\"www.joycemayne.com.au\\",\\"shopback\\":null,\\"cashrewards\\":null}},{\\"pid\\":83429707,\\"seller_product_url\\":\\"https://www.ebay.com.au/itm/335991073910\\",\\"created_at\\":\\"$D2025-06-16T07:03:09.539Z\\",\\"offer_id\\":null,\\"base_price\\":395,\\"shipping\\":5,\\"seller_id\\":467756700,\\"condition\\":\\"new\\",\\"country_code\\":null,\\"seller\\":{\\"seller_id\\":467756700,\\"name\\":\\"eBay - ozzie_collecta\\",\\"url\\":null,\\"shopback\\":null,\\"cashrewards\\":null}},{\\"pid\\":83429707,\\"seller_product_url\\":\\"https://www.jbhifi.com.au/products/moto-g75-5g-256gb-with-moto-buds-charcoal-grey\\",\\"created_at\\":\\"$D2025-06-05T03:15:37.431Z\\",\\"offer_id\\":null,\\"base_price\\":499,\\"shipping\\":6.99,\\"seller_id\\":9,\\"condition\\":\\"new\\",\\"country_code\\":null,\\"seller\\":{\\"seller_id\\":9,\\"name\\":\\"JB Hi-Fi\\",\\"url\\":\\"www.jbhifi.com.au\\",\\"shopback\\":null,\\"cashrewards\\":null}},{\\"pid\\":83429707,\\"seller_product_url\\":\\"https://auzzistore.com.au/products/motorola-moto-g75-5g-with-moto-buds-256gb-charcoal-grey?variant=46348469862617\\",\\"created_at\\":\\"$D2025-06-01T17:31:11.420Z\\",\\"offer_id\\":null,\\"base_price\\":718.96,\\"shipping\\":0,\\"seller_id\\":6332,\\"condition\\":\\"new\\",\\"country_code\\":null,\\"seller\\":{\\"seller_id\\":6332,\\"name\\":\\"Auzzi Store\\",\\"url\\":\\"www.auzzistore.com.au\\",\\"shopback\\":null,\\"cashrewards\\":null}},{\\"pid\\":83429707,\\"seller_product_url\\":\\"https://www.lenovo.com/au/en/p/accessories-and-software/moto-phones/moto-g-series/78808445\\",\\"created_at\\":\\"$D2025-05-22T09:46:29.425Z\\",\\"offer_id\\":null,\\"base_price\\":499,\\"shipping\\":0,\\"seller_id\\":1580,\\"condition\\":\\"new\\",\\"country_code\\":null,\\"seller\\":{\\"seller_id\\":1580,\\"name\\":\\"Lenovo\\",\\"url\\":\\"www.lenovo.com\\",\\"shopback\\":{\\"sb_id\\":8373,\\"sb_name\\":\\"Lenovo\\",\\"url\\":\\"www.shopback.com.au/lenovo\\",\\"commission\\":\\"10% Cashback\\",\\"created_at\\":\\"$D2023-08-01T09:56:13.775Z\\",\\"updated_at\\":\\"$D2023-11-25T10:32:54.782Z\\",\\"hostname\\":\\"lenovo.com\\"},\\"cashrewards\\":{\\"cr_id\\":1005943,\\"name\\":\\"Lenovo\\",\\"hyphenated_name\\":\\"lenovo\\",\\"logo\\":\\"//cdn.cashrewards.com/lenovo.png?t=638261059478146003\\",\\"created_at\\":\\"$D2023-07-30T11:50:50.100Z\\",\\"commission\\":3.3,\\"commission_string\\":\\"3.3% cashback\\",\\"online\\":true,\\"instore\\":false,\\"hostname\\":\\"lenovo.com\\",\\"updated_at\\":\\"$D2023-11-30T03:50:38.698Z\\"}}},{\\"pid\\":83429707,\\"seller_product_url\\":\\"https://www.retravision.com.au/motorola-moto-g75-5g-256gb-charcoal-grey-moto-buds-11901327984-pb3y0024au\\",\\"created_at\\":\\"$D2025-05-20T07:46:42.621Z\\",\\"offer_id\\":null,\\"base_price\\":328,\\"shipping\\":7.76,\\"seller_id\\":80,\\"condition\\":\\"new\\",\\"country_code\\":null,\\"seller\\":{\\"seller_id\\":80,\\"name\\":\\"Retravision\\",\\"url\\":\\"www.retravision.com.au\\",\\"shopback\\":null,\\"cashrewards\\":null}},{\\"pid\\":83429707,\\"seller_product_url\\":\\"https://www.catch.com.au/product/motorola-moto-g75-5g-bonus-moto-buds-dual-sim-256gb-8gb-6-8-grey-33244983/\\",\\"created_at\\":\\"$D2025-05-01T20:06:57.701Z\\",\\"offer_id\\":null,\\"base_price\\":506.8,\\"shipping\\":0,\\"seller_id\\":115,\\"condition\\":\\"new\\",\\"country_code\\":null,\\"seller\\":{\\"seller_id\\":115,\\"name\\":\\"Catch.com.au\\",\\"url\\":\\"www.catch.com.au\\",\\"shopback\\":null,\\"cashrewards\\":null}},{\\"pid\\":83429707,\\"seller_product_url\\":\\"https://www.mwave.com.au/product/motorola-g75-5g-256gb-smartphone-with-buds-grey-ac82193\\",\\"created_at\\":\\"$D2025-03-30T19:36:19.814Z\\",\\"offer_id\\":null,\\"base_price\\":481.95,\\"shipping\\":9.95,\\"seller_id\\":278,\\"condition\\":\\"new\\",\\"country_code\\":null,\\"seller\\":{\\"seller_id\\":278,\\"name\\":\\"Mwave Australia\\",\\"url\\":\\"mwave.com.au\\",\\"shopback\\":{\\"sb_id\\":63702,\\"sb_name\\":\\"Mwave\\",\\"url\\":\\"www.shopback.com.au/mwave\\",\\"commission\\":\\"0.5% Cashback\\",\\"created_at\\":\\"$D2023-08-01T09:56:13.775Z\\",\\"updated_at\\":\\"$D2023-11-25T10:32:54.782Z\\",\\"hostname\\":\\"mwave.com.au\\"},\\"cashrewards\\":{\\"cr_id\\":1004885,\\"name\\":\\"Mwave\\",\\"hyphenated_name\\":\\"mwave\\",\\"logo\\":\\"//cdn.cashrewards.com/mwave.png?t=637622737569102693\\",\\"created_at\\":\\"$D2023-07-30T11:50:50.100Z\\",\\"commission\\":0.6,\\"commission_string\\":\\"0.6% cashback\\",\\"online\\":true,\\"instore\\":false,\\"hostname\\":\\"mwave.com.au\\",\\"updated_at\\":\\"$D2024-09-18T10:29:30.752Z\\"}}},{\\"pid\\":83429707,\\"seller_product_url\\":\\"https://www.ebay.com.au/itm/395926055872\\",\\"created_at\\":\\"$D2025-03-25T23:36:19.529Z\\",\\"offer_id\\":null,\\"base_price\\":388.64,\\"shipping\\":0,\\"seller_id\\":157,\\"condition\\":\\"new\\",\\"country_code\\":null,\\"seller\\":{\\"seller_id\\":157,\\"name\\":\\"eBay.com.au\\",\\"url\\":\\"www.ebay.com.au\\",\\"shopback\\":{\\"sb_id\\":25493,\\"sb_name\\":\\"eBay\\",\\"url\\":\\"www.shopback.com.au/ebay\\",\\"commission\\":\\"Up to 4% Cashback\\",\\"created_at\\":\\"$D2023-08-01T09:56:13.775Z\\",\\"updated_at\\":\\"$D2023-11-25T10:32:54.782Z\\",\\"hostname\\":\\"ebay.com.au\\"},\\"cashrewards\\":{\\"cr_id\\":1001163,\\"name\\":\\"eBay Australia\\",\\"hyphenated_name\\":\\"ebay-australia\\",\\"logo\\":\\"//cdn.cashrewards.com/ebay-australia.jpg\\",\\"created_at\\":\\"$D2023-07-30T11:50:50.100Z\\",\\"commission\\":5,\\"commission_string\\":\\"Up to 5% cashback\\",\\"online\\":true,\\"instore\\":false,\\"hostname\\":\\"stores.ebay.com.au\\",\\"updated_at\\":\\"$D2024-09-18T10:29:30.752Z\\"}}},{\\"pid\\":83429707,\\"seller_product_url\\":\\"https://www.snaffle.com.au/p/%7B%7Bprocess.slugify(decodeURIComponent(Variant.Slug))%7D%7D/\\",\\"created_at\\":\\"$D2025-03-18T23:28:30.123Z\\",\\"offer_id\\":null,\\"base_price\\":795.08,\\"shipping\\":0,\\"seller_id\\":78499855,\\"condition\\":\\"new\\",\\"country_code\\":null,\\"seller\\":{\\"seller_id\\":78499855,\\"name\\":\\"Snaffle\\",\\"url\\":\\"www.snaffle.com.au\\",\\"shopback\\":null,\\"cashrewards\\":null}},{\\"pid\\":83429707,\\"seller_product_url\\":\\"https://mylayby.com/product_via_sku/1442822\\",\\"created_at\\":\\"$D2024-12-26T09:11:29.984Z\\",\\"offer_id\\":null,\\"base_price\\":534,\\"shipping\\":0,\\"seller_id\\":215,\\"condition\\":\\"new\\",\\"country_code\\":null,\\"seller\\":{\\"seller_id\\":215,\\"name\\":\\"MyLayby\\",\\"url\\":\\"mylayby.com\\",\\"shopback\\":null,\\"cashrewards\\":null}}],\\"reviews\\":[{\\"review_id\\":12146952,\\"pid\\":83429707,\\"gid\\":\\"15797211988331096831\\",\\"title\\":\\"Excellent value for money\\",\\"details\\":\\"$5a\\",\\"rating\\":5,\\"review_date\\":\\"3 November 2024\\",\\"reviewer\\":\\"KentishLad\\",\\"store\\":\\"motorola.co.uk\\",\\"created_at\\":\\"$D2024-12-01T14:01:57.793Z\\",\\"thumbnails\\":null},{\\"review_id\\":12146960,\\"pid\\":83429707,\\"gid\\":\\"15797211988331096831\\",\\"title\\":\\"great bargain\\",\\"details\\":\\"great price ... great specs... great phone... i am satisfied\\",\\"rating\\":5,\\"review_date\\":\\"28 October 2024\\",\\"reviewer\\":\\"trindik\\",\\"store\\":\\"motorola.co.uk\\",\\"created_at\\":\\"$D2024-12-01T14:01:57.793Z\\",\\"thumbnails\\":null},{\\"review_id\\":12146959,\\"pid\\":83429707,\\"gid\\":\\"15797211988331096831\\",\\"title\\":\\"Great features.\\",\\"details\\":\\"I\'m so happy with it.Nice phone and features compared with other phones and its price too.\\",\\"rating\\":5,\\"review_date\\":\\"20 November 2024\\",\\"reviewer\\":\\"Nusrat\\",\\"store\\":\\"motorola.co.uk\\",\\"created_at\\":\\"$D2024-12-01T14:01:57.793Z\\",\\"thumbnails\\":null},{\\"review_id\\":12146961,\\"pid\\":83429707,\\"gid\\":\\"15797211988331096831\\",\\"title\\":\\"Must buy\\",\\"details\\":\\"Best budget mobile with all the best features.\\",\\"rating\\":4,\\"review_date\\":\\"16 November 2024\\",\\"reviewer\\":\\"\\",\\"store\\":\\"noon.com/uae-en/\\",\\"created_at\\":\\"$D2024-12-01T14:01:57.793Z\\",\\"thumbnails\\":null},{\\"review_id\\":12146958,\\"pid\\":83429707,\\"gid\\":\\"15797211988331096831\\",\\"title\\":\\"On internet everywhere they said this is a snapdragon 6gen3\\",\\"details\\":\\"On internet everywhere they said this is a snapdragon 6gen3, but when I received this phone and I checked microprocessor it was not the same, microprocessor is something else not the snapdragon\\",\\"rating\\":4,\\"review_date\\":\\"9 November 2024\\",\\"reviewer\\":\\"Farhan P.\\",\\"store\\":\\"noon.com/uae-en/\\",\\"created_at\\":\\"$D2024-12-01T14:01:57.793Z\\",\\"thumbnails\\":null},{\\"review_id\\":12146957,\\"pid\\":83429707,\\"gid\\":\\"15797211988331096831\\",\\"title\\":\\"people purchased thinking it was nano + nano sim\\",\\"details\\":\\"People purchased this phone thinking it was nano + nano configuration and then got sent esim + nano instead. motorola uk website showed that the mot g75 had nano sim + nano sim. but later changed it to esim + nano sim. so either motorola initially put the wrong details on the website , or it was a mess up at the factory , ie did motorola order nano + nano configuration from factory in china and they messed up ? and then when they shipped the phone with wrong configuration they just changed spec on their website ? because all the reviews that came out first stated it had nano + nano facility.\\",\\"rating\\":1,\\"review_date\\":\\"14 November 2024\\",\\"reviewer\\":\\"wizdumb\\",\\"store\\":\\"motorola.co.uk\\",\\"created_at\\":\\"$D2024-12-01T14:01:57.793Z\\",\\"thumbnails\\":[\\"https://encrypted-tbn2.gstatic.com/shopping?q=tbn:ANd9GcRIt9VoCvfxQOjQnzzO4k1rizOQl9Y5tUeODDYJu-SNtZDuqyNgnqGj38gD1_mK5EIBUxuusMz4RWvxA6-dnUELNzuNJtqQ9woySfRgPRNiej5W5URwvdQdGQ\\",\\"https://encrypted-tbn1.gstatic.com/shopping?q=tbn:ANd9GcR2HqJ4hYu9-qIowJ4Dl-TvENKO-d_dXEXLofIJInNQzlG7-Jl7AgWeF7J46DRiQSAOgDGoNf_2ESJaIoBeSBxKdKhSGrj5hNt_fXdTwkwGeic-7LPqxPFDig\\",\\"https://encrypted-tbn2.gstatic.com/shopping?q=tbn:ANd9GcSBpWTE7-ivCZyUCeAGXIyrIMXKEboYFdJdNKbeSr35-BaMg4U5mn-ilzH4fLm8YYvP6AKH3WbVknoXx8huEC9psXOzL1apuElUPsmyjXpnAYYwjvy4F90pdDE\\"]},{\\"review_id\\":12146956,\\"pid\\":83429707,\\"gid\\":\\"15797211988331096831\\",\\"title\\":\\"The only phone that has everything I want\\",\\"details\\":\\"Absolute Pinnacle of Value such a bargain. It\'s fast, has support for dual SIM and eSIM. Has expandable storage, IP68 so it can be submerged into water, it has wireless charging, Military drop tested approved, has Gorilla Glass 5. The screen is LCD rather than OLED, which in my view is better because it\'s more eye friendly than OLED (PWM method that OLED uses can cause eyestrain and headaches)I went for green because the black option does not have the faux leather on the back and I found it to be too slippy so I returned it.The battery lasts a long time, after a full days use it still shows 50 percent. I\'m very happy with image quality.Oh and the camera has Optical image stabilisation and at this price point it is hard to find.\\",\\"rating\\":5,\\"review_date\\":\\"10 November 2024\\",\\"reviewer\\":\\"Smithy\\",\\"store\\":\\"motorola.co.uk\\",\\"created_at\\":\\"$D2024-12-01T14:01:57.793Z\\",\\"thumbnails\\":[\\"https://encrypted-tbn1.gstatic.com/shopping?q=tbn:ANd9GcSb1QrN0DeSZDPRzuEYbkHKq9puZRr_-o9vzFhg5GK47QP70agUJyeMsNwDxH2PB6E1Jf2SfruHSs1pxhRdiFOKB0D9hibbbGLDvSMaLUMDB3Rc4_Arl9enpQ8\\",\\"https://encrypted-tbn1.gstatic.com/shopping?q=tbn:ANd9GcTynVt7ocP6bzQ7c56Ac_gq3REyxv0EFXGeOjgUTTMk3cZdnQN06NPOgVUDqtzOo-rAeLclMXLVRmlHW9g47fg2fViEDG-nSBVbJ9KeaqMyS4dKkp0f2kySs7g\\"]}],\\"detail\\":{\\"specs\\":[{\\"name\\":\\"Network\\",\\"value\\":\\"5G\\"},{\\"name\\":\\"Sim Card Type\\",\\"value\\":\\"eSIM / Nano\\"},{\\"name\\":\\"Operating System\\",\\"value\\":\\"Android 14\\"},{\\"name\\":\\"Display\\",\\"value\\":\\"6.8 inches Full HD+\\"},{\\"name\\":\\"Video Recording\\",\\"value\\":\\"4K\\"},{\\"name\\":\\"Phone Family\\",\\"value\\":\\"Moto g75\\"},{\\"name\\":\\"Expandable Storage\\",\\"value\\":\\"up to 1TB microSD card expandable\\"},{\\"name\\":\\"RAM Size\\",\\"value\\":\\"8GB\\"},{\\"name\\":\\"Bluetooth\\",\\"value\\":\\"5.4\\"},{\\"name\\":\\"GPS\\",\\"value\\":\\"GPS A-GPS LTEPP SUPL GLONASS Galileo QZSS BeiDou\\"},{\\"name\\":\\"Product Width (mm)\\",\\"value\\":\\"77.1\\"},{\\"name\\":\\"Product Height (mm)\\",\\"value\\":\\"165.95\\"},{\\"name\\":\\"Product Depth (mm)\\",\\"value\\":\\"7.99\\"},{\\"name\\":\\"Battery\\",\\"value\\":\\"5000mAh\\"},{\\"name\\":\\"Manufacturer\'s Warranty\\",\\"value\\":\\"2 Years\\"},{\\"name\\":\\"Storage Size\\",\\"value\\":\\"256GB\\"},{\\"name\\":\\"Colour\\",\\"value\\":\\"Charcoal Grey\\"},{\\"name\\":\\"Display Resolution\\",\\"value\\":\\"2388 1080\\"},{\\"name\\":\\"Weight (g)\\",\\"value\\":\\"180\\"},{\\"name\\":\\"Front Camera\\",\\"value\\":\\"8MP\\"},{\\"name\\":\\"Rear Camera\\",\\"value\\":\\"50MP\\"},{\\"name\\":\\"Release Year\\",\\"value\\":\\"2024\\"}],\\"pid\\":83429707,\\"gid\\":\\"15797211988331096831\\",\\"created_at\\":\\"$D2024-12-01T10:50:07.893Z\\"},\\"oz\\":[{\\"node\\":908653,\\"title\\":\\"[eBay Plus, Back Order] Motorola Moto G75 5G (Bonus: Moto Buds, Dual Sim, 256GB/8GB, 6.8\'\') $230.30 Delivered @ Allphones eBay - OzBargain\\",\\"upvotes\\":145,\\"downvotes\\":0,\\"link\\":\\"https://www.ebay.com.au/itm/167115114606\\",\\"created_at\\":\\"$D2025-06-03T02:01:01.730Z\\",\\"updated_at\\":\\"$D2025-06-03T08:00:05.574Z\\",\\"pid\\":83429707,\\"status\\":\\"out of stock\\",\\"coupon\\":\\"JUNEOFY\\",\\"seller_id\\":157},{\\"node\\":905382,\\"title\\":\\"Motorola G75 5G 8GB RAM/256GB Storage \\u0026 Bonus Moto Buds $296.10 Delivered / C\\u0026C (Everyday Rewards Required) @ BIG W - OzBargain\\",\\"upvotes\\":100,\\"downvotes\\":0,\\"link\\":\\"https://www.bigw.com.au/product/moto-g75-5g-256gb-grey-with-moto-buds/p/6001651\\",\\"created_at\\":\\"$D2025-05-12T04:00:21.738Z\\",\\"updated_at\\":\\"$D2025-05-24T06:00:24.532Z\\",\\"pid\\":83429707,\\"status\\":\\"expired\\",\\"coupon\\":\\"XMAY2025\\",\\"seller_id\\":52},{\\"node\\":905505,\\"title\\":\\"Motorola G75 5G 8GB RAM/256GB Storage \\u0026 Bonus Moto Buds $287, Dyson WashG1 $539 + Delivery ($0 C\\u0026C) @ The Good Guys - OzBargain\\",\\"upvotes\\":78,\\"downvotes\\":0,\\"link\\":\\"https://www.thegoodguys.com.au/motorola-g75-5g-256gb-charcoal-grey-11901327984\\",\\"created_at\\":\\"$D2025-05-13T00:00:20.459Z\\",\\"updated_at\\":\\"$D2025-05-14T16:00:07.499Z\\",\\"pid\\":83429707,\\"status\\":\\"expired\\",\\"coupon\\":\\"DEAL\\",\\"seller_id\\":10},{\\"node\\":905614,\\"title\\":\\"Motorola G75 5G 8GB RAM/256GB Storage \\u0026 Bonus Moto Buds \\u0026 Cord Grippers 6 Pack $260 + Delivery ($0 C\\u0026C) @ The Good Guys - OzBargain\\",\\"upvotes\\":250,\\"downvotes\\":0,\\"link\\":\\"https://www.thegoodguys.com.au/motorola-g75-5g-256gb-charcoal-grey-11901327984\\",\\"created_at\\":\\"$D2025-05-13T10:00:28.563Z\\",\\"updated_at\\":\\"$D2025-05-14T16:00:06.073Z\\",\\"pid\\":83429707,\\"status\\":\\"expired\\",\\"coupon\\":\\"DEAL\\",\\"seller_id\\":10}]}}]\\n']
INFO:custom_components.price_tracker.services.buywisely.hydration_parser:[DIAG] resolved_cache: {'1': 'HL["/_next/static/media/2b3f1035ed87a788-s.p.woff2","font",{"crossOrigin":"","type":"font/woff2"}]', '2': 'HL["/_next/static/media/8bf7b2ceda89477b-s.p.woff2","font",{"crossOrigin":"","type":"font/woff2"}]', '3': 'HL["/_next/static/css/e0d445a9cf4aff75.css","style"]', '4': 'I[89562,[],""]', '7': 'I[78703,[],""]', '9': 'I[53751,[],""]', 'c': 'I[11478,["3655","static/chunks/3655-f78e4e363a5541d0.js","395","static/chunks/app/product/%5Bslug%5D/layout-afd1e0771fc65a8b.js"],""]', 'd': 'I[25719,["3655","static/chunks/3655-f78e4e363a5541d0.js","6290","static/chunks/6290-2a8ce89a0b5a3df8.js","3895","static/chunks/app/product/%5Bslug%5D/@offers/loading-91e67d2edba3eaa4.js"],"default"]', 'e': 'I[88170,["3655","static/chunks/3655-f78e4e363a5541d0.js","6290","static/chunks/6290-2a8ce89a0b5a3df8.js","3895","static/chunks/app/product/%5Bslug%5D/@offers/loading-91e67d2edba3eaa4.js"],""]', 'f': 'I[44863,["3655","static/chunks/3655-f78e4e363a5541d0.js","395","static/chunks/app/product/%5Bslug%5D/layout-afd1e0771fc65a8b.js"],""]', '10': 'I[39146,["3655","static/chunks/3655-f78e4e363a5541d0.js","6290","static/chunks/6290-2a8ce89a0b5a3df8.js","2665","static/chunks/2665-2d172eda87a962e3.js","6435","static/chunks/app/product/%5Bslug%5D/@info/loading-1c1ee849e97e6a1a.js"],""]', '13': 'I[79165,["3655","static/chunks/3655-f78e4e363a5541d0.js","6290","static/chunks/6290-2a8ce89a0b5a3df8.js","6381","static/chunks/6381-2b873addadcb95f3.js","6310","static/chunks/6310-99207018fb617736.js","5469","static/chunks/5469-d5f85e2b5dbb2663.js","6341","static/chunks/6341-ca54939c2b36d77d.js","6252","static/chunks/6252-920c83842bca245b.js","6574","static/chunks/6574-85b13196e7d2f55e.js","307","static/chunks/307-cefa9bd2f7381bf5.js","2665","static/chunks/2665-2d172eda87a962e3.js","684","static/chunks/684-7de3c401504b82a2.js","7269","static/chunks/7269-a4bddb872ba784d5.js","8327","static/chunks/8327-5596df2c7a80e7eb.js","5135","static/chunks/5135-e150b38f04bc4ae4.js","5127","static/chunks/5127-7de194f1c35db063.js","5805","static/chunks/5805-5009d17ba83b5e07.js","3185","static/chunks/app/layout-0606493c769120ee.js"],"default"]', '14': 'I[72470,["3655","static/chunks/3655-f78e4e363a5541d0.js","6290","static/chunks/6290-2a8ce89a0b5a3df8.js","6381","static/chunks/6381-2b873addadcb95f3.js","6310","static/chunks/6310-99207018fb617736.js","5469","static/chunks/5469-d5f85e2b5dbb2663', '15': 'I[68744,["3655","static/chunks/3655-f78e4e363a5541d0.js","6290","static/chunks/6290-2a8ce89a0b5a3df8.js","6381","static/chunks/6381-2b873addadcb95f3.js","6310","static/chunks/6310-99207018fb617736.js","5469","static/chunks/5469-d5f85e2b5dbb2663.js","6341","static/chunks/6341-ca54939c2b36d77d.js","6252","static/chunks/6252-920c83842bca245b.js","6574","static/chunks/6574-85b13196e7d2f55e.js","307","static/chunks/307-cefa9bd2f7381bf5.js","2665","static/chunks/2665-2d172eda87a962e3.js","684","static/chunks/684-7de3c401504b82a2.js","7269","static/chunks/7269-a4bddb872ba784d5.js","8327","static/chunks/8327-5596df2c7a80e7eb.js","5135","static/chunks/5135-e150b38f04bc4ae4.js","5127","static/chunks/5127-7de194f1c35db063.js","5805","static/chunks/5805-5009d17ba83b5e07.js","3185","static/chunks/app/layout-0606493c769120ee.js"],"EventsProvider"]', '16': 'I[58977,["3655","static/chunks/3655-f78e4e363a5541d0.js","6290","static/chunks/6290-2a8ce89a0b5a3df8.js","6381","static/chunks/6381-2b873addadcb95f3.js","6310","static/chunks/6310-99207018fb617736.js","5469","static/chunks/5469-d5f85e2b5dbb2663.js","6341","static/chunks/6341-ca54939c2b36d77d.js","6252","static/chunks/6252-920c83842bca245b.js","6574","static/chunks/6574-85b13196e7d2f55e.js","307","static/chunks/307-cefa9bd2f7381bf5.js","2665","static/chunks/2665-2d172eda87a962e3.js","684","static/chunks/684-7de3c401504b82a2.js","7269","static/chunks/7269-a4bddb872ba784d5.js","8327","static/', '17': 'I[66973,["3655","static/chunks/3655-f78e4e363a5541d0.js","6290","static/chunks/6290-2a8ce89a0b5a3df8.js","6381","static/chunks/6381-2b873addadcb95f3.js","6310","static/chunks/6310-99207018fb617736.js","5469","static/chunks/5469-d5f85e2b5dbb2663.js","6341","static/chunks/6341-ca54939c2b36d77d.js","6252","static/chunks/6252-920c83842bca245b.js","6574","static/chunks/6574-85b13196e7d2f55e.js","307","static/chunks/307-cefa9bd2f7381bf5.js","2665","static/chunks/2665-2d172eda87a962e3.js","684","static/chunks/684-7de3c401504b82a2.js","7269","static/chunks/7269-a4bddb872ba784d5.js","8327","static/chunks/8327-5596df2c7a80e7eb.js","5135","static/chunks/5135-e150b38f04bc4ae4.js","5127","static/chunks/5127-7de194f1c35db063.js","5805","static/chunks/5805-5009d17ba83b5e07.js","3185","static/chunks/app/layout-0606493c769120ee.js"],"CollectionsProvider"]', '18': 'I[32206,["3655","static/chunks/3655-f78e4e363a5541d0.js","6290","static/chunks/6290-2a8ce89a0b5a3df8.js","6381","static/chunks/6381-2b873addadcb95f3.js","6310","static/chunks/6310-99207018fb617736.js","5469","static/chunks/5469-d5f85e2b5dbb2663.js","6341","static/chunks/6341-ca54939c2b36d77d.js","6252","static/chunks/6252-920c83842bca245b.js","6574","static/chunks/6574-85b13196e7d2f55e.js","307","static/chunks/307-cefa9bd2f7381bf5.js","2665","static/chunks/2665-2d172eda87a962e3.js","684","static/chunks/684-7de3c401504b82a2.js","7269","static/chunks/7269-a4bddb872ba784d5.js","8327","static/chunks/8327-5596df2c7a80e7eb.js","5135","static/chunks/5135-e150b38f04bc4ae4.js","5127","static/chunks/5127-7de194f1c35db063.js","5805","static/chunks/5805-5009d17ba83b5e07.js","3185","static/chunks/app/layout-0606493c769120ee.js"],"SearchProvider"]', '19': 'I[25115,["3655","static/chunks/3655-f78e4e363a5541d0.js","6290","static/chunks/6290-2a8ce89a0b5a3df', '1b': 'I[20977,["3655","static/chunks/3655-f78e4e363a5541d0.js","6290","static/chunks/6290-2a8ce89a0b5a3df8.js","6381","static/chunks/6381-2b873addadcb95f3.js","6310","static/chunks/6310-99207018fb617736.js","5469","static/chunks/5469-d5f85e2b5dbb2663.js","9160","static/chunks/app/not-found-9fe2d208d6f479a3.js"],"default"]', '1c': 'I[79529,["3655","static/chunks/3655-f78e4e363a5541d0.js","6290","static/chunks/6290-2a8ce89a0b5a3df8.js","6381","static/chunks/6381-2b873addadcb95f3.js","6310","static/chunks/6310-99207018fb617736.js","5469","static/chunks/5469-d5f85e2b5dbb2663.js","6341","static/chunks/6341-ca54939c2b36d77d.js","6252","static/chunks/6252-920c83842bca245b.js","6574","static/chunks/6574-85b13196e7d2f55e.js","307","static/chunks/307-cefa9bd2f7381bf5.js","2665","static/chunks/2665-2d172eda87a962e3.js","684","static/chunks/684-7de3c401504b82a2.js","7269","static/chunks/7269-a4bddb872ba784d5.js","8327","static/chunks/8327-5596df2c7a80e7eb.js","5135","static/chunks/5135-e150b38f04bc4ae4.js","5127","static/chunks/5127-7de194f1c35db063.js","5805","static/chunks/5805-5009d17ba83b5e07.js","3185","static/chunks/app/layout-0606493c769120ee.js"],"default"]', '1d': 'I[74906,["3655","static/chunks/3655-f78e4e363a5541d0.js","6290","static/chunks/6290-2a8ce89a0b5a3df8.js","6381","static/chunks/6381-2', '1e': 'I[25327,["3655","static/chunks/3655-f78e4e363a5541d0.js","6290","static/chunks/6290-2a8ce89a0b5a3df8.js","6381","static/chunks/6381-2b873addadcb95f3.js","6310","static/chunks/6310-99207018fb617736.js","5469","static/chunks/5469-d5f85e2b5dbb2663.js","6341","static/chunks/6341-ca54939c2b36d77d.js","6252","static/chunks/6252-920c83842bca245b.js","6574","static/chunks/6574-85b13196e7d2f55e.js","307","static/chunks/307-cefa9bd2f7381bf5.js","2665","static/chunks/2665-2d172eda87a962e3.js","684","static/chunks/684-7de3c401504b82a2.js","7269","static/chunks/7269-a4bddb872ba784d5.js","8327","static/chunks/8327-5596df2c7a80e7eb.js","5135","static/chunks/5135-e150b38f04bc4ae4.js","5127","static/chunks/5127-7de194f1c35db063.js","5805","static/chunks/5805-5009d17ba83b5e07.js","3185","static/chunks/app/layout-0606493c769120ee.js"],""]', '20': 'I[51395,[],""]', '8': '["slug","motorola-moto-g75-5g-256gb-grey-with-buds","d"]', '21': '[]', '0': '[[["$","link","0",{"rel":"stylesheet","href":"/_next/static/css/e0d445a9cf4aff75.css","precedence":"next","crossOrigin":"$undefined"}]],["$","$L4",null,{"buildId":"vVT_ICiXqaGX8gcuY6VmE","assetPrefix":"","initialCanonicalUrl":"/product/motorola-moto-g75-5g-256gb-grey-with-buds","initialTree":["",{"children":["product",{"children":[["slug","motorola-moto-g75-5g-256gb-grey-with-buds","d"],{"category":["__PAGE__",{"children":["__PAGE__",{}]}],"info":["__PAGE__",{"children":["__PAGE__",{}]}],"offers":["__PAGE__",{"children":["__PAGE__",{}]}],"children":["__DEFAULT__",{}]}]}]},"$undefined","$undefined",true],"initialSeedData":["",{"children":["product",{"children":[["slug","motorola-moto-g75-5g-256gb-grey-with-buds","d"],{"category":["__PAGE__",{"children":["__PAGE__",{},[["$L5","$L6"],null],null]},["$","$L7",null,{"parallelRouterKey":"children","segmentPath":["children","product","children",["slug","motorola-moto-g75-5g-256gb-grey-with-buds","d"],"category","__PAGE__","children"],"error":"$undefined","errorStyles":"$undefined","errorScripts":"$undefined","template":["$","$L9",null,{}],"templateStyles":"$undefined","templateScripts":"$undefined","notFound":"$undefined","notFoundStyles":"$undefined","styles":null}],null],"info":["__PAGE__",{"children":["__PAGE__",{},[[null,"$Lb"],null],null]},["$","$L7",null,{"parallelRouterKey":"children","segmentPath":["children","product","children",["slug","motorola-moto-g75-5g-256gb-grey-with-buds","d"],"info","__PAGE__","children"],"error":"$undefined","errorStyles":"$undefined","errorScripts":"$undefined","template":["$","$L9",null,{}],"templateStyles":"$undefined","templateScripts":"$undefined","notFound":"$undefined","notFoundStyles":"$undefined","styles":null}],[[["$","$Lc",null,{"sx":{"display":{"xs":"flex","md":"none"},"width":"100%"},"children":["$","$Ld",null,{"width":"100%","spacing":2,"mb":2,"children":[["$","$Le",null,{"variant":"rectangular","width":"100%","height":300}],["$","$Le",null,{"variant":"rounded","height":250}]]}]}],["$","$Lc",null,{"sx":{"display":{"xs":"none","md":"flex"}},"children":["$","$Lf",null,{"children":["$","$Lc",null,{"width":"100%","mb":2,"children":["$","$L10",null,{"container":true,"justifyContent":"space-around","children":[["$","$Le",null,{"variant":"rectangular","width":380,"height":400}],["$","$L10",null,{"item":true,"md":6,"xs":12,"alignItems":"center","children":[["$","$Le",null,{"width":400,"height":50}],["$","$Lc",null,{"my":4,"children":["$","$Le",null,{"variant":"rounded","width":600,"height":200}]}]]}]]}]}]}]}]],[],[]]],"offers":["__PAGE__",{"children":["__PAGE__",{},[[null,"$L11"],null],null]},["$","$L7",null,{"parallelRouterKey":"children","segmentPath":["children","product","children",["slug","motorola-moto-g75-5g-256gb-grey-with-buds","d"],"offers","__PAGE__","children"],"error":"$undefined","errorStyles":"$undefined","errorScripts":"$undefined","template":["$","$L9",null,{}],"templateStyles":"$undefined","templateScripts":"$undefined","notFound":"$undefined","notFoundStyles":"$undefined","styles":null}],[[["$","$Lc",null,{"sx":{"display":{"xs":"flex","md":"none"}},"children":["$","$Ld",null,{"spacing":2,"width":"100%","pt":2,"children":[["$","$Le",null,{"variant":"rounded","width":"100%","height":30}],[["$","$Le","0",{"width":"100%","height":80,"variant":"rounded"}],["$","$Le","1",{"width":"100%","height":80,"variant":"rounded"}],["$","$Le","2",{"width":"100%","height":80,"variant":"rounded"}],["$","$Le","3",{"width":"100%","height":80,"variant":"rounded"}],["$","$Le","4",{"width":"100%","height":80,"variant":"rounded"}]]]}]}],["$","$Lc",null,{"sx":{"display":{"xs":"none","md":"flex"}},"children":["$","$Ld",null,{"spacing":2,"my":2,"width":"100%","children":[["$","$Le",null,{"variant":"rounded","width":280,"height":30}],["$","$Ld",null,{"spacing":2,"children":[["$","$Le","0",{"width":"100%","height":60,"variant":"rounded"}],["$","$Le","1",{"width":"100%","height":60,"variant":"rounded"}],["$","$Le","2",{"width":"100%","height":60,"variant":"rounded"}],["$","$Le","3",{"width":"100%","height":60,"variant":"rounded"}],["$","$Le","4",{"width":"100%","height":60,"variant":"rounded"}],["$","$Le","5",{"width":"100%","height":60,"variant":"rounded"}],["$","$Le","6",{"width":"100%","height":60,"variant":"rounded"}],["$","$Le","7",{"width":"100%","height":60,"variant":"rounded"}],["$","$Le","8",{"width":"100%","height":60,"variant":"rounded"}],["$","$Le","9",{"width":"100%","height":60,"variant":"rounded"}]]}]]}]}]],[],[]]],"children":["__DEFAULT__",{},[[null,"$L12"],null],null]},[["$","$Lc",null,{"children":[["$","$Lc",null,{"sx":{"bgcolor":"background.paper","boxShadow":"0 2px 4px rgba(0,0,0,0.1)"},"pt":2,"children":["$","$Lf",null,{"children":[["$","$L7",null,{"parallelRouterKey":"category","segmentPath":["children","product","children",["slug","motorola-moto-g75-5g-256gb-grey-with-buds","d"],"category"],"error":"$undefined","errorStyles":"$undefined","errorScripts":"$undefined","template":["$","$L9",null,{}],"templateStyles":"$undefined","templateScripts":"$undefined","notFound":"$undefined","notFoundStyles":"$undefined","styles":null}],["$","$L7",null,{"parallelRouterKey":"info","segmentPath":["children","product","children",["slug","motorola-moto-g75-5g-256gb-grey-with-buds","d"],"info"],"error":"$undefined","errorStyles":"$undefined","errorScripts":"$undefined","template":["$","$L9",null,{}],"templateStyles":"$undefined","templateScripts":"$undefined","notFound":"$undefined","notFoundStyles":"$undefined","styles":null}]]}]}],["$","$Lf",null,{"children":["$","$L7",null,{"parallelRouterKey":"offers","segmentPath":["children","product","children",["slug","motorola-moto-g75-5g-256gb-grey-with-buds","d"],"offers"],"error":"$undefined","errorStyles":"$undefined","errorScripts":"$undefined","template":["$","$L9",null,{}],"templateStyles":"$undefined","templateScripts":"$undefined","notFound":"$undefined","notFoundStyles":"$undefined","styles":null}]}]]}],null],null]},["$","$L7",null,{"parallelRouterKey":"children","segmentPath":["children","product","children"],"error":"$undefined","errorStyles":"$undefined","errorScripts":"$undefined","template":["$","$L9",null,{}],"templateStyles":"$undefined","templateScripts":"$undefined","notFound":"$undefined","notFoundStyles":"$undefined","styles":null}],null]},[["$","html",null,{"lang":"en","className":"__className_6b8127","children":[["$","body",null,{"children":[["$","$L13",null,{"options":{"enableCssLayer":true},"children":["$","$L14",null,{"children":["$","$L15",null,{"children":["$","$L16",null,{"children":["$","$L17",null,{"children":["$","$L18",null,{"children":["$","$L19",null,{"children":["$","$Ld",null,{"sx":{"minHeight":"100vh","display":"flex","flexDirection":"column"},"children":["$L1a",["$","$Lc",null,{"sx":{"mt":8,"flex":1},"children":["$","$L7",null,{"parallelRouterKey":"children","segmentPath":["children"],"error":"$undefined","errorStyles":"$undefined","errorScripts":"$undefined","template":["$","$L9",null,{}],"templateStyles":"$undefined","templateScripts":"$undefined","notFound":["$","$L1b",null,{}],"notFoundStyles":[],"styles":null}]}],["$","$L1c",null,{}]]}]}]}]}]}]}]}]}],["$","$L1d",null,{"gaId":"G-M91Z4R0XFN"}]]}],["$","$L1e",null,{"async":true,"strategy":"lazyOnload","src":"https://pagead2.googlesyndication.com/pagead/js/adsbygoogle.js?client=ca-pub-3043658465039401","crossOrigin":"anonymous"}]]}],null],null],"couldBeIntercepted":false,"initialHead":[null,"$L1f"],"globalErrorComponent":I[51395,[],""],"missingSlots":"$W21"}]]', 'a': 'null', '12': 'E{"digest":"NEXT_NOT_FOUND"}', '22': 'I[5821,["3655","static/chunks/3655-f78e4e363a5541d0.js","6290","static/chunks/6290-2a8ce89a0b5a3df8.js","6381","static/chunks/6381-2b873addadcb95f3.js","6310","static/chunks/6310-99207018fb617736.js","5469","static/chunks/5469-d5f85e2b5dbb2663.js","6341","static/chunks/6341-ca54939c2b36d77d.js","6252","static/chunks/6252-920c83842bca245b.js","6574","static/chunks/6574-85b13196e7d2f55e.js","307","static/chunks/307-cefa9bd2f7381bf5.js","2665","static/chunks/2665-2d172eda87a962e3.js","684","static/chunks/684-7de3c401504b82a2.js","7269","static/chunks/7269-a4bddb872ba784d5.js","8327","static/chunks/8327-5596df2c7a80e7eb.js","5135","static/chunks/5135-e150b38f04bc4ae4.js","5127","static/chunks/5127-7de194f1c35db063.js","5805","static/chunks/5805-5009d17ba83b5e07.js","3185","static/chunks/app/layout-0606493c769120ee.js"],""]', '23': 'I[6063,["3655","static/chunks/3655-f78e4e363a5541d0.js","6290","static/chunks/6290-2a8ce89a0b5a3df8.js","6381","static/chunks/6381-2b873addadcb95f3.js","6310","static/chunks/6310-99207018fb617736.js","5469","static/chunks/5469-d5f85e2b5dbb2663.js","6341","static/chunks/6341-ca54939c2b36d77d.js","6252","static/chunks/6252-920c83842bca245b.js","6574","static/chunks/6574-85b13196e7d2f55e.js","307","static/chunks/307-cefa9bd2f7381bf5.js","2665","static/chunks/2665-2d172eda87a962e3.js","684","static/chunks/684-7de3c401504b82a2.js","7269","static/chunks/7269-a4bddb872ba784d5.js","8327","static/chunks/8327-5596df2c7a80e7eb.js","5135","static/chunks/5135-e150b38f04bc4ae4.js","5127","static/chunks/5127-7de194f1c35db063.js","5805","static/chunks/5805-5009d17ba83b5e07.js","3185","static/chunks/app/layout-0606493c769120ee.js"],"default"]', '24': 'I[92163,["3655","static/chunks/3655-f78e4e363a5541d0.js","6290","static/chunks/6290-2a8ce89a0b5a3df8.js","6381","static/chunks/6381-2b873addadcb95f3.js","6310","static/chunks/6310-99207018fb617736.js","5469","static/chunks/5469-d5f85e2b5dbb2663.js","6341","static/chunks/6341-ca54939c2b36d77d.js","6252","static/chunks/6252-920c83842bca245b.js","6574","static/chunks/657', '25': 'I[5281,["3655","static/chunks/3655-f78e4e363a5541d0.js","6290","static/chunks/6290-2a8ce89a0b5a3df8.js","6381","static/chunks/6381-2b873addadcb95f3.js","6310","static/chunks/6310-99207018fb617736.js","5469","static/chunks/5469-d5f85e2b5dbb2663.js","6341","static/chunks/6341-ca54939c2b36d77d.js","6252","static/chunks/6252-920c83842bca245b.js","6574","static/chunks/6574-85b13196e7d2f55e.js","307","static/chunks/307-cefa9bd2f7381bf5.js","2665","static/chunks/2665-2d172eda87a962e3.js","684","static/chunks/684-7de3c401504b82a2.js","7269","static/chunks/7269-a4bddb872ba784d5.js","8327","static/chunks/8327-5596df2c7a80e7eb.js","5135","static/chunks/5135-e150b38f04bc4ae4.js","5127","static/chunks/5127-7de194f1c35db063.js","5805","static/chunks/5805-5009d17ba83b5e07.js","3185","static/chunks/app/layout-0606493c769120ee.js"],"default"]', '26': 'I[90996,["3655","static/chunks/3655-f78e4e363a5541d0.js","6290","static/chunks/6290-2a8ce89a0b5a3df8.js","6381","static/chunks/6381-2b873addadcb95f3.js","6310","static/chunks/6310-99207018fb617736.js","5469","static/chunks/5469-d5f85e2b5dbb2663.js","6341","static/chunks/6341-ca54939c2b36d77d.js","6252","static/chunks/6252-920c83842bca245b.js","6574","static/chunks/6574-85b13196e7d2f55e.js","307","static/chunks/307-cefa9bd2f7381bf5.js","2665","static/chunks/2665-2d172eda87a962e3.js","684","static/chunks/684-7de3c401504b82a2.js","7269","static/chunks/7269-a4bddb872ba784d5.js","8327","static/chunks/8327-5596df2c7a80e7eb.js","5135","static/chunks/5135-e150b38f04bc4ae4.js","5127","static/chunks/5127-7de194f1c35db063.js","5805","st', '1a': '["$","$L22",null,{"sx":{"backdropFilter":"blur(6px)","backgroundColor":"rgba(255, 255, 255, 0.8)","boxShadow":"0 2px 4px rgba(0,0,0,0.1)"},"children":["$","$Lf",null,{"children":[["$","$Ld",null,{"direction":"row","alignItems":"center","justifyContent":"space-between","sx":{"display":{"xs":"flex","md":"none"},"height":64},"children":[["$","$L23",null,{"isMobile":true}],["$","$L24",null,{}]]}],["$","$Ld",null,{"direction":"row","alignItems":"center","justifyContent":"space-between","sx":{"display":{"xs":"none","md":"flex"},"height":64},"children":[["$","$L23",null,{}],["$","$Lc",null,{"sx":{"display":"flex","alignItems":"center","gap":2},"children":[["$","$L25",null,{"trend":0.235162889442607,"history":[{"average_price_trend":0.235162889442607,"cycle":{"id":722,"cycle_timestamp":"$D2025-09-16T23:51:09.041Z"}},{"average_price_trend":-0.3933975791444141,"cycle":{"id":721,"cycle_timestamp":"$D2025-09-14T08:21:18.130Z"}},{"average_price_trend":0.03076422666606666,"cycle":{"id":720,"cycle_timestamp":"$D2025-09-13T12:04:33.238Z"}},{"average_price_trend":0.1977091683052522,"cycle":{"id":719,"cycle_timestamp":"$D2025-09-10T07:47:00.349Z"}},{"average_price_trend":0.04236148797531323,"cycle":{"id":718,"cycle_timestamp":"$D2025-09-06T06:54:04.013Z"}},{"average_price_trend":0.487140901639648,"cycle":{"id":717,"cycle_timestamp":"$D2025-09-03T22:06:25.743Z"}},{"average_price_trend":0.6299343931703866,"cycle":{"id":716,"cycle_timestamp":"$D2025-09-02T03:43:59.557Z"}},{"average_price_trend":0.113508464842328,"cycle":{"id":715,"cycle_timestamp":"$D2025-08-31T05:27:25.945Z"}},{"average_price_trend":-0.5754341906543936,"cycle":{"id":714,"cycle_timestamp":"$D2025-08-29T23:01:56.416Z"}},{"average_price_trend":-0.1559035659718694,"cycle":{"id":713,"cycle_timestamp":"$D2025-08-29T02:54:11.330Z"}},{"average_price_trend":0.1019465491560324,"cycle":{"id":712,"cycle_timestamp":"$D2025-08-26T02:50:00.523Z"}},{"average_price_trend":-0.01461561512320754,"cycle":{"id":711,"cycle_timestamp":"$D2025-08-23T14:42:35.806Z"}},{"average_price_trend":0.08809242857108397,"cycle":{"id":710,"cycle_timestamp":"$D2025-08-22T06:13:19.862Z"}},{"average_price_trend":0.923648449936234,"cycle":{"id":709,"cycle_timestamp":"$D2025-08-21T09:57:08.076Z"}},{"average_price_trend":1.36612974824761,"cycle":{"id":708,"cycle_timestamp":"$D2025-08-19T08:46:17.702Z"}},{"average_price_trend":-0.01859939297230051,"cycle":{"id":707,"cycle_timestamp":"$D2025-08-16T15:23:55.519Z"}},{"average_price_trend":-1.438164423979347,"cycle":{"id":706,"cycle_timestamp":"$D2025-08-15T02:13:45.730Z"}},{"average_price_trend":-0.1492754721908467,"cycle":{"id":705,"cycle_timestamp":"$D2025-08-14T06:11:54.445Z"}},{"average_price_trend":-0.0814588900931564,"cycle":{"id":704,"cycle_timestamp":"$D2025-08-08T09:30:50.961Z"}},{"average_price_trend":0.06597306483095598,"cycle":{"id":703,"cycle_timestamp":"$D2025-08-06T09:58:55.283Z"}}]}],["$","$L26",null,{}]]}]]}]]}]}]', '27': '"$Sreact.fragment"', '29': 'I[6632,["3655","static/chunks/3655-f78e4e363a5541d0.js","6381","static/chunks/6381-2b873addadcb95f3.js","635","static/chunks/635-de4a99a005c429a5.js","5153","static/chunks/app/product/%5Bslug%5D/@category/page-e562e2b22b747881.js"],""]', '2a': 'I[36049,["3655","static/chunks/3655-f78e4e363a5541d0.js","6381","static/chunks/6381-2b873addadcb95f3.js","635","static/chunks/635-de4a99a005c429a5.js","5153","static/chunks/app/product/%5Bslug%5D/@category/page-e562e2b22b747881.js"],""]', '28': '[["$","meta","0",{"name":"viewport","content":"width=device-width, initial-scale=1, maximum-scale=1"}],["$","meta","1",{"charSet":"utf-8"}],["$","title","2",{"children":"Motorola Moto G75 5G 256GB Grey with Buds - Price History, Comparison \\u0026 Alerts | BuyWisely"}],["$","meta","3",{"name":"description","content":"Crafted from premium materials and featuring military-grade¹ durability, moto g75 5G is made for everyday life. Capture sharp photos and smooth videos using the... Compare prices, track history, set alerts on BuyWisely."}],["$","meta","4",{"name":"keywords","content":"Motorola Moto G75 5G 256GB Grey with Buds, price comparison, price history, price alerts, best deals, online shopping, BuyWisely"}],["$","meta","5",{"name":"robots","content":"index, follow"}],["$","meta","6",{"name":"googlebot","content":"index, follow, max-video-preview:-1, max-image-preview:large, max-snippet:-1"}],["$","link","7",{"rel":"canonical","href":"https://buywisely.com.au/product/motorola-moto-g75-5g-256gb-grey-with-buds"}],["$","meta","8",{"property":"og:title","content":"Motorola Moto G75 5G 256GB Grey with Buds - Price History, Comparison \\u0026 Alerts"}],["$","meta","9",{"property":"og:description","content":"Crafted from premium materials and featuring military-grade¹ durability, moto g75 5G is made for everyday life. Capture sharp photos and smooth videos using the... Compare prices, track history, set alerts on BuyWisely."}],["$","meta","10",{"property":"og:image","content":"https://encrypted-tbn0.gstatic.com/shopping?q=tbn:ANd9GcTN0NDdrPCDIn9NaiVIb7vTMSRVKBOQbkBMTHJyb9dzqC_WY5IGMoYuvnsDtsI8XvfpsX50GHyVY5kvPm-1nSr2bXEkwcR1sLJr1IR1dAkwVcXTXGOCB8frf7o"}],["$","meta","11",{"name":"twitter:card","content":"summary_large_image"}],["$","meta","12",{"name":"twitter:title","content":"Price History, Comparison \\u0026 Tracking | Save Money on Your Purchases"}],["$","meta","13",{"name":"twitter:description","content":"Track price history, compare prices, and set price alerts for products across 20,000+ online shops. BuyWisely helps you find the best deals and make informed buying decisions."}],["$","meta","14",{"name":"twitter:image","content":"https://buywisely.com.au/assets/images/landing/preview.png"}],["$","meta","15",{"name":"next-size-adjust"}]]', '1f': '["$","$Sreact.fragment","k4GjLZXGGia1x7jDr8PXF",{"children":[["$","meta","0",{"name":"viewport","content":"width=device-width, initial-scale=1, maximum-scale=1"}],["$","meta","1",{"charSet":"utf-8"}],["$","title","2",{"children":"Motorola Moto G75 5G 256GB Grey with Buds - Price History, Comparison \\u0026 Alerts | BuyWisely"}],["$","meta","3",{"name":"description","content":"Crafted from premium materials and featuring military-grade¹ durability, moto g75 5G is made for everyday life. Capture sharp photos and smooth videos using the... Compare prices, track history, set alerts on BuyWisely."}],["$","meta","4",{"name":"keywords","content":"Motorola Moto G75 5G 256GB Grey with Buds, price comparison, price history, price alerts, best deals, online shopping, BuyWisely"}],["$","meta","5",{"name":"robots","content":"index, follow"}],["$","meta","6",{"name":"googlebot","content":"index, follow, max-video-preview:-1, max-image-preview:large, max-snippet:-1"}],["$","link","7",{"rel":"canonical","href":"https://buywisely.com.au/product/motorola-moto-g75-5g-256gb-grey-with-buds"}],["$","meta","8",{"property":"og:title","content":"Motorola Moto G75 5G 256GB Grey with Buds - Price History, Comparison \\u0026 Alerts"}],["$","meta","9",{"property":"og:description","content":"Crafted from premium materials and featuring military-grade¹ durability, moto g75 5G is made for everyday life. Capture sharp photos and smooth videos using the... Compare prices, track history, set alerts on BuyWisely."}],["$","meta","10",{"property":"og:image","content":"https://encrypted-tbn0.gstatic.com/shopping?q=tbn:ANd9GcTN0NDdrPCDIn9NaiVIb7vTMSRVKBOQbkBMTHJyb9dzqC_WY5IGMoYuvnsDtsI8XvfpsX50GHyVY5kvPm-1nSr2bXEkwcR1sLJr1IR1dAkwVcXTXGOCB8frf7o"}],["$","meta","11",{"name":"twitter:card","content":"summary_large_image"}],["$","meta","12",{"name":"twitter:title","content":"Price History, Comparison \\u0026 Tracking | Save Money on Your Purchases"}],["$","meta","13",{"name":"twitter:description","content":"Track price history, compare prices, and set price alerts for products across 20,000+ online shops. BuyWisely helps you find the best deals and make informed buying decisions."}],["$","meta","14",{"name":"twitter:image","content":"https://buywisely.com.au/assets/images/landing/preview.png"}],["$","meta","15",{"name":"next-size-adjust"}]]}]', '5': 'null', '6': '{"gid":"15797211988331096831","image":"https://encrypted-tbn0.gstatic.com/shopping?q=tbn:ANd9GcSMKJEcJ5xuZEACgvb5b-OsiulwL1b5Ivy7wbsYiJ3A2vpwsAhIjV_QMfs2iyap5nDsHiEzTcaeGYaz_I5WBRrUjD5abtI2D4WPYd1uowVZArHKnsIo95M\\u0026usqp=CAY"}', '2b': 'I[70760,["3655","static/chunks/3655-f78e4e363a5541d0.js","6290","static/chunks/6290-2a8ce89a0b5a3df8.js","6381","static/chunks/6381-2b873addadcb95f3.js","6310","static/chunks/6310-99207018fb617736.js","5469","static/chunks/5469-d5f85e2b5dbb2663.js","6341","static/chunks/6341-ca54939c2b36d77d.js","6252","static/chunks/6252-920c83842bca245b.js","6574","static/chunks/6574-85b13196e7d2f55e.js","307","static/chunks/307-cefa9bd2f7381bf5.js","2665","static/chunks/2665-2d172eda87a962e3.js","8393","static/chunks/8393-4175fa3c3129adeb.js","1682","static/chunks/1682-b2e703b472c280ea.js","9999","static/chunks/9999-f564e2e7fc5b6c44.js","4824","static/chunks/4824-507f78e55d96f9dc.js","1203","static/chunks/app/product/%5Bslug%5D/@info/page-4236f2b80fc1d44c.js"],"default"]', '2c': 'I[61165,["3655","static/chunks/3655-f78e4e363a5541d0.js","6290","static/chunks/6290-2a8ce89a0b5a3df8.js","6381","static/chunks/6381-2b873addadcb95f3.js","6310","static/chunks/6310-99207018fb617736.js","5469","static/chunks/5469-d5f85e2b5dbb2663.js","6341","static/chunks/6341-ca54939c2b36d77d.js","6252","static/chunks/6252-920c83842bca245b.js","6574","static/chunks/6574-85b13196e7d2f55e.js","307","static/chunks/307-cefa9bd2f7381bf5.js","2665","static/chunks/2665-2d172eda87a962e3.js","8393","static/chunks/8393-4175fa3c3129adeb.js","1682","static/chunks/1682-b2e703b472c280ea.js","9999","static/chunks/9999-f564e2e7fc5b6c44.js","4824","static/chunks/4824-507f78e55d96f9dc.js","1203","static/chunks/app/product/%5Bslug%5D/@info/page-4236f2b80fc1d44c.js"],"H2"]', '2d': 'I[67988,["3655","static/chunks/3655-f78e4e363a5541d0.js","6290","static/chunks/6290-2a8ce89a0b5a3df8.js","6381","static/chunks/6381-2b873addadcb95f3.js","6310","static/chunks/6310-99207018fb617736.js","5469","static/chunks/5469-d5f85e2b5dbb2663.js","6341","static/chunks/6341-ca54939c2b36d77d.js","6252","static/chunks/6252-920c83842bca245b.js","6574","static/chunks/6574-85b13196e7d2f55e.js","307","static/chunks/307-cefa9bd2f7381bf5.js","2665","static/chunks/2665-2d172eda87a962e3.js","8393","static/chunks', '2e': 'I[66079,["3655","static/chunks/3655-f78e4e363a5541d0.js","6290","static/chunks/6290-2a8ce89a0b5a3df8.js","6381","static/chunks/6381-2b873addadcb95f3.js","6310","static/chunks/6310-99207018fb617736.js","5469","static/chunks/5469-d5f85e2b5dbb2663.js","6341","static/chunks/6341-ca54939c2b36d77d.js","6252","static/chunks/6252-920c83842bca245b.js","6574","static/chunks/6574-85b13196e7d2f55e.js","307","static/chunks/307-cefa9bd2f7381bf5.js","2665","static/chunks/2665-2d172eda87a962e3.js","8393","static/chunks/8393-4175fa3c3129adeb.js","1682","static/chunks/1682-b2e703b472c280ea.js","9999","static/chunks/9999-f564e2e7fc5b6c44.js","4824","static/chunks/4824-507f78e55d96f9dc.js","1203","static/chunks/app/product/%5Bslug%5D/@info/page-4236f2b80fc1d44c.js"],""]', '2f': 'I[61165,["3655","static/chunks/3655-f78e4e363a5541d0.js","6290","static/chunks/6290-2a8ce89a0b5a3df8.js","6381","static/chunks/6381-2b873addadcb95f3.js","6310","static/chunks/6310-99207018fb617736.js","5469","static/chunks/5469-d5f85e2b5dbb2663.js","6341","static/chunks/6341-ca54939c2b36d77d.js","6252","static/chunks/6252-920c83842bca245b.js","6574","static/chunks/6574-85b13196e7d2f55e.js","307","static/chunks/307-cefa9bd2f7381bf5.js","2665","static/chunks/2665-2d172eda87a962e3.js","8393","static/chunks/8393-4175fa3c3129adeb.js","1682","static/chunks/1682-b2e703b472c280ea.js","9999","static/chunks/9999-f564e2e7fc5b6c44.js","4824","static/chunks/4824-507f78e55d96f9dc.js","1203","static/chunks/app/product/%5Bslug%5D/@info/page-4236f2b80fc1d44c.js"],"H6"]', '30': 'I[74191,["3655","static/chunks/3655-f78e4e363a5541d0.js","6290","static/chunks/6290-2a8ce89a0b5a3df8.js","6381","static/chunks/6381-2b873addadcb95f3.js","6310","static/chunks/6310-99207018fb617736.js","5469","static/chunks/5469-d5f85e2b5dbb2663.js","6341","stati', '31': 'I[61165,["3655","static/chunks/3655-f78e4e363a5541d0.js","6290","static/chunks/6290-2a8ce89a0b5a3df8.js","6381","static/chunks/6381-2b873addadcb95f3.js","6310","static/chunks/6310-99207018fb617736.js","5469","static/chunks/5469-d5f85e2b5dbb2663.js","6341","static/chunks/6341-ca54939c2b36d77d.js","6252","static/chunks/6252-920c83842bca245b.js","6574","static/chunks/6574-85b13196e7d2f55e.js","307","static/chunks/307-cefa9bd2f7381bf5.js","2665","static/chunks/2665-2d172eda87a962e3.js","8393","static/chunks/8393-4175fa3c3129adeb.js","1682","static/chunks/1682-b2e703b472c280ea.js","9999","static/chunks/9999-f564e2e7fc5b6c44.js","4824","static/chunks/4824-507f78e55d96f9dc.js","1203","static/chunks/app/product/%5Bslug%5D/@info/page-4236f2b80fc1d44c.js"],"Paragraph"]', '32': 'I[40958,["3655","static/chunks/3655-f78e4e363a5541d0.js","6290","static/chunks/6290-2a8ce89a0b5a3df8.js","6381","static/chunks/6381-2b873addadcb95f3.js","6310","static/chunks/6310-99207018fb617736.js","5469","static/chunks/5469-d5f85e2b5dbb2663.js","6341","static/chunks/6341-ca54939c2b36d77d.js","6252","static/chunks/6252-920c83842bca245b.js","6574","static/chunks/6574-85b13196e7d2f55e.js","307","static/chunks/307-cefa9bd2f7381bf5.js","2665","static/chunks/2665-2d172eda87a962e3.js","8393","static/chunks/8393-4175fa3c3129adeb.js","1682","static/chunks/1682-b2e703b472c280ea.js","9999","static/chunks/9999-f564e2e7fc5b6c44.js","4824","static/chunks/4824-507f78e55d96f9dc.js","1203","static/chunks/app/product/%5Bslug%5D/@info/page-4236f2b80fc1d44c.js"],"default"', '51': 'I[61165,["3655","static/chunks/3655-f78e4e363a5541d0.js","6290","static/chunks/6290-2a8ce89a0b5a3df8.js","6381","static/chunks/6381-2b873addadcb95f3.js","6310","static/chunks/6310-99207018fb617736.js","5469","static/chunks/5469-d5f85e2b5dbb2663.js","6341","static/chunks/6341-ca54939c2b36d77d.js","6252","static/chunks/6252-920c83842bca245b.js","6574","static/chunks/6574-85b13196e7d2f55e.js","307","static/chunks/307-cefa9bd2f7381bf5.js","2665","static/chunks/2665-2d172eda87a962e3.js","8393","static/chunks/8393-4175fa3c3129adeb.js","1682","static/chunks/1682-b2e703b472c280ea.js","9999","static/chunks/9999-f564e2e7fc5b6c44.js","4824","static/chunks/4824-507f78e55d96f9dc.js","1203","static/chunks/app/product/%5Bslug%5D/@info/page-4236f2b80fc1d44c.js"],"H4"]', '52': 'I[97452,["3655","static/chunks/3655-f78e4e363a5541d0.js","6290","static/chunks/6290-2a8ce89a0b5a3df8.js","6381","static/chunks/6381-2b873addadcb95f3.js","6310","static/chunks/6310-99207018fb617736.js","5469","static/chunks/5469-d5f85e2b5dbb2663.js","6341","static/chunks/6341-ca54939c2b36d77d.js","6252","static/chunks/6252-920c83842bca245b.js","6574","static/chunks/6574-85b13196e7d2f55e.js","307","static/chunks/307-cefa9bd2f7381bf5.js","2665","static/chunks/2665-2d172eda87a962e3.js","8393","static/chunks/8393-4175fa3c3129adeb.js","1682","static/chunks/1682-b2e703b472c280ea.js","9999","static/chunks/9999-f564e2e7fc5b6c44.js","4824","static/chunks/4824-507f78e55d96f9dc.js","1203","static/chunks/app/product/%5Bslug%5D/@info/page-4236f2b80fc1d44c.js"],""]', '53': 'I[65469,["3655","static/chunks/3655-f78e4e363a5541d0.js","6290","static/chunks/6290-2a8ce89a0b5a3df8.js","6381","static/chunks/6381-2b873addadcb95f3.js","6310","static/chunks/6310-99207018fb617736.js","5469","static/chunks/5469-d5f85e2b5dbb2663.js","6341","static/chunks/6341-ca54939c2b36d77d.js","6252","static/chunks/6252-920c83842bca245b.js","6574","static/chunks/6574-85b13196e7d2f55e.js","307","static/chunks/307-cefa9bd2f7381bf5.js","2665","static/chunks/2665-2d172eda87a962e3.js","8393","static/chunks/8393', '54': 'I[77509,["3655","static/chunks/3655-f78e4e363a5541d0.js","6290","static/chunks/6290-2a8ce89a0b5a3df8.js","6381","static/chunks/6381-2b873addadcb95f3.js","6310","static/chunks/6310-99207018fb617736.js","5469","static/chunks/5469-d5f85e2b5dbb2663.js","6341","static/chunks/6341-ca54939c2b36d77d.js","6252","static/chunks/6252-920c83842bca245b.js","6574","static/chunks/6574-85b13196e7d2f55e.js","307","static/chunks/307-cefa9bd2f7381bf5.js","2665","static/chunks/2665-2d172eda87a962e3.js","8393","static/chunks/8393-4175fa3c3129adeb.js","1682","static/chunks/1682-b2e703b472c280ea.js","9999","static/chunks/9999-f564e2e7fc5b6c44.js","4824","static/chunks/4824-507f78e55d96f9dc.js","1203","static/chunks/app/product/%5Bslug%5D/@info/page-4236f2b80fc1d44c.js"],"default"]', '55': 'I[61165,["3655","static/chunks/3655-f78e4e363a5541d0.js","6290","static/chunks/6290-2a8ce89a0b5a3df8.js","6381","static/chunks/6381-2b873addadcb95f3.js","6310","static/chunks/6310-99207018fb617736.js","5469","static/chunks/5469-d5f85e2b5dbb2663.js","6341","static/chunks/6341-ca54939c2b36d77d.js","6252","static/chunks/6252-920c83842bca245b.js","6574","static/chunks/6574-85b13196e7d2f55e.js","307","static/chunks/307-cefa9bd2f7381bf5.js","2665","static/chunks/2665-2d172eda87a962e3.js","8393","static/chunks/8393-4175fa3c3129adeb.js","1682","static/chunks/1682-b2e703b472c280ea.js","9999","static/chunks/9999-f564e2e7fc5b6c44.js","4824","static/chunks/4824-507f78e55d96f9dc.js","1203","static/chunks/app/product/%5Bslug%5D/@info/page-4236f2b80fc1d44c.js"],"H3"]', '56': 'I[61165,["3655","static/chunks/3655-f78e4e363a5541d0.js","6290","static/chunks/6290-2a8ce89a0b5a3df8.js","6381","static/chunks/6381-2b873addadcb95f3.js","6310","static/chunks/6310-99207018fb617736.js","5469","static/chunks/5469-d5f85e2b5dbb2663.js","6341","sta', '57': 'I[61165,["3655","static/chunks/3655-f78e4e363a5541d0.js","6290","static/chunks/6290-2a8ce89a0b5a3df8.js","6381","static/chunks/6381-2b873addadcb95f3.js","6310","static/chunks/6310-99207018fb617736.js","5469","static/chunks/5469-d5f85e2b5dbb2663.js","6341","static/chunks/6341-ca54939c2b36d77d.js","6252","static/chunks/6252-920c83842bca245b.js","6574","static/chunks/6574-85b13196e7d2f55e.js","307","static/chunks/307-cefa9bd2f7381bf5.js","2665","static/chunks/2665-2d172eda87a962e3.js","8393","static/chunks/8393-4175fa3c3129adeb.js","1682","static/chunks/1682-b2e703b472c280ea.js","9999","static/chunks/9999-f564e2e7fc5b6c44.js","4824","static/chunks/4824-507f78e55d96f9dc.js","1203","static/chunks/app/product/%5Bslug%5D/@info/page-4236f2b80fc1d44c.js"],"H5"]', '58': 'I[35658,["3655","static/chunks/3655-f78e4e363a5541d0.js","6290","static/chunks/6290-2a8ce89a0b5a3df8.js","6381","static/chunks/6381-2b873addadcb95f3.js","6310","static/chunks/6310-99207018fb617736.js","5469","static/chunks/5469-d5f85e2b5dbb2663.js","6341","static/chunks/6341-ca54939c2b36d77d.js","6252","static/chunks/6252-920c83842bca245b.js","6574","static/chunks/6574-85b13196e7d2f55e.js","307","static/chunks/307-cefa9bd2f7381bf5.js","2665","static/chunks/2665-2d172eda87a962e3.js","8393","static/chunks/8393-4175fa3c3129adeb.js","1682","static/chunks/1682-b2e703b472c280ea.js","9999","static/chunks/9999-f564e2e7fc5b6c44.js","4824","static/chunks/4824-507f78e55d96f9dc.js","1203","static/chunks/app/product/%5Bslug%5D/@info/page-4236f2b80fc1d44c.js"],"Image"]', '34': '[]', '37': '{"gid":"7830005719273689496","image":"https://encrypted-tbn2.gstatic.com/shopping?q=tbn:ANd9GcRj65GJdYa0MGuv8L9RWAAJVks98kaBva-KPH34o7Nn8_xgtjFvHpEsyG-G9u_PAZwKCzR1UnPFs6JC5duNRu9kW-AZSxHpJQaql2ly1iZ6Cl09iaqRzqc\\u0026usqp=CAY"}', '38': '{"gid":"10929348810251206946","image":"https://encrypted-tbn3.gstatic.com/shopping?q=tbn:ANd9GcQktEYbdVk26_5fVXmkf85U_V4MhhlgNSCKuEGMaIHFomdm78AIUKXN6e8XyuLWwiqXOJc6OF55c3TRby_V36YYx0Twj-TArJEJ3e_Z\\u0026usqp=CAY"}', '35': '["$36",{"gid":"7830005719273689496","image":"https://encrypted-tbn2.gstatic.com/shopping?q=tbn:ANd9GcRj65GJdYa0MGuv8L9RWAAJVks98kaBva-KPH34o7Nn8_xgtjFvHpEsyG-G9u_PAZwKCzR1UnPFs6JC5duNRu9kW-AZSxHpJQaql2ly1iZ6Cl09iaqRzqc\\u0026usqp=CAY"},{"gid":"10929348810251206946","image":"https://encrypted-tbn3.gstatic.com/shopping?q=tbn:ANd9GcQktEYbdVk26_5fVXmkf85U_V4MhhlgNSCKuEGMaIHFomdm78AIUKXN6e8XyuLWwiqXOJc6OF55c3TRby_V36YYx0Twj-TArJEJ3e_Z\\u0026usqp=CAY"}]', '39': '["https://encrypted-tbn0.gstatic.com/shopping?q=tbn:ANd9GcSqDaT816y1UmPhBrzkea3Dn_Hh8yTT3fZX4XBtJEkQcCWOz-LJ1AMEbRRDBSKM-M061mIP09PmjUwBgDldhA0acuhIAop7lQ\\u0026usqp=CAY","https://encrypted-tbn3.gstatic.com/shopping?q=tbn:ANd9GcQfbnmIwlniWJ2_8uNp4bDf-6Ju-12jrovvM3RkZ_F8hYC0DcS85hBW3VZ9oCT7zcvdcW7cG-u8JHbZQMXKs0v2Co4aSaICOQ\\u0026usqp=CAY","https://encrypted-tbn0.gstatic.com/shopping?q=tbn:ANd9GcR8UqT2y3HwL6mbcrp9X3EK1qROspiqDkg2j-9eEDSoFr4zLWQaFn_YrCOAi5hlWIs3MKewSYZSOFGmiREKJJNSBeWTMR7I\\u0026usqp=CAY","https://encrypted-tbn3.gstatic.com/shopping?q=tbn:ANd9GcSqlFWOdYRimHwGbRJI5IbP1AoXqAoJxhYRcQyn_ApjOgs6Plh_8JB3o2ty4s-L5Cg5FksrYalJmjsHi8o23nCuDdFhKywx\\u0026usqp=CAY","https://encrypted-tbn3.gstatic.com/shopping?q=tbn:ANd9GcTGaMNVsjZ6wopAkoCqf1frqUqC33R2pndPv3vm8_EbCO6PYXg6BBsU3OD398cOK_BW1ThT4nJXKLSf30DZHd0mG8Zq0KPDnw\\u0026usqp=CAY","https://encrypted-tbn3.gstatic.com/shopping?q=tbn:ANd9GcSNnV_WMDGVD4l6oHYCubmAQT7jpJwR2zyu-MbXinPr0z2qL-TKjOS5KkDIYnN4Fn69kQ-BiBFAiYqv9rH5kvHsmNICBre4\\u0026usqp=CAY","https://encrypted-tbn3.gstatic.com/shopping?q=tbn:ANd9GcTT9EARYceKt_jqn9X4MH43Ey1bIDrsnZc5wPjG0wS-F-wQ9PJta1l4A-AxAAyko3Z5IvHSgO0_Gnn4enHFUQoYVIaWvMZk\\u0026usqp=CAY","https://encrypted-tbn0.gstatic.com/shopping?q=tbn:ANd9GcTpF9PimunMhlcnHfgzkn895rKQb35EW48PS-IM0lwnuADaF5tC3szKbe9ZkxnAHAXp6fnGEBkgzmDcz0ElPmL-WzR4HBShmg\\u0026usqp=CAY","https://encrypted-tbn2.gstatic.com/shopping?q=tbn:AN', '3b': '{"name":"Network","value":"5G"}', '3c': '{"name":"Sim Card Type","value":"eSIM / Nano"}', '3d': '{"name":"Operating System","value":"Android 14"}', '3e': '{"name":"Display","value":"6.8 inches Full HD+"}', '3f': '{"name":"Video Recording","value":"4K"}', '40': '{"name":"Phone Family","value":"Moto g75"}', '41': '{"name":"Expandable Storage","value":"up to 1TB microSD card expandable"}', '42': '{"name":"RAM Size","value":"8GB"}', '43': '{"name":"Bluetooth","value":"5.4"}', '44': '{"name":"GPS","value":"GPS A-GPS LTEPP SUPL GLONASS Galileo QZSS BeiDou"}', '45': '{"name":"Product Width (mm)","value":"77.1"}', '46': '{"name":"Product Height (mm)","value":"165.95"}', '47': '{"name":"Product Depth (mm)","value":"7.99"}', '48': '{"name":"Battery","value":"5000mAh"}', '49': '{"name":"Manufacturer\'s Warranty","value":"2 Years"}', '4a': '{"name":"Storage Size","value":"256GB"}', '4b': '{"name":"Colour","value":"Charcoal Grey"}', '4c': '{"name":"Display Resolution","value":"2388 1080"}', '4d': '{"name":"Weight (g)","value":"180"}', '4e': '{"name":"Front Camera","value":"8MP"}', '4f': '{"name":"Rear Camera","value":"50MP"}', '50': '{"name":"Release Year","value":"2024"}', '3a': '[{"name":"Network","value":"5G"},{"name":"Sim Card Type","value":"eSIM / Nano"},{"name":"Operating System","value":"Android 14"},{"name":"Display","value":"6.8 inches Full HD+"},{"name":"Video Recording","value":"4K"},{"name":"Phone Family","value":"Moto g75"},{"name":"Expandable Storage","value":"up to 1TB microSD card expandable"},{"name":"RAM Size","value":"8GB"},{"name":"Bluetooth","value":"5.4"},{"name":"GPS","value":"GPS A-GPS LTEPP SUPL GLONASS Galileo QZSS BeiDou"},{"name":"Product Width (mm)","value":"77.1"},{"name":"Product Height (mm)","value":"165.95"},{"name":"Product Depth (mm)","value":"7.99"},{"name":"Battery","value":"5000mAh"},{"name":"Manufacturer\'s Warranty","value":"2 Years"},{"name":"Storage Size","value":"256GB"},{"name":"Colour","value":"Charcoal Grey"},{"name":"Display Resolution","value":"2388 1080"},{"name":"Weight (g)","value":"180"},{"name":"Front Camera","value":"8MP"},{"name":"Rear Camera","value":"50MP"},{"name":"Release Year","value":"2024"}]', '33': '{"title":"Motorola Moto G75 5G 256GB Grey with Buds","image":"https://encrypted-tbn0.gstatic.com/shopping?q=tbn:ANd9GcTN0NDdrPCDIn9NaiVIb7vTMSRVKBOQbkBMTHJyb9dzqC_WY5IGMoYuvnsDtsI8XvfpsX50GHyVY5kvPm-1nSr2bXEkwcR1sLJr1IR1dAkwVcXTXGOCB8frf7o","variants":', 'b': '[["$","$L10",null,{"container":true,"justifyContent":"space-around","spacing":{"xs":0,"md":0},"children":[["$","$L10",null,{"item":true,"md":4,"xs":12,"children":["$","$L2b",null,{"product":{"title":"Motorola Moto G75 5G 256GB Grey with Buds","image":"https://encrypted-tbn0.gstatic.com/shopping?q=tbn:ANd9GcTN0NDdrPCDIn9NaiVIb7vTMSRVKBOQbkBMTHJyb9dzqC_WY5IGMoYuvnsDtsI8XvfpsX50GHyVY5kvPm-1nSr2bXEkwcR1sLJr1IR1dAkwVcXTXGOCB8frf7o","variants":[],"colors":[{"gid":"15797211988331096831","image":"https://encrypted-tbn0.gstatic.com/shopping?q=tbn:ANd9GcSMKJEcJ5xuZEACgvb5b-OsiulwL1b5Ivy7wbsYiJ3A2vpwsAhIjV_QMfs2iyap5nDsHiEzTcaeGYaz_I5WBRrUjD5abtI2D4WPYd1uowVZArHKnsIo95M\\u0026usqp=CAY"},{"gid":"7830005719273689496","image":"https://encrypted-tbn2.gstatic.com/shopping?q=tbn:ANd9GcRj65GJdYa0MGuv8L9RWAAJVks98kaBva-KPH34o7Nn8_xgtjFvHpEsyG-G9u_PAZwKCzR1UnPFs6JC5duNRu9kW-AZSxHpJQaql2ly1iZ6Cl09iaqRzqc\\u0026usqp=CAY"},{"gid":"10929348810251206946","image":"https://encrypted-tbn3.gstatic.com/shopping?q=tbn:ANd9GcQktEYbdVk26_5fVXmkf85U_V4MhhlgNSCKuEGMaIHFomdm78AIUKXN6e8XyuLWwiqXOJc6OF55c3TRby_V36YYx0Twj-TArJEJ3e_Z\\u0026usqp=CAY"}],"thumbnails":["https://encrypted-tbn0.gstatic.com/shopping?q=tbn:ANd9GcSqDaT816y1UmPhBrzkea3Dn_Hh8yTT3fZX4XBtJEkQcCWOz-LJ1AMEbRRDBSKM-M061mIP09PmjUwBgDldhA0acuhIAop7lQ\\u0026usqp=CAY","https://encrypted-tbn3.gstatic.com/shopping?q=tbn:ANd9GcQfbnmIwlniWJ2_8uNp4bDf-6Ju-12jrovvM3RkZ_F8hYC0DcS85hBW3VZ9oCT7zcvdcW7cG-u8JHbZQMXKs0v2Co4aSaICOQ\\u0026usqp=CAY","https://encrypted-tbn0.gstatic.com/shopping?q=tbn:ANd9GcR8UqT2y3HwL6mbcrp9X3EK1qROspiqDkg2j-9eEDSoFr4zLWQaFn_YrCOAi5hlWIs3MKewSYZSOFGmiREKJJNSBeWTMR7I\\u0026usqp=CAY","https://encrypted-tbn3.gstatic.com/shopping?q=tbn:ANd9GcSqlFWOdYRimHwGbRJI5IbP1AoXqAoJxhYRcQyn_ApjOgs6Plh_8JB3o2ty4s-L5Cg5FksrYalJmjsHi8o23nCuDdFhKywx\\u0026usqp=CAY","https://encrypted-tbn3.gstatic.com/shopping?q=tbn:ANd9GcTGaMNVsjZ6wopAkoCqf1frqUqC33R2pndPv3vm8_EbCO6PYXg6BBsU3OD398cOK_BW1ThT4nJXKLSf30DZHd0mG8Zq0KPDnw\\u0026usqp=CAY","https://encrypted-tbn3.gstatic.com/shopping?q=tbn:ANd9GcSNnV_WMDGVD4l6oHYCubmAQT7jpJwR2zyu-MbXinPr0z2qL-TKjOS5KkDIYnN4Fn69kQ-BiBFAiYqv9rH5kvHsmNICBre4\\u0026usqp=CAY","https://encrypted-tbn3.gstatic.com/shopping?q=tbn:ANd9GcTT9EARYceKt_jqn9X4MH43Ey1bIDrsnZc5wPjG0wS-F-wQ9PJta1l4A-AxAAyko3Z5IvHSgO0_Gnn4enHFUQoYVIaWvMZk\\u0026usqp=CAY","https://encrypted-tbn0.gstatic.com/shopping?q=tbn:ANd9GcTpF9PimunMhlcnHfgzkn895rKQb35EW48PS-IM0lwnuADaF5tC3szKbe9ZkxnAHAXp6fnGEBkgzmDcz0ElPmL-WzR4HBShmg\\u0026usqp=CAY","https://encrypted-tbn2.gstatic.com/shopping?q=tbn:ANd9GcT56PnF6Ir30ACBooV4QML9XqGxPMeS0UD-J-IOmt4RfpWkpWyt9SsenHDo-DCqfhurJ2kXsVOBsMMEV9L72XZYRPTuRv6C\\u0026usqp=CAY","https://encrypted-tbn2.gstatic.com/shopping?q=tbn:ANd9GcRG-GwVx5yd5FeS1o4JqlvUNwo3MPbl6Vc91YmWDI7TxsS8K17-ngY2Swkyvx_kAQg74KZJLwhOXKfvPq_3PHKWlmwNPzLPfg\\u0026usqp=CAY","https://encrypted-tbn0.gstatic.com/shopping?q=tbn:ANd9GcTcKKMgCXlJBxNH38rkCOoEjV0HdTnoWIilR_2EhskIJR6-4tF8CNhNhqIGSunQGyXQXvQG3Cy2lWEVq7bg-_x8LP0YeD6ZVQ\\u0026usqp=CAY","https://encrypted-tbn2.gstatic.com/shopping?q=tbn:ANd9GcSrenO1gNc233DGNWBIH4nRqrJPMwjW9ZIOfZ-NwBq8vYwNzpba6jAeRAkG5OVrB7tCPhPT_E-ODrd0HhJgHD33EjgK7MZTNA\\u0026usqp=CAY"],"details":"Crafted from premium materials and featuring military-grade¹ durability, moto g75 5G is made for everyday life. Capture sharp photos and smooth videos using the Sony - LYTIA 600 camera with OIS. Enjoy endless entertainment on a super-bright 6.8\\\\" Full HD+ display backed by Dolby Atmos sound. Plus, be the first to experience the efficiency of the latest Qualcomm Snapdragon processor, a 5000mAh battery with 30W TurboPower charging²,15W wireless charging³, and 256GB⁴ of built-in storage. And it comes bundled with moto buds earbuds, featuring a large dynamic driver, and Hi-Res Audio. Immerse yourself in music and movies, experiencing high-quality, balanced sound with enhanced bass.","specs":[{"name":"Network","value":"5G"},{"name":"Sim Card Type","value":"eSIM / Nano"},{"name":"Operating System","value":"Android 14"},{"name":"Display","value":"6.8 inches Full HD+"},{"name":"Video Recording","value":"4K"},{"name":"Phone Family","value":"Moto g75"},{"name":"Expandable Storage","value":"up to 1TB microSD card expandable"},{"name":"RAM Size","value":"8GB"},{"name":"Bluetooth","value":"5.4"},{"name":"GPS","value":"GPS A-GPS LTEPP SUPL GLONASS Galileo QZSS BeiDou"},{"name":"Product Width (mm)","value":"77.1"},{"name":"Product Height (mm)","value":"165.95"},{"name":"Product Depth (mm)","value":"7.99"},{"name":"Battery","value":"5000mAh"},{"name":"Manufacturer\'s Warranty","value":"2 Years"},{"name":"Storage Size","value":"256GB"},{"name":"Colour","value":"Charcoal Grey"},{"name":"Display Resolution","value":"2388 1080"},{"name":"Weight (g)","value":"180"},{"name":"Front Camera","value":"8MP"},{"name":"Rear Camera","value":"50MP"},{"name":"Release Year","value":"2024"}],"id":83429707,"reviews_count":976,"reviews_rating":"4.5","discount":"0","offer_amount":24,"lowest_price":"391.00","highest_price":"499.00"}}]}],["$","$L10",null,{"item":true,"md":8,"xs":12,"children":["$","$Ld",null,{"px":4,"sx":{"display":{"xs":"none","md":"flex"}},"children":[["$","$L2c",null,{"mb":1,"children":"Motorola Moto G75 5G 256GB Grey with Buds"}],["$","$Lc",null,{"display":"flex","alignItems":"center","gap":1,"children":[["$","$Lc",null,{"sx":{"display":"flex","color":"#faaf00"},"children":[["$","$L2d","1",{"sx":{"fontSize":"1.25rem"}}],["$","$L2d","2",{"sx":{"fontSize":"1.25rem"}}],["$","$L2d","3",{"sx":{"fontSize":"1.25rem"}}],["$","$L2d","4",{"sx":{"fontSize":"1.25rem"}}],["$","$L2e","5",{"sx":{"fontSize":"1.25rem"}}]]}],["$","$L2f",null,{"lineHeight":"1","children":["(","976"," reviews)"]}]]}],["$","$Lc",null,{"my":2,"children":["$","$L30",null,{"content":"Crafted from premium materials and featuring military-grade¹ durability, moto g75 5G is made for everyday life. Capture sharp photos and smooth videos using the Sony - LYTIA 600 camera with OIS. Enjoy endless entertainment on a super-bright 6.8\\\\" Full HD+ display backed by Dolby Atmos sound. Plus, be the first to experience the efficiency of the latest Qualcomm Snapdragon processor, a 5000mAh battery with 30W TurboPower charging²,15W wireless charging³, and 256GB⁴ of built-in storage. And it comes bundled with moto buds earbuds, featuring a large dynamic driver, and Hi-Res Audio. Immerse yourself in music and movies, experiencing high-quality, balanced sound with enhanced bass."}]}],["$","$Lc",null,{"display":"flex","alignItems":"center","justifyContent":"space-between","children":[["$","$Lc",null,{"display":"flex","alignItems":"center","children":[["$","$L2c",null,{"color":"primary.main","mr":2,"children":"$$391.00 - $499.00"}],["$","$L31",null,{"children":["in ",24," offers"]}]]}],["$","$L32",null,{"product":{"title":"Motorola Moto G75 5G 256GB Grey with Buds","image":"https://encrypted-tbn0.gstatic.com/shopping?q=tbn:ANd9GcTN0NDdrPCDIn9NaiVIb7vTMSRVKBOQbkBMTHJyb9dzqC_WY5IGMoYuvnsDtsI8XvfpsX50GHyVY5kvPm-1nSr2bXEkwcR1sLJr1IR1dAkwVcXTXGOCB8frf7o","variants":}]]}],["$","$Lc",null,{"display":"flex","alignItems":"center","my":1,"flexWrap":"wrap","rowGap":1,"children":[["$","$L51",null,{"mr":1,"children":"Colour:"}],[["$","$Lc","0",{"display":"flex","justifyContent":"center","alignItems":"center","width":48,"height":48,"minWidth":48,"bgcolor":"white","border":"1px solid","borderRadius":"10px","style":{"cursor":"unset"},"borderColor":"primary.main","mr":"10px","children":["$","$L52",null,{"title":false,"children":["$","$L53",null,{"href":"","ref":"$undefined","prefetch":"$undefined","target":"_blank","children":["$","$L54",null,{"src":"https://encrypted-tbn0.gstatic.com/shopping?q=tbn:ANd9GcSMKJEcJ5xuZEACgvb5b-OsiulwL1b5Ivy7wbsYiJ3A2vpwsAhIjV_QMfs2iyap5nDsHiEzTcaeGYaz_I5WBRrUjD5abtI2D4WPYd1uowVZArHKnsIo95M\\u0026usqp=CAY","alt":"Motorola Moto G75 5G 256GB Grey with Buds","width":40,"height":40,"style":{"objectFit":"contain"}}]}]}]}],["$","$Lc","1",{"display":"flex","justifyContent":"center","alignItems":"center","width":48,"height":48,"minWidth":48,"bgcolor":"white","border":"1px solid","borderRadius":"10px","style":{"cursor":"pointer"},"borderColor":"grey.400","mr":"10px","children":["$","$L52",null,{"title":"Motorola Moto G75 5G 256GB Blue with Buds","children":["$","$L53",null,{"href":"/product/motorola-moto-g75-5g-256gb-blue-with-buds","ref":"$undefined","prefetch":false,"target":"_blank","children":["$","$L54",null,{"src":"https://encrypted-tbn2.gstatic.com/shopping?q=tbn:ANd9GcRj65GJdYa0MGuv8L9RWAAJVks98kaBva-KPH34o7Nn8_xgtjFvHpEsyG-G9u_PAZwKCzR1UnPFs6JC5duNRu9kW-AZSxHpJQaql2ly1iZ6Cl09iaqRzqc\\u0026usqp=CAY","alt":"Motorola Moto G75 5G 256GB Blue with Buds","width":40,"height":40,"style":{"objectFit":"contain"}}]}]}]}],["$","$Lc","2",{"display":"flex","justifyContent":"center","alignItems":"center","width":48,"height":48,"minWidth":48,"bgcolor":"white","border":"1px solid","borderRadius":"10px","style":{"cursor":"pointer"},"borderColor":"grey.400","mr":"auto","children":["$","$L52",null,{"title":"Motorola Moto G75 5G 256GB - Succulent Green + Moto Buds","children":["$","$L53",null,{"href":"/product/motorola-moto-g75-5g-256gb-succulent-green-moto-buds","ref":"$undefined","prefetch":false,"target":"_blank","children":["$","$L54",null,{"src":"https://encrypted-tbn3.gstatic.com/shopping?q=tbn:ANd9GcQktEYbdVk26_5fVXmkf85U_V4MhhlgNSCKuEGMaIHFomdm78AIUKXN6e8XyuLWwiqXOJc6OF55c3TRby_V36YYx0Twj-TArJEJ3e_Z\\u0026usqp=CAY","alt":"Motorola Moto G75 5G 256GB - Succulent Green + Moto Buds","width":40,"height":40,"style":{"objectFit":"contain"}}]}]}]}]]]}],[]]}]}]]}],["$","$Ld",null,{"pb":2,"sx":{"display":{"xs":"flex","md":"none"}},"children":[["$","$L51",null,{"children":"Motorola Moto G75 5G 256GB Grey with Buds"}],["$","$Ld",null,{"direction":"row","justifyContent":"flex-start","my":1,"children":[["$","$L55",null,{"color":"primary.main","mr":2,"children":"$$391.00"}],["$","$Lc",null,{"display":"flex","alignItems":"center","gap":1,"children":[["$","$Lc",null,{"sx":{"display":"flex","color":"#faaf00"},"children":[["$","$L2d","1",{"sx":{"fontSize":"1.25rem"}}],["$","$L2d","2",{"sx":{"fontSize":"1.25rem"}}],["$","$L2d","3",{"sx":{"fontSize":"1.25rem"}}],["$","$L2d","4",{"sx":{"fontSize":"1.25rem"}}],["$","$L2e","5",{"sx":{"fontSize":"1.25rem"}}]]}],["$","$L56",null,{"children":["(","976"," reviews)"]}]]}]]}],["$","$L30",null,{"content":"Crafted from premium materials and featuring military-grade¹ durability, moto g75 5G is made for everyday life. Capture sharp photos and smooth videos using the Sony - LYTIA 600 camera with OIS. Enjoy endless entertainment on a super-bright 6.8\\\\" Full HD+ display backed by Dolby Atmos sound. Plus, be the first to experience the efficiency of the latest Qualcomm Snapdragon processor, a 5000mAh battery with 30W TurboPower charging²,15W wireless charging³, and 256GB⁴ of built-in storage. And it comes bundled with moto buds earbuds, featuring a large dynamic driver, and Hi-Res Audio. Immerse yourself in music and movies, experiencing high-quality, balanced sound with enhanced bass.","fontSize":14,"maxHeight":63}],["$","$Lc",null,{"display":"flex","sx":{"overflowX":"auto","whiteSpace":"nowrap","my":1},"children":["$","$Lc",null,{"display":"flex","alignItems":"center","children":[["$","$L57",null,{"mr":1,"children":"Colour:"}],[["$","$Lc","0",{"display":"flex","justifyContent":"center","alignItems":"center","width":48,"height":48,"minWidth":48,"bgcolor":"white","border":"1px solid","borderRadius":"10px","style":{"cursor":"unset"},"borderColor":"primary.main","mr":"6px","children":["$","$L53",null,{"href":"","ref":"$undefined","prefetch":"$undefined","target":"_blank","children":["$","$L58",null,{"src":"https://encrypted-tbn0.gstatic.com/shopping?q=tbn:ANd9GcSMKJEcJ5xuZEACgvb5b-OsiulwL1b5Ivy7wbsYiJ3A2vpwsAhIjV_QMfs2iyap5nDsHiEzTcaeGYaz_I5WBRrUjD5abtI2D4WPYd1uowVZArHKnsIo95M\\u0026usqp=CAY","alt":"Motorola Moto G75 5G 256GB Grey with Buds","width":40,"height":40,"style":{"objectFit":"contain"}}]}]}],["$","$Lc","1",{"display":"flex","justifyContent":"center","alignItems":"center","width":48,"height":48,"minWidth":48,"bgcolor":"white","border":"1px solid","borderRadius":"10px","style":{"cursor":"pointer"},"borderColor":"grey.400","mr":"6px","children":["$","$L53",null,{"href":"/product/motorola-moto-g75-5g-256gb-blue-with-buds","ref":"$undefined","prefetch":false,"target":"_blank","children":["$","$L58",null,{"src":"https://encrypted-tbn2.gstatic.com/shopping?q=tbn:ANd9GcRj65GJdYa0MGuv8L9RWAAJVks98kaBva-KPH34o7Nn8_xgtjFvHpEsyG-G9u_PAZwKCzR1UnPFs6JC5duNRu9kW-AZSxHpJQaql2ly1iZ6Cl09iaqRzqc\\u0026usqp=CAY","alt":"Motorola Moto G75 5G 256GB Blue with Buds","width":40,"height":40,"style":{"objectFit":"contain"}}]}]}],["$","$Lc","2",{"display":"flex","justifyContent":"center","alignItems":"center","width":48,"height":48,"minWidth":48,"bgcolor":"white","border":"1px solid","borderRadius":"10px","style":{"cursor":"pointer"},"borderColor":"grey.400","mr":"auto","children":["$","$L53",null,{"href":"/product/motorola-moto-g75-5g-256gb-succulent-green-moto-buds","ref":"$undefined","prefetch":false,"target":"_blank","children":["$","$L58",null,{"src":"https://encrypted-tbn3.gstatic.com/shopping?q=tbn:ANd9GcQktEYbdVk26_5fVXmkf85U_V4MhhlgNSCKuEGMaIHFomdm78AIUKXN6e8XyuLWwiqXOJc6OF55c3TRby_V36YYx0Twj-TArJEJ3e_Z\\u0026usqp=CAY","alt":"Motorola Moto G75 5G 256GB - Succulent Green + Moto Buds","width":40,"height":40,"style":{"objectFit":"contain"}}]}]}]]]}]}],["$","$Lc",null,{"children":false}]]}]]', '59': 'I[65161,["3655","static/chunks/3655-f78e4e363a5541d0.js","6290","static/chunks/6290-2a8ce89a0b5a3df8.js","6381","static/chunks/6381-2b873addadcb95f3.js","6310","static/chunks/6310-99207018fb617736.js","5469","static/chunks/5469-d5f85e2b5dbb2663.js","6341","static/chunks/6341-ca54939c2b36d77d.js","6252","static/chunks/6252-920c83842bca245b.js","6574","static/chunks/6574-85b13196e7d2f55e.js","307","static/chunks/307-cefa9bd2f7381bf5.js","2665","static/chunks/2665-2d172eda87a962e3.js","684","static/chunks/684-7de3c401504b82a2.js","8393","static/chunks/8393-4175fa3c3129adeb.js","7269","static/chunks/7269-a4bddb872ba784d5.js","3691","static/chunks/3691-4bb5861e2d594f2b.js","8368","static/chunks/8368-d0cd9f9fca0712a7.js","1682","static/chunks/1682-b2e703b472c280ea.js","2917","static/chunks/2917-184ec9877565fafd.js","4824","static/chunks/4824-507f78e55d96f9dc.js","7614","static/chunks/app/product/%5Bslug%5D/@offers/page-8d4c61690e8d9066.js"],"default"]', '5a': "T6c8,Bought this for my daughter and I'm very impressed. The camera is more than capable for daylight photos and selfies. The processor and RAM are fast enough. I compared APP loading and camera launching vs my Samsung Ultra and there's little difference for normal use (processing video or intense gaming you can see a difference, but in normal use, they're close).It's a little on the big side, especially for a child, but the Military toughness and optional screen repair service make up for that. The battery beats my Samsung phone in real every day use hands down.Absolute standout feature for me is Wireless Charging. This means the phone is left on our charger in the living room, and doesn't go up to bedrooms in the evening. Google Family Link works well too.Overall ...\xa0MoreBought this for my daughter and I'm very impressed. The camera is more than capable for daylight photos and selfies. The processor and RAM are fast enough. I compared APP loading and camera launching vs my Samsung Ultra and there's little difference for normal use (processing video or intense gam", '11': '["$","$L59",null,{"product":{"id":83429707,"gid":"15797211988331096831","title":"Motorola Moto G75 5G 256GB Grey with Buds","image":"https://encrypted-tbn0.gstatic.com/shopping?q=tbn:ANd9GcTN0NDdrPCDIn9NaiVIb7vTMSRVKBOQbkBMTHJyb9dzqC_WY5IGMoYuvnsDtsI8XvfpsX50GHyVY5kvPm-1nSr2bXEkwcR1sLJr1IR1dAkwVcXTXGOCB8frf7o","created_at":"$D2024-11-30T20:11:12.579Z","updated_at":"$D2024-12-01T03:20:16.117Z","slug":"motorola-moto-g75-5g-256gb-grey-with-buds","thumbnails":["https://encrypted-tbn0.gstatic.com/shopping?q=tbn:ANd9GcSqDaT816y1UmPhBrzkea3Dn_Hh8yTT3fZX4XBtJEkQcCWOz-LJ1AMEbRRDBSKM-M061mIP09PmjUwBgDldhA0acuhIAop7lQ\\u0026usqp=CAY","https://encrypted-tbn3.gstatic.com/shopping?q=tbn:ANd9GcQfbnmIwlniWJ2_8uNp4bDf-6Ju-12jrovvM3RkZ_F8hYC0DcS85hBW3VZ9oCT7zcvdcW7cG-u8JHbZQMXKs0v2Co4aSaICOQ\\u0026usqp=CAY","https://encrypted-tbn0.gstatic.com/shopping?q=tbn:ANd9GcR8UqT2y3HwL6mbcrp9X3EK1qROspiqDkg2j-9eEDSoFr4zLWQaFn_YrCOAi5hlWIs3MKewSYZSOFGmiREKJJNSBeWTMR7I\\u0026usqp=CAY","https://encrypted-tbn3.gstatic.com/shopping?q=tbn:ANd9GcSqlFWOdYRimHwGbRJI5IbP1AoXqAoJxhYRcQyn_ApjOgs6Plh_8JB3o2ty4s-L5Cg5FksrYalJmjsHi8o23nCuDdFhKywx\\u0026usqp=CAY","https://encrypted-tbn3.gstatic.com/shopping?q=tbn:ANd9GcTGaMNVsjZ6wopAkoCqf1frqUqC33R2pndPv3vm8_EbCO6PYXg6BBsU3OD398cOK_BW1ThT4nJXKLSf30DZHd0mG8Zq0KPDnw\\u0026usqp=CAY","https://encrypted-tbn3.gstatic.com/shopping?q=tbn:ANd9GcSNnV_WMDGVD4l6oHYCubmAQT7jpJwR2zyu-MbXinPr0z2qL-TKjOS5KkDIYnN4Fn69kQ-BiBFAiYqv9rH5kvHsmNICBre4\\u0026usqp=CAY","https://encrypted-tbn3.gstatic.com/shopping?q=tbn:ANd9GcTT9EARYceKt_jqn9X4MH43Ey1bIDrsnZc5wPjG0wS-F-wQ9PJta1l4A-AxAAyko3Z5IvHSgO0_Gnn4enHFUQoYVIaWvMZk\\u0026usqp=CAY","https://encrypted-tbn0.gstatic.com/shopping?q=tbn:ANd9GcTpF9PimunMhlcnHfgzkn895rKQb35EW48PS-IM0lwnuADaF5tC3szKbe9ZkxnAHAXp6fnGEBkgzmDcz0ElPmL-WzR4HBShmg\\u0026usqp=CAY","https://encrypted-tbn2.gstatic.com/shopping?q=tbn:ANd9GcT56PnF6Ir30ACBooV4QML9XqGxPMeS0UD-J-IOmt4RfpWkpWyt9SsenHDo-DCqfhurJ2kXsVOBsMMEV9L72XZYRPTuRv6C\\u0026usqp=CAY","https://encrypted-tbn2.gstatic.com/shopping?q=tbn:ANd9GcRG-GwVx5yd5FeS1o4JqlvUNwo3MPbl6Vc91YmWDI7TxsS8K17-ngY2Swkyvx_kAQg74KZJLwhOXKfvPq_3PHKWlmwNPzLPfg\\u0026usqp=CAY","https://encrypted-tbn0.gstatic.com/shopping?q=tbn:ANd9GcTcKKMgCXlJBxNH38rkCOoEjV0HdTnoWIilR_2EhskIJR6-4tF8CNhNhqIGSunQGyXQXvQG3Cy2lWEVq7bg-_x8LP0YeD6ZVQ\\u0026usqp=CAY","https://encrypted-tbn2.gstatic.com/shopping?q=tbn:ANd9GcSrenO1gNc233DGNWBIH4nRqrJPMwjW9ZIOfZ-NwBq8vYwNzpba6jAeRAkG5OVrB7tCPhPT_E-ODrd0HhJgHD33EjgK7MZTNA\\u0026usqp=CAY"],"details":"Crafted from premium materials and featuring military-grade¹ durability, moto g75 5G is made for everyday life. Capture sharp photos and smooth videos using the Sony - LYTIA 600 camera with OIS. Enjoy endless entertainment on a super-bright 6.8\\\\" Full HD+ display backed by Dolby Atmos sound. Plus, be the first to experience the efficiency of the latest Qualcomm Snapdragon processor, a 5000mAh battery with 30W TurboPower charging²,15W wireless charging³, and 256GB⁴ of built-in storage. And it comes bundled with moto buds earbuds, featuring a large dynamic driver, and Hi-Res Audio. Immerse yourself in music and movies, experiencing high-quality, balanced sound with enhanced bass.","variants":[],"category_id":null,"offline_at":null,"colors":[{"gid":"15797211988331096831","image":"https://encrypted-tbn0.gstatic.com/shopping?q=tbn:ANd9GcSMKJEcJ5xuZEACgvb5b-OsiulwL1b5Ivy7wbsYiJ3A2vpwsAhIjV_QMfs2iyap5nDsHiEzTcaeGYaz_I5WBRrUjD5abtI2D4WPYd1uowVZArHKnsIo95M\\u0026usqp=CAY"},{"gid":"7830005719273689496","image":"https://encrypted-tbn2.gstatic.com/shopping?q=tbn:ANd9GcRj65GJdYa0MGuv8L9RWAAJVks98kaBva-KPH34o7Nn8_xgtjFvHpEsyG-G9u_PAZwKCzR1UnPFs6JC5duNRu9kW-AZSxHpJQaql2ly1iZ6Cl09iaqRzqc\\u0026usqp=CAY"},{"gid":"10929348810251206946","image":"https://encrypted-tbn3.gstatic.com/shopping?q=tbn:ANd9GcQktEYbdVk26_5fVXmkf85U_V4MhhlgNSCKuEGMaIHFomdm78AIUKXN6e8XyuLWwiqXOJc6OF55c3TRby_V36YYx0Twj-TArJEJ3e_Z\\u0026usqp=CAY"}],"product_status":{"pid":83429707,"offer_amount":24,"lowest_price":391,"highest_price":499,"single_seller_id":null,"discount":0,"featured":true,"last_price_updated_at":"$D2025-09-14T01:53:37.581Z","discount_seller_id":1392573,"last_lowest_price":391,"reviews_count":976,"reviews_rating":4.5,"country_code":"au","language_code":null},"offers":[{"pid":83429707,"seller_product_url":"https://www.mydeal.com.au/motorola-g75-5g-256gb-with-moto-buds-charcoal-grey-au-stock-6-8-full-hd-120hz-8gb-256gb-dual-sim-50mp-16mp-water-protection-5000mah-2year-warranty-14598762","created_at":"$D2025-09-14T01:53:37.581Z","offer_id":null,"base_price":471.25,"shipping":0,"seller_id":908,"condition":"new","country_code":null,"seller":{"seller_id":908,"name":"MyDeal","url":"mydeal.com.au","shopback":{"sb_id":7696,"sb_name":"MyDeal.com.au","url":"www.shopback.com.au/mydeal","commission":"Up to 3.6% Cashback","created_at":"$D2023-08-01T09:56:13.775Z","updated_at":"$D2023-11-25T10:32:54.782Z","hostname":"mydeal.com.au"},"cashrewards":{"cr_id":1004953,"name":"MyDeal","hyphenated_name":"mydeal","logo":"//cdn.cashrewards.com/mydeal.png?t=637672695131179086","created_at":"$D2023-07-30T11:50:50.100Z","commission":4.2,"commission_string":"Up to 4.2% cashback","online":true,"instore":false,"hostname":"mydeal.com.au","updated_at":"$D2023-11-30T03:50:38.698Z"}}},{"pid":83429707,"seller_product_url":"https://www.lwt.com.au/Product/MOT5690517/PB3Y0024AU/Motorola-G75-5G-256GB-With-Moto-Buds-Charcoal-GreyAU-STOCK68Full-HD120Hz8GB-256GBDual-SIM50MP-16MPWater-Protection5000mAh2Year-Warranty/ws/Business","created_at":"$D2025-09-14T01:53:37.581Z","offer_id":null,"base_price":400.4,"shipping":16.5,"seller_id":555296346,"condition":"new","country_code":null,"seller":{"seller_id":555296346,"name":"LWT","url":"www.lwt.com.au","shopback":null,"cashrewards":null}},{"pid":83429707,"seller_product_url":"https://www.flashtrend.com.au/motorola-g75-5g-256gb-with-moto-buds-charcoal-grey","created_at":"$D2025-09-14T01:53:37.581Z","offer_id":null,"base_price":479.77,"shipping":7.95,"seller_id":99,"condition":"new","country_code":null,"seller":{"seller_id":99,"name":"Flashtrend.com.au","url":"www.flashtrend.com.au","shopback":null,"cashrewards":null}},{"pid":83429707,"seller_product_url":"https://shop.zelrose.com.au/products/motorola-g75-5g-256gb-with-moto-buds-charcoal-grey-au-stock-6-8-full-hd-120hz-8gb-256gb-dual-sim-50mp-16mp-water-protection-5000mah-2year-warranty?variant=50892878020887","created_at":"$D2025-09-14T01:53:37.581Z","offer_id":null,"base_price":499,"shipping":12.5,"seller_id":51017477,"condition":"new","country_code":null,"seller":{"seller_id":51017477,"name":"Zelrose IT","url":null,"shopback":null,"cashrewards":null}},{"pid":83429707,"seller_product_url":"https://www.techciti.com.au/motorola-moto-g75-5g-w-moto-buds-dual-sim-256gb-8gb-6-8-grey","created_at":"$D2025-09-14T01:53:37.581Z","offer_id":null,"base_price":438,"shipping":0,"seller_id":1400,"condition":"new","country_code":null,"seller":{"seller_id":1400,"name":"Techciti","url":"www.techciti.com.au","shopback":null,"cashrewards":null}},{"pid":83429707,"seller_product_url":"https://betteroffice.store/products/motorola-g75-5g-256gb-with-moto-buds-charcoal-grey-au-stock-6-8full-hd-120hz8gb-256gbdual-sim50mp-16mpwater-protection5000mah2year-warranty?variant=45678834450586","created_at":"$D2025-09-14T01:53:37.581Z","offer_id":null,"base_price":499,"shipping":12,"seller_id":1210947108,"condition":"new","country_code":null,"seller":{"seller_id":1210947108,"name":"betteroffice.store","url":"betteroffice.store","shopback":null,"cashrewards":null}},{"pid":83429707,"seller_product_url":"https://vtechindustries.com.au/products/motorola-g75-5g-256gb-with-moto-buds-charcoal-grey-au-stock-6-8-full-hd-120hz-8gb-256gb-dual-sim-50mp-16mp-water-protection-5000mah-2year-warranty-pb3y0024au?variant=50641766383904","created_at":"$D2025-09-14T01:53:37.581Z","offer_id":null,"base_price":391,"shipping":13,"seller_id":1392573,"condition":"new","country_code":null,"seller":{"seller_id":1392573,"name":"VTech Industries","url":"www.vtechindustries.com.au","shopback":null,"cashrewards":null}},{"pid":83429707,"seller_product_url":"https://i-tech.com.au/pb3y0024au-motorola-g75-5g-256gb-with-moto-buds-charcoal-430730.html","created_at":"$D2025-09-14T01:53:37.581Z","offer_id":null,"base_price":415,"shipping":15,"seller_id":175,"condition":"new","country_code":null,"seller":{"seller_id":175,"name":"www.i-tech.com.au","url":"i-tech.com.au","shopback":null,"cashrewards":null}},{"pid":83429707,"seller_product_url":"https://www.itnest.com.au/hardware/other/motorola-g75-5g-256gb-with-moto-buds-charcoal-grey(pb3y0024au)-pb3y0024au","created_at":"$D2025-09-14T01:53:37.581Z","offer_id":null,"base_price":409,"shipping":16.95,"seller_id":283,"condition":"new","country_code":null,"seller":{"seller_id":283,"name":"itnest.com.au","url":"www.itnest.com.au","shopback":null,"cashrewards":null}},{"pid":83429707,"seller_product_url":"https://www.allphones.com.au/motorola-moto-g75-5g-w-moto-buds-dual-sim-256gb-8gb-6-8-grey","created_at":"$D2025-09-14T01:53:37.581Z","offer_id":null,"base_price":438,"shipping":0,"seller_id":8569,"condition":"new","country_code":null,"seller":{"seller_id":8569,"name":"Allphones Online","url":"www.allphones.com.au","shopback":null,"cashrewards":null}},{"pid":83429707,"seller_product_url":"https://www.ozspots.com.au/product/motorola-g75-5g-256gb-with-moto-buds-charcoal-greyau-stock6-8full-hd120hz8gb-256gbdual-sim50mp-16mpwater-protection5000mah2year-warranty/","created_at":"$D2025-09-14T01:53:37.581Z","offer_id":null,"base_price":400.02,"shipping":9.7,"seller_id":1525538,"condition":"new","country_code":null,"seller":{"seller_id":1525538,"name":"OzSpots Wireless","url":"www.ozspots.com.au","shopback":null,"cashrewards":null}},{"pid":83429707,"seller_product_url":"https://www.jw.com.au/product/motorola-moto-g75-5g-256gb-8gb-6-8-charcoal-grey","created_at":"$D2025-09-14T01:53:37.581Z","offer_id":null,"base_price":459,"shipping":0,"seller_id":138,"condition":"new","country_code":null,"seller":{"seller_id":138,"name":"JW Computers","url":"www.jw.com.au","shopback":null,"cashrewards":null}},{"pid":83429707,"seller_product_url":"https://www.woolworths.com.au/shop/productdetails/1123910867","created_at":"$D2025-09-14T01:53:37.581Z","offer_id":null,"base_price":471.25,"shipping":10,"seller_id":97,"condition":"new","country_code":null,"seller":{"seller_id":97,"name":"Woolworths","url":"www.woolworths.com.au","shopback":null,"cashrewards":null}},{"pid":83429707,"seller_product_url":"https://www.ebay.com.au/itm/167115114606","created_at":"$D2025-09-14T01:53:37.581Z","offer_id":null,"base_price":467.7,"shipping":0,"seller_id":1042295139,"condition":"new","country_code":null,"seller":{"seller_id":1042295139,"name":"eBay","url":"www.ebay.com.au","shopback":null,"cashrewards":null}},{"pid":83429707,"seller_product_url":"https://ezypcsales.com.au/product/motorola-g75-5g-256gb-with-moto-buds-charcoal-greyau-stock6-8full-hd120hz8gb-256gbdual-sim50mp-16mpwater-protection5000mah2year-warranty/","created_at":"$D2025-09-14T01:53:37.581Z","offer_id":null,"base_price":391.56,"shipping":12.95,"seller_id":2808065,"condition":"new","country_code":null,"seller":{"seller_id":2808065,"name":"Ezy P.C. Sales","url":"ezypcsales.com.au","shopback":null,"cashrewards":null}},{"pid":83429707,"seller_product_url":"https://www.dicksmith.com.au/da/buy/motorola-moto-g75-5g-bonus-moto-buds-dual-sim-256gb8gb-68-00840023276545/","created_at":"$D2025-09-14T01:53:37.581Z","offer_id":null,"base_price":438.99,"shipping":0,"seller_id":156,"condition":"new","country_code":null,"seller":{"seller_id":156,"name":"Dick Smith AU","url":"www.dicksmith.com.au","shopback":null,"cashrewards":null}},{"pid":83429707,"seller_product_url":"https://www.bigw.com.au/product/motorola-g75-5g-256gb-with-moto-buds-charcoal-grey-au-stock-6-8-full-hd-120hz-8gb-256gb-dual-sim-50mp-16mp-water-protection-5000mah-2year-warranty/p/9901208423","created_at":"$D2025-09-14T01:53:37.581Z","offer_id":null,"base_price":471.25,"shipping":0,"seller_id":769007327,"condition":"new","country_code":null,"seller":{"seller_id":769007327,"name":"BIG W - BIG W MARKET","url":"www.bigw.com.au","shopback":null,"cashrewards":null}},{"pid":83429707,"seller_product_url":"https://campcomprep.com.au/product/motorola-g75-5g-256gb-with-moto-buds-charcoal-greyau-stock6-8full-hd120hz8gb-256gbdual-sim50mp-16mpwater-protection5000mah2year-warranty/","created_at":"$D2025-09-14T01:53:37.581Z","offer_id":null,"base_price":499,"shipping":15,"seller_id":1374,"condition":"new","country_code":null,"seller":{"seller_id":1374,"name":"Campbelltown Computer Repairs","url":"campcomprep.com.au","shopback":null,"cashrewards":null}},{"pid":83429707,"seller_product_url":"https://www.kogan.com/au/buy/motorola-moto-g75-5g-bonus-moto-buds-dual-sim-256gb8gb-68-00840023276545/","created_at":"$D2025-09-14T01:53:37.581Z","offer_id":null,"base_price":438.99,"shipping":0,"seller_id":103,"condition":"new","country_code":null,"seller":{"seller_id":103,"name":"Kogan.com","url":"www.kogan.com","shopback":null,"cashrewards":null}},{"pid":83429707,"seller_product_url":"https://www.bunnings.com.au/motorola-moto-g75-5g-8gb-256gb-6-8-w-moto-buds-charcoal-grey_p0826330","created_at":"$D2025-09-14T01:53:37.581Z","offer_id":null,"base_price":495.72,"shipping":15,"seller_id":47,"condition":"new","country_code":null,"seller":{"seller_id":47,"name":"Bunnings Warehouse","url":"www.bunnings.com.au","shopback":null,"cashrewards":null}},{"pid":83429707,"seller_product_url":"https://www.mobileciti.com.au/motorola-moto-g75-5g-w-moto-buds-dual-sim-256gb-8gb-6-8-grey","created_at":"$D2025-09-14T01:53:37.581Z","offer_id":null,"base_price":438,"shipping":0,"seller_id":202,"condition":"new","country_code":null,"seller":{"seller_id":202,"name":"Mobileciti","url":"www.mobileciti.com.au","shopback":{"sb_id":8410,"sb_name":"Mobileciti","url":"www.shopback.com.au/mobileciti","commission":"Up to 2.10% Cashback","created_at":"$D2023-08-01T09:56:13.775Z","updated_at":null,"hostname":"mobileciti.com.au"},"cashrewards":{"cr_id":1005098,"name":"Mobileciti","hyphenated_name":"mobileciti","logo":"//cdn.cashrewards.com/mobileciti.jpg?t=637765071372444088","created_at":"$D2023-07-30T11:50:50.100Z","commission":2.2,"commission_string":"Up to 2.2% cashback","online":true,"instore":false,"hostname":"mobileciti.com.au","updated_at":null}}},{"pid":83429707,"seller_product_url":"https://www.thegoodguys.com.au/motorola-g75-5g-256gb-charcoal-grey-11901327984","created_at":"$D2025-09-14T01:53:37.581Z","offer_id":null,"base_price":497,"shipping":3,"seller_id":10,"condition":"new","country_code":null,"seller":{"seller_id":10,"name":"The Good Guys","url":"www.thegoodguys.com.au","shopback":{"sb_id":8367,"sb_name":"The Good Guys","url":"www.shopback.com.au/the-good-guys","commission":"Up to 3% Cashback","created_at":"$D2023-08-01T09:56:13.775Z","updated_at":"$D2023-11-25T10:32:54.782Z","hostname":"thegoodguys.com.au"},"cashrewards":{"cr_id":1004849,"name":"The Good Guys","hyphenated_name":"the-good-guys","logo":"//cdn.cashrewards.com/the-good-guys.jpg?t=637599296823973829","created_at":"$D2023-07-30T11:50:50.100Z","commission":2.3,"commission_string":"Up to 2.3% cashback","online":true,"instore":false,"hostname":"thegoodguys.com.au","updated_at":"$D2023-11-25T10:32:11.855Z"}}},{"pid":83429707,"seller_product_url":"https://www.amazon.com.au/dp/B0DKXB12CP","created_at":"$D2025-09-14T01:53:37.581Z","offer_id":null,"base_price":438,"shipping":0,"seller_id":60,"condition":"new","country_code":null,"seller":{"seller_id":60,"name":"Amazon.com.au","url":"www.amazon.com.au","shopback":{"sb_id":8448,"sb_name":"Amazon Australia","url":"www.shopback.com.au/amazon-australia","commission":"Up to 7% Cashback","created_at":"$D2023-08-01T09:56:13.775Z","updated_at":"$D2023-11-25T10:32:54.782Z","hostname":"amazon.com.au"},"cashrewards":{"cr_id":1003434,"name":"Amazon Australia","hyphenated_name":"amazon-australia","logo":"//cdn.cashrewards.com/amazon-australia.jpg","created_at":"$D2023-07-30T11:50:50.100Z","commission":7,"commission_string":"Up to 7% cashback","online":true,"instore":false,"hostname":"amazon.com.au","updated_at":"$D2023-11-30T03:50:38.698Z"}}},{"pid":83429707,"seller_product_url":"https://www.harveynorman.com.au/motorola-moto-g75-5g-256gb-charcoal-grey.html","created_at":"$D2025-09-14T01:53:37.581Z","offer_id":null,"base_price":499,"shipping":7.95,"seller_id":11,"condition":"new","country_code":null,"seller":{"seller_id":11,"name":"Harvey Norman Australia","url":"www.harveynorman.com.au","shopback":null,"cashrewards":null}},{"pid":83429707,"seller_product_url":"https://www.lasoo.com.au/products/personal-digital/1716909/motorola-moto-g75-5g-dual-sim-256gb8gb-68-charcoal-grey","created_at":"$D2025-08-29T20:03:27.652Z","offer_id":null,"base_price":529,"shipping":0,"seller_id":6823,"condition":"new","country_code":null,"seller":{"seller_id":6823,"name":"Lasoo","url":"www.lasoo.com.au","shopback":null,"cashrewards":null}},{"pid":83429707,"seller_product_url":"https://www.personaldigital.com.au/products/motorola-moto-g75-5g-dual-sim-256gb-8gb-6-8-bonus-moto-buds-charcoal-grey?variant=43108785651811","created_at":"$D2025-08-28T23:53:56.005Z","offer_id":null,"base_price":529,"shipping":0,"seller_id":14764,"condition":"new","country_code":null,"seller":{"seller_id":14764,"name":"Personal Digital","url":"www.personaldigital.com.au","shopback":null,"cashrewards":null}},{"pid":83429707,"seller_product_url":"https://www.mobilewizardstore.com.au/product-page/motorola-g75-5g-256gb-with-moto-buds-charcoal-grey-au-stock-6-8-full","created_at":"$D2025-08-23T11:01:27.827Z","offer_id":null,"base_price":499,"shipping":15,"seller_id":1212885227,"condition":"new","country_code":null,"seller":{"seller_id":1212885227,"name":"Mobile Wizard Store","url":"www.mobilewizardstore.com.au","shopback":null,"cashrewards":null}},{"pid":83429707,"seller_product_url":"https://www.bigw.com.au/product/moto-g75-5g-256gb-grey-with-moto-buds/p/6001651","created_at":"$D2025-08-23T11:01:27.827Z","offer_id":null,"base_price":399,"shipping":0,"seller_id":52,"condition":"new","country_code":null,"seller":{"seller_id":52,"name":"BIG W","url":"www.bigw.com.au","shopback":{"sb_id":17706,"sb_name":"Big W","url":"www.shopback.com.au/bigw","commission":"Up to 4% Cashback","created_at":"$D2023-08-01T09:56:13.775Z","updated_at":"$D2023-11-25T10:32:54.782Z","hostname":"bigw.com.au"},"cashrewards":{"cr_id":1004971,"name":"BIG W","hyphenated_name":"big-w","logo":"//cdn.cashrewards.com/big-w.png?t=637690919703543365","created_at":"$D2023-07-30T11:50:50.100Z","commission":2.4,"commission_string":"Up to 2.4% cashback","online":true,"instore":false,"hostname":"bigw.com.au","updated_at":"$D2023-11-30T03:50:38.698Z"}}},{"pid":83429707,"seller_product_url":"https://cybertechlab.com.au/products/motorola-g75-5g-256gb-with-moto-buds-charcoal-grey-au-stock-6-8-full-hd-120hz-8gb-256gb-dual-sim-50mp-16mp-water-protection-5000mah-2year-warranty","created_at":"$D2025-07-28T22:35:09.370Z","offer_id":null,"base_price":424.15,"shipping":20,"seller_id":1464195854,"condition":"new","country_code":null,"seller":{"seller_id":1464195854,"name":"cybertechlab.com.au","url":null,"shopback":null,"cashrewards":null}},{"pid":83429707,"seller_product_url":"https://horizonstore.com.au/products/motorola-moto-g75-5g-8gb-256gb-6-8-w-moto-buds-charcoal-grey?variant=44615659061436","created_at":"$D2025-07-10T08:25:35.929Z","offer_id":null,"base_price":399.99,"shipping":0,"seller_id":395586347,"condition":"new","country_code":null,"seller":{"seller_id":395586347,"name":"Horizon Store","url":"www.horizonstore.com.au","shopback":null,"cashrewards":null}},{"pid":83429707,"seller_product_url":"https://www.officeworks.com.au/shop/officeworks/p/moto-g75-5g-256gb-grey-with-buds-motog75gry","created_at":"$D2025-06-20T16:42:06.111Z","offer_id":null,"base_price":277,"shipping":0,"seller_id":57,"condition":"new","country_code":null,"seller":{"seller_id":57,"name":"Officeworks","url":"www.officeworks.com.au","shopback":null,"cashrewards":null}},{"pid":83429707,"seller_product_url":"https://www.domayne.com.au/motorola-moto-g75-5g-256gb-charcoal-grey.html","created_at":"$D2025-06-20T16:42:06.111Z","offer_id":null,"base_price":277,"shipping":7.95,"seller_id":1364130860,"condition":"new","country_code":null,"seller":{"seller_id":1364130860,"name":"Domayne","url":"www.domayne.com.au","shopback":null,"cashrewards":null}},{"pid":83429707,"seller_product_url":"https://www.joycemayne.com.au/motorola-moto-g75-5g-256gb-charcoal-grey.html","created_at":"$D2025-06-20T16:42:06.111Z","offer_id":null,"base_price":277,"shipping":7.95,"seller_id":711746650,"condition":"new","country_code":null,"seller":{"seller_id":711746650,"name":"Joyce Mayne","url":"www.joycemayne.com.au","shopback":null,"cashrewards":null}},{"pid":83429707,"seller_product_url":"https://www.ebay.com.au/itm/335991073910","created_at":"$D2025-06-16T07:03:09.539Z","offer_id":null,"base_price":395,"shipping":5,"seller_id":467756700,"condition":"new","country_code":null,"seller":{"seller_id":467756700,"name":"eBay - ozzie_collecta","url":null,"shopback":null,"cashrewards":null}},{"pid":83429707,"seller_product_url":"https://www.jbhifi.com.au/products/moto-g75-5g-256gb-with-moto-buds-charcoal-grey","created_at":"$D2025-06-05T03:15:37.431Z","offer_id":null,"base_price":499,"shipping":6.99,"seller_id":9,"condition":"new","country_code":null,"seller":{"seller_id":9,"name":"JB Hi-Fi","url":"www.jbhifi.com.au","shopback":null,"cashrewards":null}},{"pid":83429707,"seller_product_url":"https://auzzistore.com.au/products/motorola-moto-g75-5g-with-moto-buds-256gb-charcoal-grey?variant=46348469862617","created_at":"$D2025-06-01T17:31:11.420Z","offer_id":null,"base_price":718.96,"shipping":0,"seller_id":6332,"condition":"new","country_code":null,"seller":{"seller_id":6332,"name":"Auzzi Store","url":"www.auzzistore.com.au","shopback":null,"cashrewards":null}},{"pid":83429707,"seller_product_url":"https://www.lenovo.com/au/en/p/accessories-and-software/moto-phones/moto-g-series/78808445","created_at":"$D2025-05-22T09:46:29.425Z","offer_id":null,"base_price":499,"shipping":0,"seller_id":1580,"condition":"new","country_code":null,"seller":{"seller_id":1580,"name":"Lenovo","url":"www.lenovo.com","shopback":{"sb_id":8373,"sb_name":"Lenovo","url":"www.shopback.com.au/lenovo","commission":"10% Cashback","created_at":"$D2023-08-01T09:56:13.775Z","updated_at":"$D2023-11-25T10:32:54.782Z","hostname":"lenovo.com"},"cashrewards":{"cr_id":1005943,"name":"Lenovo","hyphenated_name":"lenovo","logo":"//cdn.cashrewards.com/lenovo.png?t=638261059478146003","created_at":"$D2023-07-30T11:50:50.100Z","commission":3.3,"commission_string":"3.3% cashback","online":true,"instore":false,"hostname":"lenovo.com","updated_at":"$D2023-11-30T03:50:38.698Z"}}},{"pid":83429707,"seller_product_url":"https://www.retravision.com.au/motorola-moto-g75-5g-256gb-charcoal-grey-moto-buds-11901327984-pb3y0024au","created_at":"$D2025-05-20T07:46:42.621Z","offer_id":null,"base_price":328,"shipping":7.76,"seller_id":80,"condition":"new","country_code":null,"seller":{"seller_id":80,"name":"Retravision","url":"www.retravision.com.au","shopback":null,"cashrewards":null}},{"pid":83429707,"seller_product_url":"https://www.catch.com.au/product/motorola-moto-g75-5g-bonus-moto-buds-dual-sim-256gb-8gb-6-8-grey-33244983/","created_at":"$D2025-05-01T20:06:57.701Z","offer_id":null,"base_price":506.8,"shipping":0,"seller_id":115,"condition":"new","country_code":null,"seller":{"seller_id":115,"name":"Catch.com.au","url":"www.catch.com.au","shopback":null,"cashrewards":null}},{"pid":83429707,"seller_product_url":"https://www.mwave.com.au/product/motorola-g75-5g-256gb-smartphone-with-buds-grey-ac82193","created_at":"$D2025-03-30T19:36:19.814Z","offer_id":null,"base_price":481.95,"shipping":9.95,"seller_id":278,"condition":"new","country_code":null,"seller":{"seller_id":278,"name":"Mwave Australia","url":"mwave.com.au","shopback":{"sb_id":63702,"sb_name":"Mwave","url":"www.shopback.com.au/mwave","commission":"0.5% Cashback","created_at":"$D2023-08-01T09:56:13.775Z","updated_at":"$D2023-11-25T10:32:54.782Z","hostname":"mwave.com.au"},"cashrewards":{"cr_id":1004885,"name":"Mwave","hyphenated_name":"mwave","logo":"//cdn.cashrewards.com/mwave.png?t=637622737569102693","created_at":"$D2023-07-30T11:50:50.100Z","commission":0.6,"commission_string":"0.6% cashback","online":true,"instore":false,"hostname":"mwave.com.au","updated_at":"$D2024-09-18T10:29:30.752Z"}}},{"pid":83429707,"seller_product_url":"https://www.ebay.com.au/itm/395926055872","created_at":"$D2025-03-25T23:36:19.529Z","offer_id":null,"base_price":388.64,"shipping":0,"seller_id":157,"condition":"new","country_code":null,"seller":{"seller_id":157,"name":"eBay.com.au","url":"www.ebay.com.au","shopback":{"sb_id":25493,"sb_name":"eBay","url":"www.shopback.com.au/ebay","commission":"Up to 4% Cashback","created_at":"$D2023-08-01T09:56:13.775Z","updated_at":"$D2023-11-25T10:32:54.782Z","hostname":"ebay.com.au"},"cashrewards":{"cr_id":1001163,"name":"eBay Australia","hyphenated_name":"ebay-australia","logo":"//cdn.cashrewards.com/ebay-australia.jpg","created_at":"$D2023-07-30T11:50:50.100Z","commission":5,"commission_string":"Up to 5% cashback","online":true,"instore":false,"hostname":"stores.ebay.com.au","updated_at":"$D2024-09-18T10:29:30.752Z"}}},{"pid":83429707,"seller_product_url":"https://www.snaffle.com.au/p/%7B%7Bprocess.slugify(decodeURIComponent(Variant.Slug))%7D%7D/","created_at":"$D2025-03-18T23:28:30.123Z","offer_id":null,"base_price":795.08,"shipping":0,"seller_id":78499855,"condition":"new","country_code":null,"seller":{"seller_id":78499855,"name":"Snaffle","url":"www.snaffle.com.au","shopback":null,"cashrewards":null}},{"pid":83429707,"seller_product_url":"https://mylayby.com/product_via_sku/1442822","created_at":"$D2024-12-26T09:11:29.984Z","offer_id":null,"base_price":534,"shipping":0,"seller_id":215,"condition":"new","country_code":null,"seller":{"seller_id":215,"name":"MyLayby","url":"mylayby.com","shopback":null,"cashrewards":null}}],"reviews":[{"review_id":12146952,"pid":83429707,"gid":"15797211988331096831","title":"Excellent value for money","details":T6c8,Bought this for my daughter and I\'m very impressed. The camera is more than capable for daylight photos and selfies. The processor and RAM are fast enough. I compared APP loading and camera launching vs my Samsung Ultra and there\'s little difference for normal use (processing video or intense gaming you can see a difference, but in normal use, they\'re close).It\'s a little on the big side, especially for a child, but the Military toughness and optional screen repair service make up for that. The battery beats my Samsung phone in real every day use hands down.Absolute standout feature for me is Wireless Charging. This means the phone is left on our charger in the living room, and doesn\'t go up to bedrooms in the evening. Google Family Link works well too.Overall ...\xa0MoreBought this for my daughter and I\'m very impressed. The camera is more than capable for daylight photos and selfies. The processor and RAM are fast enough. I compared APP loading and camera launching vs my Samsung Ultra and there\'s little difference for normal use (processing video or intense gam,"rating":5,"review_date":"3 November 2024","reviewer":"KentishLad","store":"motorola.co.uk","created_at":"$D2024-12-01T14:01:57.793Z","thumbnails":null},{"review_id":12146960,"pid":83429707,"gid":"15797211988331096831","title":"great bargain","details":"great price ... great specs... great phone... i am satisfied","rating":5,"review_date":"28 October 2024","reviewer":"trindik","store":"motorola.co.uk","created_at":"$D2024-12-01T14:01:57.793Z","thumbnails":null},{"review_id":12146959,"pid":83429707,"gid":"15797211988331096831","title":"Great features.","details":"I\'m so happy with it.Nice phone and features compared with other phones and its price too.","rating":5,"review_date":"20 November 2024","reviewer":"Nusrat","store":"motorola.co.uk","created_at":"$D2024-12-01T14:01:57.793Z","thumbnails":null},{"review_id":12146961,"pid":83429707,"gid":"15797211988331096831","title":"Must buy","details":"Best budget mobile with all the best features.","rating":4,"review_date":"16 November 2024","reviewer":"","store":"noon.com/uae-en/","created_at":"$D2024-12-01T14:01:57.793Z","thumbnails":null},{"review_id":12146958,"pid":83429707,"gid":"15797211988331096831","title":"On internet everywhere they said this is a snapdragon 6gen3","details":"On internet everywhere they said this is a snapdragon 6gen3, but when I received this phone and I checked microprocessor it was not the same, microprocessor is something else not the snapdragon","rating":4,"review_date":"9 November 2024","reviewer":"Farhan P.","store":"noon.com/uae-en/","created_at":"$D2024-12-01T14:01:57.793Z","thumbnails":null},{"review_id":12146957,"pid":83429707,"gid":"15797211988331096831","title":"people purchased thinking it was nano + nano sim","details":"People purchased this phone thinking it was nano + nano configuration and then got sent esim + nano instead. motorola uk website showed that the mot g75 had nano sim + nano sim. but later changed it to esim + nano sim. so either motorola initially put the wrong details on the website , or it was a mess up at the factory , ie did motorola order nano + nano configuration from factory in china and they messed up ? and then when they shipped the phone with wrong configuration they just changed spec on their website ? because all the reviews that came out first stated it had nano + nano facility.","rating":1,"review_date":"14 November 2024","reviewer":"wizdumb","store":"motorola.co.uk","created_at":"$D2024-12-01T14:01:57.793Z","thumbnails":["https://encrypted-tbn2.gstatic.com/shopping?q=tbn:ANd9GcRIt9VoCvfxQOjQnzzO4k1rizOQl9Y5tUeODDYJu-SNtZDuqyNgnqGj38gD1_mK5EIBUxuusMz4RWvxA6-dnUELNzuNJtqQ9woySfRgPRNiej5W5URwvdQdGQ","https://encrypted-tbn1.gstatic.com/shopping?q=tbn:ANd9GcR2HqJ4hYu9-qIowJ4Dl-TvENKO-d_dXEXLofIJInNQzlG7-Jl7AgWeF7J46DRiQSAOgDGoNf_2ESJaIoBeSBxKdKhSGrj5hNt_fXdTwkwGeic-7LPqxPFDig","https://encrypted-tbn2.gstatic.com/shopping?q=tbn:ANd9GcSBpWTE7-ivCZyUCeAGXIyrIMXKEboYFdJdNKbeSr35-BaMg4U5mn-ilzH4fLm8YYvP6AKH3WbVknoXx8huEC9psXOzL1apuElUPsmyjXpnAYYwjvy4F90pdDE"]},{"review_id":12146956,"pid":83429707,"gid":"15797211988331096831","title":"The only phone that has everything I want","details":"Absolute Pinnacle of Value such a bargain. It\'s fast, has support for dual SIM and eSIM. Has expandable storage, IP68 so it can be submerged into water, it has wireless charging, Military drop tested approved, has Gorilla Glass 5. The screen is LCD rather than OLED, which in my view is better because it\'s more eye friendly than OLED (PWM method that OLED uses can cause eyestrain and headaches)I went for green because the black option does not have the faux leather on the back and I found it to be too slippy so I returned it.The battery lasts a long time, after a full days use it still shows 50 percent. I\'m very happy with image quality.Oh and the camera has Optical image stabilisation and at this price point it is hard to find.","rating":5,"review_date":"10 November 2024","reviewer":"Smithy","store":"motorola.co.uk","created_at":"$D2024-12-01T14:01:57.793Z","thumbnails":["https://encrypted-tbn1.gstatic.com/shopping?q=tbn:ANd9GcSb1QrN0DeSZDPRzuEYbkHKq9puZRr_-o9vzFhg5GK47QP70agUJyeMsNwDxH2PB6E1Jf2SfruHSs1pxhRdiFOKB0D9hibbbGLDvSMaLUMDB3Rc4_Arl9enpQ8","https://encrypted-tbn1.gstatic.com/shopping?q=tbn:ANd9GcTynVt7ocP6bzQ7c56Ac_gq3REyxv0EFXGeOjgUTTMk3cZdnQN06NPOgVUDqtzOo-rAeLclMXLVRmlHW9g47fg2fViEDG-nSBVbJ9KeaqMyS4dKkp0f2kySs7g"]}],"detail":{"specs":[{"name":"Network","value":"5G"},{"name":"Sim Card Type","value":"eSIM / Nano"},{"name":"Operating System","value":"Android 14"},{"name":"Display","value":"6.8 inches Full HD+"},{"name":"Video Recording","value":"4K"},{"name":"Phone Family","value":"Moto g75"},{"name":"Expandable Storage","value":"up to 1TB microSD card expandable"},{"name":"RAM Size","value":"8GB"},{"name":"Bluetooth","value":"5.4"},{"name":"GPS","value":"GPS A-GPS LTEPP SUPL GLONASS Galileo QZSS BeiDou"},{"name":"Product Width (mm)","value":"77.1"},{"name":"Product Height (mm)","value":"165.95"},{"name":"Product Depth (mm)","value":"7.99"},{"name":"Battery","value":"5000mAh"},{"name":"Manufacturer\'s Warranty","value":"2 Years"},{"name":"Storage Size","value":"256GB"},{"name":"Colour","value":"Charcoal Grey"},{"name":"Display Resolution","value":"2388 1080"},{"name":"Weight (g)","value":"180"},{"name":"Front Camera","value":"8MP"},{"name":"Rear Camera","value":"50MP"},{"name":"Release Year","value":"2024"}],"pid":83429707,"gid":"15797211988331096831","created_at":"$D2024-12-01T10:50:07.893Z"},"oz":[{"node":908653,"title":"[eBay Plus, Back Order] Motorola Moto G75 5G (Bonus: Moto Buds, Dual Sim, 256GB/8GB, 6.8\'\') $230.30 Delivered @ Allphones eBay - OzBargain","upvotes":145,"downvotes":0,"link":"https://www.ebay.com.au/itm/167115114606","created_at":"$D2025-06-03T02:01:01.730Z","updated_at":"$D2025-06-03T08:00:05.574Z","pid":83429707,"status":"out of stock","coupon":"JUNEOFY","seller_id":157},{"node":905382,"title":"Motorola G75 5G 8GB RAM/256GB Storage \\u0026 Bonus Moto Buds $296.10 Delivered / C\\u0026C (Everyday Rewards Required) @ BIG W - OzBargain","upvotes":100,"downvotes":0,"link":"https://www.bigw.com.au/product/moto-g75-5g-256gb-grey-with-moto-buds/p/6001651","created_at":"$D2025-05-12T04:00:21.738Z","updated_at":"$D2025-05-24T06:00:24.532Z","pid":83429707,"status":"expired","coupon":"XMAY2025","seller_id":52},{"node":905505,"title":"Motorola G75 5G 8GB RAM/256GB Storage \\u0026 Bonus Moto Buds $287, Dyson WashG1 $539 + Delivery ($0 C\\u0026C) @ The Good Guys - OzBargain","upvotes":78,"downvotes":0,"link":"https://www.thegoodguys.com.au/motorola-g75-5g-256gb-charcoal-grey-11901327984","created_at":"$D2025-05-13T00:00:20.459Z","updated_at":"$D2025-05-14T16:00:07.499Z","pid":83429707,"status":"expired","coupon":"DEAL","seller_id":10},{"node":905614,"title":"Motorola G75 5G 8GB RAM/256GB Storage \\u0026 Bonus Moto Buds \\u0026 Cord Grippers 6 Pack $260 + Delivery ($0 C\\u0026C) @ The Good Guys - OzBargain","upvotes":250,"downvotes":0,"link":"https://www.thegoodguys.com.au/motorola-g75-5g-256gb-charcoal-grey-11901327984","created_at":"$D2025-05-13T10:00:28.563Z","updated_at":"$D2025-05-14T16:00:06.073Z","pid":83429707,"status":"expired","coupon":"DEAL","seller_id":10}]}}]'}
DEBUG:custom_components.price_tracker.services.buywisely.hydration_parser:[DIAG] Resolved string for key 1: HL["/_next/static/media/2b3f1035ed87a788-s.p.woff2","font",{"crossOrigin":"","type":"font/woff2"}]...
DEBUG:custom_components.price_tracker.services.buywisely.hydration_parser:[DIAG] Resolved string for key 2: HL["/_next/static/media/8bf7b2ceda89477b-s.p.woff2","font",{"crossOrigin":"","type":"font/woff2"}]...
DEBUG:custom_components.price_tracker.services.buywisely.hydration_parser:[DIAG] Resolved string for key 3: HL["/_next/static/css/e0d445a9cf4aff75.css","style"]...
DEBUG:custom_components.price_tracker.services.buywisely.hydration_parser:[DIAG] Resolved string for key 4: I[89562,[],""]...
DEBUG:custom_components.price_tracker.services.buywisely.hydration_parser:[DIAG] Resolved string for key 7: I[78703,[],""]...
DEBUG:custom_components.price_tracker.services.buywisely.hydration_parser:[DIAG] Resolved string for key 9: I[53751,[],""]...
DEBUG:custom_components.price_tracker.services.buywisely.hydration_parser:[DIAG] Resolved string for key c: I[11478,["3655","static/chunks/3655-f78e4e363a5541d0.js","395","static/chunks/app/product/%5Bslug%5D/layout-afd1e0771fc65a8b.js"],""]...
WARNING:custom_components.price_tracker.services.buywisely.hydration_parser:Could not parse resolved record c: ('Unknown identifier', 'I')
DEBUG:custom_components.price_tracker.services.buywisely.hydration_parser:[DIAG] Resolved string for key d: I[25719,["3655","static/chunks/3655-f78e4e363a5541d0.js","6290","static/chunks/6290-2a8ce89a0b5a3df8.js","3895","static/chunks/app/product/%5Bslug%5D/@offers/loading-91e67d2edba3eaa4.js"],"default"]...
WARNING:custom_components.price_tracker.services.buywisely.hydration_parser:Could not parse resolved record d: ('Unknown identifier', 'I')
DEBUG:custom_components.price_tracker.services.buywisely.hydration_parser:[DIAG] Resolved string for key e: I[88170,["3655","static/chunks/3655-f78e4e363a5541d0.js","6290","static/chunks/6290-2a8ce89a0b5a3df8.js","3895","static/chunks/app/product/%5Bslug%5D/@offers/loading-91e67d2edba3eaa4.js"],""]...
WARNING:custom_components.price_tracker.services.buywisely.hydration_parser:Could not parse resolved record e: ('Unknown identifier', 'I')
DEBUG:custom_components.price_tracker.services.buywisely.hydration_parser:[DIAG] Resolved string for key f: I[44863,["3655","static/chunks/3655-f78e4e363a5541d0.js","395","static/chunks/app/product/%5Bslug%5D/layout-afd1e0771fc65a8b.js"],""]...
WARNING:custom_components.price_tracker.services.buywisely.hydration_parser:Could not parse resolved record f: ('Unknown identifier', 'I')
DEBUG:custom_components.price_tracker.services.buywisely.hydration_parser:[DIAG] Resolved string for key 10: I[39146,["3655","static/chunks/3655-f78e4e363a5541d0.js","6290","static/chunks/6290-2a8ce89a0b5a3df8.js","2665","static/chunks/2665-2d172eda87a962e3.js","6435","static/chunks/app/product/%5Bslug%5D/@info/loading-1c1ee849e97e6a1a.js"],""]...
WARNING:custom_components.price_tracker.services.buywisely.hydration_parser:Could not parse resolved record 10: ('Unknown identifier', 'I')
DEBUG:custom_components.price_tracker.services.buywisely.hydration_parser:[DIAG] Resolved string for key 13: I[79165,["3655","static/chunks/3655-f78e4e363a5541d0.js","6290","static/chunks/6290-2a8ce89a0b5a3df8.js","6381","static/chunks/6381-2b873addadcb95f3.js","6310","static/chunks/6310-99207018fb617736.js","5469","static/chunks/5469-d5f85e2b5dbb2663.js","6341","static/chunks/6341-ca54939c2b36d77d.js","6252","static/chunks/6252-920c83842bca245b.js","6574","static/chunks/6574-85b13196e7d2f55e.js","307","static/chunks/307-cefa9bd2f7381bf5.js","2665","static/chunks/2665-2d172eda87a962e3.js","684","static...
DEBUG:custom_components.price_tracker.services.buywisely.hydration_parser:[DIAG] Resolved string for key 14: I[72470,["3655","static/chunks/3655-f78e4e363a5541d0.js","6290","static/chunks/6290-2a8ce89a0b5a3df8.js","6381","static/chunks/6381-2b873addadcb95f3.js","6310","static/chunks/6310-99207018fb617736.js","5469","static/chunks/5469-d5f85e2b5dbb2663...
DEBUG:custom_components.price_tracker.services.buywisely.hydration_parser:[DIAG] Resolved string for key 15: I[68744,["3655","static/chunks/3655-f78e4e363a5541d0.js","6290","static/chunks/6290-2a8ce89a0b5a3df8.js","6381","static/chunks/6381-2b873addadcb95f3.js","6310","static/chunks/6310-99207018fb617736.js","5469","static/chunks/5469-d5f85e2b5dbb2663.js","6341","static/chunks/6341-ca54939c2b36d77d.js","6252","static/chunks/6252-920c83842bca245b.js","6574","static/chunks/6574-85b13196e7d2f55e.js","307","static/chunks/307-cefa9bd2f7381bf5.js","2665","static/chunks/2665-2d172eda87a962e3.js","684","static...
DEBUG:custom_components.price_tracker.services.buywisely.hydration_parser:[DIAG] Resolved string for key 16: I[58977,["3655","static/chunks/3655-f78e4e363a5541d0.js","6290","static/chunks/6290-2a8ce89a0b5a3df8.js","6381","static/chunks/6381-2b873addadcb95f3.js","6310","static/chunks/6310-99207018fb617736.js","5469","static/chunks/5469-d5f85e2b5dbb2663.js","6341","static/chunks/6341-ca54939c2b36d77d.js","6252","static/chunks/6252-920c83842bca245b.js","6574","static/chunks/6574-85b13196e7d2f55e.js","307","static/chunks/307-cefa9bd2f7381bf5.js","2665","static/chunks/2665-2d172eda87a962e3.js","684","static...
DEBUG:custom_components.price_tracker.services.buywisely.hydration_parser:[DIAG] Resolved string for key 17: I[66973,["3655","static/chunks/3655-f78e4e363a5541d0.js","6290","static/chunks/6290-2a8ce89a0b5a3df8.js","6381","static/chunks/6381-2b873addadcb95f3.js","6310","static/chunks/6310-99207018fb617736.js","5469","static/chunks/5469-d5f85e2b5dbb2663.js","6341","static/chunks/6341-ca54939c2b36d77d.js","6252","static/chunks/6252-920c83842bca245b.js","6574","static/chunks/6574-85b13196e7d2f55e.js","307","static/chunks/307-cefa9bd2f7381bf5.js","2665","static/chunks/2665-2d172eda87a962e3.js","684","static...
DEBUG:custom_components.price_tracker.services.buywisely.hydration_parser:[DIAG] Resolved string for key 18: I[32206,["3655","static/chunks/3655-f78e4e363a5541d0.js","6290","static/chunks/6290-2a8ce89a0b5a3df8.js","6381","static/chunks/6381-2b873addadcb95f3.js","6310","static/chunks/6310-99207018fb617736.js","5469","static/chunks/5469-d5f85e2b5dbb2663.js","6341","static/chunks/6341-ca54939c2b36d77d.js","6252","static/chunks/6252-920c83842bca245b.js","6574","static/chunks/6574-85b13196e7d2f55e.js","307","static/chunks/307-cefa9bd2f7381bf5.js","2665","static/chunks/2665-2d172eda87a962e3.js","684","static...
DEBUG:custom_components.price_tracker.services.buywisely.hydration_parser:[DIAG] Resolved string for key 19: I[25115,["3655","static/chunks/3655-f78e4e363a5541d0.js","6290","static/chunks/6290-2a8ce89a0b5a3df...
DEBUG:custom_components.price_tracker.services.buywisely.hydration_parser:[DIAG] Resolved string for key 1b: I[20977,["3655","static/chunks/3655-f78e4e363a5541d0.js","6290","static/chunks/6290-2a8ce89a0b5a3df8.js","6381","static/chunks/6381-2b873addadcb95f3.js","6310","static/chunks/6310-99207018fb617736.js","5469","static/chunks/5469-d5f85e2b5dbb2663.js","9160","static/chunks/app/not-found-9fe2d208d6f479a3.js"],"default"]...
DEBUG:custom_components.price_tracker.services.buywisely.hydration_parser:[DIAG] Resolved string for key 1c: I[79529,["3655","static/chunks/3655-f78e4e363a5541d0.js","6290","static/chunks/6290-2a8ce89a0b5a3df8.js","6381","static/chunks/6381-2b873addadcb95f3.js","6310","static/chunks/6310-99207018fb617736.js","5469","static/chunks/5469-d5f85e2b5dbb2663.js","6341","static/chunks/6341-ca54939c2b36d77d.js","6252","static/chunks/6252-920c83842bca245b.js","6574","static/chunks/6574-85b13196e7d2f55e.js","307","static/chunks/307-cefa9bd2f7381bf5.js","2665","static/chunks/2665-2d172eda87a962e3.js","684","static...
DEBUG:custom_components.price_tracker.services.buywisely.hydration_parser:[DIAG] Resolved string for key 1d: I[74906,["3655","static/chunks/3655-f78e4e363a5541d0.js","6290","static/chunks/6290-2a8ce89a0b5a3df8.js","6381","static/chunks/6381-2...
DEBUG:custom_components.price_tracker.services.buywisely.hydration_parser:[DIAG] Resolved string for key 1e: I[25327,["3655","static/chunks/3655-f78e4e363a5541d0.js","6290","static/chunks/6290-2a8ce89a0b5a3df8.js","6381","static/chunks/6381-2b873addadcb95f3.js","6310","static/chunks/6310-99207018fb617736.js","5469","static/chunks/5469-d5f85e2b5dbb2663.js","6341","static/chunks/6341-ca54939c2b36d77d.js","6252","static/chunks/6252-920c83842bca245b.js","6574","static/chunks/6574-85b13196e7d2f55e.js","307","static/chunks/307-cefa9bd2f7381bf5.js","2665","static/chunks/2665-2d172eda87a962e3.js","684","static...
DEBUG:custom_components.price_tracker.services.buywisely.hydration_parser:[DIAG] Resolved string for key 20: I[51395,[],""]...
DEBUG:custom_components.price_tracker.services.buywisely.hydration_parser:[DIAG] Resolved string for key 8: ["slug","motorola-moto-g75-5g-256gb-grey-with-buds","d"]...
DEBUG:custom_components.price_tracker.services.buywisely.hydration_parser:[DIAG] Resolved string for key 21: []...
DEBUG:custom_components.price_tracker.services.buywisely.hydration_parser:[DIAG] Resolved string for key 0: [[["$","link","0",{"rel":"stylesheet","href":"/_next/static/css/e0d445a9cf4aff75.css","precedence":"next","crossOrigin":"$undefined"}]],["$","$L4",null,{"buildId":"vVT_ICiXqaGX8gcuY6VmE","assetPrefix":"","initialCanonicalUrl":"/product/motorola-moto-g75-5g-256gb-grey-with-buds","initialTree":["",{"children":["product",{"children":[["slug","motorola-moto-g75-5g-256gb-grey-with-buds","d"],{"category":["__PAGE__",{"children":["__PAGE__",{}]}],"info":["__PAGE__",{"children":["__PAGE__",{}]}],"offers...
WARNING:custom_components.price_tracker.services.buywisely.hydration_parser:Could not parse resolved record 0: ('Unknown identifier', 'I')
DEBUG:custom_components.price_tracker.services.buywisely.hydration_parser:[DIAG] Resolved string for key a: null...
DEBUG:custom_components.price_tracker.services.buywisely.hydration_parser:[DIAG] Resolved string for key 12: E{"digest":"NEXT_NOT_FOUND"}...
DEBUG:custom_components.price_tracker.services.buywisely.hydration_parser:[DIAG] Resolved string for key 22: I[5821,["3655","static/chunks/3655-f78e4e363a5541d0.js","6290","static/chunks/6290-2a8ce89a0b5a3df8.js","6381","static/chunks/6381-2b873addadcb95f3.js","6310","static/chunks/6310-99207018fb617736.js","5469","static/chunks/5469-d5f85e2b5dbb2663.js","6341","static/chunks/6341-ca54939c2b36d77d.js","6252","static/chunks/6252-920c83842bca245b.js","6574","static/chunks/6574-85b13196e7d2f55e.js","307","static/chunks/307-cefa9bd2f7381bf5.js","2665","static/chunks/2665-2d172eda87a962e3.js","684","static/...
DEBUG:custom_components.price_tracker.services.buywisely.hydration_parser:[DIAG] Resolved string for key 23: I[6063,["3655","static/chunks/3655-f78e4e363a5541d0.js","6290","static/chunks/6290-2a8ce89a0b5a3df8.js","6381","static/chunks/6381-2b873addadcb95f3.js","6310","static/chunks/6310-99207018fb617736.js","5469","static/chunks/5469-d5f85e2b5dbb2663.js","6341","static/chunks/6341-ca54939c2b36d77d.js","6252","static/chunks/6252-920c83842bca245b.js","6574","static/chunks/6574-85b13196e7d2f55e.js","307","static/chunks/307-cefa9bd2f7381bf5.js","2665","static/chunks/2665-2d172eda87a962e3.js","684","static/...
DEBUG:custom_components.price_tracker.services.buywisely.hydration_parser:[DIAG] Resolved string for key 24: I[92163,["3655","static/chunks/3655-f78e4e363a5541d0.js","6290","static/chunks/6290-2a8ce89a0b5a3df8.js","6381","static/chunks/6381-2b873addadcb95f3.js","6310","static/chunks/6310-99207018fb617736.js","5469","static/chunks/5469-d5f85e2b5dbb2663.js","6341","static/chunks/6341-ca54939c2b36d77d.js","6252","static/chunks/6252-920c83842bca245b.js","6574","static/chunks/657...
DEBUG:custom_components.price_tracker.services.buywisely.hydration_parser:[DIAG] Resolved string for key 25: I[5281,["3655","static/chunks/3655-f78e4e363a5541d0.js","6290","static/chunks/6290-2a8ce89a0b5a3df8.js","6381","static/chunks/6381-2b873addadcb95f3.js","6310","static/chunks/6310-99207018fb617736.js","5469","static/chunks/5469-d5f85e2b5dbb2663.js","6341","static/chunks/6341-ca54939c2b36d77d.js","6252","static/chunks/6252-920c83842bca245b.js","6574","static/chunks/6574-85b13196e7d2f55e.js","307","static/chunks/307-cefa9bd2f7381bf5.js","2665","static/chunks/2665-2d172eda87a962e3.js","684","static/...
DEBUG:custom_components.price_tracker.services.buywisely.hydration_parser:[DIAG] Resolved string for key 26: I[90996,["3655","static/chunks/3655-f78e4e363a5541d0.js","6290","static/chunks/6290-2a8ce89a0b5a3df8.js","6381","static/chunks/6381-2b873addadcb95f3.js","6310","static/chunks/6310-99207018fb617736.js","5469","static/chunks/5469-d5f85e2b5dbb2663.js","6341","static/chunks/6341-ca54939c2b36d77d.js","6252","static/chunks/6252-920c83842bca245b.js","6574","static/chunks/6574-85b13196e7d2f55e.js","307","static/chunks/307-cefa9bd2f7381bf5.js","2665","static/chunks/2665-2d172eda87a962e3.js","684","static...
DEBUG:custom_components.price_tracker.services.buywisely.hydration_parser:[DIAG] Resolved string for key 1a: ["$","$L22",null,{"sx":{"backdropFilter":"blur(6px)","backgroundColor":"rgba(255, 255, 255, 0.8)","boxShadow":"0 2px 4px rgba(0,0,0,0.1)"},"children":["$","$Lf",null,{"children":[["$","$Ld",null,{"direction":"row","alignItems":"center","justifyContent":"space-between","sx":{"display":{"xs":"flex","md":"none"},"height":64},"children":[["$","$L23",null,{"isMobile":true}],["$","$L24",null,{}]]}],["$","$Ld",null,{"direction":"row","alignItems":"center","justifyContent":"space-between","sx":{"display...
DEBUG:custom_components.price_tracker.services.buywisely.hydration_parser:[DIAG] Resolved string for key 27: "$Sreact.fragment"...
DEBUG:custom_components.price_tracker.services.buywisely.hydration_parser:[DIAG] Resolved string for key 29: I[6632,["3655","static/chunks/3655-f78e4e363a5541d0.js","6381","static/chunks/6381-2b873addadcb95f3.js","635","static/chunks/635-de4a99a005c429a5.js","5153","static/chunks/app/product/%5Bslug%5D/@category/page-e562e2b22b747881.js"],""]...
WARNING:custom_components.price_tracker.services.buywisely.hydration_parser:Could not parse resolved record 29: ('Unknown identifier', 'I')
DEBUG:custom_components.price_tracker.services.buywisely.hydration_parser:[DIAG] Resolved string for key 2a: I[36049,["3655","static/chunks/3655-f78e4e363a5541d0.js","6381","static/chunks/6381-2b873addadcb95f3.js","635","static/chunks/635-de4a99a005c429a5.js","5153","static/chunks/app/product/%5Bslug%5D/@category/page-e562e2b22b747881.js"],""]...
WARNING:custom_components.price_tracker.services.buywisely.hydration_parser:Could not parse resolved record 2a: ('Unknown identifier', 'I')
DEBUG:custom_components.price_tracker.services.buywisely.hydration_parser:[DIAG] Resolved string for key 28: [["$","meta","0",{"name":"viewport","content":"width=device-width, initial-scale=1, maximum-scale=1"}],["$","meta","1",{"charSet":"utf-8"}],["$","title","2",{"children":"Motorola Moto G75 5G 256GB Grey with Buds - Price History, Comparison \u0026 Alerts | BuyWisely"}],["$","meta","3",{"name":"description","content":"Crafted from premium materials and featuring military-grade¹ durability, moto g75 5G is made for everyday life. Capture sharp photos and smooth videos using the... Compare prices, tr...
INFO:custom_components.price_tracker.services.buywisely.hydration_parser:[DIAG] Parsed JSON from resolved string: [['$', 'meta', '0', {'name': 'viewport', 'content': 'width=device-width, initial-scale=1, maximum-scale=1'}], ['$', 'meta', '1', {'charSet': 'utf-8'}], ['$', 'title', '2', {'children': 'Motorola Moto G75 5G 256GB Grey with Buds - Price History, Comparison & Alerts | BuyWisely'}], ['$', 'meta', '3', {'name': 'description', 'content': 'Crafted from premium materials and featuring military-grade¹ durability, moto g75 5G is made for everyday life. Capture sharp photos and smooth videos using the... Compare prices, track history, set alerts on BuyWisely.'}], ['$', 'meta', '4', {'name': 'keywords', 'content': 'Motorola Moto G75 5G 256GB Grey with Buds, price comparison, price history, price alerts, best deals, online shopping, BuyWisely'}], ['$', 'meta', '5', {'name': 'robots', 'content': 'index, follow'}], ['$', 'meta', '6', {'name': 'googlebot', 'content': 'index, follow, max-video-preview:-1, max-image-preview:large, max-snippet:-1'}], ['$', 'link', '7', {'rel': 'canonical', 'href': 'https://buywisely.com.au/product/motorola-moto-g75-5g-256gb-grey-with-buds'}], ['$', 'meta', '8', {'property': 'og:title', 'content': 'Motorola Moto G75 5G 256GB Grey with Buds - Price History, Comparison & Alerts'}], ['$', 'meta', '9', {'property': 'og:description', 'content': 'Crafted from premium materials and featuring military-grade¹ durability, moto g75 5G is made for everyday life. Capture sharp photos and smooth videos using the... Compare prices, track history, set alerts on BuyWisely.'}], ['$', 'meta', '10', {'property': 'og:image', 'content': 'https://encrypted-tbn0.gstatic.com/shopping?q=tbn:ANd9GcTN0NDdrPCDIn9NaiVIb7vTMSRVKBOQbkBMTHJyb9dzqC_WY5IGMoYuvnsDtsI8XvfpsX50GHyVY5kvPm-1nSr2bXEkwcR1sLJr1IR1dAkwVcXTXGOCB8frf7o'}], ['$', 'meta', '11', {'name': 'twitter:card', 'content': 'summary_large_image'}], ['$', 'meta', '12', {'name': 'twitter:title', 'content': 'Price History, Comparison & Tracking | Save Money on Your Purchases'}], ['$', 'meta', '13', {'name': 'twitter:description', 'content': 'Track price history, compare prices, and set price alerts for products across 20,000+ online shops. BuyWisely helps you find the best deals and make informed buying decisions.'}], ['$', 'meta', '14', {'name': 'twitter:image', 'content': 'https://buywisely.com.au/assets/images/landing/preview.png'}], ['$', 'meta', '15', {'name': 'next-size-adjust'}]]
DEBUG:custom_components.price_tracker.services.buywisely.json_parser_utils:[DIAG][find_product_with_offers_recursive] Processing data (type: <class 'list'>): [['$', 'meta', '0', {'name': 'viewport', 'content': 'width=device-width, initial-scale=1, maximum-sc...
DEBUG:custom_components.price_tracker.services.buywisely.json_parser_utils:[DIAG][find_product_with_offers_recursive] Iterating list of length 16
DEBUG:custom_components.price_tracker.services.buywisely.json_parser_utils:[DIAG][find_product_with_offers_recursive] Recursing into list item 0
DEBUG:custom_components.price_tracker.services.buywisely.json_parser_utils:[DIAG][find_product_with_offers_recursive] Processing data (type: <class 'list'>): ['$', 'meta', '0', {'name': 'viewport', 'content': 'width=device-width, initial-scale=1, maximum-sca...
DEBUG:custom_components.price_tracker.services.buywisely.json_parser_utils:[DIAG][find_product_with_offers_recursive] Iterating list of length 4
DEBUG:custom_components.price_tracker.services.buywisely.json_parser_utils:[DIAG][find_product_with_offers_recursive] Recursing into list item 0
DEBUG:custom_components.price_tracker.services.buywisely.json_parser_utils:[DIAG][find_product_with_offers_recursive] Processing data (type: <class 'str'>): $...
DEBUG:custom_components.price_tracker.services.buywisely.json_parser_utils:[DIAG][find_product_with_offers_recursive] Recursing into list item 1
DEBUG:custom_components.price_tracker.services.buywisely.json_parser_utils:[DIAG][find_product_with_offers_recursive] Processing data (type: <class 'str'>): meta...
DEBUG:custom_components.price_tracker.services.buywisely.json_parser_utils:[DIAG][find_product_with_offers_recursive] Recursing into list item 2
DEBUG:custom_components.price_tracker.services.buywisely.json_parser_utils:[DIAG][find_product_with_offers_recursive] Processing data (type: <class 'str'>): 0...
DEBUG:custom_components.price_tracker.services.buywisely.json_parser_utils:[DIAG][find_product_with_offers_recursive] Recursing into list item 3
DEBUG:custom_components.price_tracker.services.buywisely.json_parser_utils:[DIAG][find_product_with_offers_recursive] Processing data (type: <class 'dict'>): {'name': 'viewport', 'content': 'width=device-width, initial-scale=1, maximum-scale=1'}...
DEBUG:custom_components.price_tracker.services.buywisely.json_parser_utils:[DIAG][find_product_with_offers_recursive] Recursing into key 'name'
DEBUG:custom_components.price_tracker.services.buywisely.json_parser_utils:[DIAG][find_product_with_offers_recursive] Processing data (type: <class 'str'>): viewport...
DEBUG:custom_components.price_tracker.services.buywisely.json_parser_utils:[DIAG][find_product_with_offers_recursive] Recursing into key 'content'
DEBUG:custom_components.price_tracker.services.buywisely.json_parser_utils:[DIAG][find_product_with_offers_recursive] Processing data (type: <class 'str'>): width=device-width, initial-scale=1, maximum-scale=1...
DEBUG:custom_components.price_tracker.services.buywisely.json_parser_utils:[DIAG][find_product_with_offers_recursive] Recursing into list item 1
DEBUG:custom_components.price_tracker.services.buywisely.json_parser_utils:[DIAG][find_product_with_offers_recursive] Processing data (type: <class 'list'>): ['$', 'meta', '1', {'charSet': 'utf-8'}]...
DEBUG:custom_components.price_tracker.services.buywisely.json_parser_utils:[DIAG][find_product_with_offers_recursive] Iterating list of length 4
DEBUG:custom_components.price_tracker.services.buywisely.json_parser_utils:[DIAG][find_product_with_offers_recursive] Recursing into list item 0
DEBUG:custom_components.price_tracker.services.buywisely.json_parser_utils:[DIAG][find_product_with_offers_recursive] Processing data (type: <class 'str'>): $...
DEBUG:custom_components.price_tracker.services.buywisely.json_parser_utils:[DIAG][find_product_with_offers_recursive] Recursing into list item 1
DEBUG:custom_components.price_tracker.services.buywisely.json_parser_utils:[DIAG][find_product_with_offers_recursive] Processing data (type: <class 'str'>): meta...
DEBUG:custom_components.price_tracker.services.buywisely.json_parser_utils:[DIAG][find_product_with_offers_recursive] Recursing into list item 2
DEBUG:custom_components.price_tracker.services.buywisely.json_parser_utils:[DIAG][find_product_with_offers_recursive] Processing data (type: <class 'str'>): 1...
DEBUG:custom_components.price_tracker.services.buywisely.json_parser_utils:[DIAG][find_product_with_offers_recursive] Recursing into list item 3
DEBUG:custom_components.price_tracker.services.buywisely.json_parser_utils:[DIAG][find_product_with_offers_recursive] Processing data (type: <class 'dict'>): {'charSet': 'utf-8'}...
DEBUG:custom_components.price_tracker.services.buywisely.json_parser_utils:[DIAG][find_product_with_offers_recursive] Recursing into key 'charSet'
DEBUG:custom_components.price_tracker.services.buywisely.json_parser_utils:[DIAG][find_product_with_offers_recursive] Processing data (type: <class 'str'>): utf-8...
DEBUG:custom_components.price_tracker.services.buywisely.json_parser_utils:[DIAG][find_product_with_offers_recursive] Recursing into list item 2
DEBUG:custom_components.price_tracker.services.buywisely.json_parser_utils:[DIAG][find_product_with_offers_recursive] Processing data (type: <class 'list'>): ['$', 'title', '2', {'children': 'Motorola Moto G75 5G 256GB Grey with Buds - Price History, Compari...
DEBUG:custom_components.price_tracker.services.buywisely.json_parser_utils:[DIAG][find_product_with_offers_recursive] Iterating list of length 4
DEBUG:custom_components.price_tracker.services.buywisely.json_parser_utils:[DIAG][find_product_with_offers_recursive] Recursing into list item 0
DEBUG:custom_components.price_tracker.services.buywisely.json_parser_utils:[DIAG][find_product_with_offers_recursive] Processing data (type: <class 'str'>): $...
DEBUG:custom_components.price_tracker.services.buywisely.json_parser_utils:[DIAG][find_product_with_offers_recursive] Recursing into list item 1
DEBUG:custom_components.price_tracker.services.buywisely.json_parser_utils:[DIAG][find_product_with_offers_recursive] Processing data (type: <class 'str'>): title...
DEBUG:custom_components.price_tracker.services.buywisely.json_parser_utils:[DIAG][find_product_with_offers_recursive] Recursing into list item 2
DEBUG:custom_components.price_tracker.services.buywisely.json_parser_utils:[DIAG][find_product_with_offers_recursive] Processing data (type: <class 'str'>): 2...
DEBUG:custom_components.price_tracker.services.buywisely.json_parser_utils:[DIAG][find_product_with_offers_recursive] Recursing into list item 3
DEBUG:custom_components.price_tracker.services.buywisely.json_parser_utils:[DIAG][find_product_with_offers_recursive] Processing data (type: <class 'dict'>): {'children': 'Motorola Moto G75 5G 256GB Grey with Buds - Price History, Comparison & Alerts | BuyWi...
DEBUG:custom_components.price_tracker.services.buywisely.json_parser_utils:[DIAG][find_product_with_offers_recursive] Recursing into key 'children'
DEBUG:custom_components.price_tracker.services.buywisely.json_parser_utils:[DIAG][find_product_with_offers_recursive] Processing data (type: <class 'str'>): Motorola Moto G75 5G 256GB Grey with Buds - Price History, Comparison & Alerts | BuyWisely...
DEBUG:custom_components.price_tracker.services.buywisely.json_parser_utils:[DIAG][find_product_with_offers_recursive] Recursing into list item 3
DEBUG:custom_components.price_tracker.services.buywisely.json_parser_utils:[DIAG][find_product_with_offers_recursive] Processing data (type: <class 'list'>): ['$', 'meta', '3', {'name': 'description', 'content': 'Crafted from premium materials and featuring ...
DEBUG:custom_components.price_tracker.services.buywisely.json_parser_utils:[DIAG][find_product_with_offers_recursive] Iterating list of length 4
DEBUG:custom_components.price_tracker.services.buywisely.json_parser_utils:[DIAG][find_product_with_offers_recursive] Recursing into list item 0
DEBUG:custom_components.price_tracker.services.buywisely.json_parser_utils:[DIAG][find_product_with_offers_recursive] Processing data (type: <class 'str'>): $...
DEBUG:custom_components.price_tracker.services.buywisely.json_parser_utils:[DIAG][find_product_with_offers_recursive] Recursing into list item 1
DEBUG:custom_components.price_tracker.services.buywisely.json_parser_utils:[DIAG][find_product_with_offers_recursive] Processing data (type: <class 'str'>): meta...
DEBUG:custom_components.price_tracker.services.buywisely.json_parser_utils:[DIAG][find_product_with_offers_recursive] Recursing into list item 2
DEBUG:custom_components.price_tracker.services.buywisely.json_parser_utils:[DIAG][find_product_with_offers_recursive] Processing data (type: <class 'str'>): 3...
DEBUG:custom_components.price_tracker.services.buywisely.json_parser_utils:[DIAG][find_product_with_offers_recursive] Recursing into list item 3
DEBUG:custom_components.price_tracker.services.buywisely.json_parser_utils:[DIAG][find_product_with_offers_recursive] Processing data (type: <class 'dict'>): {'name': 'description', 'content': 'Crafted from premium materials and featuring military-grade¹ dur...
DEBUG:custom_components.price_tracker.services.buywisely.json_parser_utils:[DIAG][find_product_with_offers_recursive] Recursing into key 'name'
DEBUG:custom_components.price_tracker.services.buywisely.json_parser_utils:[DIAG][find_product_with_offers_recursive] Processing data (type: <class 'str'>): description...
DEBUG:custom_components.price_tracker.services.buywisely.json_parser_utils:[DIAG][find_product_with_offers_recursive] Recursing into key 'content'
DEBUG:custom_components.price_tracker.services.buywisely.json_parser_utils:[DIAG][find_product_with_offers_recursive] Processing data (type: <class 'str'>): Crafted from premium materials and featuring military-grade¹ durability, moto g75 5G is made for eve...
DEBUG:custom_components.price_tracker.services.buywisely.json_parser_utils:[DIAG][find_product_with_offers_recursive] Recursing into list item 4
DEBUG:custom_components.price_tracker.services.buywisely.json_parser_utils:[DIAG][find_product_with_offers_recursive] Processing data (type: <class 'list'>): ['$', 'meta', '4', {'name': 'keywords', 'content': 'Motorola Moto G75 5G 256GB Grey with Buds, price...
DEBUG:custom_components.price_tracker.services.buywisely.json_parser_utils:[DIAG][find_product_with_offers_recursive] Iterating list of length 4
DEBUG:custom_components.price_tracker.services.buywisely.json_parser_utils:[DIAG][find_product_with_offers_recursive] Recursing into list item 0
DEBUG:custom_components.price_tracker.services.buywisely.json_parser_utils:[DIAG][find_product_with_offers_recursive] Processing data (type: <class 'str'>): $...
DEBUG:custom_components.price_tracker.services.buywisely.json_parser_utils:[DIAG][find_product_with_offers_recursive] Recursing into list item 1
DEBUG:custom_components.price_tracker.services.buywisely.json_parser_utils:[DIAG][find_product_with_offers_recursive] Processing data (type: <class 'str'>): meta...
DEBUG:custom_components.price_tracker.services.buywisely.json_parser_utils:[DIAG][find_product_with_offers_recursive] Recursing into list item 2
DEBUG:custom_components.price_tracker.services.buywisely.json_parser_utils:[DIAG][find_product_with_offers_recursive] Processing data (type: <class 'str'>): 4...
DEBUG:custom_components.price_tracker.services.buywisely.json_parser_utils:[DIAG][find_product_with_offers_recursive] Recursing into list item 3
DEBUG:custom_components.price_tracker.services.buywisely.json_parser_utils:[DIAG][find_product_with_offers_recursive] Processing data (type: <class 'dict'>): {'name': 'keywords', 'content': 'Motorola Moto G75 5G 256GB Grey with Buds, price comparison, price ...
DEBUG:custom_components.price_tracker.services.buywisely.json_parser_utils:[DIAG][find_product_with_offers_recursive] Recursing into key 'name'
DEBUG:custom_components.price_tracker.services.buywisely.json_parser_utils:[DIAG][find_product_with_offers_recursive] Processing data (type: <class 'str'>): keywords...
DEBUG:custom_components.price_tracker.services.buywisely.json_parser_utils:[DIAG][find_product_with_offers_recursive] Recursing into key 'content'
DEBUG:custom_components.price_tracker.services.buywisely.json_parser_utils:[DIAG][find_product_with_offers_recursive] Processing data (type: <class 'str'>): Motorola Moto G75 5G 256GB Grey with Buds, price comparison, price history, price alerts, best deals...
DEBUG:custom_components.price_tracker.services.buywisely.json_parser_utils:[DIAG][find_product_with_offers_recursive] Recursing into list item 5
DEBUG:custom_components.price_tracker.services.buywisely.json_parser_utils:[DIAG][find_product_with_offers_recursive] Processing data (type: <class 'list'>): ['$', 'meta', '5', {'name': 'robots', 'content': 'index, follow'}]...
DEBUG:custom_components.price_tracker.services.buywisely.json_parser_utils:[DIAG][find_product_with_offers_recursive] Iterating list of length 4
DEBUG:custom_components.price_tracker.services.buywisely.json_parser_utils:[DIAG][find_product_with_offers_recursive] Recursing into list item 0
DEBUG:custom_components.price_tracker.services.buywisely.json_parser_utils:[DIAG][find_product_with_offers_recursive] Processing data (type: <class 'str'>): $...
DEBUG:custom_components.price_tracker.services.buywisely.json_parser_utils:[DIAG][find_product_with_offers_recursive] Recursing into list item 1
DEBUG:custom_components.price_tracker.services.buywisely.json_parser_utils:[DIAG][find_product_with_offers_recursive] Processing data (type: <class 'str'>): meta...
DEBUG:custom_components.price_tracker.services.buywisely.json_parser_utils:[DIAG][find_product_with_offers_recursive] Recursing into list item 2
DEBUG:custom_components.price_tracker.services.buywisely.json_parser_utils:[DIAG][find_product_with_offers_recursive] Processing data (type: <class 'str'>): 5...
DEBUG:custom_components.price_tracker.services.buywisely.json_parser_utils:[DIAG][find_product_with_offers_recursive] Recursing into list item 3
DEBUG:custom_components.price_tracker.services.buywisely.json_parser_utils:[DIAG][find_product_with_offers_recursive] Processing data (type: <class 'dict'>): {'name': 'robots', 'content': 'index, follow'}...
DEBUG:custom_components.price_tracker.services.buywisely.json_parser_utils:[DIAG][find_product_with_offers_recursive] Recursing into key 'name'
DEBUG:custom_components.price_tracker.services.buywisely.json_parser_utils:[DIAG][find_product_with_offers_recursive] Processing data (type: <class 'str'>): robots...
DEBUG:custom_components.price_tracker.services.buywisely.json_parser_utils:[DIAG][find_product_with_offers_recursive] Recursing into key 'content'
DEBUG:custom_components.price_tracker.services.buywisely.json_parser_utils:[DIAG][find_product_with_offers_recursive] Processing data (type: <class 'str'>): index, follow...
DEBUG:custom_components.price_tracker.services.buywisely.json_parser_utils:[DIAG][find_product_with_offers_recursive] Recursing into list item 6
DEBUG:custom_components.price_tracker.services.buywisely.json_parser_utils:[DIAG][find_product_with_offers_recursive] Processing data (type: <class 'list'>): ['$', 'meta', '6', {'name': 'googlebot', 'content': 'index, follow, max-video-preview:-1, max-image-...
DEBUG:custom_components.price_tracker.services.buywisely.json_parser_utils:[DIAG][find_product_with_offers_recursive] Iterating list of length 4
DEBUG:custom_components.price_tracker.services.buywisely.json_parser_utils:[DIAG][find_product_with_offers_recursive] Recursing into list item 0
DEBUG:custom_components.price_tracker.services.buywisely.json_parser_utils:[DIAG][find_product_with_offers_recursive] Processing data (type: <class 'str'>): $...
DEBUG:custom_components.price_tracker.services.buywisely.json_parser_utils:[DIAG][find_product_with_offers_recursive] Recursing into list item 1
DEBUG:custom_components.price_tracker.services.buywisely.json_parser_utils:[DIAG][find_product_with_offers_recursive] Processing data (type: <class 'str'>): meta...
DEBUG:custom_components.price_tracker.services.buywisely.json_parser_utils:[DIAG][find_product_with_offers_recursive] Recursing into list item 2
DEBUG:custom_components.price_tracker.services.buywisely.json_parser_utils:[DIAG][find_product_with_offers_recursive] Processing data (type: <class 'str'>): 6...
DEBUG:custom_components.price_tracker.services.buywisely.json_parser_utils:[DIAG][find_product_with_offers_recursive] Recursing into list item 3
DEBUG:custom_components.price_tracker.services.buywisely.json_parser_utils:[DIAG][find_product_with_offers_recursive] Processing data (type: <class 'dict'>): {'name': 'googlebot', 'content': 'index, follow, max-video-preview:-1, max-image-preview:large, max-...
DEBUG:custom_components.price_tracker.services.buywisely.json_parser_utils:[DIAG][find_product_with_offers_recursive] Recursing into key 'name'
DEBUG:custom_components.price_tracker.services.buywisely.json_parser_utils:[DIAG][find_product_with_offers_recursive] Processing data (type: <class 'str'>): googlebot...
DEBUG:custom_components.price_tracker.services.buywisely.json_parser_utils:[DIAG][find_product_with_offers_recursive] Recursing into key 'content'
DEBUG:custom_components.price_tracker.services.buywisely.json_parser_utils:[DIAG][find_product_with_offers_recursive] Processing data (type: <class 'str'>): index, follow, max-video-preview:-1, max-image-preview:large, max-snippet:-1...
DEBUG:custom_components.price_tracker.services.buywisely.json_parser_utils:[DIAG][find_product_with_offers_recursive] Recursing into list item 7
DEBUG:custom_components.price_tracker.services.buywisely.json_parser_utils:[DIAG][find_product_with_offers_recursive] Processing data (type: <class 'list'>): ['$', 'link', '7', {'rel': 'canonical', 'href': 'https://buywisely.com.au/product/motorola-moto-g75-...
DEBUG:custom_components.price_tracker.services.buywisely.json_parser_utils:[DIAG][find_product_with_offers_recursive] Iterating list of length 4
DEBUG:custom_components.price_tracker.services.buywisely.json_parser_utils:[DIAG][find_product_with_offers_recursive] Recursing into list item 0
DEBUG:custom_components.price_tracker.services.buywisely.json_parser_utils:[DIAG][find_product_with_offers_recursive] Processing data (type: <class 'str'>): $...
DEBUG:custom_components.price_tracker.services.buywisely.json_parser_utils:[DIAG][find_product_with_offers_recursive] Recursing into list item 1
DEBUG:custom_components.price_tracker.services.buywisely.json_parser_utils:[DIAG][find_product_with_offers_recursive] Processing data (type: <class 'str'>): link...
DEBUG:custom_components.price_tracker.services.buywisely.json_parser_utils:[DIAG][find_product_with_offers_recursive] Recursing into list item 2
DEBUG:custom_components.price_tracker.services.buywisely.json_parser_utils:[DIAG][find_product_with_offers_recursive] Processing data (type: <class 'str'>): 7...
DEBUG:custom_components.price_tracker.services.buywisely.json_parser_utils:[DIAG][find_product_with_offers_recursive] Recursing into list item 3
DEBUG:custom_components.price_tracker.services.buywisely.json_parser_utils:[DIAG][find_product_with_offers_recursive] Processing data (type: <class 'dict'>): {'rel': 'canonical', 'href': 'https://buywisely.com.au/product/motorola-moto-g75-5g-256gb-grey-with-...
DEBUG:custom_components.price_tracker.services.buywisely.json_parser_utils:[DIAG][find_product_with_offers_recursive] Recursing into key 'rel'
DEBUG:custom_components.price_tracker.services.buywisely.json_parser_utils:[DIAG][find_product_with_offers_recursive] Processing data (type: <class 'str'>): canonical...
DEBUG:custom_components.price_tracker.services.buywisely.json_parser_utils:[DIAG][find_product_with_offers_recursive] Recursing into key 'href'
DEBUG:custom_components.price_tracker.services.buywisely.json_parser_utils:[DIAG][find_product_with_offers_recursive] Processing data (type: <class 'str'>): https://buywisely.com.au/product/motorola-moto-g75-5g-256gb-grey-with-buds...
DEBUG:custom_components.price_tracker.services.buywisely.json_parser_utils:[DIAG][find_product_with_offers_recursive] Recursing into list item 8
DEBUG:custom_components.price_tracker.services.buywisely.json_parser_utils:[DIAG][find_product_with_offers_recursive] Processing data (type: <class 'list'>): ['$', 'meta', '8', {'property': 'og:title', 'content': 'Motorola Moto G75 5G 256GB Grey with Buds - ...
DEBUG:custom_components.price_tracker.services.buywisely.json_parser_utils:[DIAG][find_product_with_offers_recursive] Iterating list of length 4
DEBUG:custom_components.price_tracker.services.buywisely.json_parser_utils:[DIAG][find_product_with_offers_recursive] Recursing into list item 0
DEBUG:custom_components.price_tracker.services.buywisely.json_parser_utils:[DIAG][find_product_with_offers_recursive] Processing data (type: <class 'str'>): $...
DEBUG:custom_components.price_tracker.services.buywisely.json_parser_utils:[DIAG][find_product_with_offers_recursive] Recursing into list item 1
DEBUG:custom_components.price_tracker.services.buywisely.json_parser_utils:[DIAG][find_product_with_offers_recursive] Processing data (type: <class 'str'>): meta...
DEBUG:custom_components.price_tracker.services.buywisely.json_parser_utils:[DIAG][find_product_with_offers_recursive] Recursing into list item 2
DEBUG:custom_components.price_tracker.services.buywisely.json_parser_utils:[DIAG][find_product_with_offers_recursive] Processing data (type: <class 'str'>): 8...
DEBUG:custom_components.price_tracker.services.buywisely.json_parser_utils:[DIAG][find_product_with_offers_recursive] Recursing into list item 3
DEBUG:custom_components.price_tracker.services.buywisely.json_parser_utils:[DIAG][find_product_with_offers_recursive] Processing data (type: <class 'dict'>): {'property': 'og:title', 'content': 'Motorola Moto G75 5G 256GB Grey with Buds - Price History, Comp...
DEBUG:custom_components.price_tracker.services.buywisely.json_parser_utils:[DIAG][find_product_with_offers_recursive] Recursing into key 'property'
DEBUG:custom_components.price_tracker.services.buywisely.json_parser_utils:[DIAG][find_product_with_offers_recursive] Processing data (type: <class 'str'>): og:title...
DEBUG:custom_components.price_tracker.services.buywisely.json_parser_utils:[DIAG][find_product_with_offers_recursive] Recursing into key 'content'
DEBUG:custom_components.price_tracker.services.buywisely.json_parser_utils:[DIAG][find_product_with_offers_recursive] Processing data (type: <class 'str'>): Motorola Moto G75 5G 256GB Grey with Buds - Price History, Comparison & Alerts...
DEBUG:custom_components.price_tracker.services.buywisely.json_parser_utils:[DIAG][find_product_with_offers_recursive] Recursing into list item 9
DEBUG:custom_components.price_tracker.services.buywisely.json_parser_utils:[DIAG][find_product_with_offers_recursive] Processing data (type: <class 'list'>): ['$', 'meta', '9', {'property': 'og:description', 'content': 'Crafted from premium materials and fea...
DEBUG:custom_components.price_tracker.services.buywisely.json_parser_utils:[DIAG][find_product_with_offers_recursive] Iterating list of length 4
DEBUG:custom_components.price_tracker.services.buywisely.json_parser_utils:[DIAG][find_product_with_offers_recursive] Recursing into list item 0
DEBUG:custom_components.price_tracker.services.buywisely.json_parser_utils:[DIAG][find_product_with_offers_recursive] Processing data (type: <class 'str'>): $...
DEBUG:custom_components.price_tracker.services.buywisely.json_parser_utils:[DIAG][find_product_with_offers_recursive] Recursing into list item 1
DEBUG:custom_components.price_tracker.services.buywisely.json_parser_utils:[DIAG][find_product_with_offers_recursive] Processing data (type: <class 'str'>): meta...
DEBUG:custom_components.price_tracker.services.buywisely.json_parser_utils:[DIAG][find_product_with_offers_recursive] Recursing into list item 2
DEBUG:custom_components.price_tracker.services.buywisely.json_parser_utils:[DIAG][find_product_with_offers_recursive] Processing data (type: <class 'str'>): 9...
DEBUG:custom_components.price_tracker.services.buywisely.json_parser_utils:[DIAG][find_product_with_offers_recursive] Recursing into list item 3
DEBUG:custom_components.price_tracker.services.buywisely.json_parser_utils:[DIAG][find_product_with_offers_recursive] Processing data (type: <class 'dict'>): {'property': 'og:description', 'content': 'Crafted from premium materials and featuring military-gra...
DEBUG:custom_components.price_tracker.services.buywisely.json_parser_utils:[DIAG][find_product_with_offers_recursive] Recursing into key 'property'
DEBUG:custom_components.price_tracker.services.buywisely.json_parser_utils:[DIAG][find_product_with_offers_recursive] Processing data (type: <class 'str'>): og:description...
DEBUG:custom_components.price_tracker.services.buywisely.json_parser_utils:[DIAG][find_product_with_offers_recursive] Recursing into key 'content'
DEBUG:custom_components.price_tracker.services.buywisely.json_parser_utils:[DIAG][find_product_with_offers_recursive] Processing data (type: <class 'str'>): Crafted from premium materials and featuring military-grade¹ durability, moto g75 5G is made for eve...
DEBUG:custom_components.price_tracker.services.buywisely.json_parser_utils:[DIAG][find_product_with_offers_recursive] Recursing into list item 10
DEBUG:custom_components.price_tracker.services.buywisely.json_parser_utils:[DIAG][find_product_with_offers_recursive] Processing data (type: <class 'list'>): ['$', 'meta', '10', {'property': 'og:image', 'content': 'https://encrypted-tbn0.gstatic.com/shopping...
DEBUG:custom_components.price_tracker.services.buywisely.json_parser_utils:[DIAG][find_product_with_offers_recursive] Iterating list of length 4
DEBUG:custom_components.price_tracker.services.buywisely.json_parser_utils:[DIAG][find_product_with_offers_recursive] Recursing into list item 0
DEBUG:custom_components.price_tracker.services.buywisely.json_parser_utils:[DIAG][find_product_with_offers_recursive] Processing data (type: <class 'str'>): $...
DEBUG:custom_components.price_tracker.services.buywisely.json_parser_utils:[DIAG][find_product_with_offers_recursive] Recursing into list item 1
DEBUG:custom_components.price_tracker.services.buywisely.json_parser_utils:[DIAG][find_product_with_offers_recursive] Processing data (type: <class 'str'>): meta...
DEBUG:custom_components.price_tracker.services.buywisely.json_parser_utils:[DIAG][find_product_with_offers_recursive] Recursing into list item 2
DEBUG:custom_components.price_tracker.services.buywisely.json_parser_utils:[DIAG][find_product_with_offers_recursive] Processing data (type: <class 'str'>): 10...
DEBUG:custom_components.price_tracker.services.buywisely.json_parser_utils:[DIAG][find_product_with_offers_recursive] Recursing into list item 3
DEBUG:custom_components.price_tracker.services.buywisely.json_parser_utils:[DIAG][find_product_with_offers_recursive] Processing data (type: <class 'dict'>): {'property': 'og:image', 'content': 'https://encrypted-tbn0.gstatic.com/shopping?q=tbn:ANd9GcTN0NDdr...
DEBUG:custom_components.price_tracker.services.buywisely.json_parser_utils:[DIAG][find_product_with_offers_recursive] Recursing into key 'property'
DEBUG:custom_components.price_tracker.services.buywisely.json_parser_utils:[DIAG][find_product_with_offers_recursive] Processing data (type: <class 'str'>): og:image...
DEBUG:custom_components.price_tracker.services.buywisely.json_parser_utils:[DIAG][find_product_with_offers_recursive] Recursing into key 'content'
DEBUG:custom_components.price_tracker.services.buywisely.json_parser_utils:[DIAG][find_product_with_offers_recursive] Processing data (type: <class 'str'>): https://encrypted-tbn0.gstatic.com/shopping?q=tbn:ANd9GcTN0NDdrPCDIn9NaiVIb7vTMSRVKBOQbkBMTHJyb9dzqC...
DEBUG:custom_components.price_tracker.services.buywisely.json_parser_utils:[DIAG][find_product_with_offers_recursive] Recursing into list item 11
DEBUG:custom_components.price_tracker.services.buywisely.json_parser_utils:[DIAG][find_product_with_offers_recursive] Processing data (type: <class 'list'>): ['$', 'meta', '11', {'name': 'twitter:card', 'content': 'summary_large_image'}]...
DEBUG:custom_components.price_tracker.services.buywisely.json_parser_utils:[DIAG][find_product_with_offers_recursive] Iterating list of length 4
DEBUG:custom_components.price_tracker.services.buywisely.json_parser_utils:[DIAG][find_product_with_offers_recursive] Recursing into list item 0
DEBUG:custom_components.price_tracker.services.buywisely.json_parser_utils:[DIAG][find_product_with_offers_recursive] Processing data (type: <class 'str'>): $...
DEBUG:custom_components.price_tracker.services.buywisely.json_parser_utils:[DIAG][find_product_with_offers_recursive] Recursing into list item 1
DEBUG:custom_components.price_tracker.services.buywisely.json_parser_utils:[DIAG][find_product_with_offers_recursive] Processing data (type: <class 'str'>): meta...
DEBUG:custom_components.price_tracker.services.buywisely.json_parser_utils:[DIAG][find_product_with_offers_recursive] Recursing into list item 2
DEBUG:custom_components.price_tracker.services.buywisely.json_parser_utils:[DIAG][find_product_with_offers_recursive] Processing data (type: <class 'str'>): 11...
DEBUG:custom_components.price_tracker.services.buywisely.json_parser_utils:[DIAG][find_product_with_offers_recursive] Recursing into list item 3
DEBUG:custom_components.price_tracker.services.buywisely.json_parser_utils:[DIAG][find_product_with_offers_recursive] Processing data (type: <class 'dict'>): {'name': 'twitter:card', 'content': 'summary_large_image'}...
DEBUG:custom_components.price_tracker.services.buywisely.json_parser_utils:[DIAG][find_product_with_offers_recursive] Recursing into key 'name'
DEBUG:custom_components.price_tracker.services.buywisely.json_parser_utils:[DIAG][find_product_with_offers_recursive] Processing data (type: <class 'str'>): twitter:card...
DEBUG:custom_components.price_tracker.services.buywisely.json_parser_utils:[DIAG][find_product_with_offers_recursive] Recursing into key 'content'
DEBUG:custom_components.price_tracker.services.buywisely.json_parser_utils:[DIAG][find_product_with_offers_recursive] Processing data (type: <class 'str'>): summary_large_image...
DEBUG:custom_components.price_tracker.services.buywisely.json_parser_utils:[DIAG][find_product_with_offers_recursive] Recursing into list item 12
DEBUG:custom_components.price_tracker.services.buywisely.json_parser_utils:[DIAG][find_product_with_offers_recursive] Processing data (type: <class 'list'>): ['$', 'meta', '12', {'name': 'twitter:title', 'content': 'Price History, Comparison & Tracking | Sav...
DEBUG:custom_components.price_tracker.services.buywisely.json_parser_utils:[DIAG][find_product_with_offers_recursive] Iterating list of length 4
DEBUG:custom_components.price_tracker.services.buywisely.json_parser_utils:[DIAG][find_product_with_offers_recursive] Recursing into list item 0
DEBUG:custom_components.price_tracker.services.buywisely.json_parser_utils:[DIAG][find_product_with_offers_recursive] Processing data (type: <class 'str'>): $...
DEBUG:custom_components.price_tracker.services.buywisely.json_parser_utils:[DIAG][find_product_with_offers_recursive] Recursing into list item 1
DEBUG:custom_components.price_tracker.services.buywisely.json_parser_utils:[DIAG][find_product_with_offers_recursive] Processing data (type: <class 'str'>): meta...
DEBUG:custom_components.price_tracker.services.buywisely.json_parser_utils:[DIAG][find_product_with_offers_recursive] Recursing into list item 2
DEBUG:custom_components.price_tracker.services.buywisely.json_parser_utils:[DIAG][find_product_with_offers_recursive] Processing data (type: <class 'str'>): 12...
DEBUG:custom_components.price_tracker.services.buywisely.json_parser_utils:[DIAG][find_product_with_offers_recursive] Recursing into list item 3
DEBUG:custom_components.price_tracker.services.buywisely.json_parser_utils:[DIAG][find_product_with_offers_recursive] Processing data (type: <class 'dict'>): {'name': 'twitter:title', 'content': 'Price History, Comparison & Tracking | Save Money on Your Purc...
DEBUG:custom_components.price_tracker.services.buywisely.json_parser_utils:[DIAG][find_product_with_offers_recursive] Recursing into key 'name'
DEBUG:custom_components.price_tracker.services.buywisely.json_parser_utils:[DIAG][find_product_with_offers_recursive] Processing data (type: <class 'str'>): twitter:title...
DEBUG:custom_components.price_tracker.services.buywisely.json_parser_utils:[DIAG][find_product_with_offers_recursive] Recursing into key 'content'
DEBUG:custom_components.price_tracker.services.buywisely.json_parser_utils:[DIAG][find_product_with_offers_recursive] Processing data (type: <class 'str'>): Price History, Comparison & Tracking | Save Money on Your Purchases...
DEBUG:custom_components.price_tracker.services.buywisely.json_parser_utils:[DIAG][find_product_with_offers_recursive] Recursing into list item 13
DEBUG:custom_components.price_tracker.services.buywisely.json_parser_utils:[DIAG][find_product_with_offers_recursive] Processing data (type: <class 'list'>): ['$', 'meta', '13', {'name': 'twitter:description', 'content': 'Track price history, compare prices,...
DEBUG:custom_components.price_tracker.services.buywisely.json_parser_utils:[DIAG][find_product_with_offers_recursive] Iterating list of length 4
DEBUG:custom_components.price_tracker.services.buywisely.json_parser_utils:[DIAG][find_product_with_offers_recursive] Recursing into list item 0
DEBUG:custom_components.price_tracker.services.buywisely.json_parser_utils:[DIAG][find_product_with_offers_recursive] Processing data (type: <class 'str'>): $...
DEBUG:custom_components.price_tracker.services.buywisely.json_parser_utils:[DIAG][find_product_with_offers_recursive] Recursing into list item 1
DEBUG:custom_components.price_tracker.services.buywisely.json_parser_utils:[DIAG][find_product_with_offers_recursive] Processing data (type: <class 'str'>): meta...
DEBUG:custom_components.price_tracker.services.buywisely.json_parser_utils:[DIAG][find_product_with_offers_recursive] Recursing into list item 2
DEBUG:custom_components.price_tracker.services.buywisely.json_parser_utils:[DIAG][find_product_with_offers_recursive] Processing data (type: <class 'str'>): 13...
DEBUG:custom_components.price_tracker.services.buywisely.json_parser_utils:[DIAG][find_product_with_offers_recursive] Recursing into list item 3
DEBUG:custom_components.price_tracker.services.buywisely.json_parser_utils:[DIAG][find_product_with_offers_recursive] Processing data (type: <class 'dict'>): {'name': 'twitter:description', 'content': 'Track price history, compare prices, and set price alert...
DEBUG:custom_components.price_tracker.services.buywisely.json_parser_utils:[DIAG][find_product_with_offers_recursive] Recursing into key 'name'
DEBUG:custom_components.price_tracker.services.buywisely.json_parser_utils:[DIAG][find_product_with_offers_recursive] Processing data (type: <class 'str'>): twitter:description...
DEBUG:custom_components.price_tracker.services.buywisely.json_parser_utils:[DIAG][find_product_with_offers_recursive] Recursing into key 'content'
DEBUG:custom_components.price_tracker.services.buywisely.json_parser_utils:[DIAG][find_product_with_offers_recursive] Processing data (type: <class 'str'>): Track price history, compare prices, and set price alerts for products across 20,000+ online shops. ...
DEBUG:custom_components.price_tracker.services.buywisely.json_parser_utils:[DIAG][find_product_with_offers_recursive] Recursing into list item 14
DEBUG:custom_components.price_tracker.services.buywisely.json_parser_utils:[DIAG][find_product_with_offers_recursive] Processing data (type: <class 'list'>): ['$', 'meta', '14', {'name': 'twitter:image', 'content': 'https://buywisely.com.au/assets/images/lan...
DEBUG:custom_components.price_tracker.services.buywisely.json_parser_utils:[DIAG][find_product_with_offers_recursive] Iterating list of length 4
DEBUG:custom_components.price_tracker.services.buywisely.json_parser_utils:[DIAG][find_product_with_offers_recursive] Recursing into list item 0
DEBUG:custom_components.price_tracker.services.buywisely.json_parser_utils:[DIAG][find_product_with_offers_recursive] Processing data (type: <class 'str'>): $...
DEBUG:custom_components.price_tracker.services.buywisely.json_parser_utils:[DIAG][find_product_with_offers_recursive] Recursing into list item 1
DEBUG:custom_components.price_tracker.services.buywisely.json_parser_utils:[DIAG][find_product_with_offers_recursive] Processing data (type: <class 'str'>): meta...
DEBUG:custom_components.price_tracker.services.buywisely.json_parser_utils:[DIAG][find_product_with_offers_recursive] Recursing into list item 2
DEBUG:custom_components.price_tracker.services.buywisely.json_parser_utils:[DIAG][find_product_with_offers_recursive] Processing data (type: <class 'str'>): 14...
DEBUG:custom_components.price_tracker.services.buywisely.json_parser_utils:[DIAG][find_product_with_offers_recursive] Recursing into list item 3
DEBUG:custom_components.price_tracker.services.buywisely.json_parser_utils:[DIAG][find_product_with_offers_recursive] Processing data (type: <class 'dict'>): {'name': 'twitter:image', 'content': 'https://buywisely.com.au/assets/images/landing/preview.png'}...
DEBUG:custom_components.price_tracker.services.buywisely.json_parser_utils:[DIAG][find_product_with_offers_recursive] Recursing into key 'name'
DEBUG:custom_components.price_tracker.services.buywisely.json_parser_utils:[DIAG][find_product_with_offers_recursive] Processing data (type: <class 'str'>): twitter:image...
DEBUG:custom_components.price_tracker.services.buywisely.json_parser_utils:[DIAG][find_product_with_offers_recursive] Recursing into key 'content'
DEBUG:custom_components.price_tracker.services.buywisely.json_parser_utils:[DIAG][find_product_with_offers_recursive] Processing data (type: <class 'str'>): https://buywisely.com.au/assets/images/landing/preview.png...
DEBUG:custom_components.price_tracker.services.buywisely.json_parser_utils:[DIAG][find_product_with_offers_recursive] Recursing into list item 15
DEBUG:custom_components.price_tracker.services.buywisely.json_parser_utils:[DIAG][find_product_with_offers_recursive] Processing data (type: <class 'list'>): ['$', 'meta', '15', {'name': 'next-size-adjust'}]...
DEBUG:custom_components.price_tracker.services.buywisely.json_parser_utils:[DIAG][find_product_with_offers_recursive] Iterating list of length 4
DEBUG:custom_components.price_tracker.services.buywisely.json_parser_utils:[DIAG][find_product_with_offers_recursive] Recursing into list item 0
DEBUG:custom_components.price_tracker.services.buywisely.json_parser_utils:[DIAG][find_product_with_offers_recursive] Processing data (type: <class 'str'>): $...
DEBUG:custom_components.price_tracker.services.buywisely.json_parser_utils:[DIAG][find_product_with_offers_recursive] Recursing into list item 1
DEBUG:custom_components.price_tracker.services.buywisely.json_parser_utils:[DIAG][find_product_with_offers_recursive] Processing data (type: <class 'str'>): meta...
DEBUG:custom_components.price_tracker.services.buywisely.json_parser_utils:[DIAG][find_product_with_offers_recursive] Recursing into list item 2
DEBUG:custom_components.price_tracker.services.buywisely.json_parser_utils:[DIAG][find_product_with_offers_recursive] Processing data (type: <class 'str'>): 15...
DEBUG:custom_components.price_tracker.services.buywisely.json_parser_utils:[DIAG][find_product_with_offers_recursive] Recursing into list item 3
DEBUG:custom_components.price_tracker.services.buywisely.json_parser_utils:[DIAG][find_product_with_offers_recursive] Processing data (type: <class 'dict'>): {'name': 'next-size-adjust'}...
DEBUG:custom_components.price_tracker.services.buywisely.json_parser_utils:[DIAG][find_product_with_offers_recursive] Recursing into key 'name'
DEBUG:custom_components.price_tracker.services.buywisely.json_parser_utils:[DIAG][find_product_with_offers_recursive] Processing data (type: <class 'str'>): next-size-adjust...
DEBUG:custom_components.price_tracker.services.buywisely.hydration_parser:[DIAG] Resolved string for key 1f: ["$","$Sreact.fragment","k4GjLZXGGia1x7jDr8PXF",{"children":[["$","meta","0",{"name":"viewport","content":"width=device-width, initial-scale=1, maximum-scale=1"}],["$","meta","1",{"charSet":"utf-8"}],["$","title","2",{"children":"Motorola Moto G75 5G 256GB Grey with Buds - Price History, Comparison \u0026 Alerts | BuyWisely"}],["$","meta","3",{"name":"description","content":"Crafted from premium materials and featuring military-grade¹ durability, moto g75 5G is made for everyday life. Capture sh...
INFO:custom_components.price_tracker.services.buywisely.hydration_parser:[DIAG] Parsed JSON from resolved string: ['$', 'react.fragment', 'k4GjLZXGGia1x7jDr8PXF', {'children': [['$', 'meta', '0', {'name': 'viewport', 'content': 'width=device-width, initial-scale=1, maximum-scale=1'}], ['$', 'meta', '1', {'charSet': 'utf-8'}], ['$', 'title', '2', {'children': 'Motorola Moto G75 5G 256GB Grey with Buds - Price History, Comparison & Alerts | BuyWisely'}], ['$', 'meta', '3', {'name': 'description', 'content': 'Crafted from premium materials and featuring military-grade¹ durability, moto g75 5G is made for everyday life. Capture sharp photos and smooth videos using the... Compare prices, track history, set alerts on BuyWisely.'}], ['$', 'meta', '4', {'name': 'keywords', 'content': 'Motorola Moto G75 5G 256GB Grey with Buds, price comparison, price history, price alerts, best deals, online shopping, BuyWisely'}], ['$', 'meta', '5', {'name': 'robots', 'content': 'index, follow'}], ['$', 'meta', '6', {'name': 'googlebot', 'content': 'index, follow, max-video-preview:-1, max-image-preview:large, max-snippet:-1'}], ['$', 'link', '7', {'rel': 'canonical', 'href': 'https://buywisely.com.au/product/motorola-moto-g75-5g-256gb-grey-with-buds'}], ['$', 'meta', '8', {'property': 'og:title', 'content': 'Motorola Moto G75 5G 256GB Grey with Buds - Price History, Comparison & Alerts'}], ['$', 'meta', '9', {'property': 'og:description', 'content': 'Crafted from premium materials and featuring military-grade¹ durability, moto g75 5G is made for everyday life. Capture sharp photos and smooth videos using the... Compare prices, track history, set alerts on BuyWisely.'}], ['$', 'meta', '10', {'property': 'og:image', 'content': 'https://encrypted-tbn0.gstatic.com/shopping?q=tbn:ANd9GcTN0NDdrPCDIn9NaiVIb7vTMSRVKBOQbkBMTHJyb9dzqC_WY5IGMoYuvnsDtsI8XvfpsX50GHyVY5kvPm-1nSr2bXEkwcR1sLJr1IR1dAkwVcXTXGOCB8frf7o'}], ['$', 'meta', '11', {'name': 'twitter:card', 'content': 'summary_large_image'}], ['$', 'meta', '12', {'name': 'twitter:title', 'content': 'Price History, Comparison & Tracking | Save Money on Your Purchases'}], ['$', 'meta', '13', {'name': 'twitter:description', 'content': 'Track price history, compare prices, and set price alerts for products across 20,000+ online shops. BuyWisely helps you find the best deals and make informed buying decisions.'}], ['$', 'meta', '14', {'name': 'twitter:image', 'content': 'https://buywisely.com.au/assets/images/landing/preview.png'}], ['$', 'meta', '15', {'name': 'next-size-adjust'}]]}]
DEBUG:custom_components.price_tracker.services.buywisely.json_parser_utils:[DIAG][find_product_with_offers_recursive] Processing data (type: <class 'list'>): ['$', 'react.fragment', 'k4GjLZXGGia1x7jDr8PXF', {'children': [['$', 'meta', '0', {'name': 'viewport...
DEBUG:custom_components.price_tracker.services.buywisely.json_parser_utils:[DIAG][find_product_with_offers_recursive] Iterating list of length 4
DEBUG:custom_components.price_tracker.services.buywisely.json_parser_utils:[DIAG][find_product_with_offers_recursive] Recursing into list item 0
DEBUG:custom_components.price_tracker.services.buywisely.json_parser_utils:[DIAG][find_product_with_offers_recursive] Processing data (type: <class 'str'>): $...
DEBUG:custom_components.price_tracker.services.buywisely.json_parser_utils:[DIAG][find_product_with_offers_recursive] Recursing into list item 1
DEBUG:custom_components.price_tracker.services.buywisely.json_parser_utils:[DIAG][find_product_with_offers_recursive] Processing data (type: <class 'str'>): react.fragment...
DEBUG:custom_components.price_tracker.services.buywisely.json_parser_utils:[DIAG][find_product_with_offers_recursive] Recursing into list item 2
DEBUG:custom_components.price_tracker.services.buywisely.json_parser_utils:[DIAG][find_product_with_offers_recursive] Processing data (type: <class 'str'>): k4GjLZXGGia1x7jDr8PXF...
DEBUG:custom_components.price_tracker.services.buywisely.json_parser_utils:[DIAG][find_product_with_offers_recursive] Recursing into list item 3
DEBUG:custom_components.price_tracker.services.buywisely.json_parser_utils:[DIAG][find_product_with_offers_recursive] Processing data (type: <class 'dict'>): {'children': [['$', 'meta', '0', {'name': 'viewport', 'content': 'width=device-width, initial-scale=...
DEBUG:custom_components.price_tracker.services.buywisely.json_parser_utils:[DIAG][find_product_with_offers_recursive] Recursing into key 'children'
DEBUG:custom_components.price_tracker.services.buywisely.json_parser_utils:[DIAG][find_product_with_offers_recursive] Processing data (type: <class 'list'>): [['$', 'meta', '0', {'name': 'viewport', 'content': 'width=device-width, initial-scale=1, maximum-sc...
DEBUG:custom_components.price_tracker.services.buywisely.json_parser_utils:[DIAG][find_product_with_offers_recursive] Iterating list of length 16
DEBUG:custom_components.price_tracker.services.buywisely.json_parser_utils:[DIAG][find_product_with_offers_recursive] Recursing into list item 0
DEBUG:custom_components.price_tracker.services.buywisely.json_parser_utils:[DIAG][find_product_with_offers_recursive] Processing data (type: <class 'list'>): ['$', 'meta', '0', {'name': 'viewport', 'content': 'width=device-width, initial-scale=1, maximum-sca...
DEBUG:custom_components.price_tracker.services.buywisely.json_parser_utils:[DIAG][find_product_with_offers_recursive] Iterating list of length 4
DEBUG:custom_components.price_tracker.services.buywisely.json_parser_utils:[DIAG][find_product_with_offers_recursive] Recursing into list item 0
DEBUG:custom_components.price_tracker.services.buywisely.json_parser_utils:[DIAG][find_product_with_offers_recursive] Processing data (type: <class 'str'>): $...
DEBUG:custom_components.price_tracker.services.buywisely.json_parser_utils:[DIAG][find_product_with_offers_recursive] Recursing into list item 1
DEBUG:custom_components.price_tracker.services.buywisely.json_parser_utils:[DIAG][find_product_with_offers_recursive] Processing data (type: <class 'str'>): meta...
DEBUG:custom_components.price_tracker.services.buywisely.json_parser_utils:[DIAG][find_product_with_offers_recursive] Recursing into list item 2
DEBUG:custom_components.price_tracker.services.buywisely.json_parser_utils:[DIAG][find_product_with_offers_recursive] Processing data (type: <class 'str'>): 0...
DEBUG:custom_components.price_tracker.services.buywisely.json_parser_utils:[DIAG][find_product_with_offers_recursive] Recursing into list item 3
DEBUG:custom_components.price_tracker.services.buywisely.json_parser_utils:[DIAG][find_product_with_offers_recursive] Processing data (type: <class 'dict'>): {'name': 'viewport', 'content': 'width=device-width, initial-scale=1, maximum-scale=1'}...
DEBUG:custom_components.price_tracker.services.buywisely.json_parser_utils:[DIAG][find_product_with_offers_recursive] Recursing into key 'name'
DEBUG:custom_components.price_tracker.services.buywisely.json_parser_utils:[DIAG][find_product_with_offers_recursive] Processing data (type: <class 'str'>): viewport...
DEBUG:custom_components.price_tracker.services.buywisely.json_parser_utils:[DIAG][find_product_with_offers_recursive] Recursing into key 'content'
DEBUG:custom_components.price_tracker.services.buywisely.json_parser_utils:[DIAG][find_product_with_offers_recursive] Processing data (type: <class 'str'>): width=device-width, initial-scale=1, maximum-scale=1...
DEBUG:custom_components.price_tracker.services.buywisely.json_parser_utils:[DIAG][find_product_with_offers_recursive] Recursing into list item 1
DEBUG:custom_components.price_tracker.services.buywisely.json_parser_utils:[DIAG][find_product_with_offers_recursive] Processing data (type: <class 'list'>): ['$', 'meta', '1', {'charSet': 'utf-8'}]...
DEBUG:custom_components.price_tracker.services.buywisely.json_parser_utils:[DIAG][find_product_with_offers_recursive] Iterating list of length 4
DEBUG:custom_components.price_tracker.services.buywisely.json_parser_utils:[DIAG][find_product_with_offers_recursive] Recursing into list item 0
DEBUG:custom_components.price_tracker.services.buywisely.json_parser_utils:[DIAG][find_product_with_offers_recursive] Processing data (type: <class 'str'>): $...
DEBUG:custom_components.price_tracker.services.buywisely.json_parser_utils:[DIAG][find_product_with_offers_recursive] Recursing into list item 1
DEBUG:custom_components.price_tracker.services.buywisely.json_parser_utils:[DIAG][find_product_with_offers_recursive] Processing data (type: <class 'str'>): meta...
DEBUG:custom_components.price_tracker.services.buywisely.json_parser_utils:[DIAG][find_product_with_offers_recursive] Recursing into list item 2
DEBUG:custom_components.price_tracker.services.buywisely.json_parser_utils:[DIAG][find_product_with_offers_recursive] Processing data (type: <class 'str'>): 1...
DEBUG:custom_components.price_tracker.services.buywisely.json_parser_utils:[DIAG][find_product_with_offers_recursive] Recursing into list item 3
DEBUG:custom_components.price_tracker.services.buywisely.json_parser_utils:[DIAG][find_product_with_offers_recursive] Processing data (type: <class 'dict'>): {'charSet': 'utf-8'}...
DEBUG:custom_components.price_tracker.services.buywisely.json_parser_utils:[DIAG][find_product_with_offers_recursive] Recursing into key 'charSet'
DEBUG:custom_components.price_tracker.services.buywisely.json_parser_utils:[DIAG][find_product_with_offers_recursive] Processing data (type: <class 'str'>): utf-8...
DEBUG:custom_components.price_tracker.services.buywisely.json_parser_utils:[DIAG][find_product_with_offers_recursive] Recursing into list item 2
DEBUG:custom_components.price_tracker.services.buywisely.json_parser_utils:[DIAG][find_product_with_offers_recursive] Processing data (type: <class 'list'>): ['$', 'title', '2', {'children': 'Motorola Moto G75 5G 256GB Grey with Buds - Price History, Compari...
DEBUG:custom_components.price_tracker.services.buywisely.json_parser_utils:[DIAG][find_product_with_offers_recursive] Iterating list of length 4
DEBUG:custom_components.price_tracker.services.buywisely.json_parser_utils:[DIAG][find_product_with_offers_recursive] Recursing into list item 0
DEBUG:custom_components.price_tracker.services.buywisely.json_parser_utils:[DIAG][find_product_with_offers_recursive] Processing data (type: <class 'str'>): $...
DEBUG:custom_components.price_tracker.services.buywisely.json_parser_utils:[DIAG][find_product_with_offers_recursive] Recursing into list item 1
DEBUG:custom_components.price_tracker.services.buywisely.json_parser_utils:[DIAG][find_product_with_offers_recursive] Processing data (type: <class 'str'>): title...
DEBUG:custom_components.price_tracker.services.buywisely.json_parser_utils:[DIAG][find_product_with_offers_recursive] Recursing into list item 2
DEBUG:custom_components.price_tracker.services.buywisely.json_parser_utils:[DIAG][find_product_with_offers_recursive] Processing data (type: <class 'str'>): 2...
DEBUG:custom_components.price_tracker.services.buywisely.json_parser_utils:[DIAG][find_product_with_offers_recursive] Recursing into list item 3
DEBUG:custom_components.price_tracker.services.buywisely.json_parser_utils:[DIAG][find_product_with_offers_recursive] Processing data (type: <class 'dict'>): {'children': 'Motorola Moto G75 5G 256GB Grey with Buds - Price History, Comparison & Alerts | BuyWi...
DEBUG:custom_components.price_tracker.services.buywisely.json_parser_utils:[DIAG][find_product_with_offers_recursive] Recursing into key 'children'
DEBUG:custom_components.price_tracker.services.buywisely.json_parser_utils:[DIAG][find_product_with_offers_recursive] Processing data (type: <class 'str'>): Motorola Moto G75 5G 256GB Grey with Buds - Price History, Comparison & Alerts | BuyWisely...
DEBUG:custom_components.price_tracker.services.buywisely.json_parser_utils:[DIAG][find_product_with_offers_recursive] Recursing into list item 3
DEBUG:custom_components.price_tracker.services.buywisely.json_parser_utils:[DIAG][find_product_with_offers_recursive] Processing data (type: <class 'list'>): ['$', 'meta', '3', {'name': 'description', 'content': 'Crafted from premium materials and featuring ...
DEBUG:custom_components.price_tracker.services.buywisely.json_parser_utils:[DIAG][find_product_with_offers_recursive] Iterating list of length 4
DEBUG:custom_components.price_tracker.services.buywisely.json_parser_utils:[DIAG][find_product_with_offers_recursive] Recursing into list item 0
DEBUG:custom_components.price_tracker.services.buywisely.json_parser_utils:[DIAG][find_product_with_offers_recursive] Processing data (type: <class 'str'>): $...
DEBUG:custom_components.price_tracker.services.buywisely.json_parser_utils:[DIAG][find_product_with_offers_recursive] Recursing into list item 1
DEBUG:custom_components.price_tracker.services.buywisely.json_parser_utils:[DIAG][find_product_with_offers_recursive] Processing data (type: <class 'str'>): meta...
DEBUG:custom_components.price_tracker.services.buywisely.json_parser_utils:[DIAG][find_product_with_offers_recursive] Recursing into list item 2
DEBUG:custom_components.price_tracker.services.buywisely.json_parser_utils:[DIAG][find_product_with_offers_recursive] Processing data (type: <class 'str'>): 3...
DEBUG:custom_components.price_tracker.services.buywisely.json_parser_utils:[DIAG][find_product_with_offers_recursive] Recursing into list item 3
DEBUG:custom_components.price_tracker.services.buywisely.json_parser_utils:[DIAG][find_product_with_offers_recursive] Processing data (type: <class 'dict'>): {'name': 'description', 'content': 'Crafted from premium materials and featuring military-grade¹ dur...
DEBUG:custom_components.price_tracker.services.buywisely.json_parser_utils:[DIAG][find_product_with_offers_recursive] Recursing into key 'name'
DEBUG:custom_components.price_tracker.services.buywisely.json_parser_utils:[DIAG][find_product_with_offers_recursive] Processing data (type: <class 'str'>): description...
DEBUG:custom_components.price_tracker.services.buywisely.json_parser_utils:[DIAG][find_product_with_offers_recursive] Recursing into key 'content'
DEBUG:custom_components.price_tracker.services.buywisely.json_parser_utils:[DIAG][find_product_with_offers_recursive] Processing data (type: <class 'str'>): Crafted from premium materials and featuring military-grade¹ durability, moto g75 5G is made for eve...
DEBUG:custom_components.price_tracker.services.buywisely.json_parser_utils:[DIAG][find_product_with_offers_recursive] Recursing into list item 4
DEBUG:custom_components.price_tracker.services.buywisely.json_parser_utils:[DIAG][find_product_with_offers_recursive] Processing data (type: <class 'list'>): ['$', 'meta', '4', {'name': 'keywords', 'content': 'Motorola Moto G75 5G 256GB Grey with Buds, price...
DEBUG:custom_components.price_tracker.services.buywisely.json_parser_utils:[DIAG][find_product_with_offers_recursive] Iterating list of length 4
DEBUG:custom_components.price_tracker.services.buywisely.json_parser_utils:[DIAG][find_product_with_offers_recursive] Recursing into list item 0
DEBUG:custom_components.price_tracker.services.buywisely.json_parser_utils:[DIAG][find_product_with_offers_recursive] Processing data (type: <class 'str'>): $...
DEBUG:custom_components.price_tracker.services.buywisely.json_parser_utils:[DIAG][find_product_with_offers_recursive] Recursing into list item 1
DEBUG:custom_components.price_tracker.services.buywisely.json_parser_utils:[DIAG][find_product_with_offers_recursive] Processing data (type: <class 'str'>): meta...
DEBUG:custom_components.price_tracker.services.buywisely.json_parser_utils:[DIAG][find_product_with_offers_recursive] Recursing into list item 2
DEBUG:custom_components.price_tracker.services.buywisely.json_parser_utils:[DIAG][find_product_with_offers_recursive] Processing data (type: <class 'str'>): 4...
DEBUG:custom_components.price_tracker.services.buywisely.json_parser_utils:[DIAG][find_product_with_offers_recursive] Recursing into list item 3
DEBUG:custom_components.price_tracker.services.buywisely.json_parser_utils:[DIAG][find_product_with_offers_recursive] Processing data (type: <class 'dict'>): {'name': 'keywords', 'content': 'Motorola Moto G75 5G 256GB Grey with Buds, price comparison, price ...
DEBUG:custom_components.price_tracker.services.buywisely.json_parser_utils:[DIAG][find_product_with_offers_recursive] Recursing into key 'name'
DEBUG:custom_components.price_tracker.services.buywisely.json_parser_utils:[DIAG][find_product_with_offers_recursive] Processing data (type: <class 'str'>): keywords...
DEBUG:custom_components.price_tracker.services.buywisely.json_parser_utils:[DIAG][find_product_with_offers_recursive] Recursing into key 'content'
DEBUG:custom_components.price_tracker.services.buywisely.json_parser_utils:[DIAG][find_product_with_offers_recursive] Processing data (type: <class 'str'>): Motorola Moto G75 5G 256GB Grey with Buds, price comparison, price history, price alerts, best deals...
DEBUG:custom_components.price_tracker.services.buywisely.json_parser_utils:[DIAG][find_product_with_offers_recursive] Recursing into list item 5
DEBUG:custom_components.price_tracker.services.buywisely.json_parser_utils:[DIAG][find_product_with_offers_recursive] Processing data (type: <class 'list'>): ['$', 'meta', '5', {'name': 'robots', 'content': 'index, follow'}]...
DEBUG:custom_components.price_tracker.services.buywisely.json_parser_utils:[DIAG][find_product_with_offers_recursive] Iterating list of length 4
DEBUG:custom_components.price_tracker.services.buywisely.json_parser_utils:[DIAG][find_product_with_offers_recursive] Recursing into list item 0
DEBUG:custom_components.price_tracker.services.buywisely.json_parser_utils:[DIAG][find_product_with_offers_recursive] Processing data (type: <class 'str'>): $...
DEBUG:custom_components.price_tracker.services.buywisely.json_parser_utils:[DIAG][find_product_with_offers_recursive] Recursing into list item 1
DEBUG:custom_components.price_tracker.services.buywisely.json_parser_utils:[DIAG][find_product_with_offers_recursive] Processing data (type: <class 'str'>): meta...
DEBUG:custom_components.price_tracker.services.buywisely.json_parser_utils:[DIAG][find_product_with_offers_recursive] Recursing into list item 2
DEBUG:custom_components.price_tracker.services.buywisely.json_parser_utils:[DIAG][find_product_with_offers_recursive] Processing data (type: <class 'str'>): 5...
DEBUG:custom_components.price_tracker.services.buywisely.json_parser_utils:[DIAG][find_product_with_offers_recursive] Recursing into list item 3
DEBUG:custom_components.price_tracker.services.buywisely.json_parser_utils:[DIAG][find_product_with_offers_recursive] Processing data (type: <class 'dict'>): {'name': 'robots', 'content': 'index, follow'}...
DEBUG:custom_components.price_tracker.services.buywisely.json_parser_utils:[DIAG][find_product_with_offers_recursive] Recursing into key 'name'
DEBUG:custom_components.price_tracker.services.buywisely.json_parser_utils:[DIAG][find_product_with_offers_recursive] Processing data (type: <class 'str'>): robots...
DEBUG:custom_components.price_tracker.services.buywisely.json_parser_utils:[DIAG][find_product_with_offers_recursive] Recursing into key 'content'
DEBUG:custom_components.price_tracker.services.buywisely.json_parser_utils:[DIAG][find_product_with_offers_recursive] Processing data (type: <class 'str'>): index, follow...
DEBUG:custom_components.price_tracker.services.buywisely.json_parser_utils:[DIAG][find_product_with_offers_recursive] Recursing into list item 6
DEBUG:custom_components.price_tracker.services.buywisely.json_parser_utils:[DIAG][find_product_with_offers_recursive] Processing data (type: <class 'list'>): ['$', 'meta', '6', {'name': 'googlebot', 'content': 'index, follow, max-video-preview:-1, max-image-...
DEBUG:custom_components.price_tracker.services.buywisely.json_parser_utils:[DIAG][find_product_with_offers_recursive] Iterating list of length 4
DEBUG:custom_components.price_tracker.services.buywisely.json_parser_utils:[DIAG][find_product_with_offers_recursive] Recursing into list item 0
DEBUG:custom_components.price_tracker.services.buywisely.json_parser_utils:[DIAG][find_product_with_offers_recursive] Processing data (type: <class 'str'>): $...
DEBUG:custom_components.price_tracker.services.buywisely.json_parser_utils:[DIAG][find_product_with_offers_recursive] Recursing into list item 1
DEBUG:custom_components.price_tracker.services.buywisely.json_parser_utils:[DIAG][find_product_with_offers_recursive] Processing data (type: <class 'str'>): meta...
DEBUG:custom_components.price_tracker.services.buywisely.json_parser_utils:[DIAG][find_product_with_offers_recursive] Recursing into list item 2
DEBUG:custom_components.price_tracker.services.buywisely.json_parser_utils:[DIAG][find_product_with_offers_recursive] Processing data (type: <class 'str'>): 6...
DEBUG:custom_components.price_tracker.services.buywisely.json_parser_utils:[DIAG][find_product_with_offers_recursive] Recursing into list item 3
DEBUG:custom_components.price_tracker.services.buywisely.json_parser_utils:[DIAG][find_product_with_offers_recursive] Processing data (type: <class 'dict'>): {'name': 'googlebot', 'content': 'index, follow, max-video-preview:-1, max-image-preview:large, max-...
DEBUG:custom_components.price_tracker.services.buywisely.json_parser_utils:[DIAG][find_product_with_offers_recursive] Recursing into key 'name'
DEBUG:custom_components.price_tracker.services.buywisely.json_parser_utils:[DIAG][find_product_with_offers_recursive] Processing data (type: <class 'str'>): googlebot...
DEBUG:custom_components.price_tracker.services.buywisely.json_parser_utils:[DIAG][find_product_with_offers_recursive] Recursing into key 'content'
DEBUG:custom_components.price_tracker.services.buywisely.json_parser_utils:[DIAG][find_product_with_offers_recursive] Processing data (type: <class 'str'>): index, follow, max-video-preview:-1, max-image-preview:large, max-snippet:-1...
DEBUG:custom_components.price_tracker.services.buywisely.json_parser_utils:[DIAG][find_product_with_offers_recursive] Recursing into list item 7
DEBUG:custom_components.price_tracker.services.buywisely.json_parser_utils:[DIAG][find_product_with_offers_recursive] Processing data (type: <class 'list'>): ['$', 'link', '7', {'rel': 'canonical', 'href': 'https://buywisely.com.au/product/motorola-moto-g75-...
DEBUG:custom_components.price_tracker.services.buywisely.json_parser_utils:[DIAG][find_product_with_offers_recursive] Iterating list of length 4
DEBUG:custom_components.price_tracker.services.buywisely.json_parser_utils:[DIAG][find_product_with_offers_recursive] Recursing into list item 0
DEBUG:custom_components.price_tracker.services.buywisely.json_parser_utils:[DIAG][find_product_with_offers_recursive] Processing data (type: <class 'str'>): $...
DEBUG:custom_components.price_tracker.services.buywisely.json_parser_utils:[DIAG][find_product_with_offers_recursive] Recursing into list item 1
DEBUG:custom_components.price_tracker.services.buywisely.json_parser_utils:[DIAG][find_product_with_offers_recursive] Processing data (type: <class 'str'>): link...
DEBUG:custom_components.price_tracker.services.buywisely.json_parser_utils:[DIAG][find_product_with_offers_recursive] Recursing into list item 2
DEBUG:custom_components.price_tracker.services.buywisely.json_parser_utils:[DIAG][find_product_with_offers_recursive] Processing data (type: <class 'str'>): 7...
DEBUG:custom_components.price_tracker.services.buywisely.json_parser_utils:[DIAG][find_product_with_offers_recursive] Recursing into list item 3
DEBUG:custom_components.price_tracker.services.buywisely.json_parser_utils:[DIAG][find_product_with_offers_recursive] Processing data (type: <class 'dict'>): {'rel': 'canonical', 'href': 'https://buywisely.com.au/product/motorola-moto-g75-5g-256gb-grey-with-...
DEBUG:custom_components.price_tracker.services.buywisely.json_parser_utils:[DIAG][find_product_with_offers_recursive] Recursing into key 'rel'
DEBUG:custom_components.price_tracker.services.buywisely.json_parser_utils:[DIAG][find_product_with_offers_recursive] Processing data (type: <class 'str'>): canonical...
DEBUG:custom_components.price_tracker.services.buywisely.json_parser_utils:[DIAG][find_product_with_offers_recursive] Recursing into key 'href'
DEBUG:custom_components.price_tracker.services.buywisely.json_parser_utils:[DIAG][find_product_with_offers_recursive] Processing data (type: <class 'str'>): https://buywisely.com.au/product/motorola-moto-g75-5g-256gb-grey-with-buds...
DEBUG:custom_components.price_tracker.services.buywisely.json_parser_utils:[DIAG][find_product_with_offers_recursive] Recursing into list item 8
DEBUG:custom_components.price_tracker.services.buywisely.json_parser_utils:[DIAG][find_product_with_offers_recursive] Processing data (type: <class 'list'>): ['$', 'meta', '8', {'property': 'og:title', 'content': 'Motorola Moto G75 5G 256GB Grey with Buds - ...
DEBUG:custom_components.price_tracker.services.buywisely.json_parser_utils:[DIAG][find_product_with_offers_recursive] Iterating list of length 4
DEBUG:custom_components.price_tracker.services.buywisely.json_parser_utils:[DIAG][find_product_with_offers_recursive] Recursing into list item 0
DEBUG:custom_components.price_tracker.services.buywisely.json_parser_utils:[DIAG][find_product_with_offers_recursive] Processing data (type: <class 'str'>): $...
DEBUG:custom_components.price_tracker.services.buywisely.json_parser_utils:[DIAG][find_product_with_offers_recursive] Recursing into list item 1
DEBUG:custom_components.price_tracker.services.buywisely.json_parser_utils:[DIAG][find_product_with_offers_recursive] Processing data (type: <class 'str'>): meta...
DEBUG:custom_components.price_tracker.services.buywisely.json_parser_utils:[DIAG][find_product_with_offers_recursive] Recursing into list item 2
DEBUG:custom_components.price_tracker.services.buywisely.json_parser_utils:[DIAG][find_product_with_offers_recursive] Processing data (type: <class 'str'>): 8...
DEBUG:custom_components.price_tracker.services.buywisely.json_parser_utils:[DIAG][find_product_with_offers_recursive] Recursing into list item 3
DEBUG:custom_components.price_tracker.services.buywisely.json_parser_utils:[DIAG][find_product_with_offers_recursive] Processing data (type: <class 'dict'>): {'property': 'og:title', 'content': 'Motorola Moto G75 5G 256GB Grey with Buds - Price History, Comp...
DEBUG:custom_components.price_tracker.services.buywisely.json_parser_utils:[DIAG][find_product_with_offers_recursive] Recursing into key 'property'
DEBUG:custom_components.price_tracker.services.buywisely.json_parser_utils:[DIAG][find_product_with_offers_recursive] Processing data (type: <class 'str'>): og:title...
DEBUG:custom_components.price_tracker.services.buywisely.json_parser_utils:[DIAG][find_product_with_offers_recursive] Recursing into key 'content'
DEBUG:custom_components.price_tracker.services.buywisely.json_parser_utils:[DIAG][find_product_with_offers_recursive] Processing data (type: <class 'str'>): Motorola Moto G75 5G 256GB Grey with Buds - Price History, Comparison & Alerts...
DEBUG:custom_components.price_tracker.services.buywisely.json_parser_utils:[DIAG][find_product_with_offers_recursive] Recursing into list item 9
DEBUG:custom_components.price_tracker.services.buywisely.json_parser_utils:[DIAG][find_product_with_offers_recursive] Processing data (type: <class 'list'>): ['$', 'meta', '9', {'property': 'og:description', 'content': 'Crafted from premium materials and fea...
DEBUG:custom_components.price_tracker.services.buywisely.json_parser_utils:[DIAG][find_product_with_offers_recursive] Iterating list of length 4
DEBUG:custom_components.price_tracker.services.buywisely.json_parser_utils:[DIAG][find_product_with_offers_recursive] Recursing into list item 0
DEBUG:custom_components.price_tracker.services.buywisely.json_parser_utils:[DIAG][find_product_with_offers_recursive] Processing data (type: <class 'str'>): $...
DEBUG:custom_components.price_tracker.services.buywisely.json_parser_utils:[DIAG][find_product_with_offers_recursive] Recursing into list item 1
DEBUG:custom_components.price_tracker.services.buywisely.json_parser_utils:[DIAG][find_product_with_offers_recursive] Processing data (type: <class 'str'>): meta...
DEBUG:custom_components.price_tracker.services.buywisely.json_parser_utils:[DIAG][find_product_with_offers_recursive] Recursing into list item 2
DEBUG:custom_components.price_tracker.services.buywisely.json_parser_utils:[DIAG][find_product_with_offers_recursive] Processing data (type: <class 'str'>): 9...
DEBUG:custom_components.price_tracker.services.buywisely.json_parser_utils:[DIAG][find_product_with_offers_recursive] Recursing into list item 3
DEBUG:custom_components.price_tracker.services.buywisely.json_parser_utils:[DIAG][find_product_with_offers_recursive] Processing data (type: <class 'dict'>): {'property': 'og:description', 'content': 'Crafted from premium materials and featuring military-gra...
DEBUG:custom_components.price_tracker.services.buywisely.json_parser_utils:[DIAG][find_product_with_offers_recursive] Recursing into key 'property'
DEBUG:custom_components.price_tracker.services.buywisely.json_parser_utils:[DIAG][find_product_with_offers_recursive] Processing data (type: <class 'str'>): og:description...
DEBUG:custom_components.price_tracker.services.buywisely.json_parser_utils:[DIAG][find_product_with_offers_recursive] Recursing into key 'content'
DEBUG:custom_components.price_tracker.services.buywisely.json_parser_utils:[DIAG][find_product_with_offers_recursive] Processing data (type: <class 'str'>): Crafted from premium materials and featuring military-grade¹ durability, moto g75 5G is made for eve...
DEBUG:custom_components.price_tracker.services.buywisely.json_parser_utils:[DIAG][find_product_with_offers_recursive] Recursing into list item 10
DEBUG:custom_components.price_tracker.services.buywisely.json_parser_utils:[DIAG][find_product_with_offers_recursive] Processing data (type: <class 'list'>): ['$', 'meta', '10', {'property': 'og:image', 'content': 'https://encrypted-tbn0.gstatic.com/shopping...
DEBUG:custom_components.price_tracker.services.buywisely.json_parser_utils:[DIAG][find_product_with_offers_recursive] Iterating list of length 4
DEBUG:custom_components.price_tracker.services.buywisely.json_parser_utils:[DIAG][find_product_with_offers_recursive] Recursing into list item 0
DEBUG:custom_components.price_tracker.services.buywisely.json_parser_utils:[DIAG][find_product_with_offers_recursive] Processing data (type: <class 'str'>): $...
DEBUG:custom_components.price_tracker.services.buywisely.json_parser_utils:[DIAG][find_product_with_offers_recursive] Recursing into list item 1
DEBUG:custom_components.price_tracker.services.buywisely.json_parser_utils:[DIAG][find_product_with_offers_recursive] Processing data (type: <class 'str'>): meta...
DEBUG:custom_components.price_tracker.services.buywisely.json_parser_utils:[DIAG][find_product_with_offers_recursive] Recursing into list item 2
DEBUG:custom_components.price_tracker.services.buywisely.json_parser_utils:[DIAG][find_product_with_offers_recursive] Processing data (type: <class 'str'>): 10...
DEBUG:custom_components.price_tracker.services.buywisely.json_parser_utils:[DIAG][find_product_with_offers_recursive] Recursing into list item 3
DEBUG:custom_components.price_tracker.services.buywisely.json_parser_utils:[DIAG][find_product_with_offers_recursive] Processing data (type: <class 'dict'>): {'property': 'og:image', 'content': 'https://encrypted-tbn0.gstatic.com/shopping?q=tbn:ANd9GcTN0NDdr...
DEBUG:custom_components.price_tracker.services.buywisely.json_parser_utils:[DIAG][find_product_with_offers_recursive] Recursing into key 'property'
DEBUG:custom_components.price_tracker.services.buywisely.json_parser_utils:[DIAG][find_product_with_offers_recursive] Processing data (type: <class 'str'>): og:image...
DEBUG:custom_components.price_tracker.services.buywisely.json_parser_utils:[DIAG][find_product_with_offers_recursive] Recursing into key 'content'
DEBUG:custom_components.price_tracker.services.buywisely.json_parser_utils:[DIAG][find_product_with_offers_recursive] Processing data (type: <class 'str'>): https://encrypted-tbn0.gstatic.com/shopping?q=tbn:ANd9GcTN0NDdrPCDIn9NaiVIb7vTMSRVKBOQbkBMTHJyb9dzqC...
DEBUG:custom_components.price_tracker.services.buywisely.json_parser_utils:[DIAG][find_product_with_offers_recursive] Recursing into list item 11
DEBUG:custom_components.price_tracker.services.buywisely.json_parser_utils:[DIAG][find_product_with_offers_recursive] Processing data (type: <class 'list'>): ['$', 'meta', '11', {'name': 'twitter:card', 'content': 'summary_large_image'}]...
DEBUG:custom_components.price_tracker.services.buywisely.json_parser_utils:[DIAG][find_product_with_offers_recursive] Iterating list of length 4
DEBUG:custom_components.price_tracker.services.buywisely.json_parser_utils:[DIAG][find_product_with_offers_recursive] Recursing into list item 0
DEBUG:custom_components.price_tracker.services.buywisely.json_parser_utils:[DIAG][find_product_with_offers_recursive] Processing data (type: <class 'str'>): $...
DEBUG:custom_components.price_tracker.services.buywisely.json_parser_utils:[DIAG][find_product_with_offers_recursive] Recursing into list item 1
DEBUG:custom_components.price_tracker.services.buywisely.json_parser_utils:[DIAG][find_product_with_offers_recursive] Processing data (type: <class 'str'>): meta...
DEBUG:custom_components.price_tracker.services.buywisely.json_parser_utils:[DIAG][find_product_with_offers_recursive] Recursing into list item 2
DEBUG:custom_components.price_tracker.services.buywisely.json_parser_utils:[DIAG][find_product_with_offers_recursive] Processing data (type: <class 'str'>): 11...
DEBUG:custom_components.price_tracker.services.buywisely.json_parser_utils:[DIAG][find_product_with_offers_recursive] Recursing into list item 3
DEBUG:custom_components.price_tracker.services.buywisely.json_parser_utils:[DIAG][find_product_with_offers_recursive] Processing data (type: <class 'dict'>): {'name': 'twitter:card', 'content': 'summary_large_image'}...
DEBUG:custom_components.price_tracker.services.buywisely.json_parser_utils:[DIAG][find_product_with_offers_recursive] Recursing into key 'name'
DEBUG:custom_components.price_tracker.services.buywisely.json_parser_utils:[DIAG][find_product_with_offers_recursive] Processing data (type: <class 'str'>): twitter:card...
DEBUG:custom_components.price_tracker.services.buywisely.json_parser_utils:[DIAG][find_product_with_offers_recursive] Recursing into key 'content'
DEBUG:custom_components.price_tracker.services.buywisely.json_parser_utils:[DIAG][find_product_with_offers_recursive] Processing data (type: <class 'str'>): summary_large_image...
DEBUG:custom_components.price_tracker.services.buywisely.json_parser_utils:[DIAG][find_product_with_offers_recursive] Recursing into list item 12
DEBUG:custom_components.price_tracker.services.buywisely.json_parser_utils:[DIAG][find_product_with_offers_recursive] Processing data (type: <class 'list'>): ['$', 'meta', '12', {'name': 'twitter:title', 'content': 'Price History, Comparison & Tracking | Sav...
DEBUG:custom_components.price_tracker.services.buywisely.json_parser_utils:[DIAG][find_product_with_offers_recursive] Iterating list of length 4
DEBUG:custom_components.price_tracker.services.buywisely.json_parser_utils:[DIAG][find_product_with_offers_recursive] Recursing into list item 0
DEBUG:custom_components.price_tracker.services.buywisely.json_parser_utils:[DIAG][find_product_with_offers_recursive] Processing data (type: <class 'str'>): $...
DEBUG:custom_components.price_tracker.services.buywisely.json_parser_utils:[DIAG][find_product_with_offers_recursive] Recursing into list item 1
DEBUG:custom_components.price_tracker.services.buywisely.json_parser_utils:[DIAG][find_product_with_offers_recursive] Processing data (type: <class 'str'>): meta...
DEBUG:custom_components.price_tracker.services.buywisely.json_parser_utils:[DIAG][find_product_with_offers_recursive] Recursing into list item 2
DEBUG:custom_components.price_tracker.services.buywisely.json_parser_utils:[DIAG][find_product_with_offers_recursive] Processing data (type: <class 'str'>): 12...
DEBUG:custom_components.price_tracker.services.buywisely.json_parser_utils:[DIAG][find_product_with_offers_recursive] Recursing into list item 3
DEBUG:custom_components.price_tracker.services.buywisely.json_parser_utils:[DIAG][find_product_with_offers_recursive] Processing data (type: <class 'dict'>): {'name': 'twitter:title', 'content': 'Price History, Comparison & Tracking | Save Money on Your Purc...
DEBUG:custom_components.price_tracker.services.buywisely.json_parser_utils:[DIAG][find_product_with_offers_recursive] Recursing into key 'name'
DEBUG:custom_components.price_tracker.services.buywisely.json_parser_utils:[DIAG][find_product_with_offers_recursive] Processing data (type: <class 'str'>): twitter:title...
DEBUG:custom_components.price_tracker.services.buywisely.json_parser_utils:[DIAG][find_product_with_offers_recursive] Recursing into key 'content'
DEBUG:custom_components.price_tracker.services.buywisely.json_parser_utils:[DIAG][find_product_with_offers_recursive] Processing data (type: <class 'str'>): Price History, Comparison & Tracking | Save Money on Your Purchases...
DEBUG:custom_components.price_tracker.services.buywisely.json_parser_utils:[DIAG][find_product_with_offers_recursive] Recursing into list item 13
DEBUG:custom_components.price_tracker.services.buywisely.json_parser_utils:[DIAG][find_product_with_offers_recursive] Processing data (type: <class 'list'>): ['$', 'meta', '13', {'name': 'twitter:description', 'content': 'Track price history, compare prices,...
DEBUG:custom_components.price_tracker.services.buywisely.json_parser_utils:[DIAG][find_product_with_offers_recursive] Iterating list of length 4
DEBUG:custom_components.price_tracker.services.buywisely.json_parser_utils:[DIAG][find_product_with_offers_recursive] Recursing into list item 0
DEBUG:custom_components.price_tracker.services.buywisely.json_parser_utils:[DIAG][find_product_with_offers_recursive] Processing data (type: <class 'str'>): $...
DEBUG:custom_components.price_tracker.services.buywisely.json_parser_utils:[DIAG][find_product_with_offers_recursive] Recursing into list item 1
DEBUG:custom_components.price_tracker.services.buywisely.json_parser_utils:[DIAG][find_product_with_offers_recursive] Processing data (type: <class 'str'>): meta...
DEBUG:custom_components.price_tracker.services.buywisely.json_parser_utils:[DIAG][find_product_with_offers_recursive] Recursing into list item 2
DEBUG:custom_components.price_tracker.services.buywisely.json_parser_utils:[DIAG][find_product_with_offers_recursive] Processing data (type: <class 'str'>): 13...
DEBUG:custom_components.price_tracker.services.buywisely.json_parser_utils:[DIAG][find_product_with_offers_recursive] Recursing into list item 3
DEBUG:custom_components.price_tracker.services.buywisely.json_parser_utils:[DIAG][find_product_with_offers_recursive] Processing data (type: <class 'dict'>): {'name': 'twitter:description', 'content': 'Track price history, compare prices, and set price alert...
DEBUG:custom_components.price_tracker.services.buywisely.json_parser_utils:[DIAG][find_product_with_offers_recursive] Recursing into key 'name'
DEBUG:custom_components.price_tracker.services.buywisely.json_parser_utils:[DIAG][find_product_with_offers_recursive] Processing data (type: <class 'str'>): twitter:description...
DEBUG:custom_components.price_tracker.services.buywisely.json_parser_utils:[DIAG][find_product_with_offers_recursive] Recursing into key 'content'
DEBUG:custom_components.price_tracker.services.buywisely.json_parser_utils:[DIAG][find_product_with_offers_recursive] Processing data (type: <class 'str'>): Track price history, compare prices, and set price alerts for products across 20,000+ online shops. ...
DEBUG:custom_components.price_tracker.services.buywisely.json_parser_utils:[DIAG][find_product_with_offers_recursive] Recursing into list item 14
DEBUG:custom_components.price_tracker.services.buywisely.json_parser_utils:[DIAG][find_product_with_offers_recursive] Processing data (type: <class 'list'>): ['$', 'meta', '14', {'name': 'twitter:image', 'content': 'https://buywisely.com.au/assets/images/lan...
DEBUG:custom_components.price_tracker.services.buywisely.json_parser_utils:[DIAG][find_product_with_offers_recursive] Iterating list of length 4
DEBUG:custom_components.price_tracker.services.buywisely.json_parser_utils:[DIAG][find_product_with_offers_recursive] Recursing into list item 0
DEBUG:custom_components.price_tracker.services.buywisely.json_parser_utils:[DIAG][find_product_with_offers_recursive] Processing data (type: <class 'str'>): $...
DEBUG:custom_components.price_tracker.services.buywisely.json_parser_utils:[DIAG][find_product_with_offers_recursive] Recursing into list item 1
DEBUG:custom_components.price_tracker.services.buywisely.json_parser_utils:[DIAG][find_product_with_offers_recursive] Processing data (type: <class 'str'>): meta...
DEBUG:custom_components.price_tracker.services.buywisely.json_parser_utils:[DIAG][find_product_with_offers_recursive] Recursing into list item 2
DEBUG:custom_components.price_tracker.services.buywisely.json_parser_utils:[DIAG][find_product_with_offers_recursive] Processing data (type: <class 'str'>): 14...
DEBUG:custom_components.price_tracker.services.buywisely.json_parser_utils:[DIAG][find_product_with_offers_recursive] Recursing into list item 3
DEBUG:custom_components.price_tracker.services.buywisely.json_parser_utils:[DIAG][find_product_with_offers_recursive] Processing data (type: <class 'dict'>): {'name': 'twitter:image', 'content': 'https://buywisely.com.au/assets/images/landing/preview.png'}...
DEBUG:custom_components.price_tracker.services.buywisely.json_parser_utils:[DIAG][find_product_with_offers_recursive] Recursing into key 'name'
DEBUG:custom_components.price_tracker.services.buywisely.json_parser_utils:[DIAG][find_product_with_offers_recursive] Processing data (type: <class 'str'>): twitter:image...
DEBUG:custom_components.price_tracker.services.buywisely.json_parser_utils:[DIAG][find_product_with_offers_recursive] Recursing into key 'content'
DEBUG:custom_components.price_tracker.services.buywisely.json_parser_utils:[DIAG][find_product_with_offers_recursive] Processing data (type: <class 'str'>): https://buywisely.com.au/assets/images/landing/preview.png...
DEBUG:custom_components.price_tracker.services.buywisely.json_parser_utils:[DIAG][find_product_with_offers_recursive] Recursing into list item 15
DEBUG:custom_components.price_tracker.services.buywisely.json_parser_utils:[DIAG][find_product_with_offers_recursive] Processing data (type: <class 'list'>): ['$', 'meta', '15', {'name': 'next-size-adjust'}]...
DEBUG:custom_components.price_tracker.services.buywisely.json_parser_utils:[DIAG][find_product_with_offers_recursive] Iterating list of length 4
DEBUG:custom_components.price_tracker.services.buywisely.json_parser_utils:[DIAG][find_product_with_offers_recursive] Recursing into list item 0
DEBUG:custom_components.price_tracker.services.buywisely.json_parser_utils:[DIAG][find_product_with_offers_recursive] Processing data (type: <class 'str'>): $...
DEBUG:custom_components.price_tracker.services.buywisely.json_parser_utils:[DIAG][find_product_with_offers_recursive] Recursing into list item 1
DEBUG:custom_components.price_tracker.services.buywisely.json_parser_utils:[DIAG][find_product_with_offers_recursive] Processing data (type: <class 'str'>): meta...
DEBUG:custom_components.price_tracker.services.buywisely.json_parser_utils:[DIAG][find_product_with_offers_recursive] Recursing into list item 2
DEBUG:custom_components.price_tracker.services.buywisely.json_parser_utils:[DIAG][find_product_with_offers_recursive] Processing data (type: <class 'str'>): 15...
DEBUG:custom_components.price_tracker.services.buywisely.json_parser_utils:[DIAG][find_product_with_offers_recursive] Recursing into list item 3
DEBUG:custom_components.price_tracker.services.buywisely.json_parser_utils:[DIAG][find_product_with_offers_recursive] Processing data (type: <class 'dict'>): {'name': 'next-size-adjust'}...
DEBUG:custom_components.price_tracker.services.buywisely.json_parser_utils:[DIAG][find_product_with_offers_recursive] Recursing into key 'name'
DEBUG:custom_components.price_tracker.services.buywisely.json_parser_utils:[DIAG][find_product_with_offers_recursive] Processing data (type: <class 'str'>): next-size-adjust...
DEBUG:custom_components.price_tracker.services.buywisely.hydration_parser:[DIAG] Resolved string for key 5: null...
DEBUG:custom_components.price_tracker.services.buywisely.hydration_parser:[DIAG] Resolved string for key 6: {"gid":"15797211988331096831","image":"https://encrypted-tbn0.gstatic.com/shopping?q=tbn:ANd9GcSMKJEcJ5xuZEACgvb5b-OsiulwL1b5Ivy7wbsYiJ3A2vpwsAhIjV_QMfs2iyap5nDsHiEzTcaeGYaz_I5WBRrUjD5abtI2D4WPYd1uowVZArHKnsIo95M\u0026usqp=CAY"}...
DEBUG:custom_components.price_tracker.services.buywisely.hydration_parser:[DIAG] Resolved string for key 2b: I[70760,["3655","static/chunks/3655-f78e4e363a5541d0.js","6290","static/chunks/6290-2a8ce89a0b5a3df8.js","6381","static/chunks/6381-2b873addadcb95f3.js","6310","static/chunks/6310-99207018fb617736.js","5469","static/chunks/5469-d5f85e2b5dbb2663.js","6341","static/chunks/6341-ca54939c2b36d77d.js","6252","static/chunks/6252-920c83842bca245b.js","6574","static/chunks/6574-85b13196e7d2f55e.js","307","static/chunks/307-cefa9bd2f7381bf5.js","2665","static/chunks/2665-2d172eda87a962e3.js","8393","stati...
WARNING:custom_components.price_tracker.services.buywisely.hydration_parser:Could not parse resolved record 2b: ('Unknown identifier', 'I')
DEBUG:custom_components.price_tracker.services.buywisely.hydration_parser:[DIAG] Resolved string for key 2c: I[61165,["3655","static/chunks/3655-f78e4e363a5541d0.js","6290","static/chunks/6290-2a8ce89a0b5a3df8.js","6381","static/chunks/6381-2b873addadcb95f3.js","6310","static/chunks/6310-99207018fb617736.js","5469","static/chunks/5469-d5f85e2b5dbb2663.js","6341","static/chunks/6341-ca54939c2b36d77d.js","6252","static/chunks/6252-920c83842bca245b.js","6574","static/chunks/6574-85b13196e7d2f55e.js","307","static/chunks/307-cefa9bd2f7381bf5.js","2665","static/chunks/2665-2d172eda87a962e3.js","8393","stati...
WARNING:custom_components.price_tracker.services.buywisely.hydration_parser:Could not parse resolved record 2c: ('Unknown identifier', 'I')
DEBUG:custom_components.price_tracker.services.buywisely.hydration_parser:[DIAG] Resolved string for key 2d: I[67988,["3655","static/chunks/3655-f78e4e363a5541d0.js","6290","static/chunks/6290-2a8ce89a0b5a3df8.js","6381","static/chunks/6381-2b873addadcb95f3.js","6310","static/chunks/6310-99207018fb617736.js","5469","static/chunks/5469-d5f85e2b5dbb2663.js","6341","static/chunks/6341-ca54939c2b36d77d.js","6252","static/chunks/6252-920c83842bca245b.js","6574","static/chunks/6574-85b13196e7d2f55e.js","307","static/chunks/307-cefa9bd2f7381bf5.js","2665","static/chunks/2665-2d172eda87a962e3.js","8393","stati...
DEBUG:custom_components.price_tracker.services.buywisely.hydration_parser:[DIAG] Resolved string for key 2e: I[66079,["3655","static/chunks/3655-f78e4e363a5541d0.js","6290","static/chunks/6290-2a8ce89a0b5a3df8.js","6381","static/chunks/6381-2b873addadcb95f3.js","6310","static/chunks/6310-99207018fb617736.js","5469","static/chunks/5469-d5f85e2b5dbb2663.js","6341","static/chunks/6341-ca54939c2b36d77d.js","6252","static/chunks/6252-920c83842bca245b.js","6574","static/chunks/6574-85b13196e7d2f55e.js","307","static/chunks/307-cefa9bd2f7381bf5.js","2665","static/chunks/2665-2d172eda87a962e3.js","8393","stati...
WARNING:custom_components.price_tracker.services.buywisely.hydration_parser:Could not parse resolved record 2e: ('Unknown identifier', 'I')
DEBUG:custom_components.price_tracker.services.buywisely.hydration_parser:[DIAG] Resolved string for key 2f: I[61165,["3655","static/chunks/3655-f78e4e363a5541d0.js","6290","static/chunks/6290-2a8ce89a0b5a3df8.js","6381","static/chunks/6381-2b873addadcb95f3.js","6310","static/chunks/6310-99207018fb617736.js","5469","static/chunks/5469-d5f85e2b5dbb2663.js","6341","static/chunks/6341-ca54939c2b36d77d.js","6252","static/chunks/6252-920c83842bca245b.js","6574","static/chunks/6574-85b13196e7d2f55e.js","307","static/chunks/307-cefa9bd2f7381bf5.js","2665","static/chunks/2665-2d172eda87a962e3.js","8393","stati...
WARNING:custom_components.price_tracker.services.buywisely.hydration_parser:Could not parse resolved record 2f: ('Unknown identifier', 'I')
DEBUG:custom_components.price_tracker.services.buywisely.hydration_parser:[DIAG] Resolved string for key 30: I[74191,["3655","static/chunks/3655-f78e4e363a5541d0.js","6290","static/chunks/6290-2a8ce89a0b5a3df8.js","6381","static/chunks/6381-2b873addadcb95f3.js","6310","static/chunks/6310-99207018fb617736.js","5469","static/chunks/5469-d5f85e2b5dbb2663.js","6341","stati...
DEBUG:custom_components.price_tracker.services.buywisely.hydration_parser:[DIAG] Resolved string for key 31: I[61165,["3655","static/chunks/3655-f78e4e363a5541d0.js","6290","static/chunks/6290-2a8ce89a0b5a3df8.js","6381","static/chunks/6381-2b873addadcb95f3.js","6310","static/chunks/6310-99207018fb617736.js","5469","static/chunks/5469-d5f85e2b5dbb2663.js","6341","static/chunks/6341-ca54939c2b36d77d.js","6252","static/chunks/6252-920c83842bca245b.js","6574","static/chunks/6574-85b13196e7d2f55e.js","307","static/chunks/307-cefa9bd2f7381bf5.js","2665","static/chunks/2665-2d172eda87a962e3.js","8393","stati...
WARNING:custom_components.price_tracker.services.buywisely.hydration_parser:Could not parse resolved record 31: ('Unknown identifier', 'I')
DEBUG:custom_components.price_tracker.services.buywisely.hydration_parser:[DIAG] Resolved string for key 32: I[40958,["3655","static/chunks/3655-f78e4e363a5541d0.js","6290","static/chunks/6290-2a8ce89a0b5a3df8.js","6381","static/chunks/6381-2b873addadcb95f3.js","6310","static/chunks/6310-99207018fb617736.js","5469","static/chunks/5469-d5f85e2b5dbb2663.js","6341","static/chunks/6341-ca54939c2b36d77d.js","6252","static/chunks/6252-920c83842bca245b.js","6574","static/chunks/6574-85b13196e7d2f55e.js","307","static/chunks/307-cefa9bd2f7381bf5.js","2665","static/chunks/2665-2d172eda87a962e3.js","8393","stati...
WARNING:custom_components.price_tracker.services.buywisely.hydration_parser:Could not parse resolved record 32: ('Unknown identifier', 'I')
DEBUG:custom_components.price_tracker.services.buywisely.hydration_parser:[DIAG] Resolved string for key 51: I[61165,["3655","static/chunks/3655-f78e4e363a5541d0.js","6290","static/chunks/6290-2a8ce89a0b5a3df8.js","6381","static/chunks/6381-2b873addadcb95f3.js","6310","static/chunks/6310-99207018fb617736.js","5469","static/chunks/5469-d5f85e2b5dbb2663.js","6341","static/chunks/6341-ca54939c2b36d77d.js","6252","static/chunks/6252-920c83842bca245b.js","6574","static/chunks/6574-85b13196e7d2f55e.js","307","static/chunks/307-cefa9bd2f7381bf5.js","2665","static/chunks/2665-2d172eda87a962e3.js","8393","stati...
WARNING:custom_components.price_tracker.services.buywisely.hydration_parser:Could not parse resolved record 51: ('Unknown identifier', 'I')
DEBUG:custom_components.price_tracker.services.buywisely.hydration_parser:[DIAG] Resolved string for key 52: I[97452,["3655","static/chunks/3655-f78e4e363a5541d0.js","6290","static/chunks/6290-2a8ce89a0b5a3df8.js","6381","static/chunks/6381-2b873addadcb95f3.js","6310","static/chunks/6310-99207018fb617736.js","5469","static/chunks/5469-d5f85e2b5dbb2663.js","6341","static/chunks/6341-ca54939c2b36d77d.js","6252","static/chunks/6252-920c83842bca245b.js","6574","static/chunks/6574-85b13196e7d2f55e.js","307","static/chunks/307-cefa9bd2f7381bf5.js","2665","static/chunks/2665-2d172eda87a962e3.js","8393","stati...
WARNING:custom_components.price_tracker.services.buywisely.hydration_parser:Could not parse resolved record 52: ('Unknown identifier', 'I')
DEBUG:custom_components.price_tracker.services.buywisely.hydration_parser:[DIAG] Resolved string for key 53: I[65469,["3655","static/chunks/3655-f78e4e363a5541d0.js","6290","static/chunks/6290-2a8ce89a0b5a3df8.js","6381","static/chunks/6381-2b873addadcb95f3.js","6310","static/chunks/6310-99207018fb617736.js","5469","static/chunks/5469-d5f85e2b5dbb2663.js","6341","static/chunks/6341-ca54939c2b36d77d.js","6252","static/chunks/6252-920c83842bca245b.js","6574","static/chunks/6574-85b13196e7d2f55e.js","307","static/chunks/307-cefa9bd2f7381bf5.js","2665","static/chunks/2665-2d172eda87a962e3.js","8393","stati...
DEBUG:custom_components.price_tracker.services.buywisely.hydration_parser:[DIAG] Resolved string for key 54: I[77509,["3655","static/chunks/3655-f78e4e363a5541d0.js","6290","static/chunks/6290-2a8ce89a0b5a3df8.js","6381","static/chunks/6381-2b873addadcb95f3.js","6310","static/chunks/6310-99207018fb617736.js","5469","static/chunks/5469-d5f85e2b5dbb2663.js","6341","static/chunks/6341-ca54939c2b36d77d.js","6252","static/chunks/6252-920c83842bca245b.js","6574","static/chunks/6574-85b13196e7d2f55e.js","307","static/chunks/307-cefa9bd2f7381bf5.js","2665","static/chunks/2665-2d172eda87a962e3.js","8393","stati...
WARNING:custom_components.price_tracker.services.buywisely.hydration_parser:Could not parse resolved record 54: ('Unknown identifier', 'I')
DEBUG:custom_components.price_tracker.services.buywisely.hydration_parser:[DIAG] Resolved string for key 55: I[61165,["3655","static/chunks/3655-f78e4e363a5541d0.js","6290","static/chunks/6290-2a8ce89a0b5a3df8.js","6381","static/chunks/6381-2b873addadcb95f3.js","6310","static/chunks/6310-99207018fb617736.js","5469","static/chunks/5469-d5f85e2b5dbb2663.js","6341","static/chunks/6341-ca54939c2b36d77d.js","6252","static/chunks/6252-920c83842bca245b.js","6574","static/chunks/6574-85b13196e7d2f55e.js","307","static/chunks/307-cefa9bd2f7381bf5.js","2665","static/chunks/2665-2d172eda87a962e3.js","8393","stati...
WARNING:custom_components.price_tracker.services.buywisely.hydration_parser:Could not parse resolved record 55: ('Unknown identifier', 'I')
DEBUG:custom_components.price_tracker.services.buywisely.hydration_parser:[DIAG] Resolved string for key 56: I[61165,["3655","static/chunks/3655-f78e4e363a5541d0.js","6290","static/chunks/6290-2a8ce89a0b5a3df8.js","6381","static/chunks/6381-2b873addadcb95f3.js","6310","static/chunks/6310-99207018fb617736.js","5469","static/chunks/5469-d5f85e2b5dbb2663.js","6341","sta...
DEBUG:custom_components.price_tracker.services.buywisely.hydration_parser:[DIAG] Resolved string for key 57: I[61165,["3655","static/chunks/3655-f78e4e363a5541d0.js","6290","static/chunks/6290-2a8ce89a0b5a3df8.js","6381","static/chunks/6381-2b873addadcb95f3.js","6310","static/chunks/6310-99207018fb617736.js","5469","static/chunks/5469-d5f85e2b5dbb2663.js","6341","static/chunks/6341-ca54939c2b36d77d.js","6252","static/chunks/6252-920c83842bca245b.js","6574","static/chunks/6574-85b13196e7d2f55e.js","307","static/chunks/307-cefa9bd2f7381bf5.js","2665","static/chunks/2665-2d172eda87a962e3.js","8393","stati...
WARNING:custom_components.price_tracker.services.buywisely.hydration_parser:Could not parse resolved record 57: ('Unknown identifier', 'I')
DEBUG:custom_components.price_tracker.services.buywisely.hydration_parser:[DIAG] Resolved string for key 58: I[35658,["3655","static/chunks/3655-f78e4e363a5541d0.js","6290","static/chunks/6290-2a8ce89a0b5a3df8.js","6381","static/chunks/6381-2b873addadcb95f3.js","6310","static/chunks/6310-99207018fb617736.js","5469","static/chunks/5469-d5f85e2b5dbb2663.js","6341","static/chunks/6341-ca54939c2b36d77d.js","6252","static/chunks/6252-920c83842bca245b.js","6574","static/chunks/6574-85b13196e7d2f55e.js","307","static/chunks/307-cefa9bd2f7381bf5.js","2665","static/chunks/2665-2d172eda87a962e3.js","8393","stati...
WARNING:custom_components.price_tracker.services.buywisely.hydration_parser:Could not parse resolved record 58: ('Unknown identifier', 'I')
DEBUG:custom_components.price_tracker.services.buywisely.hydration_parser:[DIAG] Resolved string for key 34: []...
DEBUG:custom_components.price_tracker.services.buywisely.hydration_parser:[DIAG] Resolved string for key 37: {"gid":"7830005719273689496","image":"https://encrypted-tbn2.gstatic.com/shopping?q=tbn:ANd9GcRj65GJdYa0MGuv8L9RWAAJVks98kaBva-KPH34o7Nn8_xgtjFvHpEsyG-G9u_PAZwKCzR1UnPFs6JC5duNRu9kW-AZSxHpJQaql2ly1iZ6Cl09iaqRzqc\u0026usqp=CAY"}...
DEBUG:custom_components.price_tracker.services.buywisely.hydration_parser:[DIAG] Resolved string for key 38: {"gid":"10929348810251206946","image":"https://encrypted-tbn3.gstatic.com/shopping?q=tbn:ANd9GcQktEYbdVk26_5fVXmkf85U_V4MhhlgNSCKuEGMaIHFomdm78AIUKXN6e8XyuLWwiqXOJc6OF55c3TRby_V36YYx0Twj-TArJEJ3e_Z\u0026usqp=CAY"}...
DEBUG:custom_components.price_tracker.services.buywisely.hydration_parser:[DIAG] Resolved string for key 35: ["$36",{"gid":"7830005719273689496","image":"https://encrypted-tbn2.gstatic.com/shopping?q=tbn:ANd9GcRj65GJdYa0MGuv8L9RWAAJVks98kaBva-KPH34o7Nn8_xgtjFvHpEsyG-G9u_PAZwKCzR1UnPFs6JC5duNRu9kW-AZSxHpJQaql2ly1iZ6Cl09iaqRzqc\u0026usqp=CAY"},{"gid":"10929348810251206946","image":"https://encrypted-tbn3.gstatic.com/shopping?q=tbn:ANd9GcQktEYbdVk26_5fVXmkf85U_V4MhhlgNSCKuEGMaIHFomdm78AIUKXN6e8XyuLWwiqXOJc6OF55c3TRby_V36YYx0Twj-TArJEJ3e_Z\u0026usqp=CAY"}]...
DEBUG:custom_components.price_tracker.services.buywisely.hydration_parser:[DIAG] Resolved string for key 39: ["https://encrypted-tbn0.gstatic.com/shopping?q=tbn:ANd9GcSqDaT816y1UmPhBrzkea3Dn_Hh8yTT3fZX4XBtJEkQcCWOz-LJ1AMEbRRDBSKM-M061mIP09PmjUwBgDldhA0acuhIAop7lQ\u0026usqp=CAY","https://encrypted-tbn3.gstatic.com/shopping?q=tbn:ANd9GcQfbnmIwlniWJ2_8uNp4bDf-6Ju-12jrovvM3RkZ_F8hYC0DcS85hBW3VZ9oCT7zcvdcW7cG-u8JHbZQMXKs0v2Co4aSaICOQ\u0026usqp=CAY","https://encrypted-tbn0.gstatic.com/shopping?q=tbn:ANd9GcR8UqT2y3HwL6mbcrp9X3EK1qROspiqDkg2j-9eEDSoFr4zLWQaFn_YrCOAi5hlWIs3MKewSYZSOFGmiREKJJNSBeWTMR7I\u0026usqp...
DEBUG:custom_components.price_tracker.services.buywisely.hydration_parser:[DIAG] Resolved string for key 3b: {"name":"Network","value":"5G"}...
DEBUG:custom_components.price_tracker.services.buywisely.hydration_parser:[DIAG] Resolved string for key 3c: {"name":"Sim Card Type","value":"eSIM / Nano"}...
DEBUG:custom_components.price_tracker.services.buywisely.hydration_parser:[DIAG] Resolved string for key 3d: {"name":"Operating System","value":"Android 14"}...
DEBUG:custom_components.price_tracker.services.buywisely.hydration_parser:[DIAG] Resolved string for key 3e: {"name":"Display","value":"6.8 inches Full HD+"}...
DEBUG:custom_components.price_tracker.services.buywisely.hydration_parser:[DIAG] Resolved string for key 3f: {"name":"Video Recording","value":"4K"}...
DEBUG:custom_components.price_tracker.services.buywisely.hydration_parser:[DIAG] Resolved string for key 40: {"name":"Phone Family","value":"Moto g75"}...
DEBUG:custom_components.price_tracker.services.buywisely.hydration_parser:[DIAG] Resolved string for key 41: {"name":"Expandable Storage","value":"up to 1TB microSD card expandable"}...
DEBUG:custom_components.price_tracker.services.buywisely.hydration_parser:[DIAG] Resolved string for key 42: {"name":"RAM Size","value":"8GB"}...
DEBUG:custom_components.price_tracker.services.buywisely.hydration_parser:[DIAG] Resolved string for key 43: {"name":"Bluetooth","value":"5.4"}...
DEBUG:custom_components.price_tracker.services.buywisely.hydration_parser:[DIAG] Resolved string for key 44: {"name":"GPS","value":"GPS A-GPS LTEPP SUPL GLONASS Galileo QZSS BeiDou"}...
DEBUG:custom_components.price_tracker.services.buywisely.hydration_parser:[DIAG] Resolved string for key 45: {"name":"Product Width (mm)","value":"77.1"}...
DEBUG:custom_components.price_tracker.services.buywisely.hydration_parser:[DIAG] Resolved string for key 46: {"name":"Product Height (mm)","value":"165.95"}...
DEBUG:custom_components.price_tracker.services.buywisely.hydration_parser:[DIAG] Resolved string for key 47: {"name":"Product Depth (mm)","value":"7.99"}...
DEBUG:custom_components.price_tracker.services.buywisely.hydration_parser:[DIAG] Resolved string for key 48: {"name":"Battery","value":"5000mAh"}...
DEBUG:custom_components.price_tracker.services.buywisely.hydration_parser:[DIAG] Resolved string for key 49: {"name":"Manufacturer's Warranty","value":"2 Years"}...
DEBUG:custom_components.price_tracker.services.buywisely.hydration_parser:[DIAG] Resolved string for key 4a: {"name":"Storage Size","value":"256GB"}...
DEBUG:custom_components.price_tracker.services.buywisely.hydration_parser:[DIAG] Resolved string for key 4b: {"name":"Colour","value":"Charcoal Grey"}...
DEBUG:custom_components.price_tracker.services.buywisely.hydration_parser:[DIAG] Resolved string for key 4c: {"name":"Display Resolution","value":"2388 1080"}...
DEBUG:custom_components.price_tracker.services.buywisely.hydration_parser:[DIAG] Resolved string for key 4d: {"name":"Weight (g)","value":"180"}...
DEBUG:custom_components.price_tracker.services.buywisely.hydration_parser:[DIAG] Resolved string for key 4e: {"name":"Front Camera","value":"8MP"}...
DEBUG:custom_components.price_tracker.services.buywisely.hydration_parser:[DIAG] Resolved string for key 4f: {"name":"Rear Camera","value":"50MP"}...
DEBUG:custom_components.price_tracker.services.buywisely.hydration_parser:[DIAG] Resolved string for key 50: {"name":"Release Year","value":"2024"}...
DEBUG:custom_components.price_tracker.services.buywisely.hydration_parser:[DIAG] Resolved string for key 3a: [{"name":"Network","value":"5G"},{"name":"Sim Card Type","value":"eSIM / Nano"},{"name":"Operating System","value":"Android 14"},{"name":"Display","value":"6.8 inches Full HD+"},{"name":"Video Recording","value":"4K"},{"name":"Phone Family","value":"Moto g75"},{"name":"Expandable Storage","value":"up to 1TB microSD card expandable"},{"name":"RAM Size","value":"8GB"},{"name":"Bluetooth","value":"5.4"},{"name":"GPS","value":"GPS A-GPS LTEPP SUPL GLONASS Galileo QZSS BeiDou"},{"name":"Product Width...
DEBUG:custom_components.price_tracker.services.buywisely.hydration_parser:[DIAG] Resolved string for key 33: {"title":"Motorola Moto G75 5G 256GB Grey with Buds","image":"https://encrypted-tbn0.gstatic.com/shopping?q=tbn:ANd9GcTN0NDdrPCDIn9NaiVIb7vTMSRVKBOQbkBMTHJyb9dzqC_WY5IGMoYuvnsDtsI8XvfpsX50GHyVY5kvPm-1nSr2bXEkwcR1sLJr1IR1dAkwVcXTXGOCB8frf7o","variants":...
DEBUG:custom_components.price_tracker.services.buywisely.hydration_parser:[DIAG] Resolved string for key b: [["$","$L10",null,{"container":true,"justifyContent":"space-around","spacing":{"xs":0,"md":0},"children":[["$","$L10",null,{"item":true,"md":4,"xs":12,"children":["$","$L2b",null,{"product":{"title":"Motorola Moto G75 5G 256GB Grey with Buds","image":"https://encrypted-tbn0.gstatic.com/shopping?q=tbn:ANd9GcTN0NDdrPCDIn9NaiVIb7vTMSRVKBOQbkBMTHJyb9dzqC_WY5IGMoYuvnsDtsI8XvfpsX50GHyVY5kvPm-1nSr2bXEkwcR1sLJr1IR1dAkwVcXTXGOCB8frf7o","variants":[],"colors":[{"gid":"15797211988331096831","image":"https:...
WARNING:custom_components.price_tracker.services.buywisely.hydration_parser:Could not parse resolved record b: Values must be separated by a comma
DEBUG:custom_components.price_tracker.services.buywisely.hydration_parser:[DIAG] Resolved string for key 59: I[65161,["3655","static/chunks/3655-f78e4e363a5541d0.js","6290","static/chunks/6290-2a8ce89a0b5a3df8.js","6381","static/chunks/6381-2b873addadcb95f3.js","6310","static/chunks/6310-99207018fb617736.js","5469","static/chunks/5469-d5f85e2b5dbb2663.js","6341","static/chunks/6341-ca54939c2b36d77d.js","6252","static/chunks/6252-920c83842bca245b.js","6574","static/chunks/6574-85b13196e7d2f55e.js","307","static/chunks/307-cefa9bd2f7381bf5.js","2665","static/chunks/2665-2d172eda87a962e3.js","684","static...
WARNING:custom_components.price_tracker.services.buywisely.hydration_parser:Could not parse resolved record 59: ('Unknown identifier', 'I')
DEBUG:custom_components.price_tracker.services.buywisely.hydration_parser:[DIAG] Resolved string for key 5a: T6c8,Bought this for my daughter and I'm very impressed. The camera is more than capable for daylight photos and selfies. The processor and RAM are fast enough. I compared APP loading and camera launching vs my Samsung Ultra and there's little difference for normal use (processing video or intense gaming you can see a difference, but in normal use, they're close).It's a little on the big side, especially for a child, but the Military toughness and optional screen repair service make up for that....
DEBUG:custom_components.price_tracker.services.buywisely.hydration_parser:[DIAG] Resolved string for key 11: ["$","$L59",null,{"product":{"id":83429707,"gid":"15797211988331096831","title":"Motorola Moto G75 5G 256GB Grey with Buds","image":"https://encrypted-tbn0.gstatic.com/shopping?q=tbn:ANd9GcTN0NDdrPCDIn9NaiVIb7vTMSRVKBOQbkBMTHJyb9dzqC_WY5IGMoYuvnsDtsI8XvfpsX50GHyVY5kvPm-1nSr2bXEkwcR1sLJr1IR1dAkwVcXTXGOCB8frf7o","created_at":"$D2024-11-30T20:11:12.579Z","updated_at":"$D2024-12-01T03:20:16.117Z","slug":"motorola-moto-g75-5g-256gb-grey-with-buds","thumbnails":["https://encrypted-tbn0.gstatic.com/sho...
WARNING:custom_components.price_tracker.services.buywisely.hydration_parser:Could not parse resolved record 11: Values must be separated by a comma
INFO:custom_components.price_tracker.services.buywisely.hydration_parser:Hydration parser found 0 product data object(s).
------------------------------ Captured log call -------------------------------
DEBUG    custom_components.price_tracker.services.buywisely.hydration_parser:hydration_parser.py:13 [_extract_raw_next_f_push_strings] Input HTML: <html><body><script>self.__next_f.push([1,"1:HL[\"/_next/static/media/2b3f1035ed87a788-s.p.woff2\",\"font\",{\"crossOrigin\":\"\",\"type\":\"font/woff2\"}]\n2:HL[\"/_next/static/media/8bf7b2ceda89477b...
DEBUG    custom_components.price_tracker.services.buywisely.hydration_parser:hydration_parser.py:17 [_extract_raw_next_f_push_strings] Found script tag: <script>self.__next_f.push([1,"1:HL[\"/_next/static/media/2b3f1035ed87a788-s.p.woff2\",\"font\",{\"crossOrigin\":\"\",\"type\":\"font/woff2\"}]\n2:HL[\"/_next/static/media/8bf7b2ceda89477b-s.p.woff2\",\"font\",{\"crossOrigin\":\"\",\"type\":\"font/woff2\"}]\n3:HL[\"/_next/static/css/e0d445a9cf4aff75.css\",\"style\"]\n"])
self.__next_f.push([1,"4:I[89562,[],\"\"]\n7:I[78703,[],\"\"]\n9:I[53751,[],\"\"]\nc:I[11478,[\"3655\",\"static/chunks/3655-f78e4e363a5541d0.js\",\"395\",\"static/chunks/app/product/%5Bslug%5D/layout-afd1e0771fc65a8b.js\"],\"\"]\nd:I[25719,[\"3655\",\"static/chunks/3655-f78e4e363a5541d0.js\",\"6290\",\"static/chunks/6290-2a8ce89a0b5a3df8.js\",\"3895\",\"static/chunks/app/product/%5Bslug%5D/@offers/loading-91e67d2edba3eaa4.js\"],\"default\"]\ne:I[88170,[\"3655\",\"static/chunks/3655-f78e4e363a5541d0.js\",\"6290\",\"static/chunks/6290-2a8ce89a0b5a3df8.js\",\"3895\",\"static/chunks/app/product/%5Bslug%5D/@offers/loading-91e67d2edba3eaa4.js\"],\"\"]\nf:I[44863,[\"3655\",\"static/chunks/3655-f78e4e363a5541d0.js\",\"395\",\"static/chunks/app/product/%5Bslug%5D/layout-afd1e0771fc65a8b.js\"],\"\"]\n10:I[39146,[\"3655\",\"static/chunks/3655-f78e4e363a5541d0.js\",\"6290\",\"static/chunks/6290-2a8ce89a0b5a3df8.js\",\"2665\",\"static/chunks/2665-2d172eda87a962e3.js\",\"6435\",\"static/chunks/app/product/%5Bslug%5D/@info/loading-1c1ee849e97e6a1a.js\"],\"\"]\n13:I[79165,[\"3655\",\"static/chunks/3655-f78e4e363a5541d0.js\",\"6290\",\"static/chunks/6290-2a8ce89a0b5a3df8.js\",\"6381\",\"static/chunks/6381-2b873addadcb95f3.js\",\"6310\",\"static/chunks/6310-99207018fb617736.js\",\"5469\",\"static/chunks/5469-d5f85e2b5dbb2663.js\",\"6341\",\"static/chunks/6341-ca54939c2b36d77d.js\",\"6252\",\"static/chunks/6252-920c83842bca245b.js\",\"6574\",\"static/chunks/6574-85b13196e7d2f55e.js\",\"307\",\"static/chunks/307-cefa9bd2f7381bf5.js\",\"2665\",\"static/chunks/2665-2d172eda87a962e3.js\",\"684\",\"static/chunks/684-7de3c401504b82a2.js\",\"7269\",\"static/chunks/7269-a4bddb872ba784d5.js\",\"8327\",\"static/chunks/8327-5596df2c7a80e7eb.js\",\"5135\",\"static/chunks/5135-e150b38f04bc4ae4.js\",\"5127\",\"static/chunks/5127-7de194f1c35db063.js\",\"5805\",\"static/chunks/5805-5009d17ba83b5e07.js\",\"3185\",\"static/chunks/app/layout-0606493c769120ee.js\"],\"default\"]\n14:I[72470,[\"3655\",\"static/chunks/3655-f78e4e363a5541d0.js\",\"6290\",\"static/chunks/6290-2a8ce89a0b5a3df8.js\",\"6381\",\"static/chunks/6381-2b873addadcb95f3.js\",\"6310\",\"static/chunks/6310-99207018fb617736.js\",\"5469\",\"static/chunks/5469-d5f85e2b5dbb2663"])
self.__next_f.push([1,".js\",\"6341\",\"static/chunks/6341-ca54939c2b36d77d.js\",\"6252\",\"static/chunks/6252-920c83842bca245b.js\",\"6574\",\"static/chunks/6574-85b13196e7d2f55e.js\",\"307\",\"static/chunks/307-cefa9bd2f7381bf5.js\",\"2665\",\"static/chunks/2665-2d172eda87a962e3.js\",\"684\",\"static/chunks/684-7de3c401504b82a2.js\",\"7269\",\"static/chunks/7269-a4bddb872ba784d5.js\",\"8327\",\"static/chunks/8327-5596df2c7a80e7eb.js\",\"5135\",\"static/chunks/5135-e150b38f04bc4ae4.js\",\"5127\",\"static/chunks/5127-7de194f1c35db063.js\",\"5805\",\"static/chunks/5805-5009d17ba83b5e07.js\",\"3185\",\"static/chunks/app/layout-0606493c769120ee.js\"],\"UserProvider\"]\n15:I[68744,[\"3655\",\"static/chunks/3655-f78e4e363a5541d0.js\",\"6290\",\"static/chunks/6290-2a8ce89a0b5a3df8.js\",\"6381\",\"static/chunks/6381-2b873addadcb95f3.js\",\"6310\",\"static/chunks/6310-99207018fb617736.js\",\"5469\",\"static/chunks/5469-d5f85e2b5dbb2663.js\",\"6341\",\"static/chunks/6341-ca54939c2b36d77d.js\",\"6252\",\"static/chunks/6252-920c83842bca245b.js\",\"6574\",\"static/chunks/6574-85b13196e7d2f55e.js\",\"307\",\"static/chunks/307-cefa9bd2f7381bf5.js\",\"2665\",\"static/chunks/2665-2d172eda87a962e3.js\",\"684\",\"static/chunks/684-7de3c401504b82a2.js\",\"7269\",\"static/chunks/7269-a4bddb872ba784d5.js\",\"8327\",\"static/chunks/8327-5596df2c7a80e7eb.js\",\"5135\",\"static/chunks/5135-e150b38f04bc4ae4.js\",\"5127\",\"static/chunks/5127-7de194f1c35db063.js\",\"5805\",\"static/chunks/5805-5009d17ba83b5e07.js\",\"3185\",\"static/chunks/app/layout-0606493c769120ee.js\"],\"EventsProvider\"]\n16:I[58977,[\"3655\",\"static/chunks/3655-f78e4e363a5541d0.js\",\"6290\",\"static/chunks/6290-2a8ce89a0b5a3df8.js\",\"6381\",\"static/chunks/6381-2b873addadcb95f3.js\",\"6310\",\"static/chunks/6310-99207018fb617736.js\",\"5469\",\"static/chunks/5469-d5f85e2b5dbb2663.js\",\"6341\",\"static/chunks/6341-ca54939c2b36d77d.js\",\"6252\",\"static/chunks/6252-920c83842bca245b.js\",\"6574\",\"static/chunks/6574-85b13196e7d2f55e.js\",\"307\",\"static/chunks/307-cefa9bd2f7381bf5.js\",\"2665\",\"static/chunks/2665-2d172eda87a962e3.js\",\"684\",\"static/chunks/684-7de3c401504b82a2.js\",\"7269\",\"static/chunks/7269-a4bddb872ba784d5.js\",\"8327\",\"static/"])
self.__next_f.push([1,"chunks/8327-5596df2c7a80e7eb.js\",\"5135\",\"static/chunks/5135-e150b38f04bc4ae4.js\",\"5127\",\"static/chunks/5127-7de194f1c35db063.js\",\"5805\",\"static/chunks/5805-5009d17ba83b5e07.js\",\"3185\",\"static/chunks/app/layout-0606493c769120ee.js\"],\"default\"]\n17:I[66973,[\"3655\",\"static/chunks/3655-f78e4e363a5541d0.js\",\"6290\",\"static/chunks/6290-2a8ce89a0b5a3df8.js\",\"6381\",\"static/chunks/6381-2b873addadcb95f3.js\",\"6310\",\"static/chunks/6310-99207018fb617736.js\",\"5469\",\"static/chunks/5469-d5f85e2b5dbb2663.js\",\"6341\",\"static/chunks/6341-ca54939c2b36d77d.js\",\"6252\",\"static/chunks/6252-920c83842bca245b.js\",\"6574\",\"static/chunks/6574-85b13196e7d2f55e.js\",\"307\",\"static/chunks/307-cefa9bd2f7381bf5.js\",\"2665\",\"static/chunks/2665-2d172eda87a962e3.js\",\"684\",\"static/chunks/684-7de3c401504b82a2.js\",\"7269\",\"static/chunks/7269-a4bddb872ba784d5.js\",\"8327\",\"static/chunks/8327-5596df2c7a80e7eb.js\",\"5135\",\"static/chunks/5135-e150b38f04bc4ae4.js\",\"5127\",\"static/chunks/5127-7de194f1c35db063.js\",\"5805\",\"static/chunks/5805-5009d17ba83b5e07.js\",\"3185\",\"static/chunks/app/layout-0606493c769120ee.js\"],\"CollectionsProvider\"]\n18:I[32206,[\"3655\",\"static/chunks/3655-f78e4e363a5541d0.js\",\"6290\",\"static/chunks/6290-2a8ce89a0b5a3df8.js\",\"6381\",\"static/chunks/6381-2b873addadcb95f3.js\",\"6310\",\"static/chunks/6310-99207018fb617736.js\",\"5469\",\"static/chunks/5469-d5f85e2b5dbb2663.js\",\"6341\",\"static/chunks/6341-ca54939c2b36d77d.js\",\"6252\",\"static/chunks/6252-920c83842bca245b.js\",\"6574\",\"static/chunks/6574-85b13196e7d2f55e.js\",\"307\",\"static/chunks/307-cefa9bd2f7381bf5.js\",\"2665\",\"static/chunks/2665-2d172eda87a962e3.js\",\"684\",\"static/chunks/684-7de3c401504b82a2.js\",\"7269\",\"static/chunks/7269-a4bddb872ba784d5.js\",\"8327\",\"static/chunks/8327-5596df2c7a80e7eb.js\",\"5135\",\"static/chunks/5135-e150b38f04bc4ae4.js\",\"5127\",\"static/chunks/5127-7de194f1c35db063.js\",\"5805\",\"static/chunks/5805-5009d17ba83b5e07.js\",\"3185\",\"static/chunks/app/layout-0606493c769120ee.js\"],\"SearchProvider\"]\n19:I[25115,[\"3655\",\"static/chunks/3655-f78e4e363a5541d0.js\",\"6290\",\"static/chunks/6290-2a8ce89a0b5a3df"])
self.__next_f.push([1,"8.js\",\"6381\",\"static/chunks/6381-2b873addadcb95f3.js\",\"6310\",\"static/chunks/6310-99207018fb617736.js\",\"5469\",\"static/chunks/5469-d5f85e2b5dbb2663.js\",\"6341\",\"static/chunks/6341-ca54939c2b36d77d.js\",\"6252\",\"static/chunks/6252-920c83842bca245b.js\",\"6574\",\"static/chunks/6574-85b13196e7d2f55e.js\",\"307\",\"static/chunks/307-cefa9bd2f7381bf5.js\",\"2665\",\"static/chunks/2665-2d172eda87a962e3.js\",\"684\",\"static/chunks/684-7de3c401504b82a2.js\",\"7269\",\"static/chunks/7269-a4bddb872ba784d5.js\",\"8327\",\"static/chunks/8327-5596df2c7a80e7eb.js\",\"5135\",\"static/chunks/5135-e150b38f04bc4ae4.js\",\"5127\",\"static/chunks/5127-7de194f1c35db063.js\",\"5805\",\"static/chunks/5805-5009d17ba83b5e07.js\",\"3185\",\"static/chunks/app/layout-0606493c769120ee.js\"],\"DropdownProvider\"]\n1b:I[20977,[\"3655\",\"static/chunks/3655-f78e4e363a5541d0.js\",\"6290\",\"static/chunks/6290-2a8ce89a0b5a3df8.js\",\"6381\",\"static/chunks/6381-2b873addadcb95f3.js\",\"6310\",\"static/chunks/6310-99207018fb617736.js\",\"5469\",\"static/chunks/5469-d5f85e2b5dbb2663.js\",\"9160\",\"static/chunks/app/not-found-9fe2d208d6f479a3.js\"],\"default\"]\n1c:I[79529,[\"3655\",\"static/chunks/3655-f78e4e363a5541d0.js\",\"6290\",\"static/chunks/6290-2a8ce89a0b5a3df8.js\",\"6381\",\"static/chunks/6381-2b873addadcb95f3.js\",\"6310\",\"static/chunks/6310-99207018fb617736.js\",\"5469\",\"static/chunks/5469-d5f85e2b5dbb2663.js\",\"6341\",\"static/chunks/6341-ca54939c2b36d77d.js\",\"6252\",\"static/chunks/6252-920c83842bca245b.js\",\"6574\",\"static/chunks/6574-85b13196e7d2f55e.js\",\"307\",\"static/chunks/307-cefa9bd2f7381bf5.js\",\"2665\",\"static/chunks/2665-2d172eda87a962e3.js\",\"684\",\"static/chunks/684-7de3c401504b82a2.js\",\"7269\",\"static/chunks/7269-a4bddb872ba784d5.js\",\"8327\",\"static/chunks/8327-5596df2c7a80e7eb.js\",\"5135\",\"static/chunks/5135-e150b38f04bc4ae4.js\",\"5127\",\"static/chunks/5127-7de194f1c35db063.js\",\"5805\",\"static/chunks/5805-5009d17ba83b5e07.js\",\"3185\",\"static/chunks/app/layout-0606493c769120ee.js\"],\"default\"]\n1d:I[74906,[\"3655\",\"static/chunks/3655-f78e4e363a5541d0.js\",\"6290\",\"static/chunks/6290-2a8ce89a0b5a3df8.js\",\"6381\",\"static/chunks/6381-2"])
self.__next_f.push([1,"b873addadcb95f3.js\",\"6310\",\"static/chunks/6310-99207018fb617736.js\",\"5469\",\"static/chunks/5469-d5f85e2b5dbb2663.js\",\"6341\",\"static/chunks/6341-ca54939c2b36d77d.js\",\"6252\",\"static/chunks/6252-920c83842bca245b.js\",\"6574\",\"static/chunks/6574-85b13196e7d2f55e.js\",\"307\",\"static/chunks/307-cefa9bd2f7381bf5.js\",\"2665\",\"static/chunks/2665-2d172eda87a962e3.js\",\"684\",\"static/chunks/684-7de3c401504b82a2.js\",\"7269\",\"static/chunks/7269-a4bddb872ba784d5.js\",\"8327\",\"static/chunks/8327-5596df2c7a80e7eb.js\",\"5135\",\"static/chunks/5135-e150b38f04bc4ae4.js\",\"5127\",\"static/chunks/5127-7de194f1c35db063.js\",\"5805\",\"static/chunks/5805-5009d17ba83b5e07.js\",\"3185\",\"static/chunks/app/layout-0606493c769120ee.js\"],\"GoogleAnalytics\"]\n1e:I[25327,[\"3655\",\"static/chunks/3655-f78e4e363a5541d0.js\",\"6290\",\"static/chunks/6290-2a8ce89a0b5a3df8.js\",\"6381\",\"static/chunks/6381-2b873addadcb95f3.js\",\"6310\",\"static/chunks/6310-99207018fb617736.js\",\"5469\",\"static/chunks/5469-d5f85e2b5dbb2663.js\",\"6341\",\"static/chunks/6341-ca54939c2b36d77d.js\",\"6252\",\"static/chunks/6252-920c83842bca245b.js\",\"6574\",\"static/chunks/6574-85b13196e7d2f55e.js\",\"307\",\"static/chunks/307-cefa9bd2f7381bf5.js\",\"2665\",\"static/chunks/2665-2d172eda87a962e3.js\",\"684\",\"static/chunks/684-7de3c401504b82a2.js\",\"7269\",\"static/chunks/7269-a4bddb872ba784d5.js\",\"8327\",\"static/chunks/8327-5596df2c7a80e7eb.js\",\"5135\",\"static/chunks/5135-e150b38f04bc4ae4.js\",\"5127\",\"static/chunks/5127-7de194f1c35db063.js\",\"5805\",\"static/chunks/5805-5009d17ba83b5e07.js\",\"3185\",\"static/chunks/app/layout-0606493c769120ee.js\"],\"\"]\n20:I[51395,[],\"\"]\n8:[\"slug\",\"motorola-moto-g75-5g-256gb-grey-with-buds\",\"d\"]\n21:[]\n"])
self.__next_f.push([1,"0:[[[\"$\",\"link\",\"0\",{\"rel\":\"stylesheet\",\"href\":\"/_next/static/css/e0d445a9cf4aff75.css\",\"precedence\":\"next\",\"crossOrigin\":\"$undefined\"}]],[\"$\",\"$L4\",null,{\"buildId\":\"vVT_ICiXqaGX8gcuY6VmE\",\"assetPrefix\":\"\",\"initialCanonicalUrl\":\"/product/motorola-moto-g75-5g-256gb-grey-with-buds\",\"initialTree\":[\"\",{\"children\":[\"product\",{\"children\":[[\"slug\",\"motorola-moto-g75-5g-256gb-grey-with-buds\",\"d\"],{\"category\":[\"__PAGE__\",{\"children\":[\"__PAGE__\",{}]}],\"info\":[\"__PAGE__\",{\"children\":[\"__PAGE__\",{}]}],\"offers\":[\"__PAGE__\",{\"children\":[\"__PAGE__\",{}]}],\"children\":[\"__DEFAULT__\",{}]}]}]},\"$undefined\",\"$undefined\",true],\"initialSeedData\":[\"\",{\"children\":[\"product\",{\"children\":[[\"slug\",\"motorola-moto-g75-5g-256gb-grey-with-buds\",\"d\"],{\"category\":[\"__PAGE__\",{\"children\":[\"__PAGE__\",{},[[\"$L5\",\"$L6\"],null],null]},[\"$\",\"$L7\",null,{\"parallelRouterKey\":\"children\",\"segmentPath\":[\"children\",\"product\",\"children\",\"$8\",\"category\",\"__PAGE__\",\"children\"],\"error\":\"$undefined\",\"errorStyles\":\"$undefined\",\"errorScripts\":\"$undefined\",\"template\":[\"$\",\"$L9\",null,{}],\"templateStyles\":\"$undefined\",\"templateScripts\":\"$undefined\",\"notFound\":\"$undefined\",\"notFoundStyles\":\"$undefined\",\"styles\":null}],null],\"info\":[\"__PAGE__\",{\"children\":[\"__PAGE__\",{},[[\"$a\",\"$Lb\"],null],null]},[\"$\",\"$L7\",null,{\"parallelRouterKey\":\"children\",\"segmentPath\":[\"children\",\"product\",\"children\",\"$8\",\"info\",\"__PAGE__\",\"children\"],\"error\":\"$undefined\",\"errorStyles\":\"$undefined\",\"errorScripts\":\"$undefined\",\"template\":[\"$\",\"$L9\",null,{}],\"templateStyles\":\"$undefined\",\"templateScripts\":\"$undefined\",\"notFound\":\"$undefined\",\"notFoundStyles\":\"$undefined\",\"styles\":null}],[[[\"$\",\"$Lc\",null,{\"sx\":{\"display\":{\"xs\":\"flex\",\"md\":\"none\"},\"width\":\"100%\"},\"children\":[\"$\",\"$Ld\",null,{\"width\":\"100%\",\"spacing\":2,\"mb\":2,\"children\":[[\"$\",\"$Le\",null,{\"variant\":\"rectangular\",\"width\":\"100%\",\"height\":300}],[\"$\",\"$Le\",null,{\"variant\":\"rounded\",\"height\":250}]]}]}],[\"$\",\"$Lc\",null,{\"sx\":{\"display\":{\"xs\":\"none\",\"md\":\"flex\"}},\"children\":[\"$\",\"$Lf\",null,{\"children\":[\"$\",\"$Lc\",null,{\"width\":\"100%\",\"mb\":2,\"children\":[\"$\",\"$L10\",null,{\"container\":true,\"justifyContent\":\"space-around\",\"children\":[[\"$\",\"$Le\",null,{\"variant\":\"rectangular\",\"width\":380,\"height\":400}],[\"$\",\"$L10\",null,{\"item\":true,\"md\":6,\"xs\":12,\"alignItems\":\"center\",\"children\":[[\"$\",\"$Le\",null,{\"width\":400,\"height\":50}],[\"$\",\"$Lc\",null,{\"my\":4,\"children\":[\"$\",\"$Le\",null,{\"variant\":\"rounded\",\"width\":600,\"height\":200}]}]]}]]}]}]}]}]],[],[]]],\"offers\":[\"__PAGE__\",{\"children\":[\"__PAGE__\",{},[[\"$a\",\"$L11\"],null],null]},[\"$\",\"$L7\",null,{\"parallelRouterKey\":\"children\",\"segmentPath\":[\"children\",\"product\",\"children\",\"$8\",\"offers\",\"__PAGE__\",\"children\"],\"error\":\"$undefined\",\"errorStyles\":\"$undefined\",\"errorScripts\":\"$undefined\",\"template\":[\"$\",\"$L9\",null,{}],\"templateStyles\":\"$undefined\",\"templateScripts\":\"$undefined\",\"notFound\":\"$undefined\",\"notFoundStyles\":\"$undefined\",\"styles\":null}],[[[\"$\",\"$Lc\",null,{\"sx\":{\"display\":{\"xs\":\"flex\",\"md\":\"none\"}},\"children\":[\"$\",\"$Ld\",null,{\"spacing\":2,\"width\":\"100%\",\"pt\":2,\"children\":[[\"$\",\"$Le\",null,{\"variant\":\"rounded\",\"width\":\"100%\",\"height\":30}],[[\"$\",\"$Le\",\"0\",{\"width\":\"100%\",\"height\":80,\"variant\":\"rounded\"}],[\"$\",\"$Le\",\"1\",{\"width\":\"100%\",\"height\":80,\"variant\":\"rounded\"}],[\"$\",\"$Le\",\"2\",{\"width\":\"100%\",\"height\":80,\"variant\":\"rounded\"}],[\"$\",\"$Le\",\"3\",{\"width\":\"100%\",\"height\":80,\"variant\":\"rounded\"}],[\"$\",\"$Le\",\"4\",{\"width\":\"100%\",\"height\":80,\"variant\":\"rounded\"}]]]}]}],[\"$\",\"$Lc\",null,{\"sx\":{\"display\":{\"xs\":\"none\",\"md\":\"flex\"}},\"children\":[\"$\",\"$Ld\",null,{\"spacing\":2,\"my\":2,\"width\":\"100%\",\"children\":[[\"$\",\"$Le\",null,{\"variant\":\"rounded\",\"width\":280,\"height\":30}],[\"$\",\"$Ld\",null,{\"spacing\":2,\"children\":[[\"$\",\"$Le\",\"0\",{\"width\":\"100%\",\"height\":60,\"variant\":\"rounded\"}],[\"$\",\"$Le\",\"1\",{\"width\":\"100%\",\"height\":60,\"variant\":\"rounded\"}],[\"$\",\"$Le\",\"2\",{\"width\":\"100%\",\"height\":60,\"variant\":\"rounded\"}],[\"$\",\"$Le\",\"3\",{\"width\":\"100%\",\"height\":60,\"variant\":\"rounded\"}],[\"$\",\"$Le\",\"4\",{\"width\":\"100%\",\"height\":60,\"variant\":\"rounded\"}],[\"$\",\"$Le\",\"5\",{\"width\":\"100%\",\"height\":60,\"variant\":\"rounded\"}],[\"$\",\"$Le\",\"6\",{\"width\":\"100%\",\"height\":60,\"variant\":\"rounded\"}],[\"$\",\"$Le\",\"7\",{\"width\":\"100%\",\"height\":60,\"variant\":\"rounded\"}],[\"$\",\"$Le\",\"8\",{\"width\":\"100%\",\"height\":60,\"variant\":\"rounded\"}],[\"$\",\"$Le\",\"9\",{\"width\":\"100%\",\"height\":60,\"variant\":\"rounded\"}]]}]]}]}]],[],[]]],\"children\":[\"__DEFAULT__\",{},[[\"$a\",\"$L12\"],null],null]},[[\"$\",\"$Lc\",null,{\"children\":[[\"$\",\"$Lc\",null,{\"sx\":{\"bgcolor\":\"background.paper\",\"boxShadow\":\"0 2px 4px rgba(0,0,0,0.1)\"},\"pt\":2,\"children\":[\"$\",\"$Lf\",null,{\"children\":[[\"$\",\"$L7\",null,{\"parallelRouterKey\":\"category\",\"segmentPath\":[\"children\",\"product\",\"children\",\"$8\",\"category\"],\"error\":\"$undefined\",\"errorStyles\":\"$undefined\",\"errorScripts\":\"$undefined\",\"template\":[\"$\",\"$L9\",null,{}],\"templateStyles\":\"$undefined\",\"templateScripts\":\"$undefined\",\"notFound\":\"$undefined\",\"notFoundStyles\":\"$undefined\",\"styles\":null}],[\"$\",\"$L7\",null,{\"parallelRouterKey\":\"info\",\"segmentPath\":[\"children\",\"product\",\"children\",\"$8\",\"info\"],\"error\":\"$undefined\",\"errorStyles\":\"$undefined\",\"errorScripts\":\"$undefined\",\"template\":[\"$\",\"$L9\",null,{}],\"templateStyles\":\"$undefined\",\"templateScripts\":\"$undefined\",\"notFound\":\"$undefined\",\"notFoundStyles\":\"$undefined\",\"styles\":null}]]}]}],[\"$\",\"$Lf\",null,{\"children\":[\"$\",\"$L7\",null,{\"parallelRouterKey\":\"offers\",\"segmentPath\":[\"children\",\"product\",\"children\",\"$8\",\"offers\"],\"error\":\"$undefined\",\"errorStyles\":\"$undefined\",\"errorScripts\":\"$undefined\",\"template\":[\"$\",\"$L9\",null,{}],\"templateStyles\":\"$undefined\",\"templateScripts\":\"$undefined\",\"notFound\":\"$undefined\",\"notFoundStyles\":\"$undefined\",\"styles\":null}]}]]}],null],null]},[\"$\",\"$L7\",null,{\"parallelRouterKey\":\"children\",\"segmentPath\":[\"children\",\"product\",\"children\"],\"error\":\"$undefined\",\"errorStyles\":\"$undefined\",\"errorScripts\":\"$undefined\",\"template\":[\"$\",\"$L9\",null,{}],\"templateStyles\":\"$undefined\",\"templateScripts\":\"$undefined\",\"notFound\":\"$undefined\",\"notFoundStyles\":\"$undefined\",\"styles\":null}],null]},[[\"$\",\"html\",null,{\"lang\":\"en\",\"className\":\"__className_6b8127\",\"children\":[[\"$\",\"body\",null,{\"children\":[[\"$\",\"$L13\",null,{\"options\":{\"enableCssLayer\":true},\"children\":[\"$\",\"$L14\",null,{\"children\":[\"$\",\"$L15\",null,{\"children\":[\"$\",\"$L16\",null,{\"children\":[\"$\",\"$L17\",null,{\"children\":[\"$\",\"$L18\",null,{\"children\":[\"$\",\"$L19\",null,{\"children\":[\"$\",\"$Ld\",null,{\"sx\":{\"minHeight\":\"100vh\",\"display\":\"flex\",\"flexDirection\":\"column\"},\"children\":[\"$L1a\",[\"$\",\"$Lc\",null,{\"sx\":{\"mt\":8,\"flex\":1},\"children\":[\"$\",\"$L7\",null,{\"parallelRouterKey\":\"children\",\"segmentPath\":[\"children\"],\"error\":\"$undefined\",\"errorStyles\":\"$undefined\",\"errorScripts\":\"$undefined\",\"template\":[\"$\",\"$L9\",null,{}],\"templateStyles\":\"$undefined\",\"templateScripts\":\"$undefined\",\"notFound\":[\"$\",\"$L1b\",null,{}],\"notFoundStyles\":[],\"styles\":null}]}],[\"$\",\"$L1c\",null,{}]]}]}]}]}]}]}]}]}],[\"$\",\"$L1d\",null,{\"gaId\":\"G-M91Z4R0XFN\"}]]}],[\"$\",\"$L1e\",null,{\"async\":true,\"strategy\":\"lazyOnload\",\"src\":\"https://pagead2.googlesyndication.com/pagead/js/adsbygoogle.js?client=ca-pub-3043658465039401\",\"crossOrigin\":\"anonymous\"}]]}],null],null],\"couldBeIntercepted\":false,\"initialHead\":[null,\"$L1f\"],\"globalErrorComponent\":\"$20\",\"missingSlots\":\"$W21\"}]]\n"])
self.__next_f.push([1,"12:E{\"digest\":\"NEXT_NOT_FOUND\"}\n"])
self.__next_f.push([1,"22:I[5821,[\"3655\",\"static/chunks/3655-f78e4e363a5541d0.js\",\"6290\",\"static/chunks/6290-2a8ce89a0b5a3df8.js\",\"6381\",\"static/chunks/6381-2b873addadcb95f3.js\",\"6310\",\"static/chunks/6310-99207018fb617736.js\",\"5469\",\"static/chunks/5469-d5f85e2b5dbb2663.js\",\"6341\",\"static/chunks/6341-ca54939c2b36d77d.js\",\"6252\",\"static/chunks/6252-920c83842bca245b.js\",\"6574\",\"static/chunks/6574-85b13196e7d2f55e.js\",\"307\",\"static/chunks/307-cefa9bd2f7381bf5.js\",\"2665\",\"static/chunks/2665-2d172eda87a962e3.js\",\"684\",\"static/chunks/684-7de3c401504b82a2.js\",\"7269\",\"static/chunks/7269-a4bddb872ba784d5.js\",\"8327\",\"static/chunks/8327-5596df2c7a80e7eb.js\",\"5135\",\"static/chunks/5135-e150b38f04bc4ae4.js\",\"5127\",\"static/chunks/5127-7de194f1c35db063.js\",\"5805\",\"static/chunks/5805-5009d17ba83b5e07.js\",\"3185\",\"static/chunks/app/layout-0606493c769120ee.js\"],\"\"]\n23:I[6063,[\"3655\",\"static/chunks/3655-f78e4e363a5541d0.js\",\"6290\",\"static/chunks/6290-2a8ce89a0b5a3df8.js\",\"6381\",\"static/chunks/6381-2b873addadcb95f3.js\",\"6310\",\"static/chunks/6310-99207018fb617736.js\",\"5469\",\"static/chunks/5469-d5f85e2b5dbb2663.js\",\"6341\",\"static/chunks/6341-ca54939c2b36d77d.js\",\"6252\",\"static/chunks/6252-920c83842bca245b.js\",\"6574\",\"static/chunks/6574-85b13196e7d2f55e.js\",\"307\",\"static/chunks/307-cefa9bd2f7381bf5.js\",\"2665\",\"static/chunks/2665-2d172eda87a962e3.js\",\"684\",\"static/chunks/684-7de3c401504b82a2.js\",\"7269\",\"static/chunks/7269-a4bddb872ba784d5.js\",\"8327\",\"static/chunks/8327-5596df2c7a80e7eb.js\",\"5135\",\"static/chunks/5135-e150b38f04bc4ae4.js\",\"5127\",\"static/chunks/5127-7de194f1c35db063.js\",\"5805\",\"static/chunks/5805-5009d17ba83b5e07.js\",\"3185\",\"static/chunks/app/layout-0606493c769120ee.js\"],\"default\"]\n24:I[92163,[\"3655\",\"static/chunks/3655-f78e4e363a5541d0.js\",\"6290\",\"static/chunks/6290-2a8ce89a0b5a3df8.js\",\"6381\",\"static/chunks/6381-2b873addadcb95f3.js\",\"6310\",\"static/chunks/6310-99207018fb617736.js\",\"5469\",\"static/chunks/5469-d5f85e2b5dbb2663.js\",\"6341\",\"static/chunks/6341-ca54939c2b36d77d.js\",\"6252\",\"static/chunks/6252-920c83842bca245b.js\",\"6574\",\"static/chunks/657"])
self.__next_f.push([1,"4-85b13196e7d2f55e.js\",\"307\",\"static/chunks/307-cefa9bd2f7381bf5.js\",\"2665\",\"static/chunks/2665-2d172eda87a962e3.js\",\"684\",\"static/chunks/684-7de3c401504b82a2.js\",\"7269\",\"static/chunks/7269-a4bddb872ba784d5.js\",\"8327\",\"static/chunks/8327-5596df2c7a80e7eb.js\",\"5135\",\"static/chunks/5135-e150b38f04bc4ae4.js\",\"5127\",\"static/chunks/5127-7de194f1c35db063.js\",\"5805\",\"static/chunks/5805-5009d17ba83b5e07.js\",\"3185\",\"static/chunks/app/layout-0606493c769120ee.js\"],\"default\"]\n25:I[5281,[\"3655\",\"static/chunks/3655-f78e4e363a5541d0.js\",\"6290\",\"static/chunks/6290-2a8ce89a0b5a3df8.js\",\"6381\",\"static/chunks/6381-2b873addadcb95f3.js\",\"6310\",\"static/chunks/6310-99207018fb617736.js\",\"5469\",\"static/chunks/5469-d5f85e2b5dbb2663.js\",\"6341\",\"static/chunks/6341-ca54939c2b36d77d.js\",\"6252\",\"static/chunks/6252-920c83842bca245b.js\",\"6574\",\"static/chunks/6574-85b13196e7d2f55e.js\",\"307\",\"static/chunks/307-cefa9bd2f7381bf5.js\",\"2665\",\"static/chunks/2665-2d172eda87a962e3.js\",\"684\",\"static/chunks/684-7de3c401504b82a2.js\",\"7269\",\"static/chunks/7269-a4bddb872ba784d5.js\",\"8327\",\"static/chunks/8327-5596df2c7a80e7eb.js\",\"5135\",\"static/chunks/5135-e150b38f04bc4ae4.js\",\"5127\",\"static/chunks/5127-7de194f1c35db063.js\",\"5805\",\"static/chunks/5805-5009d17ba83b5e07.js\",\"3185\",\"static/chunks/app/layout-0606493c769120ee.js\"],\"default\"]\n26:I[90996,[\"3655\",\"static/chunks/3655-f78e4e363a5541d0.js\",\"6290\",\"static/chunks/6290-2a8ce89a0b5a3df8.js\",\"6381\",\"static/chunks/6381-2b873addadcb95f3.js\",\"6310\",\"static/chunks/6310-99207018fb617736.js\",\"5469\",\"static/chunks/5469-d5f85e2b5dbb2663.js\",\"6341\",\"static/chunks/6341-ca54939c2b36d77d.js\",\"6252\",\"static/chunks/6252-920c83842bca245b.js\",\"6574\",\"static/chunks/6574-85b13196e7d2f55e.js\",\"307\",\"static/chunks/307-cefa9bd2f7381bf5.js\",\"2665\",\"static/chunks/2665-2d172eda87a962e3.js\",\"684\",\"static/chunks/684-7de3c401504b82a2.js\",\"7269\",\"static/chunks/7269-a4bddb872ba784d5.js\",\"8327\",\"static/chunks/8327-5596df2c7a80e7eb.js\",\"5135\",\"static/chunks/5135-e150b38f04bc4ae4.js\",\"5127\",\"static/chunks/5127-7de194f1c35db063.js\",\"5805\",\"st"])
self.__next_f.push([1,"atic/chunks/5805-5009d17ba83b5e07.js\",\"3185\",\"static/chunks/app/layout-0606493c769120ee.js\"],\"default\"]\n"])
self.__next_f.push([1,"1a:[\"$\",\"$L22\",null,{\"sx\":{\"backdropFilter\":\"blur(6px)\",\"backgroundColor\":\"rgba(255, 255, 255, 0.8)\",\"boxShadow\":\"0 2px 4px rgba(0,0,0,0.1)\"},\"children\":[\"$\",\"$Lf\",null,{\"children\":[[\"$\",\"$Ld\",null,{\"direction\":\"row\",\"alignItems\":\"center\",\"justifyContent\":\"space-between\",\"sx\":{\"display\":{\"xs\":\"flex\",\"md\":\"none\"},\"height\":64},\"children\":[[\"$\",\"$L23\",null,{\"isMobile\":true}],[\"$\",\"$L24\",null,{}]]}],[\"$\",\"$Ld\",null,{\"direction\":\"row\",\"alignItems\":\"center\",\"justifyContent\":\"space-between\",\"sx\":{\"display\":{\"xs\":\"none\",\"md\":\"flex\"},\"height\":64},\"children\":[[\"$\",\"$L23\",null,{}],[\"$\",\"$Lc\",null,{\"sx\":{\"display\":\"flex\",\"alignItems\":\"center\",\"gap\":2},\"children\":[[\"$\",\"$L25\",null,{\"trend\":0.235162889442607,\"history\":[{\"average_price_trend\":0.235162889442607,\"cycle\":{\"id\":722,\"cycle_timestamp\":\"$D2025-09-16T23:51:09.041Z\"}},{\"average_price_trend\":-0.3933975791444141,\"cycle\":{\"id\":721,\"cycle_timestamp\":\"$D2025-09-14T08:21:18.130Z\"}},{\"average_price_trend\":0.03076422666606666,\"cycle\":{\"id\":720,\"cycle_timestamp\":\"$D2025-09-13T12:04:33.238Z\"}},{\"average_price_trend\":0.1977091683052522,\"cycle\":{\"id\":719,\"cycle_timestamp\":\"$D2025-09-10T07:47:00.349Z\"}},{\"average_price_trend\":0.04236148797531323,\"cycle\":{\"id\":718,\"cycle_timestamp\":\"$D2025-09-06T06:54:04.013Z\"}},{\"average_price_trend\":0.487140901639648,\"cycle\":{\"id\":717,\"cycle_timestamp\":\"$D2025-09-03T22:06:25.743Z\"}},{\"average_price_trend\":0.6299343931703866,\"cycle\":{\"id\":716,\"cycle_timestamp\":\"$D2025-09-02T03:43:59.557Z\"}},{\"average_price_trend\":0.113508464842328,\"cycle\":{\"id\":715,\"cycle_timestamp\":\"$D2025-08-31T05:27:25.945Z\"}},{\"average_price_trend\":-0.5754341906543936,\"cycle\":{\"id\":714,\"cycle_timestamp\":\"$D2025-08-29T23:01:56.416Z\"}},{\"average_price_trend\":-0.1559035659718694,\"cycle\":{\"id\":713,\"cycle_timestamp\":\"$D2025-08-29T02:54:11.330Z\"}},{\"average_price_trend\":0.1019465491560324,\"cycle\":{\"id\":712,\"cycle_timestamp\":\"$D2025-08-26T02:50:00.523Z\"}},{\"average_price_trend\":-0.01461561512320754,\"cycle\":{\"id\":711,\"cycle_timestamp\":\"$D2025-08-23T14:42:35.806Z\"}},{\"average_price_trend\":0.08809242857108397,\"cycle\":{\"id\":710,\"cycle_timestamp\":\"$D2025-08-22T06:13:19.862Z\"}},{\"average_price_trend\":0.923648449936234,\"cycle\":{\"id\":709,\"cycle_timestamp\":\"$D2025-08-21T09:57:08.076Z\"}},{\"average_price_trend\":1.36612974824761,\"cycle\":{\"id\":708,\"cycle_timestamp\":\"$D2025-08-19T08:46:17.702Z\"}},{\"average_price_trend\":-0.01859939297230051,\"cycle\":{\"id\":707,\"cycle_timestamp\":\"$D2025-08-16T15:23:55.519Z\"}},{\"average_price_trend\":-1.438164423979347,\"cycle\":{\"id\":706,\"cycle_timestamp\":\"$D2025-08-15T02:13:45.730Z\"}},{\"average_price_trend\":-0.1492754721908467,\"cycle\":{\"id\":705,\"cycle_timestamp\":\"$D2025-08-14T06:11:54.445Z\"}},{\"average_price_trend\":-0.0814588900931564,\"cycle\":{\"id\":704,\"cycle_timestamp\":\"$D2025-08-08T09:30:50.961Z\"}},{\"average_price_trend\":0.06597306483095598,\"cycle\":{\"id\":703,\"cycle_timestamp\":\"$D2025-08-06T09:58:55.283Z\"}}]}],[\"$\",\"$L26\",null,{}]]}]]}]]}]}]\n"])
self.__next_f.push([1,"27:\"$Sreact.fragment\"\n29:I[6632,[\"3655\",\"static/chunks/3655-f78e4e363a5541d0.js\",\"6381\",\"static/chunks/6381-2b873addadcb95f3.js\",\"635\",\"static/chunks/635-de4a99a005c429a5.js\",\"5153\",\"static/chunks/app/product/%5Bslug%5D/@category/page-e562e2b22b747881.js\"],\"\"]\n2a:I[36049,[\"3655\",\"static/chunks/3655-f78e4e363a5541d0.js\",\"6381\",\"static/chunks/6381-2b873addadcb95f3.js\",\"635\",\"static/chunks/635-de4a99a005c429a5.js\",\"5153\",\"static/chunks/app/product/%5Bslug%5D/@category/page-e562e2b22b747881.js\"],\"\"]\n"])
self.__next_f.push([1,"28:[[\"$\",\"meta\",\"0\",{\"name\":\"viewport\",\"content\":\"width=device-width, initial-scale=1, maximum-scale=1\"}],[\"$\",\"meta\",\"1\",{\"charSet\":\"utf-8\"}],[\"$\",\"title\",\"2\",{\"children\":\"Motorola Moto G75 5G 256GB Grey with Buds - Price History, Comparison \u0026 Alerts | BuyWisely\"}],[\"$\",\"meta\",\"3\",{\"name\":\"description\",\"content\":\"Crafted from premium materials and featuring military-grade¹ durability, moto g75 5G is made for everyday life. Capture sharp photos and smooth videos using the... Compare prices, track history, set alerts on BuyWisely.\"}],[\"$\",\"meta\",\"4\",{\"name\":\"keywords\",\"content\":\"Motorola Moto G75 5G 256GB Grey with Buds, price comparison, price history, price alerts, best deals, online shopping, BuyWisely\"}],[\"$\",\"meta\",\"5\",{\"name\":\"robots\",\"content\":\"index, follow\"}],[\"$\",\"meta\",\"6\",{\"name\":\"googlebot\",\"content\":\"index, follow, max-video-preview:-1, max-image-preview:large, max-snippet:-1\"}],[\"$\",\"link\",\"7\",{\"rel\":\"canonical\",\"href\":\"https://buywisely.com.au/product/motorola-moto-g75-5g-256gb-grey-with-buds\"}],[\"$\",\"meta\",\"8\",{\"property\":\"og:title\",\"content\":\"Motorola Moto G75 5G 256GB Grey with Buds - Price History, Comparison \u0026 Alerts\"}],[\"$\",\"meta\",\"9\",{\"property\":\"og:description\",\"content\":\"Crafted from premium materials and featuring military-grade¹ durability, moto g75 5G is made for everyday life. Capture sharp photos and smooth videos using the... Compare prices, track history, set alerts on BuyWisely.\"}],[\"$\",\"meta\",\"10\",{\"property\":\"og:image\",\"content\":\"https://encrypted-tbn0.gstatic.com/shopping?q=tbn:ANd9GcTN0NDdrPCDIn9NaiVIb7vTMSRVKBOQbkBMTHJyb9dzqC_WY5IGMoYuvnsDtsI8XvfpsX50GHyVY5kvPm-1nSr2bXEkwcR1sLJr1IR1dAkwVcXTXGOCB8frf7o\"}],[\"$\",\"meta\",\"11\",{\"name\":\"twitter:card\",\"content\":\"summary_large_image\"}],[\"$\",\"meta\",\"12\",{\"name\":\"twitter:title\",\"content\":\"Price History, Comparison \u0026 Tracking | Save Money on Your Purchases\"}],[\"$\",\"meta\",\"13\",{\"name\":\"twitter:description\",\"content\":\"Track price history, compare prices, and set price alerts for products across 20,000+ online shops. BuyWisely helps you find the best deals and make informed buying decisions.\"}],[\"$\",\"meta\",\"14\",{\"name\":\"twitter:image\",\"content\":\"https://buywisely.com.au/assets/images/landing/preview.png\"}],[\"$\",\"meta\",\"15\",{\"name\":\"next-size-adjust\"}]]\n"])
self.__next_f.push([1,"1f:[\"$\",\"$27\",\"k4GjLZXGGia1x7jDr8PXF\",{\"children\":\"$28\"}]\n5:null\na:null\n6:[\"$\",\"$L29\",null,{\"sx\":{\"pb\":2},\"children\":[[\"$\",\"$L2a\",null,{\"underline\":\"hover\",\"color\":\"inherit\",\"href\":\"/\",\"children\":\"Home\"}],[[\"$\",\"$L2a\",\"0\",{\"underline\":\"hover\",\"color\":\"inherit\",\"href\":\"/category/New Arrivals\",\"children\":\"New Arrivals\"}]]]}]\n"])
self.__next_f.push([1,"2b:I[70760,[\"3655\",\"static/chunks/3655-f78e4e363a5541d0.js\",\"6290\",\"static/chunks/6290-2a8ce89a0b5a3df8.js\",\"6381\",\"static/chunks/6381-2b873addadcb95f3.js\",\"6310\",\"static/chunks/6310-99207018fb617736.js\",\"5469\",\"static/chunks/5469-d5f85e2b5dbb2663.js\",\"6341\",\"static/chunks/6341-ca54939c2b36d77d.js\",\"6252\",\"static/chunks/6252-920c83842bca245b.js\",\"6574\",\"static/chunks/6574-85b13196e7d2f55e.js\",\"307\",\"static/chunks/307-cefa9bd2f7381bf5.js\",\"2665\",\"static/chunks/2665-2d172eda87a962e3.js\",\"8393\",\"static/chunks/8393-4175fa3c3129adeb.js\",\"1682\",\"static/chunks/1682-b2e703b472c280ea.js\",\"9999\",\"static/chunks/9999-f564e2e7fc5b6c44.js\",\"4824\",\"static/chunks/4824-507f78e55d96f9dc.js\",\"1203\",\"static/chunks/app/product/%5Bslug%5D/@info/page-4236f2b80fc1d44c.js\"],\"default\"]\n2c:I[61165,[\"3655\",\"static/chunks/3655-f78e4e363a5541d0.js\",\"6290\",\"static/chunks/6290-2a8ce89a0b5a3df8.js\",\"6381\",\"static/chunks/6381-2b873addadcb95f3.js\",\"6310\",\"static/chunks/6310-99207018fb617736.js\",\"5469\",\"static/chunks/5469-d5f85e2b5dbb2663.js\",\"6341\",\"static/chunks/6341-ca54939c2b36d77d.js\",\"6252\",\"static/chunks/6252-920c83842bca245b.js\",\"6574\",\"static/chunks/6574-85b13196e7d2f55e.js\",\"307\",\"static/chunks/307-cefa9bd2f7381bf5.js\",\"2665\",\"static/chunks/2665-2d172eda87a962e3.js\",\"8393\",\"static/chunks/8393-4175fa3c3129adeb.js\",\"1682\",\"static/chunks/1682-b2e703b472c280ea.js\",\"9999\",\"static/chunks/9999-f564e2e7fc5b6c44.js\",\"4824\",\"static/chunks/4824-507f78e55d96f9dc.js\",\"1203\",\"static/chunks/app/product/%5Bslug%5D/@info/page-4236f2b80fc1d44c.js\"],\"H2\"]\n2d:I[67988,[\"3655\",\"static/chunks/3655-f78e4e363a5541d0.js\",\"6290\",\"static/chunks/6290-2a8ce89a0b5a3df8.js\",\"6381\",\"static/chunks/6381-2b873addadcb95f3.js\",\"6310\",\"static/chunks/6310-99207018fb617736.js\",\"5469\",\"static/chunks/5469-d5f85e2b5dbb2663.js\",\"6341\",\"static/chunks/6341-ca54939c2b36d77d.js\",\"6252\",\"static/chunks/6252-920c83842bca245b.js\",\"6574\",\"static/chunks/6574-85b13196e7d2f55e.js\",\"307\",\"static/chunks/307-cefa9bd2f7381bf5.js\",\"2665\",\"static/chunks/2665-2d172eda87a962e3.js\",\"8393\",\"static/chunks"])
self.__next_f.push([1,"/8393-4175fa3c3129adeb.js\",\"1682\",\"static/chunks/1682-b2e703b472c280ea.js\",\"9999\",\"static/chunks/9999-f564e2e7fc5b6c44.js\",\"4824\",\"static/chunks/4824-507f78e55d96f9dc.js\",\"1203\",\"static/chunks/app/product/%5Bslug%5D/@info/page-4236f2b80fc1d44c.js\"],\"\"]\n2e:I[66079,[\"3655\",\"static/chunks/3655-f78e4e363a5541d0.js\",\"6290\",\"static/chunks/6290-2a8ce89a0b5a3df8.js\",\"6381\",\"static/chunks/6381-2b873addadcb95f3.js\",\"6310\",\"static/chunks/6310-99207018fb617736.js\",\"5469\",\"static/chunks/5469-d5f85e2b5dbb2663.js\",\"6341\",\"static/chunks/6341-ca54939c2b36d77d.js\",\"6252\",\"static/chunks/6252-920c83842bca245b.js\",\"6574\",\"static/chunks/6574-85b13196e7d2f55e.js\",\"307\",\"static/chunks/307-cefa9bd2f7381bf5.js\",\"2665\",\"static/chunks/2665-2d172eda87a962e3.js\",\"8393\",\"static/chunks/8393-4175fa3c3129adeb.js\",\"1682\",\"static/chunks/1682-b2e703b472c280ea.js\",\"9999\",\"static/chunks/9999-f564e2e7fc5b6c44.js\",\"4824\",\"static/chunks/4824-507f78e55d96f9dc.js\",\"1203\",\"static/chunks/app/product/%5Bslug%5D/@info/page-4236f2b80fc1d44c.js\"],\"\"]\n2f:I[61165,[\"3655\",\"static/chunks/3655-f78e4e363a5541d0.js\",\"6290\",\"static/chunks/6290-2a8ce89a0b5a3df8.js\",\"6381\",\"static/chunks/6381-2b873addadcb95f3.js\",\"6310\",\"static/chunks/6310-99207018fb617736.js\",\"5469\",\"static/chunks/5469-d5f85e2b5dbb2663.js\",\"6341\",\"static/chunks/6341-ca54939c2b36d77d.js\",\"6252\",\"static/chunks/6252-920c83842bca245b.js\",\"6574\",\"static/chunks/6574-85b13196e7d2f55e.js\",\"307\",\"static/chunks/307-cefa9bd2f7381bf5.js\",\"2665\",\"static/chunks/2665-2d172eda87a962e3.js\",\"8393\",\"static/chunks/8393-4175fa3c3129adeb.js\",\"1682\",\"static/chunks/1682-b2e703b472c280ea.js\",\"9999\",\"static/chunks/9999-f564e2e7fc5b6c44.js\",\"4824\",\"static/chunks/4824-507f78e55d96f9dc.js\",\"1203\",\"static/chunks/app/product/%5Bslug%5D/@info/page-4236f2b80fc1d44c.js\"],\"H6\"]\n30:I[74191,[\"3655\",\"static/chunks/3655-f78e4e363a5541d0.js\",\"6290\",\"static/chunks/6290-2a8ce89a0b5a3df8.js\",\"6381\",\"static/chunks/6381-2b873addadcb95f3.js\",\"6310\",\"static/chunks/6310-99207018fb617736.js\",\"5469\",\"static/chunks/5469-d5f85e2b5dbb2663.js\",\"6341\",\"stati"])
self.__next_f.push([1,"c/chunks/6341-ca54939c2b36d77d.js\",\"6252\",\"static/chunks/6252-920c83842bca245b.js\",\"6574\",\"static/chunks/6574-85b13196e7d2f55e.js\",\"307\",\"static/chunks/307-cefa9bd2f7381bf5.js\",\"2665\",\"static/chunks/2665-2d172eda87a962e3.js\",\"8393\",\"static/chunks/8393-4175fa3c3129adeb.js\",\"1682\",\"static/chunks/1682-b2e703b472c280ea.js\",\"9999\",\"static/chunks/9999-f564e2e7fc5b6c44.js\",\"4824\",\"static/chunks/4824-507f78e55d96f9dc.js\",\"1203\",\"static/chunks/app/product/%5Bslug%5D/@info/page-4236f2b80fc1d44c.js\"],\"default\"]\n31:I[61165,[\"3655\",\"static/chunks/3655-f78e4e363a5541d0.js\",\"6290\",\"static/chunks/6290-2a8ce89a0b5a3df8.js\",\"6381\",\"static/chunks/6381-2b873addadcb95f3.js\",\"6310\",\"static/chunks/6310-99207018fb617736.js\",\"5469\",\"static/chunks/5469-d5f85e2b5dbb2663.js\",\"6341\",\"static/chunks/6341-ca54939c2b36d77d.js\",\"6252\",\"static/chunks/6252-920c83842bca245b.js\",\"6574\",\"static/chunks/6574-85b13196e7d2f55e.js\",\"307\",\"static/chunks/307-cefa9bd2f7381bf5.js\",\"2665\",\"static/chunks/2665-2d172eda87a962e3.js\",\"8393\",\"static/chunks/8393-4175fa3c3129adeb.js\",\"1682\",\"static/chunks/1682-b2e703b472c280ea.js\",\"9999\",\"static/chunks/9999-f564e2e7fc5b6c44.js\",\"4824\",\"static/chunks/4824-507f78e55d96f9dc.js\",\"1203\",\"static/chunks/app/product/%5Bslug%5D/@info/page-4236f2b80fc1d44c.js\"],\"Paragraph\"]\n32:I[40958,[\"3655\",\"static/chunks/3655-f78e4e363a5541d0.js\",\"6290\",\"static/chunks/6290-2a8ce89a0b5a3df8.js\",\"6381\",\"static/chunks/6381-2b873addadcb95f3.js\",\"6310\",\"static/chunks/6310-99207018fb617736.js\",\"5469\",\"static/chunks/5469-d5f85e2b5dbb2663.js\",\"6341\",\"static/chunks/6341-ca54939c2b36d77d.js\",\"6252\",\"static/chunks/6252-920c83842bca245b.js\",\"6574\",\"static/chunks/6574-85b13196e7d2f55e.js\",\"307\",\"static/chunks/307-cefa9bd2f7381bf5.js\",\"2665\",\"static/chunks/2665-2d172eda87a962e3.js\",\"8393\",\"static/chunks/8393-4175fa3c3129adeb.js\",\"1682\",\"static/chunks/1682-b2e703b472c280ea.js\",\"9999\",\"static/chunks/9999-f564e2e7fc5b6c44.js\",\"4824\",\"static/chunks/4824-507f78e55d96f9dc.js\",\"1203\",\"static/chunks/app/product/%5Bslug%5D/@info/page-4236f2b80fc1d44c.js\"],\"default\""])
self.__next_f.push([1,"]\n51:I[61165,[\"3655\",\"static/chunks/3655-f78e4e363a5541d0.js\",\"6290\",\"static/chunks/6290-2a8ce89a0b5a3df8.js\",\"6381\",\"static/chunks/6381-2b873addadcb95f3.js\",\"6310\",\"static/chunks/6310-99207018fb617736.js\",\"5469\",\"static/chunks/5469-d5f85e2b5dbb2663.js\",\"6341\",\"static/chunks/6341-ca54939c2b36d77d.js\",\"6252\",\"static/chunks/6252-920c83842bca245b.js\",\"6574\",\"static/chunks/6574-85b13196e7d2f55e.js\",\"307\",\"static/chunks/307-cefa9bd2f7381bf5.js\",\"2665\",\"static/chunks/2665-2d172eda87a962e3.js\",\"8393\",\"static/chunks/8393-4175fa3c3129adeb.js\",\"1682\",\"static/chunks/1682-b2e703b472c280ea.js\",\"9999\",\"static/chunks/9999-f564e2e7fc5b6c44.js\",\"4824\",\"static/chunks/4824-507f78e55d96f9dc.js\",\"1203\",\"static/chunks/app/product/%5Bslug%5D/@info/page-4236f2b80fc1d44c.js\"],\"H4\"]\n52:I[97452,[\"3655\",\"static/chunks/3655-f78e4e363a5541d0.js\",\"6290\",\"static/chunks/6290-2a8ce89a0b5a3df8.js\",\"6381\",\"static/chunks/6381-2b873addadcb95f3.js\",\"6310\",\"static/chunks/6310-99207018fb617736.js\",\"5469\",\"static/chunks/5469-d5f85e2b5dbb2663.js\",\"6341\",\"static/chunks/6341-ca54939c2b36d77d.js\",\"6252\",\"static/chunks/6252-920c83842bca245b.js\",\"6574\",\"static/chunks/6574-85b13196e7d2f55e.js\",\"307\",\"static/chunks/307-cefa9bd2f7381bf5.js\",\"2665\",\"static/chunks/2665-2d172eda87a962e3.js\",\"8393\",\"static/chunks/8393-4175fa3c3129adeb.js\",\"1682\",\"static/chunks/1682-b2e703b472c280ea.js\",\"9999\",\"static/chunks/9999-f564e2e7fc5b6c44.js\",\"4824\",\"static/chunks/4824-507f78e55d96f9dc.js\",\"1203\",\"static/chunks/app/product/%5Bslug%5D/@info/page-4236f2b80fc1d44c.js\"],\"\"]\n53:I[65469,[\"3655\",\"static/chunks/3655-f78e4e363a5541d0.js\",\"6290\",\"static/chunks/6290-2a8ce89a0b5a3df8.js\",\"6381\",\"static/chunks/6381-2b873addadcb95f3.js\",\"6310\",\"static/chunks/6310-99207018fb617736.js\",\"5469\",\"static/chunks/5469-d5f85e2b5dbb2663.js\",\"6341\",\"static/chunks/6341-ca54939c2b36d77d.js\",\"6252\",\"static/chunks/6252-920c83842bca245b.js\",\"6574\",\"static/chunks/6574-85b13196e7d2f55e.js\",\"307\",\"static/chunks/307-cefa9bd2f7381bf5.js\",\"2665\",\"static/chunks/2665-2d172eda87a962e3.js\",\"8393\",\"static/chunks/8393"])
self.__next_f.push([1,"-4175fa3c3129adeb.js\",\"1682\",\"static/chunks/1682-b2e703b472c280ea.js\",\"9999\",\"static/chunks/9999-f564e2e7fc5b6c44.js\",\"4824\",\"static/chunks/4824-507f78e55d96f9dc.js\",\"1203\",\"static/chunks/app/product/%5Bslug%5D/@info/page-4236f2b80fc1d44c.js\"],\"\"]\n54:I[77509,[\"3655\",\"static/chunks/3655-f78e4e363a5541d0.js\",\"6290\",\"static/chunks/6290-2a8ce89a0b5a3df8.js\",\"6381\",\"static/chunks/6381-2b873addadcb95f3.js\",\"6310\",\"static/chunks/6310-99207018fb617736.js\",\"5469\",\"static/chunks/5469-d5f85e2b5dbb2663.js\",\"6341\",\"static/chunks/6341-ca54939c2b36d77d.js\",\"6252\",\"static/chunks/6252-920c83842bca245b.js\",\"6574\",\"static/chunks/6574-85b13196e7d2f55e.js\",\"307\",\"static/chunks/307-cefa9bd2f7381bf5.js\",\"2665\",\"static/chunks/2665-2d172eda87a962e3.js\",\"8393\",\"static/chunks/8393-4175fa3c3129adeb.js\",\"1682\",\"static/chunks/1682-b2e703b472c280ea.js\",\"9999\",\"static/chunks/9999-f564e2e7fc5b6c44.js\",\"4824\",\"static/chunks/4824-507f78e55d96f9dc.js\",\"1203\",\"static/chunks/app/product/%5Bslug%5D/@info/page-4236f2b80fc1d44c.js\"],\"default\"]\n55:I[61165,[\"3655\",\"static/chunks/3655-f78e4e363a5541d0.js\",\"6290\",\"static/chunks/6290-2a8ce89a0b5a3df8.js\",\"6381\",\"static/chunks/6381-2b873addadcb95f3.js\",\"6310\",\"static/chunks/6310-99207018fb617736.js\",\"5469\",\"static/chunks/5469-d5f85e2b5dbb2663.js\",\"6341\",\"static/chunks/6341-ca54939c2b36d77d.js\",\"6252\",\"static/chunks/6252-920c83842bca245b.js\",\"6574\",\"static/chunks/6574-85b13196e7d2f55e.js\",\"307\",\"static/chunks/307-cefa9bd2f7381bf5.js\",\"2665\",\"static/chunks/2665-2d172eda87a962e3.js\",\"8393\",\"static/chunks/8393-4175fa3c3129adeb.js\",\"1682\",\"static/chunks/1682-b2e703b472c280ea.js\",\"9999\",\"static/chunks/9999-f564e2e7fc5b6c44.js\",\"4824\",\"static/chunks/4824-507f78e55d96f9dc.js\",\"1203\",\"static/chunks/app/product/%5Bslug%5D/@info/page-4236f2b80fc1d44c.js\"],\"H3\"]\n56:I[61165,[\"3655\",\"static/chunks/3655-f78e4e363a5541d0.js\",\"6290\",\"static/chunks/6290-2a8ce89a0b5a3df8.js\",\"6381\",\"static/chunks/6381-2b873addadcb95f3.js\",\"6310\",\"static/chunks/6310-99207018fb617736.js\",\"5469\",\"static/chunks/5469-d5f85e2b5dbb2663.js\",\"6341\",\"sta"])
self.__next_f.push([1,"tic/chunks/6341-ca54939c2b36d77d.js\",\"6252\",\"static/chunks/6252-920c83842bca245b.js\",\"6574\",\"static/chunks/6574-85b13196e7d2f55e.js\",\"307\",\"static/chunks/307-cefa9bd2f7381bf5.js\",\"2665\",\"static/chunks/2665-2d172eda87a962e3.js\",\"8393\",\"static/chunks/8393-4175fa3c3129adeb.js\",\"1682\",\"static/chunks/1682-b2e703b472c280ea.js\",\"9999\",\"static/chunks/9999-f564e2e7fc5b6c44.js\",\"4824\",\"static/chunks/4824-507f78e55d96f9dc.js\",\"1203\",\"static/chunks/app/product/%5Bslug%5D/@info/page-4236f2b80fc1d44c.js\"],\"Small\"]\n57:I[61165,[\"3655\",\"static/chunks/3655-f78e4e363a5541d0.js\",\"6290\",\"static/chunks/6290-2a8ce89a0b5a3df8.js\",\"6381\",\"static/chunks/6381-2b873addadcb95f3.js\",\"6310\",\"static/chunks/6310-99207018fb617736.js\",\"5469\",\"static/chunks/5469-d5f85e2b5dbb2663.js\",\"6341\",\"static/chunks/6341-ca54939c2b36d77d.js\",\"6252\",\"static/chunks/6252-920c83842bca245b.js\",\"6574\",\"static/chunks/6574-85b13196e7d2f55e.js\",\"307\",\"static/chunks/307-cefa9bd2f7381bf5.js\",\"2665\",\"static/chunks/2665-2d172eda87a962e3.js\",\"8393\",\"static/chunks/8393-4175fa3c3129adeb.js\",\"1682\",\"static/chunks/1682-b2e703b472c280ea.js\",\"9999\",\"static/chunks/9999-f564e2e7fc5b6c44.js\",\"4824\",\"static/chunks/4824-507f78e55d96f9dc.js\",\"1203\",\"static/chunks/app/product/%5Bslug%5D/@info/page-4236f2b80fc1d44c.js\"],\"H5\"]\n58:I[35658,[\"3655\",\"static/chunks/3655-f78e4e363a5541d0.js\",\"6290\",\"static/chunks/6290-2a8ce89a0b5a3df8.js\",\"6381\",\"static/chunks/6381-2b873addadcb95f3.js\",\"6310\",\"static/chunks/6310-99207018fb617736.js\",\"5469\",\"static/chunks/5469-d5f85e2b5dbb2663.js\",\"6341\",\"static/chunks/6341-ca54939c2b36d77d.js\",\"6252\",\"static/chunks/6252-920c83842bca245b.js\",\"6574\",\"static/chunks/6574-85b13196e7d2f55e.js\",\"307\",\"static/chunks/307-cefa9bd2f7381bf5.js\",\"2665\",\"static/chunks/2665-2d172eda87a962e3.js\",\"8393\",\"static/chunks/8393-4175fa3c3129adeb.js\",\"1682\",\"static/chunks/1682-b2e703b472c280ea.js\",\"9999\",\"static/chunks/9999-f564e2e7fc5b6c44.js\",\"4824\",\"static/chunks/4824-507f78e55d96f9dc.js\",\"1203\",\"static/chunks/app/product/%5Bslug%5D/@info/page-4236f2b80fc1d44c.js\"],\"Image\"]\n34:[]\n3"])
self.__next_f.push([1,"6:{\"gid\":\"15797211988331096831\",\"image\":\"https://encrypted-tbn0.gstatic.com/shopping?q=tbn:ANd9GcSMKJEcJ5xuZEACgvb5b-OsiulwL1b5Ivy7wbsYiJ3A2vpwsAhIjV_QMfs2iyap5nDsHiEzTcaeGYaz_I5WBRrUjD5abtI2D4WPYd1uowVZArHKnsIo95M\u0026usqp=CAY\"}\n37:{\"gid\":\"7830005719273689496\",\"image\":\"https://encrypted-tbn2.gstatic.com/shopping?q=tbn:ANd9GcRj65GJdYa0MGuv8L9RWAAJVks98kaBva-KPH34o7Nn8_xgtjFvHpEsyG-G9u_PAZwKCzR1UnPFs6JC5duNRu9kW-AZSxHpJQaql2ly1iZ6Cl09iaqRzqc\u0026usqp=CAY\"}\n38:{\"gid\":\"10929348810251206946\",\"image\":\"https://encrypted-tbn3.gstatic.com/shopping?q=tbn:ANd9GcQktEYbdVk26_5fVXmkf85U_V4MhhlgNSCKuEGMaIHFomdm78AIUKXN6e8XyuLWwiqXOJc6OF55c3TRby_V36YYx0Twj-TArJEJ3e_Z\u0026usqp=CAY\"}\n35:[\"$36\",\"$37\",\"$38\"]\n39:[\"https://encrypted-tbn0.gstatic.com/shopping?q=tbn:ANd9GcSqDaT816y1UmPhBrzkea3Dn_Hh8yTT3fZX4XBtJEkQcCWOz-LJ1AMEbRRDBSKM-M061mIP09PmjUwBgDldhA0acuhIAop7lQ\u0026usqp=CAY\",\"https://encrypted-tbn3.gstatic.com/shopping?q=tbn:ANd9GcQfbnmIwlniWJ2_8uNp4bDf-6Ju-12jrovvM3RkZ_F8hYC0DcS85hBW3VZ9oCT7zcvdcW7cG-u8JHbZQMXKs0v2Co4aSaICOQ\u0026usqp=CAY\",\"https://encrypted-tbn0.gstatic.com/shopping?q=tbn:ANd9GcR8UqT2y3HwL6mbcrp9X3EK1qROspiqDkg2j-9eEDSoFr4zLWQaFn_YrCOAi5hlWIs3MKewSYZSOFGmiREKJJNSBeWTMR7I\u0026usqp=CAY\",\"https://encrypted-tbn3.gstatic.com/shopping?q=tbn:ANd9GcSqlFWOdYRimHwGbRJI5IbP1AoXqAoJxhYRcQyn_ApjOgs6Plh_8JB3o2ty4s-L5Cg5FksrYalJmjsHi8o23nCuDdFhKywx\u0026usqp=CAY\",\"https://encrypted-tbn3.gstatic.com/shopping?q=tbn:ANd9GcTGaMNVsjZ6wopAkoCqf1frqUqC33R2pndPv3vm8_EbCO6PYXg6BBsU3OD398cOK_BW1ThT4nJXKLSf30DZHd0mG8Zq0KPDnw\u0026usqp=CAY\",\"https://encrypted-tbn3.gstatic.com/shopping?q=tbn:ANd9GcSNnV_WMDGVD4l6oHYCubmAQT7jpJwR2zyu-MbXinPr0z2qL-TKjOS5KkDIYnN4Fn69kQ-BiBFAiYqv9rH5kvHsmNICBre4\u0026usqp=CAY\",\"https://encrypted-tbn3.gstatic.com/shopping?q=tbn:ANd9GcTT9EARYceKt_jqn9X4MH43Ey1bIDrsnZc5wPjG0wS-F-wQ9PJta1l4A-AxAAyko3Z5IvHSgO0_Gnn4enHFUQoYVIaWvMZk\u0026usqp=CAY\",\"https://encrypted-tbn0.gstatic.com/shopping?q=tbn:ANd9GcTpF9PimunMhlcnHfgzkn895rKQb35EW48PS-IM0lwnuADaF5tC3szKbe9ZkxnAHAXp6fnGEBkgzmDcz0ElPmL-WzR4HBShmg\u0026usqp=CAY\",\"https://encrypted-tbn2.gstatic.com/shopping?q=tbn:AN"])
self.__next_f.push([1,"d9GcT56PnF6Ir30ACBooV4QML9XqGxPMeS0UD-J-IOmt4RfpWkpWyt9SsenHDo-DCqfhurJ2kXsVOBsMMEV9L72XZYRPTuRv6C\u0026usqp=CAY\",\"https://encrypted-tbn2.gstatic.com/shopping?q=tbn:ANd9GcRG-GwVx5yd5FeS1o4JqlvUNwo3MPbl6Vc91YmWDI7TxsS8K17-ngY2Swkyvx_kAQg74KZJLwhOXKfvPq_3PHKWlmwNPzLPfg\u0026usqp=CAY\",\"https://encrypted-tbn0.gstatic.com/shopping?q=tbn:ANd9GcTcKKMgCXlJBxNH38rkCOoEjV0HdTnoWIilR_2EhskIJR6-4tF8CNhNhqIGSunQGyXQXvQG3Cy2lWEVq7bg-_x8LP0YeD6ZVQ\u0026usqp=CAY\",\"https://encrypted-tbn2.gstatic.com/shopping?q=tbn:ANd9GcSrenO1gNc233DGNWBIH4nRqrJPMwjW9ZIOfZ-NwBq8vYwNzpba6jAeRAkG5OVrB7tCPhPT_E-ODrd0HhJgHD33EjgK7MZTNA\u0026usqp=CAY\"]\n3b:{\"name\":\"Network\",\"value\":\"5G\"}\n3c:{\"name\":\"Sim Card Type\",\"value\":\"eSIM / Nano\"}\n3d:{\"name\":\"Operating System\",\"value\":\"Android 14\"}\n3e:{\"name\":\"Display\",\"value\":\"6.8 inches Full HD+\"}\n3f:{\"name\":\"Video Recording\",\"value\":\"4K\"}\n40:{\"name\":\"Phone Family\",\"value\":\"Moto g75\"}\n41:{\"name\":\"Expandable Storage\",\"value\":\"up to 1TB microSD card expandable\"}\n42:{\"name\":\"RAM Size\",\"value\":\"8GB\"}\n43:{\"name\":\"Bluetooth\",\"value\":\"5.4\"}\n44:{\"name\":\"GPS\",\"value\":\"GPS A-GPS LTEPP SUPL GLONASS Galileo QZSS BeiDou\"}\n45:{\"name\":\"Product Width (mm)\",\"value\":\"77.1\"}\n46:{\"name\":\"Product Height (mm)\",\"value\":\"165.95\"}\n47:{\"name\":\"Product Depth (mm)\",\"value\":\"7.99\"}\n48:{\"name\":\"Battery\",\"value\":\"5000mAh\"}\n49:{\"name\":\"Manufacturer's Warranty\",\"value\":\"2 Years\"}\n4a:{\"name\":\"Storage Size\",\"value\":\"256GB\"}\n4b:{\"name\":\"Colour\",\"value\":\"Charcoal Grey\"}\n4c:{\"name\":\"Display Resolution\",\"value\":\"2388 1080\"}\n4d:{\"name\":\"Weight (g)\",\"value\":\"180\"}\n4e:{\"name\":\"Front Camera\",\"value\":\"8MP\"}\n4f:{\"name\":\"Rear Camera\",\"value\":\"50MP\"}\n50:{\"name\":\"Release Year\",\"value\":\"2024\"}\n3a:[\"$3b\",\"$3c\",\"$3d\",\"$3e\",\"$3f\",\"$40\",\"$41\",\"$42\",\"$43\",\"$44\",\"$45\",\"$46\",\"$47\",\"$48\",\"$49\",\"$4a\",\"$4b\",\"$4c\",\"$4d\",\"$4e\",\"$4f\",\"$50\"]\n33:{\"title\":\"Motorola Moto G75 5G 256GB Grey with Buds\",\"image\":\"https://encrypted-tbn0.gstatic.com/shopping?q=tbn:ANd9GcTN0NDdrPCDIn9NaiVIb7vTMSRVKBOQbkBMTHJyb9dzqC_WY5IGMoYuvnsDtsI8XvfpsX50GHyVY5kvPm-1nSr2bXEkwcR1sLJr1IR1dAkwVcXTXGOCB8frf7o\",\"variants\":"])
self.__next_f.push([1,"\"$34\",\"colors\":\"$35\",\"thumbnails\":\"$39\",\"details\":\"Crafted from premium materials and featuring military-grade¹ durability, moto g75 5G is made for everyday life. Capture sharp photos and smooth videos using the Sony - LYTIA 600 camera with OIS. Enjoy endless entertainment on a super-bright 6.8\\\" Full HD+ display backed by Dolby Atmos sound. Plus, be the first to experience the efficiency of the latest Qualcomm Snapdragon processor, a 5000mAh battery with 30W TurboPower charging²,15W wireless charging³, and 256GB⁴ of built-in storage. And it comes bundled with moto buds earbuds, featuring a large dynamic driver, and Hi-Res Audio. Immerse yourself in music and movies, experiencing high-quality, balanced sound with enhanced bass.\",\"specs\":\"$3a\",\"id\":83429707,\"reviews_count\":976,\"reviews_rating\":\"4.5\",\"discount\":\"0\",\"offer_amount\":24,\"lowest_price\":\"391.00\",\"highest_price\":\"499.00\"}\n"])
self.__next_f.push([1,"b:[[\"$\",\"$L10\",null,{\"container\":true,\"justifyContent\":\"space-around\",\"spacing\":{\"xs\":0,\"md\":0},\"children\":[[\"$\",\"$L10\",null,{\"item\":true,\"md\":4,\"xs\":12,\"children\":[\"$\",\"$L2b\",null,{\"product\":{\"title\":\"Motorola Moto G75 5G 256GB Grey with Buds\",\"image\":\"https://encrypted-tbn0.gstatic.com/shopping?q=tbn:ANd9GcTN0NDdrPCDIn9NaiVIb7vTMSRVKBOQbkBMTHJyb9dzqC_WY5IGMoYuvnsDtsI8XvfpsX50GHyVY5kvPm-1nSr2bXEkwcR1sLJr1IR1dAkwVcXTXGOCB8frf7o\",\"variants\":[],\"colors\":[{\"gid\":\"15797211988331096831\",\"image\":\"https://encrypted-tbn0.gstatic.com/shopping?q=tbn:ANd9GcSMKJEcJ5xuZEACgvb5b-OsiulwL1b5Ivy7wbsYiJ3A2vpwsAhIjV_QMfs2iyap5nDsHiEzTcaeGYaz_I5WBRrUjD5abtI2D4WPYd1uowVZArHKnsIo95M\u0026usqp=CAY\"},{\"gid\":\"7830005719273689496\",\"image\":\"https://encrypted-tbn2.gstatic.com/shopping?q=tbn:ANd9GcRj65GJdYa0MGuv8L9RWAAJVks98kaBva-KPH34o7Nn8_xgtjFvHpEsyG-G9u_PAZwKCzR1UnPFs6JC5duNRu9kW-AZSxHpJQaql2ly1iZ6Cl09iaqRzqc\u0026usqp=CAY\"},{\"gid\":\"10929348810251206946\",\"image\":\"https://encrypted-tbn3.gstatic.com/shopping?q=tbn:ANd9GcQktEYbdVk26_5fVXmkf85U_V4MhhlgNSCKuEGMaIHFomdm78AIUKXN6e8XyuLWwiqXOJc6OF55c3TRby_V36YYx0Twj-TArJEJ3e_Z\u0026usqp=CAY\"}],\"thumbnails\":[\"https://encrypted-tbn0.gstatic.com/shopping?q=tbn:ANd9GcSqDaT816y1UmPhBrzkea3Dn_Hh8yTT3fZX4XBtJEkQcCWOz-LJ1AMEbRRDBSKM-M061mIP09PmjUwBgDldhA0acuhIAop7lQ\u0026usqp=CAY\",\"https://encrypted-tbn3.gstatic.com/shopping?q=tbn:ANd9GcQfbnmIwlniWJ2_8uNp4bDf-6Ju-12jrovvM3RkZ_F8hYC0DcS85hBW3VZ9oCT7zcvdcW7cG-u8JHbZQMXKs0v2Co4aSaICOQ\u0026usqp=CAY\",\"https://encrypted-tbn0.gstatic.com/shopping?q=tbn:ANd9GcR8UqT2y3HwL6mbcrp9X3EK1qROspiqDkg2j-9eEDSoFr4zLWQaFn_YrCOAi5hlWIs3MKewSYZSOFGmiREKJJNSBeWTMR7I\u0026usqp=CAY\",\"https://encrypted-tbn3.gstatic.com/shopping?q=tbn:ANd9GcSqlFWOdYRimHwGbRJI5IbP1AoXqAoJxhYRcQyn_ApjOgs6Plh_8JB3o2ty4s-L5Cg5FksrYalJmjsHi8o23nCuDdFhKywx\u0026usqp=CAY\",\"https://encrypted-tbn3.gstatic.com/shopping?q=tbn:ANd9GcTGaMNVsjZ6wopAkoCqf1frqUqC33R2pndPv3vm8_EbCO6PYXg6BBsU3OD398cOK_BW1ThT4nJXKLSf30DZHd0mG8Zq0KPDnw\u0026usqp=CAY\",\"https://encrypted-tbn3.gstatic.com/shopping?q=tbn:ANd9GcSNnV_WMDGVD4l6oHYCubmAQT7jpJwR2zyu-MbXinPr0z2qL-TKjOS5KkDIYnN4Fn69kQ-BiBFAiYqv9rH5kvHsmNICBre4\u0026usqp=CAY\",\"https://encrypted-tbn3.gstatic.com/shopping?q=tbn:ANd9GcTT9EARYceKt_jqn9X4MH43Ey1bIDrsnZc5wPjG0wS-F-wQ9PJta1l4A-AxAAyko3Z5IvHSgO0_Gnn4enHFUQoYVIaWvMZk\u0026usqp=CAY\",\"https://encrypted-tbn0.gstatic.com/shopping?q=tbn:ANd9GcTpF9PimunMhlcnHfgzkn895rKQb35EW48PS-IM0lwnuADaF5tC3szKbe9ZkxnAHAXp6fnGEBkgzmDcz0ElPmL-WzR4HBShmg\u0026usqp=CAY\",\"https://encrypted-tbn2.gstatic.com/shopping?q=tbn:ANd9GcT56PnF6Ir30ACBooV4QML9XqGxPMeS0UD-J-IOmt4RfpWkpWyt9SsenHDo-DCqfhurJ2kXsVOBsMMEV9L72XZYRPTuRv6C\u0026usqp=CAY\",\"https://encrypted-tbn2.gstatic.com/shopping?q=tbn:ANd9GcRG-GwVx5yd5FeS1o4JqlvUNwo3MPbl6Vc91YmWDI7TxsS8K17-ngY2Swkyvx_kAQg74KZJLwhOXKfvPq_3PHKWlmwNPzLPfg\u0026usqp=CAY\",\"https://encrypted-tbn0.gstatic.com/shopping?q=tbn:ANd9GcTcKKMgCXlJBxNH38rkCOoEjV0HdTnoWIilR_2EhskIJR6-4tF8CNhNhqIGSunQGyXQXvQG3Cy2lWEVq7bg-_x8LP0YeD6ZVQ\u0026usqp=CAY\",\"https://encrypted-tbn2.gstatic.com/shopping?q=tbn:ANd9GcSrenO1gNc233DGNWBIH4nRqrJPMwjW9ZIOfZ-NwBq8vYwNzpba6jAeRAkG5OVrB7tCPhPT_E-ODrd0HhJgHD33EjgK7MZTNA\u0026usqp=CAY\"],\"details\":\"Crafted from premium materials and featuring military-grade¹ durability, moto g75 5G is made for everyday life. Capture sharp photos and smooth videos using the Sony - LYTIA 600 camera with OIS. Enjoy endless entertainment on a super-bright 6.8\\\" Full HD+ display backed by Dolby Atmos sound. Plus, be the first to experience the efficiency of the latest Qualcomm Snapdragon processor, a 5000mAh battery with 30W TurboPower charging²,15W wireless charging³, and 256GB⁴ of built-in storage. And it comes bundled with moto buds earbuds, featuring a large dynamic driver, and Hi-Res Audio. Immerse yourself in music and movies, experiencing high-quality, balanced sound with enhanced bass.\",\"specs\":[{\"name\":\"Network\",\"value\":\"5G\"},{\"name\":\"Sim Card Type\",\"value\":\"eSIM / Nano\"},{\"name\":\"Operating System\",\"value\":\"Android 14\"},{\"name\":\"Display\",\"value\":\"6.8 inches Full HD+\"},{\"name\":\"Video Recording\",\"value\":\"4K\"},{\"name\":\"Phone Family\",\"value\":\"Moto g75\"},{\"name\":\"Expandable Storage\",\"value\":\"up to 1TB microSD card expandable\"},{\"name\":\"RAM Size\",\"value\":\"8GB\"},{\"name\":\"Bluetooth\",\"value\":\"5.4\"},{\"name\":\"GPS\",\"value\":\"GPS A-GPS LTEPP SUPL GLONASS Galileo QZSS BeiDou\"},{\"name\":\"Product Width (mm)\",\"value\":\"77.1\"},{\"name\":\"Product Height (mm)\",\"value\":\"165.95\"},{\"name\":\"Product Depth (mm)\",\"value\":\"7.99\"},{\"name\":\"Battery\",\"value\":\"5000mAh\"},{\"name\":\"Manufacturer's Warranty\",\"value\":\"2 Years\"},{\"name\":\"Storage Size\",\"value\":\"256GB\"},{\"name\":\"Colour\",\"value\":\"Charcoal Grey\"},{\"name\":\"Display Resolution\",\"value\":\"2388 1080\"},{\"name\":\"Weight (g)\",\"value\":\"180\"},{\"name\":\"Front Camera\",\"value\":\"8MP\"},{\"name\":\"Rear Camera\",\"value\":\"50MP\"},{\"name\":\"Release Year\",\"value\":\"2024\"}],\"id\":83429707,\"reviews_count\":976,\"reviews_rating\":\"4.5\",\"discount\":\"0\",\"offer_amount\":24,\"lowest_price\":\"391.00\",\"highest_price\":\"499.00\"}}]}],[\"$\",\"$L10\",null,{\"item\":true,\"md\":8,\"xs\":12,\"children\":[\"$\",\"$Ld\",null,{\"px\":4,\"sx\":{\"display\":{\"xs\":\"none\",\"md\":\"flex\"}},\"children\":[[\"$\",\"$L2c\",null,{\"mb\":1,\"children\":\"Motorola Moto G75 5G 256GB Grey with Buds\"}],[\"$\",\"$Lc\",null,{\"display\":\"flex\",\"alignItems\":\"center\",\"gap\":1,\"children\":[[\"$\",\"$Lc\",null,{\"sx\":{\"display\":\"flex\",\"color\":\"#faaf00\"},\"children\":[[\"$\",\"$L2d\",\"1\",{\"sx\":{\"fontSize\":\"1.25rem\"}}],[\"$\",\"$L2d\",\"2\",{\"sx\":{\"fontSize\":\"1.25rem\"}}],[\"$\",\"$L2d\",\"3\",{\"sx\":{\"fontSize\":\"1.25rem\"}}],[\"$\",\"$L2d\",\"4\",{\"sx\":{\"fontSize\":\"1.25rem\"}}],[\"$\",\"$L2e\",\"5\",{\"sx\":{\"fontSize\":\"1.25rem\"}}]]}],[\"$\",\"$L2f\",null,{\"lineHeight\":\"1\",\"children\":[\"(\",\"976\",\" reviews)\"]}]]}],[\"$\",\"$Lc\",null,{\"my\":2,\"children\":[\"$\",\"$L30\",null,{\"content\":\"Crafted from premium materials and featuring military-grade¹ durability, moto g75 5G is made for everyday life. Capture sharp photos and smooth videos using the Sony - LYTIA 600 camera with OIS. Enjoy endless entertainment on a super-bright 6.8\\\" Full HD+ display backed by Dolby Atmos sound. Plus, be the first to experience the efficiency of the latest Qualcomm Snapdragon processor, a 5000mAh battery with 30W TurboPower charging²,15W wireless charging³, and 256GB⁴ of built-in storage. And it comes bundled with moto buds earbuds, featuring a large dynamic driver, and Hi-Res Audio. Immerse yourself in music and movies, experiencing high-quality, balanced sound with enhanced bass.\"}]}],[\"$\",\"$Lc\",null,{\"display\":\"flex\",\"alignItems\":\"center\",\"justifyContent\":\"space-between\",\"children\":[[\"$\",\"$Lc\",null,{\"display\":\"flex\",\"alignItems\":\"center\",\"children\":[[\"$\",\"$L2c\",null,{\"color\":\"primary.main\",\"mr\":2,\"children\":\"$$391.00 - $499.00\"}],[\"$\",\"$L31\",null,{\"children\":[\"in \",24,\" offers\"]}]]}],[\"$\",\"$L32\",null,{\"product\":\"$33\"}]]}],[\"$\",\"$Lc\",null,{\"display\":\"flex\",\"alignItems\":\"center\",\"my\":1,\"flexWrap\":\"wrap\",\"rowGap\":1,\"children\":[[\"$\",\"$L51\",null,{\"mr\":1,\"children\":\"Colour:\"}],[[\"$\",\"$Lc\",\"0\",{\"display\":\"flex\",\"justifyContent\":\"center\",\"alignItems\":\"center\",\"width\":48,\"height\":48,\"minWidth\":48,\"bgcolor\":\"white\",\"border\":\"1px solid\",\"borderRadius\":\"10px\",\"style\":{\"cursor\":\"unset\"},\"borderColor\":\"primary.main\",\"mr\":\"10px\",\"children\":[\"$\",\"$L52\",null,{\"title\":false,\"children\":[\"$\",\"$L53\",null,{\"href\":\"\",\"ref\":\"$undefined\",\"prefetch\":\"$undefined\",\"target\":\"_blank\",\"children\":[\"$\",\"$L54\",null,{\"src\":\"https://encrypted-tbn0.gstatic.com/shopping?q=tbn:ANd9GcSMKJEcJ5xuZEACgvb5b-OsiulwL1b5Ivy7wbsYiJ3A2vpwsAhIjV_QMfs2iyap5nDsHiEzTcaeGYaz_I5WBRrUjD5abtI2D4WPYd1uowVZArHKnsIo95M\u0026usqp=CAY\",\"alt\":\"Motorola Moto G75 5G 256GB Grey with Buds\",\"width\":40,\"height\":40,\"style\":{\"objectFit\":\"contain\"}}]}]}]}],[\"$\",\"$Lc\",\"1\",{\"display\":\"flex\",\"justifyContent\":\"center\",\"alignItems\":\"center\",\"width\":48,\"height\":48,\"minWidth\":48,\"bgcolor\":\"white\",\"border\":\"1px solid\",\"borderRadius\":\"10px\",\"style\":{\"cursor\":\"pointer\"},\"borderColor\":\"grey.400\",\"mr\":\"10px\",\"children\":[\"$\",\"$L52\",null,{\"title\":\"Motorola Moto G75 5G 256GB Blue with Buds\",\"children\":[\"$\",\"$L53\",null,{\"href\":\"/product/motorola-moto-g75-5g-256gb-blue-with-buds\",\"ref\":\"$undefined\",\"prefetch\":false,\"target\":\"_blank\",\"children\":[\"$\",\"$L54\",null,{\"src\":\"https://encrypted-tbn2.gstatic.com/shopping?q=tbn:ANd9GcRj65GJdYa0MGuv8L9RWAAJVks98kaBva-KPH34o7Nn8_xgtjFvHpEsyG-G9u_PAZwKCzR1UnPFs6JC5duNRu9kW-AZSxHpJQaql2ly1iZ6Cl09iaqRzqc\u0026usqp=CAY\",\"alt\":\"Motorola Moto G75 5G 256GB Blue with Buds\",\"width\":40,\"height\":40,\"style\":{\"objectFit\":\"contain\"}}]}]}]}],[\"$\",\"$Lc\",\"2\",{\"display\":\"flex\",\"justifyContent\":\"center\",\"alignItems\":\"center\",\"width\":48,\"height\":48,\"minWidth\":48,\"bgcolor\":\"white\",\"border\":\"1px solid\",\"borderRadius\":\"10px\",\"style\":{\"cursor\":\"pointer\"},\"borderColor\":\"grey.400\",\"mr\":\"auto\",\"children\":[\"$\",\"$L52\",null,{\"title\":\"Motorola Moto G75 5G 256GB - Succulent Green + Moto Buds\",\"children\":[\"$\",\"$L53\",null,{\"href\":\"/product/motorola-moto-g75-5g-256gb-succulent-green-moto-buds\",\"ref\":\"$undefined\",\"prefetch\":false,\"target\":\"_blank\",\"children\":[\"$\",\"$L54\",null,{\"src\":\"https://encrypted-tbn3.gstatic.com/shopping?q=tbn:ANd9GcQktEYbdVk26_5fVXmkf85U_V4MhhlgNSCKuEGMaIHFomdm78AIUKXN6e8XyuLWwiqXOJc6OF55c3TRby_V36YYx0Twj-TArJEJ3e_Z\u0026usqp=CAY\",\"alt\":\"Motorola Moto G75 5G 256GB - Succulent Green + Moto Buds\",\"width\":40,\"height\":40,\"style\":{\"objectFit\":\"contain\"}}]}]}]}]]]}],[]]}]}]]}],[\"$\",\"$Ld\",null,{\"pb\":2,\"sx\":{\"display\":{\"xs\":\"flex\",\"md\":\"none\"}},\"children\":[[\"$\",\"$L51\",null,{\"children\":\"Motorola Moto G75 5G 256GB Grey with Buds\"}],[\"$\",\"$Ld\",null,{\"direction\":\"row\",\"justifyContent\":\"flex-start\",\"my\":1,\"children\":[[\"$\",\"$L55\",null,{\"color\":\"primary.main\",\"mr\":2,\"children\":\"$$391.00\"}],[\"$\",\"$Lc\",null,{\"display\":\"flex\",\"alignItems\":\"center\",\"gap\":1,\"children\":[[\"$\",\"$Lc\",null,{\"sx\":{\"display\":\"flex\",\"color\":\"#faaf00\"},\"children\":[[\"$\",\"$L2d\",\"1\",{\"sx\":{\"fontSize\":\"1.25rem\"}}],[\"$\",\"$L2d\",\"2\",{\"sx\":{\"fontSize\":\"1.25rem\"}}],[\"$\",\"$L2d\",\"3\",{\"sx\":{\"fontSize\":\"1.25rem\"}}],[\"$\",\"$L2d\",\"4\",{\"sx\":{\"fontSize\":\"1.25rem\"}}],[\"$\",\"$L2e\",\"5\",{\"sx\":{\"fontSize\":\"1.25rem\"}}]]}],[\"$\",\"$L56\",null,{\"children\":[\"(\",\"976\",\" reviews)\"]}]]}]]}],[\"$\",\"$L30\",null,{\"content\":\"Crafted from premium materials and featuring military-grade¹ durability, moto g75 5G is made for everyday life. Capture sharp photos and smooth videos using the Sony - LYTIA 600 camera with OIS. Enjoy endless entertainment on a super-bright 6.8\\\" Full HD+ display backed by Dolby Atmos sound. Plus, be the first to experience the efficiency of the latest Qualcomm Snapdragon processor, a 5000mAh battery with 30W TurboPower charging²,15W wireless charging³, and 256GB⁴ of built-in storage. And it comes bundled with moto buds earbuds, featuring a large dynamic driver, and Hi-Res Audio. Immerse yourself in music and movies, experiencing high-quality, balanced sound with enhanced bass.\",\"fontSize\":14,\"maxHeight\":63}],[\"$\",\"$Lc\",null,{\"display\":\"flex\",\"sx\":{\"overflowX\":\"auto\",\"whiteSpace\":\"nowrap\",\"my\":1},\"children\":[\"$\",\"$Lc\",null,{\"display\":\"flex\",\"alignItems\":\"center\",\"children\":[[\"$\",\"$L57\",null,{\"mr\":1,\"children\":\"Colour:\"}],[[\"$\",\"$Lc\",\"0\",{\"display\":\"flex\",\"justifyContent\":\"center\",\"alignItems\":\"center\",\"width\":48,\"height\":48,\"minWidth\":48,\"bgcolor\":\"white\",\"border\":\"1px solid\",\"borderRadius\":\"10px\",\"style\":{\"cursor\":\"unset\"},\"borderColor\":\"primary.main\",\"mr\":\"6px\",\"children\":[\"$\",\"$L53\",null,{\"href\":\"\",\"ref\":\"$undefined\",\"prefetch\":\"$undefined\",\"target\":\"_blank\",\"children\":[\"$\",\"$L58\",null,{\"src\":\"https://encrypted-tbn0.gstatic.com/shopping?q=tbn:ANd9GcSMKJEcJ5xuZEACgvb5b-OsiulwL1b5Ivy7wbsYiJ3A2vpwsAhIjV_QMfs2iyap5nDsHiEzTcaeGYaz_I5WBRrUjD5abtI2D4WPYd1uowVZArHKnsIo95M\u0026usqp=CAY\",\"alt\":\"Motorola Moto G75 5G 256GB Grey with Buds\",\"width\":40,\"height\":40,\"style\":{\"objectFit\":\"contain\"}}]}]}],[\"$\",\"$Lc\",\"1\",{\"display\":\"flex\",\"justifyContent\":\"center\",\"alignItems\":\"center\",\"width\":48,\"height\":48,\"minWidth\":48,\"bgcolor\":\"white\",\"border\":\"1px solid\",\"borderRadius\":\"10px\",\"style\":{\"cursor\":\"pointer\"},\"borderColor\":\"grey.400\",\"mr\":\"6px\",\"children\":[\"$\",\"$L53\",null,{\"href\":\"/product/motorola-moto-g75-5g-256gb-blue-with-buds\",\"ref\":\"$undefined\",\"prefetch\":false,\"target\":\"_blank\",\"children\":[\"$\",\"$L58\",null,{\"src\":\"https://encrypted-tbn2.gstatic.com/shopping?q=tbn:ANd9GcRj65GJdYa0MGuv8L9RWAAJVks98kaBva-KPH34o7Nn8_xgtjFvHpEsyG-G9u_PAZwKCzR1UnPFs6JC5duNRu9kW-AZSxHpJQaql2ly1iZ6Cl09iaqRzqc\u0026usqp=CAY\",\"alt\":\"Motorola Moto G75 5G 256GB Blue with Buds\",\"width\":40,\"height\":40,\"style\":{\"objectFit\":\"contain\"}}]}]}],[\"$\",\"$Lc\",\"2\",{\"display\":\"flex\",\"justifyContent\":\"center\",\"alignItems\":\"center\",\"width\":48,\"height\":48,\"minWidth\":48,\"bgcolor\":\"white\",\"border\":\"1px solid\",\"borderRadius\":\"10px\",\"style\":{\"cursor\":\"pointer\"},\"borderColor\":\"grey.400\",\"mr\":\"auto\",\"children\":[\"$\",\"$L53\",null,{\"href\":\"/product/motorola-moto-g75-5g-256gb-succulent-green-moto-buds\",\"ref\":\"$undefined\",\"prefetch\":false,\"target\":\"_blank\",\"children\":[\"$\",\"$L58\",null,{\"src\":\"https://encrypted-tbn3.gstatic.com/shopping?q=tbn:ANd9GcQktEYbdVk26_5fVXmkf85U_V4MhhlgNSCKuEGMaIHFomdm78AIUKXN6e8XyuLWwiqXOJc6OF55c3TRby_V36YYx0Twj-TArJEJ3e_Z\u0026usqp=CAY\",\"alt\":\"Motorola Moto G75 5G 256GB - Succulent Green + Moto Buds\",\"width\":40,\"height\":40,\"style\":{\"objectFit\":\"contain\"}}]}]}]]]}]}],[\"$\",\"$Lc\",null,{\"children\":false}]]}]]\n"])
self.__next_f.push([1,"59:I[65161,[\"3655\",\"static/chunks/3655-f78e4e363a5541d0.js\",\"6290\",\"static/chunks/6290-2a8ce89a0b5a3df8.js\",\"6381\",\"static/chunks/6381-2b873addadcb95f3.js\",\"6310\",\"static/chunks/6310-99207018fb617736.js\",\"5469\",\"static/chunks/5469-d5f85e2b5dbb2663.js\",\"6341\",\"static/chunks/6341-ca54939c2b36d77d.js\",\"6252\",\"static/chunks/6252-920c83842bca245b.js\",\"6574\",\"static/chunks/6574-85b13196e7d2f55e.js\",\"307\",\"static/chunks/307-cefa9bd2f7381bf5.js\",\"2665\",\"static/chunks/2665-2d172eda87a962e3.js\",\"684\",\"static/chunks/684-7de3c401504b82a2.js\",\"8393\",\"static/chunks/8393-4175fa3c3129adeb.js\",\"7269\",\"static/chunks/7269-a4bddb872ba784d5.js\",\"3691\",\"static/chunks/3691-4bb5861e2d594f2b.js\",\"8368\",\"static/chunks/8368-d0cd9f9fca0712a7.js\",\"1682\",\"static/chunks/1682-b2e703b472c280ea.js\",\"2917\",\"static/chunks/2917-184ec9877565fafd.js\",\"4824\",\"static/chunks/4824-507f78e55d96f9dc.js\",\"7614\",\"static/chunks/app/product/%5Bslug%5D/@offers/page-8d4c61690e8d9066.js\"],\"default\"]\n5a:T6c8,Bought this for my daughter and I'm very impressed. The camera is more than capable for daylight photos and selfies. The processor and RAM are fast enough. I compared APP loading and camera launching vs my Samsung Ultra and there's little difference for normal use (processing video or intense gaming you can see a difference, but in normal use, they're close).It's a little on the big side, especially for a child, but the Military toughness and optional screen repair service make up for that. The battery beats my Samsung phone in real every day use hands down.Absolute standout feature for me is Wireless Charging. This means the phone is left on our charger in the living room, and doesn't go up to bedrooms in the evening. Google Family Link works well too.Overall ... MoreBought this for my daughter and I'm very impressed. The camera is more than capable for daylight photos and selfies. The processor and RAM are fast enough. I compared APP loading and camera launching vs my Samsung Ultra and there's little difference for normal use (processing video or intense gam"])
self.__next_f.push([1,"ing you can see a difference, but in normal use, they're close).It's a little on the big side, especially for a child, but the Military toughness and optional screen repair service make up for that. The battery beats my Samsung phone in real every day use hands down.Absolute standout feature for me is Wireless Charging. This means the phone is left on our charger in the living room, and doesn't go up to bedrooms in the evening. Google Family Link works well too.Overall really impressed with the quality, features and toughness. Oh, and finally Motorola have guaranteed a few years updates, I wouldn't have bought it without the new Android Update policy."])
self.__next_f.push([1,"11:[\"$\",\"$L59\",null,{\"product\":{\"id\":83429707,\"gid\":\"15797211988331096831\",\"title\":\"Motorola Moto G75 5G 256GB Grey with Buds\",\"image\":\"https://encrypted-tbn0.gstatic.com/shopping?q=tbn:ANd9GcTN0NDdrPCDIn9NaiVIb7vTMSRVKBOQbkBMTHJyb9dzqC_WY5IGMoYuvnsDtsI8XvfpsX50GHyVY5kvPm-1nSr2bXEkwcR1sLJr1IR1dAkwVcXTXGOCB8frf7o\",\"created_at\":\"$D2024-11-30T20:11:12.579Z\",\"updated_at\":\"$D2024-12-01T03:20:16.117Z\",\"slug\":\"motorola-moto-g75-5g-256gb-grey-with-buds\",\"thumbnails\":[\"https://encrypted-tbn0.gstatic.com/shopping?q=tbn:ANd9GcSqDaT816y1UmPhBrzkea3Dn_Hh8yTT3fZX4XBtJEkQcCWOz-LJ1AMEbRRDBSKM-M061mIP09PmjUwBgDldhA0acuhIAop7lQ\u0026usqp=CAY\",\"https://encrypted-tbn3.gstatic.com/shopping?q=tbn:ANd9GcQfbnmIwlniWJ2_8uNp4bDf-6Ju-12jrovvM3RkZ_F8hYC0DcS85hBW3VZ9oCT7zcvdcW7cG-u8JHbZQMXKs0v2Co4aSaICOQ\u0026usqp=CAY\",\"https://encrypted-tbn0.gstatic.com/shopping?q=tbn:ANd9GcR8UqT2y3HwL6mbcrp9X3EK1qROspiqDkg2j-9eEDSoFr4zLWQaFn_YrCOAi5hlWIs3MKewSYZSOFGmiREKJJNSBeWTMR7I\u0026usqp=CAY\",\"https://encrypted-tbn3.gstatic.com/shopping?q=tbn:ANd9GcSqlFWOdYRimHwGbRJI5IbP1AoXqAoJxhYRcQyn_ApjOgs6Plh_8JB3o2ty4s-L5Cg5FksrYalJmjsHi8o23nCuDdFhKywx\u0026usqp=CAY\",\"https://encrypted-tbn3.gstatic.com/shopping?q=tbn:ANd9GcTGaMNVsjZ6wopAkoCqf1frqUqC33R2pndPv3vm8_EbCO6PYXg6BBsU3OD398cOK_BW1ThT4nJXKLSf30DZHd0mG8Zq0KPDnw\u0026usqp=CAY\",\"https://encrypted-tbn3.gstatic.com/shopping?q=tbn:ANd9GcSNnV_WMDGVD4l6oHYCubmAQT7jpJwR2zyu-MbXinPr0z2qL-TKjOS5KkDIYnN4Fn69kQ-BiBFAiYqv9rH5kvHsmNICBre4\u0026usqp=CAY\",\"https://encrypted-tbn3.gstatic.com/shopping?q=tbn:ANd9GcTT9EARYceKt_jqn9X4MH43Ey1bIDrsnZc5wPjG0wS-F-wQ9PJta1l4A-AxAAyko3Z5IvHSgO0_Gnn4enHFUQoYVIaWvMZk\u0026usqp=CAY\",\"https://encrypted-tbn0.gstatic.com/shopping?q=tbn:ANd9GcTpF9PimunMhlcnHfgzkn895rKQb35EW48PS-IM0lwnuADaF5tC3szKbe9ZkxnAHAXp6fnGEBkgzmDcz0ElPmL-WzR4HBShmg\u0026usqp=CAY\",\"https://encrypted-tbn2.gstatic.com/shopping?q=tbn:ANd9GcT56PnF6Ir30ACBooV4QML9XqGxPMeS0UD-J-IOmt4RfpWkpWyt9SsenHDo-DCqfhurJ2kXsVOBsMMEV9L72XZYRPTuRv6C\u0026usqp=CAY\",\"https://encrypted-tbn2.gstatic.com/shopping?q=tbn:ANd9GcRG-GwVx5yd5FeS1o4JqlvUNwo3MPbl6Vc91YmWDI7TxsS8K17-ngY2Swkyvx_kAQg74KZJLwhOXKfvPq_3PHKWlmwNPzLPfg\u0026usqp=CAY\",\"https://encrypted-tbn0.gstatic.com/shopping?q=tbn:ANd9GcTcKKMgCXlJBxNH38rkCOoEjV0HdTnoWIilR_2EhskIJR6-4tF8CNhNhqIGSunQGyXQXvQG3Cy2lWEVq7bg-_x8LP0YeD6ZVQ\u0026usqp=CAY\",\"https://encrypted-tbn2.gstatic.com/shopping?q=tbn:ANd9GcSrenO1gNc233DGNWBIH4nRqrJPMwjW9ZIOfZ-NwBq8vYwNzpba6jAeRAkG5OVrB7tCPhPT_E-ODrd0HhJgHD33EjgK7MZTNA\u0026usqp=CAY\"],\"details\":\"Crafted from premium materials and featuring military-grade¹ durability, moto g75 5G is made for everyday life. Capture sharp photos and smooth videos using the Sony - LYTIA 600 camera with OIS. Enjoy endless entertainment on a super-bright 6.8\\\" Full HD+ display backed by Dolby Atmos sound. Plus, be the first to experience the efficiency of the latest Qualcomm Snapdragon processor, a 5000mAh battery with 30W TurboPower charging²,15W wireless charging³, and 256GB⁴ of built-in storage. And it comes bundled with moto buds earbuds, featuring a large dynamic driver, and Hi-Res Audio. Immerse yourself in music and movies, experiencing high-quality, balanced sound with enhanced bass.\",\"variants\":[],\"category_id\":null,\"offline_at\":null,\"colors\":[{\"gid\":\"15797211988331096831\",\"image\":\"https://encrypted-tbn0.gstatic.com/shopping?q=tbn:ANd9GcSMKJEcJ5xuZEACgvb5b-OsiulwL1b5Ivy7wbsYiJ3A2vpwsAhIjV_QMfs2iyap5nDsHiEzTcaeGYaz_I5WBRrUjD5abtI2D4WPYd1uowVZArHKnsIo95M\u0026usqp=CAY\"},{\"gid\":\"7830005719273689496\",\"image\":\"https://encrypted-tbn2.gstatic.com/shopping?q=tbn:ANd9GcRj65GJdYa0MGuv8L9RWAAJVks98kaBva-KPH34o7Nn8_xgtjFvHpEsyG-G9u_PAZwKCzR1UnPFs6JC5duNRu9kW-AZSxHpJQaql2ly1iZ6Cl09iaqRzqc\u0026usqp=CAY\"},{\"gid\":\"10929348810251206946\",\"image\":\"https://encrypted-tbn3.gstatic.com/shopping?q=tbn:ANd9GcQktEYbdVk26_5fVXmkf85U_V4MhhlgNSCKuEGMaIHFomdm78AIUKXN6e8XyuLWwiqXOJc6OF55c3TRby_V36YYx0Twj-TArJEJ3e_Z\u0026usqp=CAY\"}],\"product_status\":{\"pid\":83429707,\"offer_amount\":24,\"lowest_price\":391,\"highest_price\":499,\"single_seller_id\":null,\"discount\":0,\"featured\":true,\"last_price_updated_at\":\"$D2025-09-14T01:53:37.581Z\",\"discount_seller_id\":1392573,\"last_lowest_price\":391,\"reviews_count\":976,\"reviews_rating\":4.5,\"country_code\":\"au\",\"language_code\":null},\"offers\":[{\"pid\":83429707,\"seller_product_url\":\"https://www.mydeal.com.au/motorola-g75-5g-256gb-with-moto-buds-charcoal-grey-au-stock-6-8-full-hd-120hz-8gb-256gb-dual-sim-50mp-16mp-water-protection-5000mah-2year-warranty-14598762\",\"created_at\":\"$D2025-09-14T01:53:37.581Z\",\"offer_id\":null,\"base_price\":471.25,\"shipping\":0,\"seller_id\":908,\"condition\":\"new\",\"country_code\":null,\"seller\":{\"seller_id\":908,\"name\":\"MyDeal\",\"url\":\"mydeal.com.au\",\"shopback\":{\"sb_id\":7696,\"sb_name\":\"MyDeal.com.au\",\"url\":\"www.shopback.com.au/mydeal\",\"commission\":\"Up to 3.6% Cashback\",\"created_at\":\"$D2023-08-01T09:56:13.775Z\",\"updated_at\":\"$D2023-11-25T10:32:54.782Z\",\"hostname\":\"mydeal.com.au\"},\"cashrewards\":{\"cr_id\":1004953,\"name\":\"MyDeal\",\"hyphenated_name\":\"mydeal\",\"logo\":\"//cdn.cashrewards.com/mydeal.png?t=637672695131179086\",\"created_at\":\"$D2023-07-30T11:50:50.100Z\",\"commission\":4.2,\"commission_string\":\"Up to 4.2% cashback\",\"online\":true,\"instore\":false,\"hostname\":\"mydeal.com.au\",\"updated_at\":\"$D2023-11-30T03:50:38.698Z\"}}},{\"pid\":83429707,\"seller_product_url\":\"https://www.lwt.com.au/Product/MOT5690517/PB3Y0024AU/Motorola-G75-5G-256GB-With-Moto-Buds-Charcoal-GreyAU-STOCK68Full-HD120Hz8GB-256GBDual-SIM50MP-16MPWater-Protection5000mAh2Year-Warranty/ws/Business\",\"created_at\":\"$D2025-09-14T01:53:37.581Z\",\"offer_id\":null,\"base_price\":400.4,\"shipping\":16.5,\"seller_id\":555296346,\"condition\":\"new\",\"country_code\":null,\"seller\":{\"seller_id\":555296346,\"name\":\"LWT\",\"url\":\"www.lwt.com.au\",\"shopback\":null,\"cashrewards\":null}},{\"pid\":83429707,\"seller_product_url\":\"https://www.flashtrend.com.au/motorola-g75-5g-256gb-with-moto-buds-charcoal-grey\",\"created_at\":\"$D2025-09-14T01:53:37.581Z\",\"offer_id\":null,\"base_price\":479.77,\"shipping\":7.95,\"seller_id\":99,\"condition\":\"new\",\"country_code\":null,\"seller\":{\"seller_id\":99,\"name\":\"Flashtrend.com.au\",\"url\":\"www.flashtrend.com.au\",\"shopback\":null,\"cashrewards\":null}},{\"pid\":83429707,\"seller_product_url\":\"https://shop.zelrose.com.au/products/motorola-g75-5g-256gb-with-moto-buds-charcoal-grey-au-stock-6-8-full-hd-120hz-8gb-256gb-dual-sim-50mp-16mp-water-protection-5000mah-2year-warranty?variant=50892878020887\",\"created_at\":\"$D2025-09-14T01:53:37.581Z\",\"offer_id\":null,\"base_price\":499,\"shipping\":12.5,\"seller_id\":51017477,\"condition\":\"new\",\"country_code\":null,\"seller\":{\"seller_id\":51017477,\"name\":\"Zelrose IT\",\"url\":null,\"shopback\":null,\"cashrewards\":null}},{\"pid\":83429707,\"seller_product_url\":\"https://www.techciti.com.au/motorola-moto-g75-5g-w-moto-buds-dual-sim-256gb-8gb-6-8-grey\",\"created_at\":\"$D2025-09-14T01:53:37.581Z\",\"offer_id\":null,\"base_price\":438,\"shipping\":0,\"seller_id\":1400,\"condition\":\"new\",\"country_code\":null,\"seller\":{\"seller_id\":1400,\"name\":\"Techciti\",\"url\":\"www.techciti.com.au\",\"shopback\":null,\"cashrewards\":null}},{\"pid\":83429707,\"seller_product_url\":\"https://betteroffice.store/products/motorola-g75-5g-256gb-with-moto-buds-charcoal-grey-au-stock-6-8full-hd-120hz8gb-256gbdual-sim50mp-16mpwater-protection5000mah2year-warranty?variant=45678834450586\",\"created_at\":\"$D2025-09-14T01:53:37.581Z\",\"offer_id\":null,\"base_price\":499,\"shipping\":12,\"seller_id\":1210947108,\"condition\":\"new\",\"country_code\":null,\"seller\":{\"seller_id\":1210947108,\"name\":\"betteroffice.store\",\"url\":\"betteroffice.store\",\"shopback\":null,\"cashrewards\":null}},{\"pid\":83429707,\"seller_product_url\":\"https://vtechindustries.com.au/products/motorola-g75-5g-256gb-with-moto-buds-charcoal-grey-au-stock-6-8-full-hd-120hz-8gb-256gb-dual-sim-50mp-16mp-water-protection-5000mah-2year-warranty-pb3y0024au?variant=50641766383904\",\"created_at\":\"$D2025-09-14T01:53:37.581Z\",\"offer_id\":null,\"base_price\":391,\"shipping\":13,\"seller_id\":1392573,\"condition\":\"new\",\"country_code\":null,\"seller\":{\"seller_id\":1392573,\"name\":\"VTech Industries\",\"url\":\"www.vtechindustries.com.au\",\"shopback\":null,\"cashrewards\":null}},{\"pid\":83429707,\"seller_product_url\":\"https://i-tech.com.au/pb3y0024au-motorola-g75-5g-256gb-with-moto-buds-charcoal-430730.html\",\"created_at\":\"$D2025-09-14T01:53:37.581Z\",\"offer_id\":null,\"base_price\":415,\"shipping\":15,\"seller_id\":175,\"condition\":\"new\",\"country_code\":null,\"seller\":{\"seller_id\":175,\"name\":\"www.i-tech.com.au\",\"url\":\"i-tech.com.au\",\"shopback\":null,\"cashrewards\":null}},{\"pid\":83429707,\"seller_product_url\":\"https://www.itnest.com.au/hardware/other/motorola-g75-5g-256gb-with-moto-buds-charcoal-grey(pb3y0024au)-pb3y0024au\",\"created_at\":\"$D2025-09-14T01:53:37.581Z\",\"offer_id\":null,\"base_price\":409,\"shipping\":16.95,\"seller_id\":283,\"condition\":\"new\",\"country_code\":null,\"seller\":{\"seller_id\":283,\"name\":\"itnest.com.au\",\"url\":\"www.itnest.com.au\",\"shopback\":null,\"cashrewards\":null}},{\"pid\":83429707,\"seller_product_url\":\"https://www.allphones.com.au/motorola-moto-g75-5g-w-moto-buds-dual-sim-256gb-8gb-6-8-grey\",\"created_at\":\"$D2025-09-14T01:53:37.581Z\",\"offer_id\":null,\"base_price\":438,\"shipping\":0,\"seller_id\":8569,\"condition\":\"new\",\"country_code\":null,\"seller\":{\"seller_id\":8569,\"name\":\"Allphones Online\",\"url\":\"www.allphones.com.au\",\"shopback\":null,\"cashrewards\":null}},{\"pid\":83429707,\"seller_product_url\":\"https://www.ozspots.com.au/product/motorola-g75-5g-256gb-with-moto-buds-charcoal-greyau-stock6-8full-hd120hz8gb-256gbdual-sim50mp-16mpwater-protection5000mah2year-warranty/\",\"created_at\":\"$D2025-09-14T01:53:37.581Z\",\"offer_id\":null,\"base_price\":400.02,\"shipping\":9.7,\"seller_id\":1525538,\"condition\":\"new\",\"country_code\":null,\"seller\":{\"seller_id\":1525538,\"name\":\"OzSpots Wireless\",\"url\":\"www.ozspots.com.au\",\"shopback\":null,\"cashrewards\":null}},{\"pid\":83429707,\"seller_product_url\":\"https://www.jw.com.au/product/motorola-moto-g75-5g-256gb-8gb-6-8-charcoal-grey\",\"created_at\":\"$D2025-09-14T01:53:37.581Z\",\"offer_id\":null,\"base_price\":459,\"shipping\":0,\"seller_id\":138,\"condition\":\"new\",\"country_code\":null,\"seller\":{\"seller_id\":138,\"name\":\"JW Computers\",\"url\":\"www.jw.com.au\",\"shopback\":null,\"cashrewards\":null}},{\"pid\":83429707,\"seller_product_url\":\"https://www.woolworths.com.au/shop/productdetails/1123910867\",\"created_at\":\"$D2025-09-14T01:53:37.581Z\",\"offer_id\":null,\"base_price\":471.25,\"shipping\":10,\"seller_id\":97,\"condition\":\"new\",\"country_code\":null,\"seller\":{\"seller_id\":97,\"name\":\"Woolworths\",\"url\":\"www.woolworths.com.au\",\"shopback\":null,\"cashrewards\":null}},{\"pid\":83429707,\"seller_product_url\":\"https://www.ebay.com.au/itm/167115114606\",\"created_at\":\"$D2025-09-14T01:53:37.581Z\",\"offer_id\":null,\"base_price\":467.7,\"shipping\":0,\"seller_id\":1042295139,\"condition\":\"new\",\"country_code\":null,\"seller\":{\"seller_id\":1042295139,\"name\":\"eBay\",\"url\":\"www.ebay.com.au\",\"shopback\":null,\"cashrewards\":null}},{\"pid\":83429707,\"seller_product_url\":\"https://ezypcsales.com.au/product/motorola-g75-5g-256gb-with-moto-buds-charcoal-greyau-stock6-8full-hd120hz8gb-256gbdual-sim50mp-16mpwater-protection5000mah2year-warranty/\",\"created_at\":\"$D2025-09-14T01:53:37.581Z\",\"offer_id\":null,\"base_price\":391.56,\"shipping\":12.95,\"seller_id\":2808065,\"condition\":\"new\",\"country_code\":null,\"seller\":{\"seller_id\":2808065,\"name\":\"Ezy P.C. Sales\",\"url\":\"ezypcsales.com.au\",\"shopback\":null,\"cashrewards\":null}},{\"pid\":83429707,\"seller_product_url\":\"https://www.dicksmith.com.au/da/buy/motorola-moto-g75-5g-bonus-moto-buds-dual-sim-256gb8gb-68-00840023276545/\",\"created_at\":\"$D2025-09-14T01:53:37.581Z\",\"offer_id\":null,\"base_price\":438.99,\"shipping\":0,\"seller_id\":156,\"condition\":\"new\",\"country_code\":null,\"seller\":{\"seller_id\":156,\"name\":\"Dick Smith AU\",\"url\":\"www.dicksmith.com.au\",\"shopback\":null,\"cashrewards\":null}},{\"pid\":83429707,\"seller_product_url\":\"https://www.bigw.com.au/product/motorola-g75-5g-256gb-with-moto-buds-charcoal-grey-au-stock-6-8-full-hd-120hz-8gb-256gb-dual-sim-50mp-16mp-water-protection-5000mah-2year-warranty/p/9901208423\",\"created_at\":\"$D2025-09-14T01:53:37.581Z\",\"offer_id\":null,\"base_price\":471.25,\"shipping\":0,\"seller_id\":769007327,\"condition\":\"new\",\"country_code\":null,\"seller\":{\"seller_id\":769007327,\"name\":\"BIG W - BIG W MARKET\",\"url\":\"www.bigw.com.au\",\"shopback\":null,\"cashrewards\":null}},{\"pid\":83429707,\"seller_product_url\":\"https://campcomprep.com.au/product/motorola-g75-5g-256gb-with-moto-buds-charcoal-greyau-stock6-8full-hd120hz8gb-256gbdual-sim50mp-16mpwater-protection5000mah2year-warranty/\",\"created_at\":\"$D2025-09-14T01:53:37.581Z\",\"offer_id\":null,\"base_price\":499,\"shipping\":15,\"seller_id\":1374,\"condition\":\"new\",\"country_code\":null,\"seller\":{\"seller_id\":1374,\"name\":\"Campbelltown Computer Repairs\",\"url\":\"campcomprep.com.au\",\"shopback\":null,\"cashrewards\":null}},{\"pid\":83429707,\"seller_product_url\":\"https://www.kogan.com/au/buy/motorola-moto-g75-5g-bonus-moto-buds-dual-sim-256gb8gb-68-00840023276545/\",\"created_at\":\"$D2025-09-14T01:53:37.581Z\",\"offer_id\":null,\"base_price\":438.99,\"shipping\":0,\"seller_id\":103,\"condition\":\"new\",\"country_code\":null,\"seller\":{\"seller_id\":103,\"name\":\"Kogan.com\",\"url\":\"www.kogan.com\",\"shopback\":null,\"cashrewards\":null}},{\"pid\":83429707,\"seller_product_url\":\"https://www.bunnings.com.au/motorola-moto-g75-5g-8gb-256gb-6-8-w-moto-buds-charcoal-grey_p0826330\",\"created_at\":\"$D2025-09-14T01:53:37.581Z\",\"offer_id\":null,\"base_price\":495.72,\"shipping\":15,\"seller_id\":47,\"condition\":\"new\",\"country_code\":null,\"seller\":{\"seller_id\":47,\"name\":\"Bunnings Warehouse\",\"url\":\"www.bunnings.com.au\",\"shopback\":null,\"cashrewards\":null}},{\"pid\":83429707,\"seller_product_url\":\"https://www.mobileciti.com.au/motorola-moto-g75-5g-w-moto-buds-dual-sim-256gb-8gb-6-8-grey\",\"created_at\":\"$D2025-09-14T01:53:37.581Z\",\"offer_id\":null,\"base_price\":438,\"shipping\":0,\"seller_id\":202,\"condition\":\"new\",\"country_code\":null,\"seller\":{\"seller_id\":202,\"name\":\"Mobileciti\",\"url\":\"www.mobileciti.com.au\",\"shopback\":{\"sb_id\":8410,\"sb_name\":\"Mobileciti\",\"url\":\"www.shopback.com.au/mobileciti\",\"commission\":\"Up to 2.10% Cashback\",\"created_at\":\"$D2023-08-01T09:56:13.775Z\",\"updated_at\":null,\"hostname\":\"mobileciti.com.au\"},\"cashrewards\":{\"cr_id\":1005098,\"name\":\"Mobileciti\",\"hyphenated_name\":\"mobileciti\",\"logo\":\"//cdn.cashrewards.com/mobileciti.jpg?t=637765071372444088\",\"created_at\":\"$D2023-07-30T11:50:50.100Z\",\"commission\":2.2,\"commission_string\":\"Up to 2.2% cashback\",\"online\":true,\"instore\":false,\"hostname\":\"mobileciti.com.au\",\"updated_at\":null}}},{\"pid\":83429707,\"seller_product_url\":\"https://www.thegoodguys.com.au/motorola-g75-5g-256gb-charcoal-grey-11901327984\",\"created_at\":\"$D2025-09-14T01:53:37.581Z\",\"offer_id\":null,\"base_price\":497,\"shipping\":3,\"seller_id\":10,\"condition\":\"new\",\"country_code\":null,\"seller\":{\"seller_id\":10,\"name\":\"The Good Guys\",\"url\":\"www.thegoodguys.com.au\",\"shopback\":{\"sb_id\":8367,\"sb_name\":\"The Good Guys\",\"url\":\"www.shopback.com.au/the-good-guys\",\"commission\":\"Up to 3% Cashback\",\"created_at\":\"$D2023-08-01T09:56:13.775Z\",\"updated_at\":\"$D2023-11-25T10:32:54.782Z\",\"hostname\":\"thegoodguys.com.au\"},\"cashrewards\":{\"cr_id\":1004849,\"name\":\"The Good Guys\",\"hyphenated_name\":\"the-good-guys\",\"logo\":\"//cdn.cashrewards.com/the-good-guys.jpg?t=637599296823973829\",\"created_at\":\"$D2023-07-30T11:50:50.100Z\",\"commission\":2.3,\"commission_string\":\"Up to 2.3% cashback\",\"online\":true,\"instore\":false,\"hostname\":\"thegoodguys.com.au\",\"updated_at\":\"$D2023-11-25T10:32:11.855Z\"}}},{\"pid\":83429707,\"seller_product_url\":\"https://www.amazon.com.au/dp/B0DKXB12CP\",\"created_at\":\"$D2025-09-14T01:53:37.581Z\",\"offer_id\":null,\"base_price\":438,\"shipping\":0,\"seller_id\":60,\"condition\":\"new\",\"country_code\":null,\"seller\":{\"seller_id\":60,\"name\":\"Amazon.com.au\",\"url\":\"www.amazon.com.au\",\"shopback\":{\"sb_id\":8448,\"sb_name\":\"Amazon Australia\",\"url\":\"www.shopback.com.au/amazon-australia\",\"commission\":\"Up to 7% Cashback\",\"created_at\":\"$D2023-08-01T09:56:13.775Z\",\"updated_at\":\"$D2023-11-25T10:32:54.782Z\",\"hostname\":\"amazon.com.au\"},\"cashrewards\":{\"cr_id\":1003434,\"name\":\"Amazon Australia\",\"hyphenated_name\":\"amazon-australia\",\"logo\":\"//cdn.cashrewards.com/amazon-australia.jpg\",\"created_at\":\"$D2023-07-30T11:50:50.100Z\",\"commission\":7,\"commission_string\":\"Up to 7% cashback\",\"online\":true,\"instore\":false,\"hostname\":\"amazon.com.au\",\"updated_at\":\"$D2023-11-30T03:50:38.698Z\"}}},{\"pid\":83429707,\"seller_product_url\":\"https://www.harveynorman.com.au/motorola-moto-g75-5g-256gb-charcoal-grey.html\",\"created_at\":\"$D2025-09-14T01:53:37.581Z\",\"offer_id\":null,\"base_price\":499,\"shipping\":7.95,\"seller_id\":11,\"condition\":\"new\",\"country_code\":null,\"seller\":{\"seller_id\":11,\"name\":\"Harvey Norman Australia\",\"url\":\"www.harveynorman.com.au\",\"shopback\":null,\"cashrewards\":null}},{\"pid\":83429707,\"seller_product_url\":\"https://www.lasoo.com.au/products/personal-digital/1716909/motorola-moto-g75-5g-dual-sim-256gb8gb-68-charcoal-grey\",\"created_at\":\"$D2025-08-29T20:03:27.652Z\",\"offer_id\":null,\"base_price\":529,\"shipping\":0,\"seller_id\":6823,\"condition\":\"new\",\"country_code\":null,\"seller\":{\"seller_id\":6823,\"name\":\"Lasoo\",\"url\":\"www.lasoo.com.au\",\"shopback\":null,\"cashrewards\":null}},{\"pid\":83429707,\"seller_product_url\":\"https://www.personaldigital.com.au/products/motorola-moto-g75-5g-dual-sim-256gb-8gb-6-8-bonus-moto-buds-charcoal-grey?variant=43108785651811\",\"created_at\":\"$D2025-08-28T23:53:56.005Z\",\"offer_id\":null,\"base_price\":529,\"shipping\":0,\"seller_id\":14764,\"condition\":\"new\",\"country_code\":null,\"seller\":{\"seller_id\":14764,\"name\":\"Personal Digital\",\"url\":\"www.personaldigital.com.au\",\"shopback\":null,\"cashrewards\":null}},{\"pid\":83429707,\"seller_product_url\":\"https://www.mobilewizardstore.com.au/product-page/motorola-g75-5g-256gb-with-moto-buds-charcoal-grey-au-stock-6-8-full\",\"created_at\":\"$D2025-08-23T11:01:27.827Z\",\"offer_id\":null,\"base_price\":499,\"shipping\":15,\"seller_id\":1212885227,\"condition\":\"new\",\"country_code\":null,\"seller\":{\"seller_id\":1212885227,\"name\":\"Mobile Wizard Store\",\"url\":\"www.mobilewizardstore.com.au\",\"shopback\":null,\"cashrewards\":null}},{\"pid\":83429707,\"seller_product_url\":\"https://www.bigw.com.au/product/moto-g75-5g-256gb-grey-with-moto-buds/p/6001651\",\"created_at\":\"$D2025-08-23T11:01:27.827Z\",\"offer_id\":null,\"base_price\":399,\"shipping\":0,\"seller_id\":52,\"condition\":\"new\",\"country_code\":null,\"seller\":{\"seller_id\":52,\"name\":\"BIG W\",\"url\":\"www.bigw.com.au\",\"shopback\":{\"sb_id\":17706,\"sb_name\":\"Big W\",\"url\":\"www.shopback.com.au/bigw\",\"commission\":\"Up to 4% Cashback\",\"created_at\":\"$D2023-08-01T09:56:13.775Z\",\"updated_at\":\"$D2023-11-25T10:32:54.782Z\",\"hostname\":\"bigw.com.au\"},\"cashrewards\":{\"cr_id\":1004971,\"name\":\"BIG W\",\"hyphenated_name\":\"big-w\",\"logo\":\"//cdn.cashrewards.com/big-w.png?t=637690919703543365\",\"created_at\":\"$D2023-07-30T11:50:50.100Z\",\"commission\":2.4,\"commission_string\":\"Up to 2.4% cashback\",\"online\":true,\"instore\":false,\"hostname\":\"bigw.com.au\",\"updated_at\":\"$D2023-11-30T03:50:38.698Z\"}}},{\"pid\":83429707,\"seller_product_url\":\"https://cybertechlab.com.au/products/motorola-g75-5g-256gb-with-moto-buds-charcoal-grey-au-stock-6-8-full-hd-120hz-8gb-256gb-dual-sim-50mp-16mp-water-protection-5000mah-2year-warranty\",\"created_at\":\"$D2025-07-28T22:35:09.370Z\",\"offer_id\":null,\"base_price\":424.15,\"shipping\":20,\"seller_id\":1464195854,\"condition\":\"new\",\"country_code\":null,\"seller\":{\"seller_id\":1464195854,\"name\":\"cybertechlab.com.au\",\"url\":null,\"shopback\":null,\"cashrewards\":null}},{\"pid\":83429707,\"seller_product_url\":\"https://horizonstore.com.au/products/motorola-moto-g75-5g-8gb-256gb-6-8-w-moto-buds-charcoal-grey?variant=44615659061436\",\"created_at\":\"$D2025-07-10T08:25:35.929Z\",\"offer_id\":null,\"base_price\":399.99,\"shipping\":0,\"seller_id\":395586347,\"condition\":\"new\",\"country_code\":null,\"seller\":{\"seller_id\":395586347,\"name\":\"Horizon Store\",\"url\":\"www.horizonstore.com.au\",\"shopback\":null,\"cashrewards\":null}},{\"pid\":83429707,\"seller_product_url\":\"https://www.officeworks.com.au/shop/officeworks/p/moto-g75-5g-256gb-grey-with-buds-motog75gry\",\"created_at\":\"$D2025-06-20T16:42:06.111Z\",\"offer_id\":null,\"base_price\":277,\"shipping\":0,\"seller_id\":57,\"condition\":\"new\",\"country_code\":null,\"seller\":{\"seller_id\":57,\"name\":\"Officeworks\",\"url\":\"www.officeworks.com.au\",\"shopback\":null,\"cashrewards\":null}},{\"pid\":83429707,\"seller_product_url\":\"https://www.domayne.com.au/motorola-moto-g75-5g-256gb-charcoal-grey.html\",\"created_at\":\"$D2025-06-20T16:42:06.111Z\",\"offer_id\":null,\"base_price\":277,\"shipping\":7.95,\"seller_id\":1364130860,\"condition\":\"new\",\"country_code\":null,\"seller\":{\"seller_id\":1364130860,\"name\":\"Domayne\",\"url\":\"www.domayne.com.au\",\"shopback\":null,\"cashrewards\":null}},{\"pid\":83429707,\"seller_product_url\":\"https://www.joycemayne.com.au/motorola-moto-g75-5g-256gb-charcoal-grey.html\",\"created_at\":\"$D2025-06-20T16:42:06.111Z\",\"offer_id\":null,\"base_price\":277,\"shipping\":7.95,\"seller_id\":711746650,\"condition\":\"new\",\"country_code\":null,\"seller\":{\"seller_id\":711746650,\"name\":\"Joyce Mayne\",\"url\":\"www.joycemayne.com.au\",\"shopback\":null,\"cashrewards\":null}},{\"pid\":83429707,\"seller_product_url\":\"https://www.ebay.com.au/itm/335991073910\",\"created_at\":\"$D2025-06-16T07:03:09.539Z\",\"offer_id\":null,\"base_price\":395,\"shipping\":5,\"seller_id\":467756700,\"condition\":\"new\",\"country_code\":null,\"seller\":{\"seller_id\":467756700,\"name\":\"eBay - ozzie_collecta\",\"url\":null,\"shopback\":null,\"cashrewards\":null}},{\"pid\":83429707,\"seller_product_url\":\"https://www.jbhifi.com.au/products/moto-g75-5g-256gb-with-moto-buds-charcoal-grey\",\"created_at\":\"$D2025-06-05T03:15:37.431Z\",\"offer_id\":null,\"base_price\":499,\"shipping\":6.99,\"seller_id\":9,\"condition\":\"new\",\"country_code\":null,\"seller\":{\"seller_id\":9,\"name\":\"JB Hi-Fi\",\"url\":\"www.jbhifi.com.au\",\"shopback\":null,\"cashrewards\":null}},{\"pid\":83429707,\"seller_product_url\":\"https://auzzistore.com.au/products/motorola-moto-g75-5g-with-moto-buds-256gb-charcoal-grey?variant=46348469862617\",\"created_at\":\"$D2025-06-01T17:31:11.420Z\",\"offer_id\":null,\"base_price\":718.96,\"shipping\":0,\"seller_id\":6332,\"condition\":\"new\",\"country_code\":null,\"seller\":{\"seller_id\":6332,\"name\":\"Auzzi Store\",\"url\":\"www.auzzistore.com.au\",\"shopback\":null,\"cashrewards\":null}},{\"pid\":83429707,\"seller_product_url\":\"https://www.lenovo.com/au/en/p/accessories-and-software/moto-phones/moto-g-series/78808445\",\"created_at\":\"$D2025-05-22T09:46:29.425Z\",\"offer_id\":null,\"base_price\":499,\"shipping\":0,\"seller_id\":1580,\"condition\":\"new\",\"country_code\":null,\"seller\":{\"seller_id\":1580,\"name\":\"Lenovo\",\"url\":\"www.lenovo.com\",\"shopback\":{\"sb_id\":8373,\"sb_name\":\"Lenovo\",\"url\":\"www.shopback.com.au/lenovo\",\"commission\":\"10% Cashback\",\"created_at\":\"$D2023-08-01T09:56:13.775Z\",\"updated_at\":\"$D2023-11-25T10:32:54.782Z\",\"hostname\":\"lenovo.com\"},\"cashrewards\":{\"cr_id\":1005943,\"name\":\"Lenovo\",\"hyphenated_name\":\"lenovo\",\"logo\":\"//cdn.cashrewards.com/lenovo.png?t=638261059478146003\",\"created_at\":\"$D2023-07-30T11:50:50.100Z\",\"commission\":3.3,\"commission_string\":\"3.3% cashback\",\"online\":true,\"instore\":false,\"hostname\":\"lenovo.com\",\"updated_at\":\"$D2023-11-30T03:50:38.698Z\"}}},{\"pid\":83429707,\"seller_product_url\":\"https://www.retravision.com.au/motorola-moto-g75-5g-256gb-charcoal-grey-moto-buds-11901327984-pb3y0024au\",\"created_at\":\"$D2025-05-20T07:46:42.621Z\",\"offer_id\":null,\"base_price\":328,\"shipping\":7.76,\"seller_id\":80,\"condition\":\"new\",\"country_code\":null,\"seller\":{\"seller_id\":80,\"name\":\"Retravision\",\"url\":\"www.retravision.com.au\",\"shopback\":null,\"cashrewards\":null}},{\"pid\":83429707,\"seller_product_url\":\"https://www.catch.com.au/product/motorola-moto-g75-5g-bonus-moto-buds-dual-sim-256gb-8gb-6-8-grey-33244983/\",\"created_at\":\"$D2025-05-01T20:06:57.701Z\",\"offer_id\":null,\"base_price\":506.8,\"shipping\":0,\"seller_id\":115,\"condition\":\"new\",\"country_code\":null,\"seller\":{\"seller_id\":115,\"name\":\"Catch.com.au\",\"url\":\"www.catch.com.au\",\"shopback\":null,\"cashrewards\":null}},{\"pid\":83429707,\"seller_product_url\":\"https://www.mwave.com.au/product/motorola-g75-5g-256gb-smartphone-with-buds-grey-ac82193\",\"created_at\":\"$D2025-03-30T19:36:19.814Z\",\"offer_id\":null,\"base_price\":481.95,\"shipping\":9.95,\"seller_id\":278,\"condition\":\"new\",\"country_code\":null,\"seller\":{\"seller_id\":278,\"name\":\"Mwave Australia\",\"url\":\"mwave.com.au\",\"shopback\":{\"sb_id\":63702,\"sb_name\":\"Mwave\",\"url\":\"www.shopback.com.au/mwave\",\"commission\":\"0.5% Cashback\",\"created_at\":\"$D2023-08-01T09:56:13.775Z\",\"updated_at\":\"$D2023-11-25T10:32:54.782Z\",\"hostname\":\"mwave.com.au\"},\"cashrewards\":{\"cr_id\":1004885,\"name\":\"Mwave\",\"hyphenated_name\":\"mwave\",\"logo\":\"//cdn.cashrewards.com/mwave.png?t=637622737569102693\",\"created_at\":\"$D2023-07-30T11:50:50.100Z\",\"commission\":0.6,\"commission_string\":\"0.6% cashback\",\"online\":true,\"instore\":false,\"hostname\":\"mwave.com.au\",\"updated_at\":\"$D2024-09-18T10:29:30.752Z\"}}},{\"pid\":83429707,\"seller_product_url\":\"https://www.ebay.com.au/itm/395926055872\",\"created_at\":\"$D2025-03-25T23:36:19.529Z\",\"offer_id\":null,\"base_price\":388.64,\"shipping\":0,\"seller_id\":157,\"condition\":\"new\",\"country_code\":null,\"seller\":{\"seller_id\":157,\"name\":\"eBay.com.au\",\"url\":\"www.ebay.com.au\",\"shopback\":{\"sb_id\":25493,\"sb_name\":\"eBay\",\"url\":\"www.shopback.com.au/ebay\",\"commission\":\"Up to 4% Cashback\",\"created_at\":\"$D2023-08-01T09:56:13.775Z\",\"updated_at\":\"$D2023-11-25T10:32:54.782Z\",\"hostname\":\"ebay.com.au\"},\"cashrewards\":{\"cr_id\":1001163,\"name\":\"eBay Australia\",\"hyphenated_name\":\"ebay-australia\",\"logo\":\"//cdn.cashrewards.com/ebay-australia.jpg\",\"created_at\":\"$D2023-07-30T11:50:50.100Z\",\"commission\":5,\"commission_string\":\"Up to 5% cashback\",\"online\":true,\"instore\":false,\"hostname\":\"stores.ebay.com.au\",\"updated_at\":\"$D2024-09-18T10:29:30.752Z\"}}},{\"pid\":83429707,\"seller_product_url\":\"https://www.snaffle.com.au/p/%7B%7Bprocess.slugify(decodeURIComponent(Variant.Slug))%7D%7D/\",\"created_at\":\"$D2025-03-18T23:28:30.123Z\",\"offer_id\":null,\"base_price\":795.08,\"shipping\":0,\"seller_id\":78499855,\"condition\":\"new\",\"country_code\":null,\"seller\":{\"seller_id\":78499855,\"name\":\"Snaffle\",\"url\":\"www.snaffle.com.au\",\"shopback\":null,\"cashrewards\":null}},{\"pid\":83429707,\"seller_product_url\":\"https://mylayby.com/product_via_sku/1442822\",\"created_at\":\"$D2024-12-26T09:11:29.984Z\",\"offer_id\":null,\"base_price\":534,\"shipping\":0,\"seller_id\":215,\"condition\":\"new\",\"country_code\":null,\"seller\":{\"seller_id\":215,\"name\":\"MyLayby\",\"url\":\"mylayby.com\",\"shopback\":null,\"cashrewards\":null}}],\"reviews\":[{\"review_id\":12146952,\"pid\":83429707,\"gid\":\"15797211988331096831\",\"title\":\"Excellent value for money\",\"details\":\"$5a\",\"rating\":5,\"review_date\":\"3 November 2024\",\"reviewer\":\"KentishLad\",\"store\":\"motorola.co.uk\",\"created_at\":\"$D2024-12-01T14:01:57.793Z\",\"thumbnails\":null},{\"review_id\":12146960,\"pid\":83429707,\"gid\":\"15797211988331096831\",\"title\":\"great bargain\",\"details\":\"great price ... great specs... great phone... i am satisfied\",\"rating\":5,\"review_date\":\"28 October 2024\",\"reviewer\":\"trindik\",\"store\":\"motorola.co.uk\",\"created_at\":\"$D2024-12-01T14:01:57.793Z\",\"thumbnails\":null},{\"review_id\":12146959,\"pid\":83429707,\"gid\":\"15797211988331096831\",\"title\":\"Great features.\",\"details\":\"I'm so happy with it.Nice phone and features compared with other phones and its price too.\",\"rating\":5,\"review_date\":\"20 November 2024\",\"reviewer\":\"Nusrat\",\"store\":\"motorola.co.uk\",\"created_at\":\"$D2024-12-01T14:01:57.793Z\",\"thumbnails\":null},{\"review_id\":12146961,\"pid\":83429707,\"gid\":\"15797211988331096831\",\"title\":\"Must buy\",\"details\":\"Best budget mobile with all the best features.\",\"rating\":4,\"review_date\":\"16 November 2024\",\"reviewer\":\"\",\"store\":\"noon.com/uae-en/\",\"created_at\":\"$D2024-12-01T14:01:57.793Z\",\"thumbnails\":null},{\"review_id\":12146958,\"pid\":83429707,\"gid\":\"15797211988331096831\",\"title\":\"On internet everywhere they said this is a snapdragon 6gen3\",\"details\":\"On internet everywhere they said this is a snapdragon 6gen3, but when I received this phone and I checked microprocessor it was not the same, microprocessor is something else not the snapdragon\",\"rating\":4,\"review_date\":\"9 November 2024\",\"reviewer\":\"Farhan P.\",\"store\":\"noon.com/uae-en/\",\"created_at\":\"$D2024-12-01T14:01:57.793Z\",\"thumbnails\":null},{\"review_id\":12146957,\"pid\":83429707,\"gid\":\"15797211988331096831\",\"title\":\"people purchased thinking it was nano + nano sim\",\"details\":\"People purchased this phone thinking it was nano + nano configuration and then got sent esim + nano instead. motorola uk website showed that the mot g75 had nano sim + nano sim. but later changed it to esim + nano sim. so either motorola initially put the wrong details on the website , or it was a mess up at the factory , ie did motorola order nano + nano configuration from factory in china and they messed up ? and then when they shipped the phone with wrong configuration they just changed spec on their website ? because all the reviews that came out first stated it had nano + nano facility.\",\"rating\":1,\"review_date\":\"14 November 2024\",\"reviewer\":\"wizdumb\",\"store\":\"motorola.co.uk\",\"created_at\":\"$D2024-12-01T14:01:57.793Z\",\"thumbnails\":[\"https://encrypted-tbn2.gstatic.com/shopping?q=tbn:ANd9GcRIt9VoCvfxQOjQnzzO4k1rizOQl9Y5tUeODDYJu-SNtZDuqyNgnqGj38gD1_mK5EIBUxuusMz4RWvxA6-dnUELNzuNJtqQ9woySfRgPRNiej5W5URwvdQdGQ\",\"https://encrypted-tbn1.gstatic.com/shopping?q=tbn:ANd9GcR2HqJ4hYu9-qIowJ4Dl-TvENKO-d_dXEXLofIJInNQzlG7-Jl7AgWeF7J46DRiQSAOgDGoNf_2ESJaIoBeSBxKdKhSGrj5hNt_fXdTwkwGeic-7LPqxPFDig\",\"https://encrypted-tbn2.gstatic.com/shopping?q=tbn:ANd9GcSBpWTE7-ivCZyUCeAGXIyrIMXKEboYFdJdNKbeSr35-BaMg4U5mn-ilzH4fLm8YYvP6AKH3WbVknoXx8huEC9psXOzL1apuElUPsmyjXpnAYYwjvy4F90pdDE\"]},{\"review_id\":12146956,\"pid\":83429707,\"gid\":\"15797211988331096831\",\"title\":\"The only phone that has everything I want\",\"details\":\"Absolute Pinnacle of Value such a bargain. It's fast, has support for dual SIM and eSIM. Has expandable storage, IP68 so it can be submerged into water, it has wireless charging, Military drop tested approved, has Gorilla Glass 5. The screen is LCD rather than OLED, which in my view is better because it's more eye friendly than OLED (PWM method that OLED uses can cause eyestrain and headaches)I went for green because the black option does not have the faux leather on the back and I found it to be too slippy so I returned it.The battery lasts a long time, after a full days use it still shows 50 percent. I'm very happy with image quality.Oh and the camera has Optical image stabilisation and at this price point it is hard to find.\",\"rating\":5,\"review_date\":\"10 November 2024\",\"reviewer\":\"Smithy\",\"store\":\"motorola.co.uk\",\"created_at\":\"$D2024-12-01T14:01:57.793Z\",\"thumbnails\":[\"https://encrypted-tbn1.gstatic.com/shopping?q=tbn:ANd9GcSb1QrN0DeSZDPRzuEYbkHKq9puZRr_-o9vzFhg5GK47QP70agUJyeMsNwDxH2PB6E1Jf2SfruHSs1pxhRdiFOKB0D9hibbbGLDvSMaLUMDB3Rc4_Arl9enpQ8\",\"https://encrypted-tbn1.gstatic.com/shopping?q=tbn:ANd9GcTynVt7ocP6bzQ7c56Ac_gq3REyxv0EFXGeOjgUTTMk3cZdnQN06NPOgVUDqtzOo-rAeLclMXLVRmlHW9g47fg2fViEDG-nSBVbJ9KeaqMyS4dKkp0f2kySs7g\"]}],\"detail\":{\"specs\":[{\"name\":\"Network\",\"value\":\"5G\"},{\"name\":\"Sim Card Type\",\"value\":\"eSIM / Nano\"},{\"name\":\"Operating System\",\"value\":\"Android 14\"},{\"name\":\"Display\",\"value\":\"6.8 inches Full HD+\"},{\"name\":\"Video Recording\",\"value\":\"4K\"},{\"name\":\"Phone Family\",\"value\":\"Moto g75\"},{\"name\":\"Expandable Storage\",\"value\":\"up to 1TB microSD card expandable\"},{\"name\":\"RAM Size\",\"value\":\"8GB\"},{\"name\":\"Bluetooth\",\"value\":\"5.4\"},{\"name\":\"GPS\",\"value\":\"GPS A-GPS LTEPP SUPL GLONASS Galileo QZSS BeiDou\"},{\"name\":\"Product Width (mm)\",\"value\":\"77.1\"},{\"name\":\"Product Height (mm)\",\"value\":\"165.95\"},{\"name\":\"Product Depth (mm)\",\"value\":\"7.99\"},{\"name\":\"Battery\",\"value\":\"5000mAh\"},{\"name\":\"Manufacturer's Warranty\",\"value\":\"2 Years\"},{\"name\":\"Storage Size\",\"value\":\"256GB\"},{\"name\":\"Colour\",\"value\":\"Charcoal Grey\"},{\"name\":\"Display Resolution\",\"value\":\"2388 1080\"},{\"name\":\"Weight (g)\",\"value\":\"180\"},{\"name\":\"Front Camera\",\"value\":\"8MP\"},{\"name\":\"Rear Camera\",\"value\":\"50MP\"},{\"name\":\"Release Year\",\"value\":\"2024\"}],\"pid\":83429707,\"gid\":\"15797211988331096831\",\"created_at\":\"$D2024-12-01T10:50:07.893Z\"},\"oz\":[{\"node\":908653,\"title\":\"[eBay Plus, Back Order] Motorola Moto G75 5G (Bonus: Moto Buds, Dual Sim, 256GB/8GB, 6.8'') $230.30 Delivered @ Allphones eBay - OzBargain\",\"upvotes\":145,\"downvotes\":0,\"link\":\"https://www.ebay.com.au/itm/167115114606\",\"created_at\":\"$D2025-06-03T02:01:01.730Z\",\"updated_at\":\"$D2025-06-03T08:00:05.574Z\",\"pid\":83429707,\"status\":\"out of stock\",\"coupon\":\"JUNEOFY\",\"seller_id\":157},{\"node\":905382,\"title\":\"Motorola G75 5G 8GB RAM/256GB Storage \u0026 Bonus Moto Buds $296.10 Delivered / C\u0026C (Everyday Rewards Required) @ BIG W - OzBargain\",\"upvotes\":100,\"downvotes\":0,\"link\":\"https://www.bigw.com.au/product/moto-g75-5g-256gb-grey-with-moto-buds/p/6001651\",\"created_at\":\"$D2025-05-12T04:00:21.738Z\",\"updated_at\":\"$D2025-05-24T06:00:24.532Z\",\"pid\":83429707,\"status\":\"expired\",\"coupon\":\"XMAY2025\",\"seller_id\":52},{\"node\":905505,\"title\":\"Motorola G75 5G 8GB RAM/256GB Storage \u0026 Bonus Moto Buds $287, Dyson WashG1 $539 + Delivery ($0 C\u0026C) @ The Good Guys - OzBargain\",\"upvotes\":78,\"downvotes\":0,\"link\":\"https://www.thegoodguys.com.au/motorola-g75-5g-256gb-charcoal-grey-11901327984\",\"created_at\":\"$D2025-05-13T00:00:20.459Z\",\"updated_at\":\"$D2025-05-14T16:00:07.499Z\",\"pid\":83429707,\"status\":\"expired\",\"coupon\":\"DEAL\",\"seller_id\":10},{\"node\":905614,\"title\":\"Motorola G75 5G 8GB RAM/256GB Storage \u0026 Bonus Moto Buds \u0026 Cord Grippers 6 Pack $260 + Delivery ($0 C\u0026C) @ The Good Guys - OzBargain\",\"upvotes\":250,\"downvotes\":0,\"link\":\"https://www.thegoodguys.com.au/motorola-g75-5g-256gb-charcoal-grey-11901327984\",\"created_at\":\"$D2025-05-13T10:00:28.563Z\",\"updated_at\":\"$D2025-05-14T16:00:06.073Z\",\"pid\":83429707,\"status\":\"expired\",\"coupon\":\"DEAL\",\"seller_id\":10}]}}]\n"])
</script>
DEBUG    custom_components.price_tracker.services.buywisely.hydration_parser:hydration_parser.py:19 [_extract_raw_next_f_push_strings] Script string: self.__next_f.push([1,"1:HL[\"/_next/static/media/2b3f1035ed87a788-s.p.woff2\",\"font\",{\"crossOrigin\":\"\",\"type\":\"font/woff2\"}]\n2:HL[\"/_next/static/media/8bf7b2ceda89477b-s.p.woff2\",\"font\...
DEBUG    custom_components.price_tracker.services.buywisely.hydration_parser:hydration_parser.py:22 [_extract_raw_next_f_push_strings] Found matching line: self.__next_f.push([1,"1:HL[\"/_next/static/media/2b3f1035ed87a788-s.p.woff2\",\"font\",{\"crossOrigin\":\"\",\"type\":\"font/woff2\"}]\n2:HL[\"/_next/static/media/8bf7b2ceda89477b-s.p.woff2\",\"font\...
DEBUG    custom_components.price_tracker.services.buywisely.hydration_parser:hydration_parser.py:27 [_extract_raw_next_f_push_strings] Appended payload chunk: 1:HL[\"/_next/static/media/2b3f1035ed87a788-s.p.woff2\",\"font\",{\"crossOrigin\":\"\",\"type\":\"font/woff2\"}]\n2:HL[\"/_next/static/media/8bf7b2ceda89477b-s.p.woff2\",\"font\",{\"crossOrigin\":\"\"...
DEBUG    custom_components.price_tracker.services.buywisely.hydration_parser:hydration_parser.py:22 [_extract_raw_next_f_push_strings] Found matching line: self.__next_f.push([1,"4:I[89562,[],\"\"]\n7:I[78703,[],\"\"]\n9:I[53751,[],\"\"]\nc:I[11478,[\"3655\",\"static/chunks/3655-f78e4e363a5541d0.js\",\"395\",\"static/chunks/app/product/%5Bslug%5D/layout-...
DEBUG    custom_components.price_tracker.services.buywisely.hydration_parser:hydration_parser.py:27 [_extract_raw_next_f_push_strings] Appended payload chunk: 4:I[89562,[],\"\"]\n7:I[78703,[],\"\"]\n9:I[53751,[],\"\"]\nc:I[11478,[\"3655\",\"static/chunks/3655-f78e4e363a5541d0.js\",\"395\",\"static/chunks/app/product/%5Bslug%5D/layout-afd1e0771fc65a8b.js\"],...
DEBUG    custom_components.price_tracker.services.buywisely.hydration_parser:hydration_parser.py:22 [_extract_raw_next_f_push_strings] Found matching line: self.__next_f.push([1,".js\",\"6341\",\"static/chunks/6341-ca54939c2b36d77d.js\",\"6252\",\"static/chunks/6252-920c83842bca245b.js\",\"6574\",\"static/chunks/6574-85b13196e7d2f55e.js\",\"307\",\"stati...
DEBUG    custom_components.price_tracker.services.buywisely.hydration_parser:hydration_parser.py:27 [_extract_raw_next_f_push_strings] Appended payload chunk: .js\",\"6341\",\"static/chunks/6341-ca54939c2b36d77d.js\",\"6252\",\"static/chunks/6252-920c83842bca245b.js\",\"6574\",\"static/chunks/6574-85b13196e7d2f55e.js\",\"307\",\"static/chunks/307-cefa9bd2f7...
DEBUG    custom_components.price_tracker.services.buywisely.hydration_parser:hydration_parser.py:22 [_extract_raw_next_f_push_strings] Found matching line: self.__next_f.push([1,"chunks/8327-5596df2c7a80e7eb.js\",\"5135\",\"static/chunks/5135-e150b38f04bc4ae4.js\",\"5127\",\"static/chunks/5127-7de194f1c35db063.js\",\"5805\",\"static/chunks/5805-5009d17ba...
DEBUG    custom_components.price_tracker.services.buywisely.hydration_parser:hydration_parser.py:27 [_extract_raw_next_f_push_strings] Appended payload chunk: chunks/8327-5596df2c7a80e7eb.js\",\"5135\",\"static/chunks/5135-e150b38f04bc4ae4.js\",\"5127\",\"static/chunks/5127-7de194f1c35db063.js\",\"5805\",\"static/chunks/5805-5009d17ba83b5e07.js\",\"3185\",\...
DEBUG    custom_components.price_tracker.services.buywisely.hydration_parser:hydration_parser.py:22 [_extract_raw_next_f_push_strings] Found matching line: self.__next_f.push([1,"8.js\",\"6381\",\"static/chunks/6381-2b873addadcb95f3.js\",\"6310\",\"static/chunks/6310-99207018fb617736.js\",\"5469\",\"static/chunks/5469-d5f85e2b5dbb2663.js\",\"6341\",\"sta...
DEBUG    custom_components.price_tracker.services.buywisely.hydration_parser:hydration_parser.py:27 [_extract_raw_next_f_push_strings] Appended payload chunk: 8.js\",\"6381\",\"static/chunks/6381-2b873addadcb95f3.js\",\"6310\",\"static/chunks/6310-99207018fb617736.js\",\"5469\",\"static/chunks/5469-d5f85e2b5dbb2663.js\",\"6341\",\"static/chunks/6341-ca54939...
DEBUG    custom_components.price_tracker.services.buywisely.hydration_parser:hydration_parser.py:22 [_extract_raw_next_f_push_strings] Found matching line: self.__next_f.push([1,"b873addadcb95f3.js\",\"6310\",\"static/chunks/6310-99207018fb617736.js\",\"5469\",\"static/chunks/5469-d5f85e2b5dbb2663.js\",\"6341\",\"static/chunks/6341-ca54939c2b36d77d.js\",...
DEBUG    custom_components.price_tracker.services.buywisely.hydration_parser:hydration_parser.py:27 [_extract_raw_next_f_push_strings] Appended payload chunk: b873addadcb95f3.js\",\"6310\",\"static/chunks/6310-99207018fb617736.js\",\"5469\",\"static/chunks/5469-d5f85e2b5dbb2663.js\",\"6341\",\"static/chunks/6341-ca54939c2b36d77d.js\",\"6252\",\"static/chunk...
DEBUG    custom_components.price_tracker.services.buywisely.hydration_parser:hydration_parser.py:22 [_extract_raw_next_f_push_strings] Found matching line: self.__next_f.push([1,"0:[[[\"$\",\"link\",\"0\",{\"rel\":\"stylesheet\",\"href\":\"/_next/static/css/e0d445a9cf4aff75.css\",\"precedence\":\"next\",\"crossOrigin\":\"$undefined\"}]],[\"$\",\"$L4\",nu...
DEBUG    custom_components.price_tracker.services.buywisely.hydration_parser:hydration_parser.py:27 [_extract_raw_next_f_push_strings] Appended payload chunk: 0:[[[\"$\",\"link\",\"0\",{\"rel\":\"stylesheet\",\"href\":\"/_next/static/css/e0d445a9cf4aff75.css\",\"precedence\":\"next\",\"crossOrigin\":\"$undefined\"}]],[\"$\",\"$L4\",null,{\"buildId\":\"vVT_I...
DEBUG    custom_components.price_tracker.services.buywisely.hydration_parser:hydration_parser.py:22 [_extract_raw_next_f_push_strings] Found matching line: self.__next_f.push([1,"12:E{\"digest\":\"NEXT_NOT_FOUND\"}\n"])...
DEBUG    custom_components.price_tracker.services.buywisely.hydration_parser:hydration_parser.py:27 [_extract_raw_next_f_push_strings] Appended payload chunk: 12:E{\"digest\":\"NEXT_NOT_FOUND\"}\n...
DEBUG    custom_components.price_tracker.services.buywisely.hydration_parser:hydration_parser.py:22 [_extract_raw_next_f_push_strings] Found matching line: self.__next_f.push([1,"22:I[5821,[\"3655\",\"static/chunks/3655-f78e4e363a5541d0.js\",\"6290\",\"static/chunks/6290-2a8ce89a0b5a3df8.js\",\"6381\",\"static/chunks/6381-2b873addadcb95f3.js\",\"6310\",\...
DEBUG    custom_components.price_tracker.services.buywisely.hydration_parser:hydration_parser.py:27 [_extract_raw_next_f_push_strings] Appended payload chunk: 22:I[5821,[\"3655\",\"static/chunks/3655-f78e4e363a5541d0.js\",\"6290\",\"static/chunks/6290-2a8ce89a0b5a3df8.js\",\"6381\",\"static/chunks/6381-2b873addadcb95f3.js\",\"6310\",\"static/chunks/6310-992...
DEBUG    custom_components.price_tracker.services.buywisely.hydration_parser:hydration_parser.py:22 [_extract_raw_next_f_push_strings] Found matching line: self.__next_f.push([1,"4-85b13196e7d2f55e.js\",\"307\",\"static/chunks/307-cefa9bd2f7381bf5.js\",\"2665\",\"static/chunks/2665-2d172eda87a962e3.js\",\"684\",\"static/chunks/684-7de3c401504b82a2.js\",\...
DEBUG    custom_components.price_tracker.services.buywisely.hydration_parser:hydration_parser.py:27 [_extract_raw_next_f_push_strings] Appended payload chunk: 4-85b13196e7d2f55e.js\",\"307\",\"static/chunks/307-cefa9bd2f7381bf5.js\",\"2665\",\"static/chunks/2665-2d172eda87a962e3.js\",\"684\",\"static/chunks/684-7de3c401504b82a2.js\",\"7269\",\"static/chunks...
DEBUG    custom_components.price_tracker.services.buywisely.hydration_parser:hydration_parser.py:22 [_extract_raw_next_f_push_strings] Found matching line: self.__next_f.push([1,"atic/chunks/5805-5009d17ba83b5e07.js\",\"3185\",\"static/chunks/app/layout-0606493c769120ee.js\"],\"default\"]\n"])...
DEBUG    custom_components.price_tracker.services.buywisely.hydration_parser:hydration_parser.py:27 [_extract_raw_next_f_push_strings] Appended payload chunk: atic/chunks/5805-5009d17ba83b5e07.js\",\"3185\",\"static/chunks/app/layout-0606493c769120ee.js\"],\"default\"]\n...
DEBUG    custom_components.price_tracker.services.buywisely.hydration_parser:hydration_parser.py:22 [_extract_raw_next_f_push_strings] Found matching line: self.__next_f.push([1,"1a:[\"$\",\"$L22\",null,{\"sx\":{\"backdropFilter\":\"blur(6px)\",\"backgroundColor\":\"rgba(255, 255, 255, 0.8)\",\"boxShadow\":\"0 2px 4px rgba(0,0,0,0.1)\"},\"children\":[\"$...
DEBUG    custom_components.price_tracker.services.buywisely.hydration_parser:hydration_parser.py:27 [_extract_raw_next_f_push_strings] Appended payload chunk: 1a:[\"$\",\"$L22\",null,{\"sx\":{\"backdropFilter\":\"blur(6px)\",\"backgroundColor\":\"rgba(255, 255, 255, 0.8)\",\"boxShadow\":\"0 2px 4px rgba(0,0,0,0.1)\"},\"children\":[\"$\",\"$Lf\",null,{\"chil...
DEBUG    custom_components.price_tracker.services.buywisely.hydration_parser:hydration_parser.py:22 [_extract_raw_next_f_push_strings] Found matching line: self.__next_f.push([1,"27:\"$Sreact.fragment\"\n29:I[6632,[\"3655\",\"static/chunks/3655-f78e4e363a5541d0.js\",\"6381\",\"static/chunks/6381-2b873addadcb95f3.js\",\"635\",\"static/chunks/635-de4a99a00...
DEBUG    custom_components.price_tracker.services.buywisely.hydration_parser:hydration_parser.py:27 [_extract_raw_next_f_push_strings] Appended payload chunk: 27:\"$Sreact.fragment\"\n29:I[6632,[\"3655\",\"static/chunks/3655-f78e4e363a5541d0.js\",\"6381\",\"static/chunks/6381-2b873addadcb95f3.js\",\"635\",\"static/chunks/635-de4a99a005c429a5.js\",\"5153\",\...
DEBUG    custom_components.price_tracker.services.buywisely.hydration_parser:hydration_parser.py:22 [_extract_raw_next_f_push_strings] Found matching line: self.__next_f.push([1,"28:[[\"$\",\"meta\",\"0\",{\"name\":\"viewport\",\"content\":\"width=device-width, initial-scale=1, maximum-scale=1\"}],[\"$\",\"meta\",\"1\",{\"charSet\":\"utf-8\"}],[\"$\",\"t...
DEBUG    custom_components.price_tracker.services.buywisely.hydration_parser:hydration_parser.py:27 [_extract_raw_next_f_push_strings] Appended payload chunk: 28:[[\"$\",\"meta\",\"0\",{\"name\":\"viewport\",\"content\":\"width=device-width, initial-scale=1, maximum-scale=1\"}],[\"$\",\"meta\",\"1\",{\"charSet\":\"utf-8\"}],[\"$\",\"title\",\"2\",{\"childre...
DEBUG    custom_components.price_tracker.services.buywisely.hydration_parser:hydration_parser.py:22 [_extract_raw_next_f_push_strings] Found matching line: self.__next_f.push([1,"1f:[\"$\",\"$27\",\"k4GjLZXGGia1x7jDr8PXF\",{\"children\":\"$28\"}]\n5:null\na:null\n6:[\"$\",\"$L29\",null,{\"sx\":{\"pb\":2},\"children\":[[\"$\",\"$L2a\",null,{\"underline\":...
DEBUG    custom_components.price_tracker.services.buywisely.hydration_parser:hydration_parser.py:27 [_extract_raw_next_f_push_strings] Appended payload chunk: 1f:[\"$\",\"$27\",\"k4GjLZXGGia1x7jDr8PXF\",{\"children\":\"$28\"}]\n5:null\na:null\n6:[\"$\",\"$L29\",null,{\"sx\":{\"pb\":2},\"children\":[[\"$\",\"$L2a\",null,{\"underline\":\"hover\",\"color\":\"i...
DEBUG    custom_components.price_tracker.services.buywisely.hydration_parser:hydration_parser.py:22 [_extract_raw_next_f_push_strings] Found matching line: self.__next_f.push([1,"2b:I[70760,[\"3655\",\"static/chunks/3655-f78e4e363a5541d0.js\",\"6290\",\"static/chunks/6290-2a8ce89a0b5a3df8.js\",\"6381\",\"static/chunks/6381-2b873addadcb95f3.js\",\"6310\",...
DEBUG    custom_components.price_tracker.services.buywisely.hydration_parser:hydration_parser.py:27 [_extract_raw_next_f_push_strings] Appended payload chunk: 2b:I[70760,[\"3655\",\"static/chunks/3655-f78e4e363a5541d0.js\",\"6290\",\"static/chunks/6290-2a8ce89a0b5a3df8.js\",\"6381\",\"static/chunks/6381-2b873addadcb95f3.js\",\"6310\",\"static/chunks/6310-99...
DEBUG    custom_components.price_tracker.services.buywisely.hydration_parser:hydration_parser.py:22 [_extract_raw_next_f_push_strings] Found matching line: self.__next_f.push([1,"/8393-4175fa3c3129adeb.js\",\"1682\",\"static/chunks/1682-b2e703b472c280ea.js\",\"9999\",\"static/chunks/9999-f564e2e7fc5b6c44.js\",\"4824\",\"static/chunks/4824-507f78e55d96f9d...
DEBUG    custom_components.price_tracker.services.buywisely.hydration_parser:hydration_parser.py:27 [_extract_raw_next_f_push_strings] Appended payload chunk: /8393-4175fa3c3129adeb.js\",\"1682\",\"static/chunks/1682-b2e703b472c280ea.js\",\"9999\",\"static/chunks/9999-f564e2e7fc5b6c44.js\",\"4824\",\"static/chunks/4824-507f78e55d96f9dc.js\",\"1203\",\"stati...
DEBUG    custom_components.price_tracker.services.buywisely.hydration_parser:hydration_parser.py:22 [_extract_raw_next_f_push_strings] Found matching line: self.__next_f.push([1,"c/chunks/6341-ca54939c2b36d77d.js\",\"6252\",\"static/chunks/6252-920c83842bca245b.js\",\"6574\",\"static/chunks/6574-85b13196e7d2f55e.js\",\"307\",\"static/chunks/307-cefa9bd2f...
DEBUG    custom_components.price_tracker.services.buywisely.hydration_parser:hydration_parser.py:27 [_extract_raw_next_f_push_strings] Appended payload chunk: c/chunks/6341-ca54939c2b36d77d.js\",\"6252\",\"static/chunks/6252-920c83842bca245b.js\",\"6574\",\"static/chunks/6574-85b13196e7d2f55e.js\",\"307\",\"static/chunks/307-cefa9bd2f7381bf5.js\",\"2665\",\...
DEBUG    custom_components.price_tracker.services.buywisely.hydration_parser:hydration_parser.py:22 [_extract_raw_next_f_push_strings] Found matching line: self.__next_f.push([1,"]\n51:I[61165,[\"3655\",\"static/chunks/3655-f78e4e363a5541d0.js\",\"6290\",\"static/chunks/6290-2a8ce89a0b5a3df8.js\",\"6381\",\"static/chunks/6381-2b873addadcb95f3.js\",\"6310...
DEBUG    custom_components.price_tracker.services.buywisely.hydration_parser:hydration_parser.py:27 [_extract_raw_next_f_push_strings] Appended payload chunk: ]\n51:I[61165,[\"3655\",\"static/chunks/3655-f78e4e363a5541d0.js\",\"6290\",\"static/chunks/6290-2a8ce89a0b5a3df8.js\",\"6381\",\"static/chunks/6381-2b873addadcb95f3.js\",\"6310\",\"static/chunks/6310...
DEBUG    custom_components.price_tracker.services.buywisely.hydration_parser:hydration_parser.py:22 [_extract_raw_next_f_push_strings] Found matching line: self.__next_f.push([1,"-4175fa3c3129adeb.js\",\"1682\",\"static/chunks/1682-b2e703b472c280ea.js\",\"9999\",\"static/chunks/9999-f564e2e7fc5b6c44.js\",\"4824\",\"static/chunks/4824-507f78e55d96f9dc.js\...
DEBUG    custom_components.price_tracker.services.buywisely.hydration_parser:hydration_parser.py:27 [_extract_raw_next_f_push_strings] Appended payload chunk: -4175fa3c3129adeb.js\",\"1682\",\"static/chunks/1682-b2e703b472c280ea.js\",\"9999\",\"static/chunks/9999-f564e2e7fc5b6c44.js\",\"4824\",\"static/chunks/4824-507f78e55d96f9dc.js\",\"1203\",\"static/chu...
DEBUG    custom_components.price_tracker.services.buywisely.hydration_parser:hydration_parser.py:22 [_extract_raw_next_f_push_strings] Found matching line: self.__next_f.push([1,"tic/chunks/6341-ca54939c2b36d77d.js\",\"6252\",\"static/chunks/6252-920c83842bca245b.js\",\"6574\",\"static/chunks/6574-85b13196e7d2f55e.js\",\"307\",\"static/chunks/307-cefa9bd...
DEBUG    custom_components.price_tracker.services.buywisely.hydration_parser:hydration_parser.py:27 [_extract_raw_next_f_push_strings] Appended payload chunk: tic/chunks/6341-ca54939c2b36d77d.js\",\"6252\",\"static/chunks/6252-920c83842bca245b.js\",\"6574\",\"static/chunks/6574-85b13196e7d2f55e.js\",\"307\",\"static/chunks/307-cefa9bd2f7381bf5.js\",\"2665\"...
DEBUG    custom_components.price_tracker.services.buywisely.hydration_parser:hydration_parser.py:22 [_extract_raw_next_f_push_strings] Found matching line: self.__next_f.push([1,"6:{\"gid\":\"15797211988331096831\",\"image\":\"https://encrypted-tbn0.gstatic.com/shopping?q=tbn:ANd9GcSMKJEcJ5xuZEACgvb5b-OsiulwL1b5Ivy7wbsYiJ3A2vpwsAhIjV_QMfs2iyap5nDsHiEzTca...
DEBUG    custom_components.price_tracker.services.buywisely.hydration_parser:hydration_parser.py:27 [_extract_raw_next_f_push_strings] Appended payload chunk: 6:{\"gid\":\"15797211988331096831\",\"image\":\"https://encrypted-tbn0.gstatic.com/shopping?q=tbn:ANd9GcSMKJEcJ5xuZEACgvb5b-OsiulwL1b5Ivy7wbsYiJ3A2vpwsAhIjV_QMfs2iyap5nDsHiEzTcaeGYaz_I5WBRrUjD5abtI2D4...
DEBUG    custom_components.price_tracker.services.buywisely.hydration_parser:hydration_parser.py:22 [_extract_raw_next_f_push_strings] Found matching line: self.__next_f.push([1,"d9GcT56PnF6Ir30ACBooV4QML9XqGxPMeS0UD-J-IOmt4RfpWkpWyt9SsenHDo-DCqfhurJ2kXsVOBsMMEV9L72XZYRPTuRv6C\u0026usqp=CAY\",\"https://encrypted-tbn2.gstatic.com/shopping?q=tbn:ANd9GcRG-G...
DEBUG    custom_components.price_tracker.services.buywisely.hydration_parser:hydration_parser.py:27 [_extract_raw_next_f_push_strings] Appended payload chunk: d9GcT56PnF6Ir30ACBooV4QML9XqGxPMeS0UD-J-IOmt4RfpWkpWyt9SsenHDo-DCqfhurJ2kXsVOBsMMEV9L72XZYRPTuRv6C\u0026usqp=CAY\",\"https://encrypted-tbn2.gstatic.com/shopping?q=tbn:ANd9GcRG-GwVx5yd5FeS1o4JqlvUNwo3M...
DEBUG    custom_components.price_tracker.services.buywisely.hydration_parser:hydration_parser.py:22 [_extract_raw_next_f_push_strings] Found matching line: self.__next_f.push([1,"\"$34\",\"colors\":\"$35\",\"thumbnails\":\"$39\",\"details\":\"Crafted from premium materials and featuring military-grade¹ durability, moto g75 5G is made for everyday life. C...
DEBUG    custom_components.price_tracker.services.buywisely.hydration_parser:hydration_parser.py:27 [_extract_raw_next_f_push_strings] Appended payload chunk: \"$34\",\"colors\":\"$35\",\"thumbnails\":\"$39\",\"details\":\"Crafted from premium materials and featuring military-grade¹ durability, moto g75 5G is made for everyday life. Capture sharp photos and...
DEBUG    custom_components.price_tracker.services.buywisely.hydration_parser:hydration_parser.py:22 [_extract_raw_next_f_push_strings] Found matching line: self.__next_f.push([1,"b:[[\"$\",\"$L10\",null,{\"container\":true,\"justifyContent\":\"space-around\",\"spacing\":{\"xs\":0,\"md\":0},\"children\":[[\"$\",\"$L10\",null,{\"item\":true,\"md\":4,\"xs\"...
DEBUG    custom_components.price_tracker.services.buywisely.hydration_parser:hydration_parser.py:27 [_extract_raw_next_f_push_strings] Appended payload chunk: b:[[\"$\",\"$L10\",null,{\"container\":true,\"justifyContent\":\"space-around\",\"spacing\":{\"xs\":0,\"md\":0},\"children\":[[\"$\",\"$L10\",null,{\"item\":true,\"md\":4,\"xs\":12,\"children\":[\"$\"...
DEBUG    custom_components.price_tracker.services.buywisely.hydration_parser:hydration_parser.py:22 [_extract_raw_next_f_push_strings] Found matching line: self.__next_f.push([1,"59:I[65161,[\"3655\",\"static/chunks/3655-f78e4e363a5541d0.js\",\"6290\",\"static/chunks/6290-2a8ce89a0b5a3df8.js\",\"6381\",\"static/chunks/6381-2b873addadcb95f3.js\",\"6310\",...
DEBUG    custom_components.price_tracker.services.buywisely.hydration_parser:hydration_parser.py:27 [_extract_raw_next_f_push_strings] Appended payload chunk: 59:I[65161,[\"3655\",\"static/chunks/3655-f78e4e363a5541d0.js\",\"6290\",\"static/chunks/6290-2a8ce89a0b5a3df8.js\",\"6381\",\"static/chunks/6381-2b873addadcb95f3.js\",\"6310\",\"static/chunks/6310-99...
DEBUG    custom_components.price_tracker.services.buywisely.hydration_parser:hydration_parser.py:22 [_extract_raw_next_f_push_strings] Found matching line: self.__next_f.push([1,"ing you can see a difference, but in normal use, they're close).It's a little on the big side, especially for a child, but the Military toughness and optional screen repair serv...
DEBUG    custom_components.price_tracker.services.buywisely.hydration_parser:hydration_parser.py:27 [_extract_raw_next_f_push_strings] Appended payload chunk: ing you can see a difference, but in normal use, they're close).It's a little on the big side, especially for a child, but the Military toughness and optional screen repair service make up for that. T...
DEBUG    custom_components.price_tracker.services.buywisely.hydration_parser:hydration_parser.py:22 [_extract_raw_next_f_push_strings] Found matching line: self.__next_f.push([1,"11:[\"$\",\"$L59\",null,{\"product\":{\"id\":83429707,\"gid\":\"15797211988331096831\",\"title\":\"Motorola Moto G75 5G 256GB Grey with Buds\",\"image\":\"https://encrypted-tbn0...
DEBUG    custom_components.price_tracker.services.buywisely.hydration_parser:hydration_parser.py:27 [_extract_raw_next_f_push_strings] Appended payload chunk: 11:[\"$\",\"$L59\",null,{\"product\":{\"id\":83429707,\"gid\":\"15797211988331096831\",\"title\":\"Motorola Moto G75 5G 256GB Grey with Buds\",\"image\":\"https://encrypted-tbn0.gstatic.com/shopping?q...
DEBUG    custom_components.price_tracker.services.buywisely.hydration_parser:hydration_parser.py:28 [_extract_raw_next_f_push_strings] Final payload_chunks: ['1:HL[\\"/_next/static/media/2b3f1035ed87a788-s.p.woff2\\",\\"font\\",{\\"crossOrigin\\":\\"\\",\\"type\\":\\"font/woff2\\"}]\\n2:HL[\\"/_next/static/media/8bf7b2ceda89477b-s.p.woff2\\",\\"font\\",{\\"crossOrigin\\":\\"\\",\\"type\\":\\"font/woff2\\"}]\\n3:HL[\\"/_next/static/css/e0d445a9cf4aff75.css\\",\\"style\\"]\\n', '4:I[89562,[],\\"\\"]\\n7:I[78703,[],\\"\\"]\\n9:I[53751,[],\\"\\"]\\nc:I[11478,[\\"3655\\",\\"static/chunks/3655-f78e4e363a5541d0.js\\",\\"395\\",\\"static/chunks/app/product/%5Bslug%5D/layout-afd1e0771fc65a8b.js\\"],\\"\\"]\\nd:I[25719,[\\"3655\\",\\"static/chunks/3655-f78e4e363a5541d0.js\\",\\"6290\\",\\"static/chunks/6290-2a8ce89a0b5a3df8.js\\",\\"3895\\",\\"static/chunks/app/product/%5Bslug%5D/@offers/loading-91e67d2edba3eaa4.js\\"],\\"default\\"]\\ne:I[88170,[\\"3655\\",\\"static/chunks/3655-f78e4e363a5541d0.js\\",\\"6290\\",\\"static/chunks/6290-2a8ce89a0b5a3df8.js\\",\\"3895\\",\\"static/chunks/app/product/%5Bslug%5D/@offers/loading-91e67d2edba3eaa4.js\\"],\\"\\"]\\nf:I[44863,[\\"3655\\",\\"static/chunks/3655-f78e4e363a5541d0.js\\",\\"395\\",\\"static/chunks/app/product/%5Bslug%5D/layout-afd1e0771fc65a8b.js\\"],\\"\\"]\\n10:I[39146,[\\"3655\\",\\"static/chunks/3655-f78e4e363a5541d0.js\\",\\"6290\\",\\"static/chunks/6290-2a8ce89a0b5a3df8.js\\",\\"2665\\",\\"static/chunks/2665-2d172eda87a962e3.js\\",\\"6435\\",\\"static/chunks/app/product/%5Bslug%5D/@info/loading-1c1ee849e97e6a1a.js\\"],\\"\\"]\\n13:I[79165,[\\"3655\\",\\"static/chunks/3655-f78e4e363a5541d0.js\\",\\"6290\\",\\"static/chunks/6290-2a8ce89a0b5a3df8.js\\",\\"6381\\",\\"static/chunks/6381-2b873addadcb95f3.js\\",\\"6310\\",\\"static/chunks/6310-99207018fb617736.js\\",\\"5469\\",\\"static/chunks/5469-d5f85e2b5dbb2663.js\\",\\"6341\\",\\"static/chunks/6341-ca54939c2b36d77d.js\\",\\"6252\\",\\"static/chunks/6252-920c83842bca245b.js\\",\\"6574\\",\\"static/chunks/6574-85b13196e7d2f55e.js\\",\\"307\\",\\"static/chunks/307-cefa9bd2f7381bf5.js\\",\\"2665\\",\\"static/chunks/2665-2d172eda87a962e3.js\\",\\"684\\",\\"static/chunks/684-7de3c401504b82a2.js\\",\\"7269\\",\\"static/chunks/7269-a4bddb872ba784d5.js\\",\\"8327\\",\\"static/chunks/8327-5596df2c7a80e7eb.js\\",\\"5135\\",\\"static/chunks/5135-e150b38f04bc4ae4.js\\",\\"5127\\",\\"static/chunks/5127-7de194f1c35db063.js\\",\\"5805\\",\\"static/chunks/5805-5009d17ba83b5e07.js\\",\\"3185\\",\\"static/chunks/app/layout-0606493c769120ee.js\\"],\\"default\\"]\\n14:I[72470,[\\"3655\\",\\"static/chunks/3655-f78e4e363a5541d0.js\\",\\"6290\\",\\"static/chunks/6290-2a8ce89a0b5a3df8.js\\",\\"6381\\",\\"static/chunks/6381-2b873addadcb95f3.js\\",\\"6310\\",\\"static/chunks/6310-99207018fb617736.js\\",\\"5469\\",\\"static/chunks/5469-d5f85e2b5dbb2663', '.js\\",\\"6341\\",\\"static/chunks/6341-ca54939c2b36d77d.js\\",\\"6252\\",\\"static/chunks/6252-920c83842bca245b.js\\",\\"6574\\",\\"static/chunks/6574-85b13196e7d2f55e.js\\",\\"307\\",\\"static/chunks/307-cefa9bd2f7381bf5.js\\",\\"2665\\",\\"static/chunks/2665-2d172eda87a962e3.js\\",\\"684\\",\\"static/chunks/684-7de3c401504b82a2.js\\",\\"7269\\",\\"static/chunks/7269-a4bddb872ba784d5.js\\",\\"8327\\",\\"static/chunks/8327-5596df2c7a80e7eb.js\\",\\"5135\\",\\"static/chunks/5135-e150b38f04bc4ae4.js\\",\\"5127\\",\\"static/chunks/5127-7de194f1c35db063.js\\",\\"5805\\",\\"static/chunks/5805-5009d17ba83b5e07.js\\",\\"3185\\",\\"static/chunks/app/layout-0606493c769120ee.js\\"],\\"UserProvider\\"]\\n15:I[68744,[\\"3655\\",\\"static/chunks/3655-f78e4e363a5541d0.js\\",\\"6290\\",\\"static/chunks/6290-2a8ce89a0b5a3df8.js\\",\\"6381\\",\\"static/chunks/6381-2b873addadcb95f3.js\\",\\"6310\\",\\"static/chunks/6310-99207018fb617736.js\\",\\"5469\\",\\"static/chunks/5469-d5f85e2b5dbb2663.js\\",\\"6341\\",\\"static/chunks/6341-ca54939c2b36d77d.js\\",\\"6252\\",\\"static/chunks/6252-920c83842bca245b.js\\",\\"6574\\",\\"static/chunks/6574-85b13196e7d2f55e.js\\",\\"307\\",\\"static/chunks/307-cefa9bd2f7381bf5.js\\",\\"2665\\",\\"static/chunks/2665-2d172eda87a962e3.js\\",\\"684\\",\\"static/chunks/684-7de3c401504b82a2.js\\",\\"7269\\",\\"static/chunks/7269-a4bddb872ba784d5.js\\",\\"8327\\",\\"static/chunks/8327-5596df2c7a80e7eb.js\\",\\"5135\\",\\"static/chunks/5135-e150b38f04bc4ae4.js\\",\\"5127\\",\\"static/chunks/5127-7de194f1c35db063.js\\",\\"5805\\",\\"static/chunks/5805-5009d17ba83b5e07.js\\",\\"3185\\",\\"static/chunks/app/layout-0606493c769120ee.js\\"],\\"EventsProvider\\"]\\n16:I[58977,[\\"3655\\",\\"static/chunks/3655-f78e4e363a5541d0.js\\",\\"6290\\",\\"static/chunks/6290-2a8ce89a0b5a3df8.js\\",\\"6381\\",\\"static/chunks/6381-2b873addadcb95f3.js\\",\\"6310\\",\\"static/chunks/6310-99207018fb617736.js\\",\\"5469\\",\\"static/chunks/5469-d5f85e2b5dbb2663.js\\",\\"6341\\",\\"static/chunks/6341-ca54939c2b36d77d.js\\",\\"6252\\",\\"static/chunks/6252-920c83842bca245b.js\\",\\"6574\\",\\"static/chunks/6574-85b13196e7d2f55e.js\\",\\"307\\",\\"static/chunks/307-cefa9bd2f7381bf5.js\\",\\"2665\\",\\"static/chunks/2665-2d172eda87a962e3.js\\",\\"684\\",\\"static/chunks/684-7de3c401504b82a2.js\\",\\"7269\\",\\"static/chunks/7269-a4bddb872ba784d5.js\\",\\"8327\\",\\"static/', 'chunks/8327-5596df2c7a80e7eb.js\\",\\"5135\\",\\"static/chunks/5135-e150b38f04bc4ae4.js\\",\\"5127\\",\\"static/chunks/5127-7de194f1c35db063.js\\",\\"5805\\",\\"static/chunks/5805-5009d17ba83b5e07.js\\",\\"3185\\",\\"static/chunks/app/layout-0606493c769120ee.js\\"],\\"default\\"]\\n17:I[66973,[\\"3655\\",\\"static/chunks/3655-f78e4e363a5541d0.js\\",\\"6290\\",\\"static/chunks/6290-2a8ce89a0b5a3df8.js\\",\\"6381\\",\\"static/chunks/6381-2b873addadcb95f3.js\\",\\"6310\\",\\"static/chunks/6310-99207018fb617736.js\\",\\"5469\\",\\"static/chunks/5469-d5f85e2b5dbb2663.js\\",\\"6341\\",\\"static/chunks/6341-ca54939c2b36d77d.js\\",\\"6252\\",\\"static/chunks/6252-920c83842bca245b.js\\",\\"6574\\",\\"static/chunks/6574-85b13196e7d2f55e.js\\",\\"307\\",\\"static/chunks/307-cefa9bd2f7381bf5.js\\",\\"2665\\",\\"static/chunks/2665-2d172eda87a962e3.js\\",\\"684\\",\\"static/chunks/684-7de3c401504b82a2.js\\",\\"7269\\",\\"static/chunks/7269-a4bddb872ba784d5.js\\",\\"8327\\",\\"static/chunks/8327-5596df2c7a80e7eb.js\\",\\"5135\\",\\"static/chunks/5135-e150b38f04bc4ae4.js\\",\\"5127\\",\\"static/chunks/5127-7de194f1c35db063.js\\",\\"5805\\",\\"static/chunks/5805-5009d17ba83b5e07.js\\",\\"3185\\",\\"static/chunks/app/layout-0606493c769120ee.js\\"],\\"CollectionsProvider\\"]\\n18:I[32206,[\\"3655\\",\\"static/chunks/3655-f78e4e363a5541d0.js\\",\\"6290\\",\\"static/chunks/6290-2a8ce89a0b5a3df8.js\\",\\"6381\\",\\"static/chunks/6381-2b873addadcb95f3.js\\",\\"6310\\",\\"static/chunks/6310-99207018fb617736.js\\",\\"5469\\",\\"static/chunks/5469-d5f85e2b5dbb2663.js\\",\\"6341\\",\\"static/chunks/6341-ca54939c2b36d77d.js\\",\\"6252\\",\\"static/chunks/6252-920c83842bca245b.js\\",\\"6574\\",\\"static/chunks/6574-85b13196e7d2f55e.js\\",\\"307\\",\\"static/chunks/307-cefa9bd2f7381bf5.js\\",\\"2665\\",\\"static/chunks/2665-2d172eda87a962e3.js\\",\\"684\\",\\"static/chunks/684-7de3c401504b82a2.js\\",\\"7269\\",\\"static/chunks/7269-a4bddb872ba784d5.js\\",\\"8327\\",\\"static/chunks/8327-5596df2c7a80e7eb.js\\",\\"5135\\",\\"static/chunks/5135-e150b38f04bc4ae4.js\\",\\"5127\\",\\"static/chunks/5127-7de194f1c35db063.js\\",\\"5805\\",\\"static/chunks/5805-5009d17ba83b5e07.js\\",\\"3185\\",\\"static/chunks/app/layout-0606493c769120ee.js\\"],\\"SearchProvider\\"]\\n19:I[25115,[\\"3655\\",\\"static/chunks/3655-f78e4e363a5541d0.js\\",\\"6290\\",\\"static/chunks/6290-2a8ce89a0b5a3df', '8.js\\",\\"6381\\",\\"static/chunks/6381-2b873addadcb95f3.js\\",\\"6310\\",\\"static/chunks/6310-99207018fb617736.js\\",\\"5469\\",\\"static/chunks/5469-d5f85e2b5dbb2663.js\\",\\"6341\\",\\"static/chunks/6341-ca54939c2b36d77d.js\\",\\"6252\\",\\"static/chunks/6252-920c83842bca245b.js\\",\\"6574\\",\\"static/chunks/6574-85b13196e7d2f55e.js\\",\\"307\\",\\"static/chunks/307-cefa9bd2f7381bf5.js\\",\\"2665\\",\\"static/chunks/2665-2d172eda87a962e3.js\\",\\"684\\",\\"static/chunks/684-7de3c401504b82a2.js\\",\\"7269\\",\\"static/chunks/7269-a4bddb872ba784d5.js\\",\\"8327\\",\\"static/chunks/8327-5596df2c7a80e7eb.js\\",\\"5135\\",\\"static/chunks/5135-e150b38f04bc4ae4.js\\",\\"5127\\",\\"static/chunks/5127-7de194f1c35db063.js\\",\\"5805\\",\\"static/chunks/5805-5009d17ba83b5e07.js\\",\\"3185\\",\\"static/chunks/app/layout-0606493c769120ee.js\\"],\\"DropdownProvider\\"]\\n1b:I[20977,[\\"3655\\",\\"static/chunks/3655-f78e4e363a5541d0.js\\",\\"6290\\",\\"static/chunks/6290-2a8ce89a0b5a3df8.js\\",\\"6381\\",\\"static/chunks/6381-2b873addadcb95f3.js\\",\\"6310\\",\\"static/chunks/6310-99207018fb617736.js\\",\\"5469\\",\\"static/chunks/5469-d5f85e2b5dbb2663.js\\",\\"9160\\",\\"static/chunks/app/not-found-9fe2d208d6f479a3.js\\"],\\"default\\"]\\n1c:I[79529,[\\"3655\\",\\"static/chunks/3655-f78e4e363a5541d0.js\\",\\"6290\\",\\"static/chunks/6290-2a8ce89a0b5a3df8.js\\",\\"6381\\",\\"static/chunks/6381-2b873addadcb95f3.js\\",\\"6310\\",\\"static/chunks/6310-99207018fb617736.js\\",\\"5469\\",\\"static/chunks/5469-d5f85e2b5dbb2663.js\\",\\"6341\\",\\"static/chunks/6341-ca54939c2b36d77d.js\\",\\"6252\\",\\"static/chunks/6252-920c83842bca245b.js\\",\\"6574\\",\\"static/chunks/6574-85b13196e7d2f55e.js\\",\\"307\\",\\"static/chunks/307-cefa9bd2f7381bf5.js\\",\\"2665\\",\\"static/chunks/2665-2d172eda87a962e3.js\\",\\"684\\",\\"static/chunks/684-7de3c401504b82a2.js\\",\\"7269\\",\\"static/chunks/7269-a4bddb872ba784d5.js\\",\\"8327\\",\\"static/chunks/8327-5596df2c7a80e7eb.js\\",\\"5135\\",\\"static/chunks/5135-e150b38f04bc4ae4.js\\",\\"5127\\",\\"static/chunks/5127-7de194f1c35db063.js\\",\\"5805\\",\\"static/chunks/5805-5009d17ba83b5e07.js\\",\\"3185\\",\\"static/chunks/app/layout-0606493c769120ee.js\\"],\\"default\\"]\\n1d:I[74906,[\\"3655\\",\\"static/chunks/3655-f78e4e363a5541d0.js\\",\\"6290\\",\\"static/chunks/6290-2a8ce89a0b5a3df8.js\\",\\"6381\\",\\"static/chunks/6381-2', 'b873addadcb95f3.js\\",\\"6310\\",\\"static/chunks/6310-99207018fb617736.js\\",\\"5469\\",\\"static/chunks/5469-d5f85e2b5dbb2663.js\\",\\"6341\\",\\"static/chunks/6341-ca54939c2b36d77d.js\\",\\"6252\\",\\"static/chunks/6252-920c83842bca245b.js\\",\\"6574\\",\\"static/chunks/6574-85b13196e7d2f55e.js\\",\\"307\\",\\"static/chunks/307-cefa9bd2f7381bf5.js\\",\\"2665\\",\\"static/chunks/2665-2d172eda87a962e3.js\\",\\"684\\",\\"static/chunks/684-7de3c401504b82a2.js\\",\\"7269\\",\\"static/chunks/7269-a4bddb872ba784d5.js\\",\\"8327\\",\\"static/chunks/8327-5596df2c7a80e7eb.js\\",\\"5135\\",\\"static/chunks/5135-e150b38f04bc4ae4.js\\",\\"5127\\",\\"static/chunks/5127-7de194f1c35db063.js\\",\\"5805\\",\\"static/chunks/5805-5009d17ba83b5e07.js\\",\\"3185\\",\\"static/chunks/app/layout-0606493c769120ee.js\\"],\\"GoogleAnalytics\\"]\\n1e:I[25327,[\\"3655\\",\\"static/chunks/3655-f78e4e363a5541d0.js\\",\\"6290\\",\\"static/chunks/6290-2a8ce89a0b5a3df8.js\\",\\"6381\\",\\"static/chunks/6381-2b873addadcb95f3.js\\",\\"6310\\",\\"static/chunks/6310-99207018fb617736.js\\",\\"5469\\",\\"static/chunks/5469-d5f85e2b5dbb2663.js\\",\\"6341\\",\\"static/chunks/6341-ca54939c2b36d77d.js\\",\\"6252\\",\\"static/chunks/6252-920c83842bca245b.js\\",\\"6574\\",\\"static/chunks/6574-85b13196e7d2f55e.js\\",\\"307\\",\\"static/chunks/307-cefa9bd2f7381bf5.js\\",\\"2665\\",\\"static/chunks/2665-2d172eda87a962e3.js\\",\\"684\\",\\"static/chunks/684-7de3c401504b82a2.js\\",\\"7269\\",\\"static/chunks/7269-a4bddb872ba784d5.js\\",\\"8327\\",\\"static/chunks/8327-5596df2c7a80e7eb.js\\",\\"5135\\",\\"static/chunks/5135-e150b38f04bc4ae4.js\\",\\"5127\\",\\"static/chunks/5127-7de194f1c35db063.js\\",\\"5805\\",\\"static/chunks/5805-5009d17ba83b5e07.js\\",\\"3185\\",\\"static/chunks/app/layout-0606493c769120ee.js\\"],\\"\\"]\\n20:I[51395,[],\\"\\"]\\n8:[\\"slug\\",\\"motorola-moto-g75-5g-256gb-grey-with-buds\\",\\"d\\"]\\n21:[]\\n', '0:[[[\\"$\\",\\"link\\",\\"0\\",{\\"rel\\":\\"stylesheet\\",\\"href\\":\\"/_next/static/css/e0d445a9cf4aff75.css\\",\\"precedence\\":\\"next\\",\\"crossOrigin\\":\\"$undefined\\"}]],[\\"$\\",\\"$L4\\",null,{\\"buildId\\":\\"vVT_ICiXqaGX8gcuY6VmE\\",\\"assetPrefix\\":\\"\\",\\"initialCanonicalUrl\\":\\"/product/motorola-moto-g75-5g-256gb-grey-with-buds\\",\\"initialTree\\":[\\"\\",{\\"children\\":[\\"product\\",{\\"children\\":[[\\"slug\\",\\"motorola-moto-g75-5g-256gb-grey-with-buds\\",\\"d\\"],{\\"category\\":[\\"__PAGE__\\",{\\"children\\":[\\"__PAGE__\\",{}]}],\\"info\\":[\\"__PAGE__\\",{\\"children\\":[\\"__PAGE__\\",{}]}],\\"offers\\":[\\"__PAGE__\\",{\\"children\\":[\\"__PAGE__\\",{}]}],\\"children\\":[\\"__DEFAULT__\\",{}]}]}]},\\"$undefined\\",\\"$undefined\\",true],\\"initialSeedData\\":[\\"\\",{\\"children\\":[\\"product\\",{\\"children\\":[[\\"slug\\",\\"motorola-moto-g75-5g-256gb-grey-with-buds\\",\\"d\\"],{\\"category\\":[\\"__PAGE__\\",{\\"children\\":[\\"__PAGE__\\",{},[[\\"$L5\\",\\"$L6\\"],null],null]},[\\"$\\",\\"$L7\\",null,{\\"parallelRouterKey\\":\\"children\\",\\"segmentPath\\":[\\"children\\",\\"product\\",\\"children\\",\\"$8\\",\\"category\\",\\"__PAGE__\\",\\"children\\"],\\"error\\":\\"$undefined\\",\\"errorStyles\\":\\"$undefined\\",\\"errorScripts\\":\\"$undefined\\",\\"template\\":[\\"$\\",\\"$L9\\",null,{}],\\"templateStyles\\":\\"$undefined\\",\\"templateScripts\\":\\"$undefined\\",\\"notFound\\":\\"$undefined\\",\\"notFoundStyles\\":\\"$undefined\\",\\"styles\\":null}],null],\\"info\\":[\\"__PAGE__\\",{\\"children\\":[\\"__PAGE__\\",{},[[\\"$a\\",\\"$Lb\\"],null],null]},[\\"$\\",\\"$L7\\",null,{\\"parallelRouterKey\\":\\"children\\",\\"segmentPath\\":[\\"children\\",\\"product\\",\\"children\\",\\"$8\\",\\"info\\",\\"__PAGE__\\",\\"children\\"],\\"error\\":\\"$undefined\\",\\"errorStyles\\":\\"$undefined\\",\\"errorScripts\\":\\"$undefined\\",\\"template\\":[\\"$\\",\\"$L9\\",null,{}],\\"templateStyles\\":\\"$undefined\\",\\"templateScripts\\":\\"$undefined\\",\\"notFound\\":\\"$undefined\\",\\"notFoundStyles\\":\\"$undefined\\",\\"styles\\":null}],[[[\\"$\\",\\"$Lc\\",null,{\\"sx\\":{\\"display\\":{\\"xs\\":\\"flex\\",\\"md\\":\\"none\\"},\\"width\\":\\"100%\\"},\\"children\\":[\\"$\\",\\"$Ld\\",null,{\\"width\\":\\"100%\\",\\"spacing\\":2,\\"mb\\":2,\\"children\\":[[\\"$\\",\\"$Le\\",null,{\\"variant\\":\\"rectangular\\",\\"width\\":\\"100%\\",\\"height\\":300}],[\\"$\\",\\"$Le\\",null,{\\"variant\\":\\"rounded\\",\\"height\\":250}]]}]}],[\\"$\\",\\"$Lc\\",null,{\\"sx\\":{\\"display\\":{\\"xs\\":\\"none\\",\\"md\\":\\"flex\\"}},\\"children\\":[\\"$\\",\\"$Lf\\",null,{\\"children\\":[\\"$\\",\\"$Lc\\",null,{\\"width\\":\\"100%\\",\\"mb\\":2,\\"children\\":[\\"$\\",\\"$L10\\",null,{\\"container\\":true,\\"justifyContent\\":\\"space-around\\",\\"children\\":[[\\"$\\",\\"$Le\\",null,{\\"variant\\":\\"rectangular\\",\\"width\\":380,\\"height\\":400}],[\\"$\\",\\"$L10\\",null,{\\"item\\":true,\\"md\\":6,\\"xs\\":12,\\"alignItems\\":\\"center\\",\\"children\\":[[\\"$\\",\\"$Le\\",null,{\\"width\\":400,\\"height\\":50}],[\\"$\\",\\"$Lc\\",null,{\\"my\\":4,\\"children\\":[\\"$\\",\\"$Le\\",null,{\\"variant\\":\\"rounded\\",\\"width\\":600,\\"height\\":200}]}]]}]]}]}]}]}]],[],[]]],\\"offers\\":[\\"__PAGE__\\",{\\"children\\":[\\"__PAGE__\\",{},[[\\"$a\\",\\"$L11\\"],null],null]},[\\"$\\",\\"$L7\\",null,{\\"parallelRouterKey\\":\\"children\\",\\"segmentPath\\":[\\"children\\",\\"product\\",\\"children\\",\\"$8\\",\\"offers\\",\\"__PAGE__\\",\\"children\\"],\\"error\\":\\"$undefined\\",\\"errorStyles\\":\\"$undefined\\",\\"errorScripts\\":\\"$undefined\\",\\"template\\":[\\"$\\",\\"$L9\\",null,{}],\\"templateStyles\\":\\"$undefined\\",\\"templateScripts\\":\\"$undefined\\",\\"notFound\\":\\"$undefined\\",\\"notFoundStyles\\":\\"$undefined\\",\\"styles\\":null}],[[[\\"$\\",\\"$Lc\\",null,{\\"sx\\":{\\"display\\":{\\"xs\\":\\"flex\\",\\"md\\":\\"none\\"}},\\"children\\":[\\"$\\",\\"$Ld\\",null,{\\"spacing\\":2,\\"width\\":\\"100%\\",\\"pt\\":2,\\"children\\":[[\\"$\\",\\"$Le\\",null,{\\"variant\\":\\"rounded\\",\\"width\\":\\"100%\\",\\"height\\":30}],[[\\"$\\",\\"$Le\\",\\"0\\",{\\"width\\":\\"100%\\",\\"height\\":80,\\"variant\\":\\"rounded\\"}],[\\"$\\",\\"$Le\\",\\"1\\",{\\"width\\":\\"100%\\",\\"height\\":80,\\"variant\\":\\"rounded\\"}],[\\"$\\",\\"$Le\\",\\"2\\",{\\"width\\":\\"100%\\",\\"height\\":80,\\"variant\\":\\"rounded\\"}],[\\"$\\",\\"$Le\\",\\"3\\",{\\"width\\":\\"100%\\",\\"height\\":80,\\"variant\\":\\"rounded\\"}],[\\"$\\",\\"$Le\\",\\"4\\",{\\"width\\":\\"100%\\",\\"height\\":80,\\"variant\\":\\"rounded\\"}]]]}]}],[\\"$\\",\\"$Lc\\",null,{\\"sx\\":{\\"display\\":{\\"xs\\":\\"none\\",\\"md\\":\\"flex\\"}},\\"children\\":[\\"$\\",\\"$Ld\\",null,{\\"spacing\\":2,\\"my\\":2,\\"width\\":\\"100%\\",\\"children\\":[[\\"$\\",\\"$Le\\",null,{\\"variant\\":\\"rounded\\",\\"width\\":280,\\"height\\":30}],[\\"$\\",\\"$Ld\\",null,{\\"spacing\\":2,\\"children\\":[[\\"$\\",\\"$Le\\",\\"0\\",{\\"width\\":\\"100%\\",\\"height\\":60,\\"variant\\":\\"rounded\\"}],[\\"$\\",\\"$Le\\",\\"1\\",{\\"width\\":\\"100%\\",\\"height\\":60,\\"variant\\":\\"rounded\\"}],[\\"$\\",\\"$Le\\",\\"2\\",{\\"width\\":\\"100%\\",\\"height\\":60,\\"variant\\":\\"rounded\\"}],[\\"$\\",\\"$Le\\",\\"3\\",{\\"width\\":\\"100%\\",\\"height\\":60,\\"variant\\":\\"rounded\\"}],[\\"$\\",\\"$Le\\",\\"4\\",{\\"width\\":\\"100%\\",\\"height\\":60,\\"variant\\":\\"rounded\\"}],[\\"$\\",\\"$Le\\",\\"5\\",{\\"width\\":\\"100%\\",\\"height\\":60,\\"variant\\":\\"rounded\\"}],[\\"$\\",\\"$Le\\",\\"6\\",{\\"width\\":\\"100%\\",\\"height\\":60,\\"variant\\":\\"rounded\\"}],[\\"$\\",\\"$Le\\",\\"7\\",{\\"width\\":\\"100%\\",\\"height\\":60,\\"variant\\":\\"rounded\\"}],[\\"$\\",\\"$Le\\",\\"8\\",{\\"width\\":\\"100%\\",\\"height\\":60,\\"variant\\":\\"rounded\\"}],[\\"$\\",\\"$Le\\",\\"9\\",{\\"width\\":\\"100%\\",\\"height\\":60,\\"variant\\":\\"rounded\\"}]]}]]}]}]],[],[]]],\\"children\\":[\\"__DEFAULT__\\",{},[[\\"$a\\",\\"$L12\\"],null],null]},[[\\"$\\",\\"$Lc\\",null,{\\"children\\":[[\\"$\\",\\"$Lc\\",null,{\\"sx\\":{\\"bgcolor\\":\\"background.paper\\",\\"boxShadow\\":\\"0 2px 4px rgba(0,0,0,0.1)\\"},\\"pt\\":2,\\"children\\":[\\"$\\",\\"$Lf\\",null,{\\"children\\":[[\\"$\\",\\"$L7\\",null,{\\"parallelRouterKey\\":\\"category\\",\\"segmentPath\\":[\\"children\\",\\"product\\",\\"children\\",\\"$8\\",\\"category\\"],\\"error\\":\\"$undefined\\",\\"errorStyles\\":\\"$undefined\\",\\"errorScripts\\":\\"$undefined\\",\\"template\\":[\\"$\\",\\"$L9\\",null,{}],\\"templateStyles\\":\\"$undefined\\",\\"templateScripts\\":\\"$undefined\\",\\"notFound\\":\\"$undefined\\",\\"notFoundStyles\\":\\"$undefined\\",\\"styles\\":null}],[\\"$\\",\\"$L7\\",null,{\\"parallelRouterKey\\":\\"info\\",\\"segmentPath\\":[\\"children\\",\\"product\\",\\"children\\",\\"$8\\",\\"info\\"],\\"error\\":\\"$undefined\\",\\"errorStyles\\":\\"$undefined\\",\\"errorScripts\\":\\"$undefined\\",\\"template\\":[\\"$\\",\\"$L9\\",null,{}],\\"templateStyles\\":\\"$undefined\\",\\"templateScripts\\":\\"$undefined\\",\\"notFound\\":\\"$undefined\\",\\"notFoundStyles\\":\\"$undefined\\",\\"styles\\":null}]]}]}],[\\"$\\",\\"$Lf\\",null,{\\"children\\":[\\"$\\",\\"$L7\\",null,{\\"parallelRouterKey\\":\\"offers\\",\\"segmentPath\\":[\\"children\\",\\"product\\",\\"children\\",\\"$8\\",\\"offers\\"],\\"error\\":\\"$undefined\\",\\"errorStyles\\":\\"$undefined\\",\\"errorScripts\\":\\"$undefined\\",\\"template\\":[\\"$\\",\\"$L9\\",null,{}],\\"templateStyles\\":\\"$undefined\\",\\"templateScripts\\":\\"$undefined\\",\\"notFound\\":\\"$undefined\\",\\"notFoundStyles\\":\\"$undefined\\",\\"styles\\":null}]}]]}],null],null]},[\\"$\\",\\"$L7\\",null,{\\"parallelRouterKey\\":\\"children\\",\\"segmentPath\\":[\\"children\\",\\"product\\",\\"children\\"],\\"error\\":\\"$undefined\\",\\"errorStyles\\":\\"$undefined\\",\\"errorScripts\\":\\"$undefined\\",\\"template\\":[\\"$\\",\\"$L9\\",null,{}],\\"templateStyles\\":\\"$undefined\\",\\"templateScripts\\":\\"$undefined\\",\\"notFound\\":\\"$undefined\\",\\"notFoundStyles\\":\\"$undefined\\",\\"styles\\":null}],null]},[[\\"$\\",\\"html\\",null,{\\"lang\\":\\"en\\",\\"className\\":\\"__className_6b8127\\",\\"children\\":[[\\"$\\",\\"body\\",null,{\\"children\\":[[\\"$\\",\\"$L13\\",null,{\\"options\\":{\\"enableCssLayer\\":true},\\"children\\":[\\"$\\",\\"$L14\\",null,{\\"children\\":[\\"$\\",\\"$L15\\",null,{\\"children\\":[\\"$\\",\\"$L16\\",null,{\\"children\\":[\\"$\\",\\"$L17\\",null,{\\"children\\":[\\"$\\",\\"$L18\\",null,{\\"children\\":[\\"$\\",\\"$L19\\",null,{\\"children\\":[\\"$\\",\\"$Ld\\",null,{\\"sx\\":{\\"minHeight\\":\\"100vh\\",\\"display\\":\\"flex\\",\\"flexDirection\\":\\"column\\"},\\"children\\":[\\"$L1a\\",[\\"$\\",\\"$Lc\\",null,{\\"sx\\":{\\"mt\\":8,\\"flex\\":1},\\"children\\":[\\"$\\",\\"$L7\\",null,{\\"parallelRouterKey\\":\\"children\\",\\"segmentPath\\":[\\"children\\"],\\"error\\":\\"$undefined\\",\\"errorStyles\\":\\"$undefined\\",\\"errorScripts\\":\\"$undefined\\",\\"template\\":[\\"$\\",\\"$L9\\",null,{}],\\"templateStyles\\":\\"$undefined\\",\\"templateScripts\\":\\"$undefined\\",\\"notFound\\":[\\"$\\",\\"$L1b\\",null,{}],\\"notFoundStyles\\":[],\\"styles\\":null}]}],[\\"$\\",\\"$L1c\\",null,{}]]}]}]}]}]}]}]}]}],[\\"$\\",\\"$L1d\\",null,{\\"gaId\\":\\"G-M91Z4R0XFN\\"}]]}],[\\"$\\",\\"$L1e\\",null,{\\"async\\":true,\\"strategy\\":\\"lazyOnload\\",\\"src\\":\\"https://pagead2.googlesyndication.com/pagead/js/adsbygoogle.js?client=ca-pub-3043658465039401\\",\\"crossOrigin\\":\\"anonymous\\"}]]}],null],null],\\"couldBeIntercepted\\":false,\\"initialHead\\":[null,\\"$L1f\\"],\\"globalErrorComponent\\":\\"$20\\",\\"missingSlots\\":\\"$W21\\"}]]\\n', '12:E{\\"digest\\":\\"NEXT_NOT_FOUND\\"}\\n', '22:I[5821,[\\"3655\\",\\"static/chunks/3655-f78e4e363a5541d0.js\\",\\"6290\\",\\"static/chunks/6290-2a8ce89a0b5a3df8.js\\",\\"6381\\",\\"static/chunks/6381-2b873addadcb95f3.js\\",\\"6310\\",\\"static/chunks/6310-99207018fb617736.js\\",\\"5469\\",\\"static/chunks/5469-d5f85e2b5dbb2663.js\\",\\"6341\\",\\"static/chunks/6341-ca54939c2b36d77d.js\\",\\"6252\\",\\"static/chunks/6252-920c83842bca245b.js\\",\\"6574\\",\\"static/chunks/6574-85b13196e7d2f55e.js\\",\\"307\\",\\"static/chunks/307-cefa9bd2f7381bf5.js\\",\\"2665\\",\\"static/chunks/2665-2d172eda87a962e3.js\\",\\"684\\",\\"static/chunks/684-7de3c401504b82a2.js\\",\\"7269\\",\\"static/chunks/7269-a4bddb872ba784d5.js\\",\\"8327\\",\\"static/chunks/8327-5596df2c7a80e7eb.js\\",\\"5135\\",\\"static/chunks/5135-e150b38f04bc4ae4.js\\",\\"5127\\",\\"static/chunks/5127-7de194f1c35db063.js\\",\\"5805\\",\\"static/chunks/5805-5009d17ba83b5e07.js\\",\\"3185\\",\\"static/chunks/app/layout-0606493c769120ee.js\\"],\\"\\"]\\n23:I[6063,[\\"3655\\",\\"static/chunks/3655-f78e4e363a5541d0.js\\",\\"6290\\",\\"static/chunks/6290-2a8ce89a0b5a3df8.js\\",\\"6381\\",\\"static/chunks/6381-2b873addadcb95f3.js\\",\\"6310\\",\\"static/chunks/6310-99207018fb617736.js\\",\\"5469\\",\\"static/chunks/5469-d5f85e2b5dbb2663.js\\",\\"6341\\",\\"static/chunks/6341-ca54939c2b36d77d.js\\",\\"6252\\",\\"static/chunks/6252-920c83842bca245b.js\\",\\"6574\\",\\"static/chunks/6574-85b13196e7d2f55e.js\\",\\"307\\",\\"static/chunks/307-cefa9bd2f7381bf5.js\\",\\"2665\\",\\"static/chunks/2665-2d172eda87a962e3.js\\",\\"684\\",\\"static/chunks/684-7de3c401504b82a2.js\\",\\"7269\\",\\"static/chunks/7269-a4bddb872ba784d5.js\\",\\"8327\\",\\"static/chunks/8327-5596df2c7a80e7eb.js\\",\\"5135\\",\\"static/chunks/5135-e150b38f04bc4ae4.js\\",\\"5127\\",\\"static/chunks/5127-7de194f1c35db063.js\\",\\"5805\\",\\"static/chunks/5805-5009d17ba83b5e07.js\\",\\"3185\\",\\"static/chunks/app/layout-0606493c769120ee.js\\"],\\"default\\"]\\n24:I[92163,[\\"3655\\",\\"static/chunks/3655-f78e4e363a5541d0.js\\",\\"6290\\",\\"static/chunks/6290-2a8ce89a0b5a3df8.js\\",\\"6381\\",\\"static/chunks/6381-2b873addadcb95f3.js\\",\\"6310\\",\\"static/chunks/6310-99207018fb617736.js\\",\\"5469\\",\\"static/chunks/5469-d5f85e2b5dbb2663.js\\",\\"6341\\",\\"static/chunks/6341-ca54939c2b36d77d.js\\",\\"6252\\",\\"static/chunks/6252-920c83842bca245b.js\\",\\"6574\\",\\"static/chunks/657', '4-85b13196e7d2f55e.js\\",\\"307\\",\\"static/chunks/307-cefa9bd2f7381bf5.js\\",\\"2665\\",\\"static/chunks/2665-2d172eda87a962e3.js\\",\\"684\\",\\"static/chunks/684-7de3c401504b82a2.js\\",\\"7269\\",\\"static/chunks/7269-a4bddb872ba784d5.js\\",\\"8327\\",\\"static/chunks/8327-5596df2c7a80e7eb.js\\",\\"5135\\",\\"static/chunks/5135-e150b38f04bc4ae4.js\\",\\"5127\\",\\"static/chunks/5127-7de194f1c35db063.js\\",\\"5805\\",\\"static/chunks/5805-5009d17ba83b5e07.js\\",\\"3185\\",\\"static/chunks/app/layout-0606493c769120ee.js\\"],\\"default\\"]\\n25:I[5281,[\\"3655\\",\\"static/chunks/3655-f78e4e363a5541d0.js\\",\\"6290\\",\\"static/chunks/6290-2a8ce89a0b5a3df8.js\\",\\"6381\\",\\"static/chunks/6381-2b873addadcb95f3.js\\",\\"6310\\",\\"static/chunks/6310-99207018fb617736.js\\",\\"5469\\",\\"static/chunks/5469-d5f85e2b5dbb2663.js\\",\\"6341\\",\\"static/chunks/6341-ca54939c2b36d77d.js\\",\\"6252\\",\\"static/chunks/6252-920c83842bca245b.js\\",\\"6574\\",\\"static/chunks/6574-85b13196e7d2f55e.js\\",\\"307\\",\\"static/chunks/307-cefa9bd2f7381bf5.js\\",\\"2665\\",\\"static/chunks/2665-2d172eda87a962e3.js\\",\\"684\\",\\"static/chunks/684-7de3c401504b82a2.js\\",\\"7269\\",\\"static/chunks/7269-a4bddb872ba784d5.js\\",\\"8327\\",\\"static/chunks/8327-5596df2c7a80e7eb.js\\",\\"5135\\",\\"static/chunks/5135-e150b38f04bc4ae4.js\\",\\"5127\\",\\"static/chunks/5127-7de194f1c35db063.js\\",\\"5805\\",\\"static/chunks/5805-5009d17ba83b5e07.js\\",\\"3185\\",\\"static/chunks/app/layout-0606493c769120ee.js\\"],\\"default\\"]\\n26:I[90996,[\\"3655\\",\\"static/chunks/3655-f78e4e363a5541d0.js\\",\\"6290\\",\\"static/chunks/6290-2a8ce89a0b5a3df8.js\\",\\"6381\\",\\"static/chunks/6381-2b873addadcb95f3.js\\",\\"6310\\",\\"static/chunks/6310-99207018fb617736.js\\",\\"5469\\",\\"static/chunks/5469-d5f85e2b5dbb2663.js\\",\\"6341\\",\\"static/chunks/6341-ca54939c2b36d77d.js\\",\\"6252\\",\\"static/chunks/6252-920c83842bca245b.js\\",\\"6574\\",\\"static/chunks/6574-85b13196e7d2f55e.js\\",\\"307\\",\\"static/chunks/307-cefa9bd2f7381bf5.js\\",\\"2665\\",\\"static/chunks/2665-2d172eda87a962e3.js\\",\\"684\\",\\"static/chunks/684-7de3c401504b82a2.js\\",\\"7269\\",\\"static/chunks/7269-a4bddb872ba784d5.js\\",\\"8327\\",\\"static/chunks/8327-5596df2c7a80e7eb.js\\",\\"5135\\",\\"static/chunks/5135-e150b38f04bc4ae4.js\\",\\"5127\\",\\"static/chunks/5127-7de194f1c35db063.js\\",\\"5805\\",\\"st', 'atic/chunks/5805-5009d17ba83b5e07.js\\",\\"3185\\",\\"static/chunks/app/layout-0606493c769120ee.js\\"],\\"default\\"]\\n', '1a:[\\"$\\",\\"$L22\\",null,{\\"sx\\":{\\"backdropFilter\\":\\"blur(6px)\\",\\"backgroundColor\\":\\"rgba(255, 255, 255, 0.8)\\",\\"boxShadow\\":\\"0 2px 4px rgba(0,0,0,0.1)\\"},\\"children\\":[\\"$\\",\\"$Lf\\",null,{\\"children\\":[[\\"$\\",\\"$Ld\\",null,{\\"direction\\":\\"row\\",\\"alignItems\\":\\"center\\",\\"justifyContent\\":\\"space-between\\",\\"sx\\":{\\"display\\":{\\"xs\\":\\"flex\\",\\"md\\":\\"none\\"},\\"height\\":64},\\"children\\":[[\\"$\\",\\"$L23\\",null,{\\"isMobile\\":true}],[\\"$\\",\\"$L24\\",null,{}]]}],[\\"$\\",\\"$Ld\\",null,{\\"direction\\":\\"row\\",\\"alignItems\\":\\"center\\",\\"justifyContent\\":\\"space-between\\",\\"sx\\":{\\"display\\":{\\"xs\\":\\"none\\",\\"md\\":\\"flex\\"},\\"height\\":64},\\"children\\":[[\\"$\\",\\"$L23\\",null,{}],[\\"$\\",\\"$Lc\\",null,{\\"sx\\":{\\"display\\":\\"flex\\",\\"alignItems\\":\\"center\\",\\"gap\\":2},\\"children\\":[[\\"$\\",\\"$L25\\",null,{\\"trend\\":0.235162889442607,\\"history\\":[{\\"average_price_trend\\":0.235162889442607,\\"cycle\\":{\\"id\\":722,\\"cycle_timestamp\\":\\"$D2025-09-16T23:51:09.041Z\\"}},{\\"average_price_trend\\":-0.3933975791444141,\\"cycle\\":{\\"id\\":721,\\"cycle_timestamp\\":\\"$D2025-09-14T08:21:18.130Z\\"}},{\\"average_price_trend\\":0.03076422666606666,\\"cycle\\":{\\"id\\":720,\\"cycle_timestamp\\":\\"$D2025-09-13T12:04:33.238Z\\"}},{\\"average_price_trend\\":0.1977091683052522,\\"cycle\\":{\\"id\\":719,\\"cycle_timestamp\\":\\"$D2025-09-10T07:47:00.349Z\\"}},{\\"average_price_trend\\":0.04236148797531323,\\"cycle\\":{\\"id\\":718,\\"cycle_timestamp\\":\\"$D2025-09-06T06:54:04.013Z\\"}},{\\"average_price_trend\\":0.487140901639648,\\"cycle\\":{\\"id\\":717,\\"cycle_timestamp\\":\\"$D2025-09-03T22:06:25.743Z\\"}},{\\"average_price_trend\\":0.6299343931703866,\\"cycle\\":{\\"id\\":716,\\"cycle_timestamp\\":\\"$D2025-09-02T03:43:59.557Z\\"}},{\\"average_price_trend\\":0.113508464842328,\\"cycle\\":{\\"id\\":715,\\"cycle_timestamp\\":\\"$D2025-08-31T05:27:25.945Z\\"}},{\\"average_price_trend\\":-0.5754341906543936,\\"cycle\\":{\\"id\\":714,\\"cycle_timestamp\\":\\"$D2025-08-29T23:01:56.416Z\\"}},{\\"average_price_trend\\":-0.1559035659718694,\\"cycle\\":{\\"id\\":713,\\"cycle_timestamp\\":\\"$D2025-08-29T02:54:11.330Z\\"}},{\\"average_price_trend\\":0.1019465491560324,\\"cycle\\":{\\"id\\":712,\\"cycle_timestamp\\":\\"$D2025-08-26T02:50:00.523Z\\"}},{\\"average_price_trend\\":-0.01461561512320754,\\"cycle\\":{\\"id\\":711,\\"cycle_timestamp\\":\\"$D2025-08-23T14:42:35.806Z\\"}},{\\"average_price_trend\\":0.08809242857108397,\\"cycle\\":{\\"id\\":710,\\"cycle_timestamp\\":\\"$D2025-08-22T06:13:19.862Z\\"}},{\\"average_price_trend\\":0.923648449936234,\\"cycle\\":{\\"id\\":709,\\"cycle_timestamp\\":\\"$D2025-08-21T09:57:08.076Z\\"}},{\\"average_price_trend\\":1.36612974824761,\\"cycle\\":{\\"id\\":708,\\"cycle_timestamp\\":\\"$D2025-08-19T08:46:17.702Z\\"}},{\\"average_price_trend\\":-0.01859939297230051,\\"cycle\\":{\\"id\\":707,\\"cycle_timestamp\\":\\"$D2025-08-16T15:23:55.519Z\\"}},{\\"average_price_trend\\":-1.438164423979347,\\"cycle\\":{\\"id\\":706,\\"cycle_timestamp\\":\\"$D2025-08-15T02:13:45.730Z\\"}},{\\"average_price_trend\\":-0.1492754721908467,\\"cycle\\":{\\"id\\":705,\\"cycle_timestamp\\":\\"$D2025-08-14T06:11:54.445Z\\"}},{\\"average_price_trend\\":-0.0814588900931564,\\"cycle\\":{\\"id\\":704,\\"cycle_timestamp\\":\\"$D2025-08-08T09:30:50.961Z\\"}},{\\"average_price_trend\\":0.06597306483095598,\\"cycle\\":{\\"id\\":703,\\"cycle_timestamp\\":\\"$D2025-08-06T09:58:55.283Z\\"}}]}],[\\"$\\",\\"$L26\\",null,{}]]}]]}]]}]}]\\n', '27:\\"$Sreact.fragment\\"\\n29:I[6632,[\\"3655\\",\\"static/chunks/3655-f78e4e363a5541d0.js\\",\\"6381\\",\\"static/chunks/6381-2b873addadcb95f3.js\\",\\"635\\",\\"static/chunks/635-de4a99a005c429a5.js\\",\\"5153\\",\\"static/chunks/app/product/%5Bslug%5D/@category/page-e562e2b22b747881.js\\"],\\"\\"]\\n2a:I[36049,[\\"3655\\",\\"static/chunks/3655-f78e4e363a5541d0.js\\",\\"6381\\",\\"static/chunks/6381-2b873addadcb95f3.js\\",\\"635\\",\\"static/chunks/635-de4a99a005c429a5.js\\",\\"5153\\",\\"static/chunks/app/product/%5Bslug%5D/@category/page-e562e2b22b747881.js\\"],\\"\\"]\\n', '28:[[\\"$\\",\\"meta\\",\\"0\\",{\\"name\\":\\"viewport\\",\\"content\\":\\"width=device-width, initial-scale=1, maximum-scale=1\\"}],[\\"$\\",\\"meta\\",\\"1\\",{\\"charSet\\":\\"utf-8\\"}],[\\"$\\",\\"title\\",\\"2\\",{\\"children\\":\\"Motorola Moto G75 5G 256GB Grey with Buds - Price History, Comparison \\u0026 Alerts | BuyWisely\\"}],[\\"$\\",\\"meta\\",\\"3\\",{\\"name\\":\\"description\\",\\"content\\":\\"Crafted from premium materials and featuring military-grade¹ durability, moto g75 5G is made for everyday life. Capture sharp photos and smooth videos using the... Compare prices, track history, set alerts on BuyWisely.\\"}],[\\"$\\",\\"meta\\",\\"4\\",{\\"name\\":\\"keywords\\",\\"content\\":\\"Motorola Moto G75 5G 256GB Grey with Buds, price comparison, price history, price alerts, best deals, online shopping, BuyWisely\\"}],[\\"$\\",\\"meta\\",\\"5\\",{\\"name\\":\\"robots\\",\\"content\\":\\"index, follow\\"}],[\\"$\\",\\"meta\\",\\"6\\",{\\"name\\":\\"googlebot\\",\\"content\\":\\"index, follow, max-video-preview:-1, max-image-preview:large, max-snippet:-1\\"}],[\\"$\\",\\"link\\",\\"7\\",{\\"rel\\":\\"canonical\\",\\"href\\":\\"https://buywisely.com.au/product/motorola-moto-g75-5g-256gb-grey-with-buds\\"}],[\\"$\\",\\"meta\\",\\"8\\",{\\"property\\":\\"og:title\\",\\"content\\":\\"Motorola Moto G75 5G 256GB Grey with Buds - Price History, Comparison \\u0026 Alerts\\"}],[\\"$\\",\\"meta\\",\\"9\\",{\\"property\\":\\"og:description\\",\\"content\\":\\"Crafted from premium materials and featuring military-grade¹ durability, moto g75 5G is made for everyday life. Capture sharp photos and smooth videos using the... Compare prices, track history, set alerts on BuyWisely.\\"}],[\\"$\\",\\"meta\\",\\"10\\",{\\"property\\":\\"og:image\\",\\"content\\":\\"https://encrypted-tbn0.gstatic.com/shopping?q=tbn:ANd9GcTN0NDdrPCDIn9NaiVIb7vTMSRVKBOQbkBMTHJyb9dzqC_WY5IGMoYuvnsDtsI8XvfpsX50GHyVY5kvPm-1nSr2bXEkwcR1sLJr1IR1dAkwVcXTXGOCB8frf7o\\"}],[\\"$\\",\\"meta\\",\\"11\\",{\\"name\\":\\"twitter:card\\",\\"content\\":\\"summary_large_image\\"}],[\\"$\\",\\"meta\\",\\"12\\",{\\"name\\":\\"twitter:title\\",\\"content\\":\\"Price History, Comparison \\u0026 Tracking | Save Money on Your Purchases\\"}],[\\"$\\",\\"meta\\",\\"13\\",{\\"name\\":\\"twitter:description\\",\\"content\\":\\"Track price history, compare prices, and set price alerts for products across 20,000+ online shops. BuyWisely helps you find the best deals and make informed buying decisions.\\"}],[\\"$\\",\\"meta\\",\\"14\\",{\\"name\\":\\"twitter:image\\",\\"content\\":\\"https://buywisely.com.au/assets/images/landing/preview.png\\"}],[\\"$\\",\\"meta\\",\\"15\\",{\\"name\\":\\"next-size-adjust\\"}]]\\n', '1f:[\\"$\\",\\"$27\\",\\"k4GjLZXGGia1x7jDr8PXF\\",{\\"children\\":\\"$28\\"}]\\n5:null\\na:null\\n6:[\\"$\\",\\"$L29\\",null,{\\"sx\\":{\\"pb\\":2},\\"children\\":[[\\"$\\",\\"$L2a\\",null,{\\"underline\\":\\"hover\\",\\"color\\":\\"inherit\\",\\"href\\":\\"/\\",\\"children\\":\\"Home\\"}],[[\\"$\\",\\"$L2a\\",\\"0\\",{\\"underline\\":\\"hover\\",\\"color\\":\\"inherit\\",\\"href\\":\\"/category/New Arrivals\\",\\"children\\":\\"New Arrivals\\"}]]]}]\\n', '2b:I[70760,[\\"3655\\",\\"static/chunks/3655-f78e4e363a5541d0.js\\",\\"6290\\",\\"static/chunks/6290-2a8ce89a0b5a3df8.js\\",\\"6381\\",\\"static/chunks/6381-2b873addadcb95f3.js\\",\\"6310\\",\\"static/chunks/6310-99207018fb617736.js\\",\\"5469\\",\\"static/chunks/5469-d5f85e2b5dbb2663.js\\",\\"6341\\",\\"static/chunks/6341-ca54939c2b36d77d.js\\",\\"6252\\",\\"static/chunks/6252-920c83842bca245b.js\\",\\"6574\\",\\"static/chunks/6574-85b13196e7d2f55e.js\\",\\"307\\",\\"static/chunks/307-cefa9bd2f7381bf5.js\\",\\"2665\\",\\"static/chunks/2665-2d172eda87a962e3.js\\",\\"8393\\",\\"static/chunks/8393-4175fa3c3129adeb.js\\",\\"1682\\",\\"static/chunks/1682-b2e703b472c280ea.js\\",\\"9999\\",\\"static/chunks/9999-f564e2e7fc5b6c44.js\\",\\"4824\\",\\"static/chunks/4824-507f78e55d96f9dc.js\\",\\"1203\\",\\"static/chunks/app/product/%5Bslug%5D/@info/page-4236f2b80fc1d44c.js\\"],\\"default\\"]\\n2c:I[61165,[\\"3655\\",\\"static/chunks/3655-f78e4e363a5541d0.js\\",\\"6290\\",\\"static/chunks/6290-2a8ce89a0b5a3df8.js\\",\\"6381\\",\\"static/chunks/6381-2b873addadcb95f3.js\\",\\"6310\\",\\"static/chunks/6310-99207018fb617736.js\\",\\"5469\\",\\"static/chunks/5469-d5f85e2b5dbb2663.js\\",\\"6341\\",\\"static/chunks/6341-ca54939c2b36d77d.js\\",\\"6252\\",\\"static/chunks/6252-920c83842bca245b.js\\",\\"6574\\",\\"static/chunks/6574-85b13196e7d2f55e.js\\",\\"307\\",\\"static/chunks/307-cefa9bd2f7381bf5.js\\",\\"2665\\",\\"static/chunks/2665-2d172eda87a962e3.js\\",\\"8393\\",\\"static/chunks/8393-4175fa3c3129adeb.js\\",\\"1682\\",\\"static/chunks/1682-b2e703b472c280ea.js\\",\\"9999\\",\\"static/chunks/9999-f564e2e7fc5b6c44.js\\",\\"4824\\",\\"static/chunks/4824-507f78e55d96f9dc.js\\",\\"1203\\",\\"static/chunks/app/product/%5Bslug%5D/@info/page-4236f2b80fc1d44c.js\\"],\\"H2\\"]\\n2d:I[67988,[\\"3655\\",\\"static/chunks/3655-f78e4e363a5541d0.js\\",\\"6290\\",\\"static/chunks/6290-2a8ce89a0b5a3df8.js\\",\\"6381\\",\\"static/chunks/6381-2b873addadcb95f3.js\\",\\"6310\\",\\"static/chunks/6310-99207018fb617736.js\\",\\"5469\\",\\"static/chunks/5469-d5f85e2b5dbb2663.js\\",\\"6341\\",\\"static/chunks/6341-ca54939c2b36d77d.js\\",\\"6252\\",\\"static/chunks/6252-920c83842bca245b.js\\",\\"6574\\",\\"static/chunks/6574-85b13196e7d2f55e.js\\",\\"307\\",\\"static/chunks/307-cefa9bd2f7381bf5.js\\",\\"2665\\",\\"static/chunks/2665-2d172eda87a962e3.js\\",\\"8393\\",\\"static/chunks', '/8393-4175fa3c3129adeb.js\\",\\"1682\\",\\"static/chunks/1682-b2e703b472c280ea.js\\",\\"9999\\",\\"static/chunks/9999-f564e2e7fc5b6c44.js\\",\\"4824\\",\\"static/chunks/4824-507f78e55d96f9dc.js\\",\\"1203\\",\\"static/chunks/app/product/%5Bslug%5D/@info/page-4236f2b80fc1d44c.js\\"],\\"\\"]\\n2e:I[66079,[\\"3655\\",\\"static/chunks/3655-f78e4e363a5541d0.js\\",\\"6290\\",\\"static/chunks/6290-2a8ce89a0b5a3df8.js\\",\\"6381\\",\\"static/chunks/6381-2b873addadcb95f3.js\\",\\"6310\\",\\"static/chunks/6310-99207018fb617736.js\\",\\"5469\\",\\"static/chunks/5469-d5f85e2b5dbb2663.js\\",\\"6341\\",\\"static/chunks/6341-ca54939c2b36d77d.js\\",\\"6252\\",\\"static/chunks/6252-920c83842bca245b.js\\",\\"6574\\",\\"static/chunks/6574-85b13196e7d2f55e.js\\",\\"307\\",\\"static/chunks/307-cefa9bd2f7381bf5.js\\",\\"2665\\",\\"static/chunks/2665-2d172eda87a962e3.js\\",\\"8393\\",\\"static/chunks/8393-4175fa3c3129adeb.js\\",\\"1682\\",\\"static/chunks/1682-b2e703b472c280ea.js\\",\\"9999\\",\\"static/chunks/9999-f564e2e7fc5b6c44.js\\",\\"4824\\",\\"static/chunks/4824-507f78e55d96f9dc.js\\",\\"1203\\",\\"static/chunks/app/product/%5Bslug%5D/@info/page-4236f2b80fc1d44c.js\\"],\\"\\"]\\n2f:I[61165,[\\"3655\\",\\"static/chunks/3655-f78e4e363a5541d0.js\\",\\"6290\\",\\"static/chunks/6290-2a8ce89a0b5a3df8.js\\",\\"6381\\",\\"static/chunks/6381-2b873addadcb95f3.js\\",\\"6310\\",\\"static/chunks/6310-99207018fb617736.js\\",\\"5469\\",\\"static/chunks/5469-d5f85e2b5dbb2663.js\\",\\"6341\\",\\"static/chunks/6341-ca54939c2b36d77d.js\\",\\"6252\\",\\"static/chunks/6252-920c83842bca245b.js\\",\\"6574\\",\\"static/chunks/6574-85b13196e7d2f55e.js\\",\\"307\\",\\"static/chunks/307-cefa9bd2f7381bf5.js\\",\\"2665\\",\\"static/chunks/2665-2d172eda87a962e3.js\\",\\"8393\\",\\"static/chunks/8393-4175fa3c3129adeb.js\\",\\"1682\\",\\"static/chunks/1682-b2e703b472c280ea.js\\",\\"9999\\",\\"static/chunks/9999-f564e2e7fc5b6c44.js\\",\\"4824\\",\\"static/chunks/4824-507f78e55d96f9dc.js\\",\\"1203\\",\\"static/chunks/app/product/%5Bslug%5D/@info/page-4236f2b80fc1d44c.js\\"],\\"H6\\"]\\n30:I[74191,[\\"3655\\",\\"static/chunks/3655-f78e4e363a5541d0.js\\",\\"6290\\",\\"static/chunks/6290-2a8ce89a0b5a3df8.js\\",\\"6381\\",\\"static/chunks/6381-2b873addadcb95f3.js\\",\\"6310\\",\\"static/chunks/6310-99207018fb617736.js\\",\\"5469\\",\\"static/chunks/5469-d5f85e2b5dbb2663.js\\",\\"6341\\",\\"stati', 'c/chunks/6341-ca54939c2b36d77d.js\\",\\"6252\\",\\"static/chunks/6252-920c83842bca245b.js\\",\\"6574\\",\\"static/chunks/6574-85b13196e7d2f55e.js\\",\\"307\\",\\"static/chunks/307-cefa9bd2f7381bf5.js\\",\\"2665\\",\\"static/chunks/2665-2d172eda87a962e3.js\\",\\"8393\\",\\"static/chunks/8393-4175fa3c3129adeb.js\\",\\"1682\\",\\"static/chunks/1682-b2e703b472c280ea.js\\",\\"9999\\",\\"static/chunks/9999-f564e2e7fc5b6c44.js\\",\\"4824\\",\\"static/chunks/4824-507f78e55d96f9dc.js\\",\\"1203\\",\\"static/chunks/app/product/%5Bslug%5D/@info/page-4236f2b80fc1d44c.js\\"],\\"default\\"]\\n31:I[61165,[\\"3655\\",\\"static/chunks/3655-f78e4e363a5541d0.js\\",\\"6290\\",\\"static/chunks/6290-2a8ce89a0b5a3df8.js\\",\\"6381\\",\\"static/chunks/6381-2b873addadcb95f3.js\\",\\"6310\\",\\"static/chunks/6310-99207018fb617736.js\\",\\"5469\\",\\"static/chunks/5469-d5f85e2b5dbb2663.js\\",\\"6341\\",\\"static/chunks/6341-ca54939c2b36d77d.js\\",\\"6252\\",\\"static/chunks/6252-920c83842bca245b.js\\",\\"6574\\",\\"static/chunks/6574-85b13196e7d2f55e.js\\",\\"307\\",\\"static/chunks/307-cefa9bd2f7381bf5.js\\",\\"2665\\",\\"static/chunks/2665-2d172eda87a962e3.js\\",\\"8393\\",\\"static/chunks/8393-4175fa3c3129adeb.js\\",\\"1682\\",\\"static/chunks/1682-b2e703b472c280ea.js\\",\\"9999\\",\\"static/chunks/9999-f564e2e7fc5b6c44.js\\",\\"4824\\",\\"static/chunks/4824-507f78e55d96f9dc.js\\",\\"1203\\",\\"static/chunks/app/product/%5Bslug%5D/@info/page-4236f2b80fc1d44c.js\\"],\\"Paragraph\\"]\\n32:I[40958,[\\"3655\\",\\"static/chunks/3655-f78e4e363a5541d0.js\\",\\"6290\\",\\"static/chunks/6290-2a8ce89a0b5a3df8.js\\",\\"6381\\",\\"static/chunks/6381-2b873addadcb95f3.js\\",\\"6310\\",\\"static/chunks/6310-99207018fb617736.js\\",\\"5469\\",\\"static/chunks/5469-d5f85e2b5dbb2663.js\\",\\"6341\\",\\"static/chunks/6341-ca54939c2b36d77d.js\\",\\"6252\\",\\"static/chunks/6252-920c83842bca245b.js\\",\\"6574\\",\\"static/chunks/6574-85b13196e7d2f55e.js\\",\\"307\\",\\"static/chunks/307-cefa9bd2f7381bf5.js\\",\\"2665\\",\\"static/chunks/2665-2d172eda87a962e3.js\\",\\"8393\\",\\"static/chunks/8393-4175fa3c3129adeb.js\\",\\"1682\\",\\"static/chunks/1682-b2e703b472c280ea.js\\",\\"9999\\",\\"static/chunks/9999-f564e2e7fc5b6c44.js\\",\\"4824\\",\\"static/chunks/4824-507f78e55d96f9dc.js\\",\\"1203\\",\\"static/chunks/app/product/%5Bslug%5D/@info/page-4236f2b80fc1d44c.js\\"],\\"default\\"', ']\\n51:I[61165,[\\"3655\\",\\"static/chunks/3655-f78e4e363a5541d0.js\\",\\"6290\\",\\"static/chunks/6290-2a8ce89a0b5a3df8.js\\",\\"6381\\",\\"static/chunks/6381-2b873addadcb95f3.js\\",\\"6310\\",\\"static/chunks/6310-99207018fb617736.js\\",\\"5469\\",\\"static/chunks/5469-d5f85e2b5dbb2663.js\\",\\"6341\\",\\"static/chunks/6341-ca54939c2b36d77d.js\\",\\"6252\\",\\"static/chunks/6252-920c83842bca245b.js\\",\\"6574\\",\\"static/chunks/6574-85b13196e7d2f55e.js\\",\\"307\\",\\"static/chunks/307-cefa9bd2f7381bf5.js\\",\\"2665\\",\\"static/chunks/2665-2d172eda87a962e3.js\\",\\"8393\\",\\"static/chunks/8393-4175fa3c3129adeb.js\\",\\"1682\\",\\"static/chunks/1682-b2e703b472c280ea.js\\",\\"9999\\",\\"static/chunks/9999-f564e2e7fc5b6c44.js\\",\\"4824\\",\\"static/chunks/4824-507f78e55d96f9dc.js\\",\\"1203\\",\\"static/chunks/app/product/%5Bslug%5D/@info/page-4236f2b80fc1d44c.js\\"],\\"H4\\"]\\n52:I[97452,[\\"3655\\",\\"static/chunks/3655-f78e4e363a5541d0.js\\",\\"6290\\",\\"static/chunks/6290-2a8ce89a0b5a3df8.js\\",\\"6381\\",\\"static/chunks/6381-2b873addadcb95f3.js\\",\\"6310\\",\\"static/chunks/6310-99207018fb617736.js\\",\\"5469\\",\\"static/chunks/5469-d5f85e2b5dbb2663.js\\",\\"6341\\",\\"static/chunks/6341-ca54939c2b36d77d.js\\",\\"6252\\",\\"static/chunks/6252-920c83842bca245b.js\\",\\"6574\\",\\"static/chunks/6574-85b13196e7d2f55e.js\\",\\"307\\",\\"static/chunks/307-cefa9bd2f7381bf5.js\\",\\"2665\\",\\"static/chunks/2665-2d172eda87a962e3.js\\",\\"8393\\",\\"static/chunks/8393-4175fa3c3129adeb.js\\",\\"1682\\",\\"static/chunks/1682-b2e703b472c280ea.js\\",\\"9999\\",\\"static/chunks/9999-f564e2e7fc5b6c44.js\\",\\"4824\\",\\"static/chunks/4824-507f78e55d96f9dc.js\\",\\"1203\\",\\"static/chunks/app/product/%5Bslug%5D/@info/page-4236f2b80fc1d44c.js\\"],\\"\\"]\\n53:I[65469,[\\"3655\\",\\"static/chunks/3655-f78e4e363a5541d0.js\\",\\"6290\\",\\"static/chunks/6290-2a8ce89a0b5a3df8.js\\",\\"6381\\",\\"static/chunks/6381-2b873addadcb95f3.js\\",\\"6310\\",\\"static/chunks/6310-99207018fb617736.js\\",\\"5469\\",\\"static/chunks/5469-d5f85e2b5dbb2663.js\\",\\"6341\\",\\"static/chunks/6341-ca54939c2b36d77d.js\\",\\"6252\\",\\"static/chunks/6252-920c83842bca245b.js\\",\\"6574\\",\\"static/chunks/6574-85b13196e7d2f55e.js\\",\\"307\\",\\"static/chunks/307-cefa9bd2f7381bf5.js\\",\\"2665\\",\\"static/chunks/2665-2d172eda87a962e3.js\\",\\"8393\\",\\"static/chunks/8393', '-4175fa3c3129adeb.js\\",\\"1682\\",\\"static/chunks/1682-b2e703b472c280ea.js\\",\\"9999\\",\\"static/chunks/9999-f564e2e7fc5b6c44.js\\",\\"4824\\",\\"static/chunks/4824-507f78e55d96f9dc.js\\",\\"1203\\",\\"static/chunks/app/product/%5Bslug%5D/@info/page-4236f2b80fc1d44c.js\\"],\\"\\"]\\n54:I[77509,[\\"3655\\",\\"static/chunks/3655-f78e4e363a5541d0.js\\",\\"6290\\",\\"static/chunks/6290-2a8ce89a0b5a3df8.js\\",\\"6381\\",\\"static/chunks/6381-2b873addadcb95f3.js\\",\\"6310\\",\\"static/chunks/6310-99207018fb617736.js\\",\\"5469\\",\\"static/chunks/5469-d5f85e2b5dbb2663.js\\",\\"6341\\",\\"static/chunks/6341-ca54939c2b36d77d.js\\",\\"6252\\",\\"static/chunks/6252-920c83842bca245b.js\\",\\"6574\\",\\"static/chunks/6574-85b13196e7d2f55e.js\\",\\"307\\",\\"static/chunks/307-cefa9bd2f7381bf5.js\\",\\"2665\\",\\"static/chunks/2665-2d172eda87a962e3.js\\",\\"8393\\",\\"static/chunks/8393-4175fa3c3129adeb.js\\",\\"1682\\",\\"static/chunks/1682-b2e703b472c280ea.js\\",\\"9999\\",\\"static/chunks/9999-f564e2e7fc5b6c44.js\\",\\"4824\\",\\"static/chunks/4824-507f78e55d96f9dc.js\\",\\"1203\\",\\"static/chunks/app/product/%5Bslug%5D/@info/page-4236f2b80fc1d44c.js\\"],\\"default\\"]\\n55:I[61165,[\\"3655\\",\\"static/chunks/3655-f78e4e363a5541d0.js\\",\\"6290\\",\\"static/chunks/6290-2a8ce89a0b5a3df8.js\\",\\"6381\\",\\"static/chunks/6381-2b873addadcb95f3.js\\",\\"6310\\",\\"static/chunks/6310-99207018fb617736.js\\",\\"5469\\",\\"static/chunks/5469-d5f85e2b5dbb2663.js\\",\\"6341\\",\\"static/chunks/6341-ca54939c2b36d77d.js\\",\\"6252\\",\\"static/chunks/6252-920c83842bca245b.js\\",\\"6574\\",\\"static/chunks/6574-85b13196e7d2f55e.js\\",\\"307\\",\\"static/chunks/307-cefa9bd2f7381bf5.js\\",\\"2665\\",\\"static/chunks/2665-2d172eda87a962e3.js\\",\\"8393\\",\\"static/chunks/8393-4175fa3c3129adeb.js\\",\\"1682\\",\\"static/chunks/1682-b2e703b472c280ea.js\\",\\"9999\\",\\"static/chunks/9999-f564e2e7fc5b6c44.js\\",\\"4824\\",\\"static/chunks/4824-507f78e55d96f9dc.js\\",\\"1203\\",\\"static/chunks/app/product/%5Bslug%5D/@info/page-4236f2b80fc1d44c.js\\"],\\"H3\\"]\\n56:I[61165,[\\"3655\\",\\"static/chunks/3655-f78e4e363a5541d0.js\\",\\"6290\\",\\"static/chunks/6290-2a8ce89a0b5a3df8.js\\",\\"6381\\",\\"static/chunks/6381-2b873addadcb95f3.js\\",\\"6310\\",\\"static/chunks/6310-99207018fb617736.js\\",\\"5469\\",\\"static/chunks/5469-d5f85e2b5dbb2663.js\\",\\"6341\\",\\"sta', 'tic/chunks/6341-ca54939c2b36d77d.js\\",\\"6252\\",\\"static/chunks/6252-920c83842bca245b.js\\",\\"6574\\",\\"static/chunks/6574-85b13196e7d2f55e.js\\",\\"307\\",\\"static/chunks/307-cefa9bd2f7381bf5.js\\",\\"2665\\",\\"static/chunks/2665-2d172eda87a962e3.js\\",\\"8393\\",\\"static/chunks/8393-4175fa3c3129adeb.js\\",\\"1682\\",\\"static/chunks/1682-b2e703b472c280ea.js\\",\\"9999\\",\\"static/chunks/9999-f564e2e7fc5b6c44.js\\",\\"4824\\",\\"static/chunks/4824-507f78e55d96f9dc.js\\",\\"1203\\",\\"static/chunks/app/product/%5Bslug%5D/@info/page-4236f2b80fc1d44c.js\\"],\\"Small\\"]\\n57:I[61165,[\\"3655\\",\\"static/chunks/3655-f78e4e363a5541d0.js\\",\\"6290\\",\\"static/chunks/6290-2a8ce89a0b5a3df8.js\\",\\"6381\\",\\"static/chunks/6381-2b873addadcb95f3.js\\",\\"6310\\",\\"static/chunks/6310-99207018fb617736.js\\",\\"5469\\",\\"static/chunks/5469-d5f85e2b5dbb2663.js\\",\\"6341\\",\\"static/chunks/6341-ca54939c2b36d77d.js\\",\\"6252\\",\\"static/chunks/6252-920c83842bca245b.js\\",\\"6574\\",\\"static/chunks/6574-85b13196e7d2f55e.js\\",\\"307\\",\\"static/chunks/307-cefa9bd2f7381bf5.js\\",\\"2665\\",\\"static/chunks/2665-2d172eda87a962e3.js\\",\\"8393\\",\\"static/chunks/8393-4175fa3c3129adeb.js\\",\\"1682\\",\\"static/chunks/1682-b2e703b472c280ea.js\\",\\"9999\\",\\"static/chunks/9999-f564e2e7fc5b6c44.js\\",\\"4824\\",\\"static/chunks/4824-507f78e55d96f9dc.js\\",\\"1203\\",\\"static/chunks/app/product/%5Bslug%5D/@info/page-4236f2b80fc1d44c.js\\"],\\"H5\\"]\\n58:I[35658,[\\"3655\\",\\"static/chunks/3655-f78e4e363a5541d0.js\\",\\"6290\\",\\"static/chunks/6290-2a8ce89a0b5a3df8.js\\",\\"6381\\",\\"static/chunks/6381-2b873addadcb95f3.js\\",\\"6310\\",\\"static/chunks/6310-99207018fb617736.js\\",\\"5469\\",\\"static/chunks/5469-d5f85e2b5dbb2663.js\\",\\"6341\\",\\"static/chunks/6341-ca54939c2b36d77d.js\\",\\"6252\\",\\"static/chunks/6252-920c83842bca245b.js\\",\\"6574\\",\\"static/chunks/6574-85b13196e7d2f55e.js\\",\\"307\\",\\"static/chunks/307-cefa9bd2f7381bf5.js\\",\\"2665\\",\\"static/chunks/2665-2d172eda87a962e3.js\\",\\"8393\\",\\"static/chunks/8393-4175fa3c3129adeb.js\\",\\"1682\\",\\"static/chunks/1682-b2e703b472c280ea.js\\",\\"9999\\",\\"static/chunks/9999-f564e2e7fc5b6c44.js\\",\\"4824\\",\\"static/chunks/4824-507f78e55d96f9dc.js\\",\\"1203\\",\\"static/chunks/app/product/%5Bslug%5D/@info/page-4236f2b80fc1d44c.js\\"],\\"Image\\"]\\n34:[]\\n3', '6:{\\"gid\\":\\"15797211988331096831\\",\\"image\\":\\"https://encrypted-tbn0.gstatic.com/shopping?q=tbn:ANd9GcSMKJEcJ5xuZEACgvb5b-OsiulwL1b5Ivy7wbsYiJ3A2vpwsAhIjV_QMfs2iyap5nDsHiEzTcaeGYaz_I5WBRrUjD5abtI2D4WPYd1uowVZArHKnsIo95M\\u0026usqp=CAY\\"}\\n37:{\\"gid\\":\\"7830005719273689496\\",\\"image\\":\\"https://encrypted-tbn2.gstatic.com/shopping?q=tbn:ANd9GcRj65GJdYa0MGuv8L9RWAAJVks98kaBva-KPH34o7Nn8_xgtjFvHpEsyG-G9u_PAZwKCzR1UnPFs6JC5duNRu9kW-AZSxHpJQaql2ly1iZ6Cl09iaqRzqc\\u0026usqp=CAY\\"}\\n38:{\\"gid\\":\\"10929348810251206946\\",\\"image\\":\\"https://encrypted-tbn3.gstatic.com/shopping?q=tbn:ANd9GcQktEYbdVk26_5fVXmkf85U_V4MhhlgNSCKuEGMaIHFomdm78AIUKXN6e8XyuLWwiqXOJc6OF55c3TRby_V36YYx0Twj-TArJEJ3e_Z\\u0026usqp=CAY\\"}\\n35:[\\"$36\\",\\"$37\\",\\"$38\\"]\\n39:[\\"https://encrypted-tbn0.gstatic.com/shopping?q=tbn:ANd9GcSqDaT816y1UmPhBrzkea3Dn_Hh8yTT3fZX4XBtJEkQcCWOz-LJ1AMEbRRDBSKM-M061mIP09PmjUwBgDldhA0acuhIAop7lQ\\u0026usqp=CAY\\",\\"https://encrypted-tbn3.gstatic.com/shopping?q=tbn:ANd9GcQfbnmIwlniWJ2_8uNp4bDf-6Ju-12jrovvM3RkZ_F8hYC0DcS85hBW3VZ9oCT7zcvdcW7cG-u8JHbZQMXKs0v2Co4aSaICOQ\\u0026usqp=CAY\\",\\"https://encrypted-tbn0.gstatic.com/shopping?q=tbn:ANd9GcR8UqT2y3HwL6mbcrp9X3EK1qROspiqDkg2j-9eEDSoFr4zLWQaFn_YrCOAi5hlWIs3MKewSYZSOFGmiREKJJNSBeWTMR7I\\u0026usqp=CAY\\",\\"https://encrypted-tbn3.gstatic.com/shopping?q=tbn:ANd9GcSqlFWOdYRimHwGbRJI5IbP1AoXqAoJxhYRcQyn_ApjOgs6Plh_8JB3o2ty4s-L5Cg5FksrYalJmjsHi8o23nCuDdFhKywx\\u0026usqp=CAY\\",\\"https://encrypted-tbn3.gstatic.com/shopping?q=tbn:ANd9GcTGaMNVsjZ6wopAkoCqf1frqUqC33R2pndPv3vm8_EbCO6PYXg6BBsU3OD398cOK_BW1ThT4nJXKLSf30DZHd0mG8Zq0KPDnw\\u0026usqp=CAY\\",\\"https://encrypted-tbn3.gstatic.com/shopping?q=tbn:ANd9GcSNnV_WMDGVD4l6oHYCubmAQT7jpJwR2zyu-MbXinPr0z2qL-TKjOS5KkDIYnN4Fn69kQ-BiBFAiYqv9rH5kvHsmNICBre4\\u0026usqp=CAY\\",\\"https://encrypted-tbn3.gstatic.com/shopping?q=tbn:ANd9GcTT9EARYceKt_jqn9X4MH43Ey1bIDrsnZc5wPjG0wS-F-wQ9PJta1l4A-AxAAyko3Z5IvHSgO0_Gnn4enHFUQoYVIaWvMZk\\u0026usqp=CAY\\",\\"https://encrypted-tbn0.gstatic.com/shopping?q=tbn:ANd9GcTpF9PimunMhlcnHfgzkn895rKQb35EW48PS-IM0lwnuADaF5tC3szKbe9ZkxnAHAXp6fnGEBkgzmDcz0ElPmL-WzR4HBShmg\\u0026usqp=CAY\\",\\"https://encrypted-tbn2.gstatic.com/shopping?q=tbn:AN', 'd9GcT56PnF6Ir30ACBooV4QML9XqGxPMeS0UD-J-IOmt4RfpWkpWyt9SsenHDo-DCqfhurJ2kXsVOBsMMEV9L72XZYRPTuRv6C\\u0026usqp=CAY\\",\\"https://encrypted-tbn2.gstatic.com/shopping?q=tbn:ANd9GcRG-GwVx5yd5FeS1o4JqlvUNwo3MPbl6Vc91YmWDI7TxsS8K17-ngY2Swkyvx_kAQg74KZJLwhOXKfvPq_3PHKWlmwNPzLPfg\\u0026usqp=CAY\\",\\"https://encrypted-tbn0.gstatic.com/shopping?q=tbn:ANd9GcTcKKMgCXlJBxNH38rkCOoEjV0HdTnoWIilR_2EhskIJR6-4tF8CNhNhqIGSunQGyXQXvQG3Cy2lWEVq7bg-_x8LP0YeD6ZVQ\\u0026usqp=CAY\\",\\"https://encrypted-tbn2.gstatic.com/shopping?q=tbn:ANd9GcSrenO1gNc233DGNWBIH4nRqrJPMwjW9ZIOfZ-NwBq8vYwNzpba6jAeRAkG5OVrB7tCPhPT_E-ODrd0HhJgHD33EjgK7MZTNA\\u0026usqp=CAY\\"]\\n3b:{\\"name\\":\\"Network\\",\\"value\\":\\"5G\\"}\\n3c:{\\"name\\":\\"Sim Card Type\\",\\"value\\":\\"eSIM / Nano\\"}\\n3d:{\\"name\\":\\"Operating System\\",\\"value\\":\\"Android 14\\"}\\n3e:{\\"name\\":\\"Display\\",\\"value\\":\\"6.8 inches Full HD+\\"}\\n3f:{\\"name\\":\\"Video Recording\\",\\"value\\":\\"4K\\"}\\n40:{\\"name\\":\\"Phone Family\\",\\"value\\":\\"Moto g75\\"}\\n41:{\\"name\\":\\"Expandable Storage\\",\\"value\\":\\"up to 1TB microSD card expandable\\"}\\n42:{\\"name\\":\\"RAM Size\\",\\"value\\":\\"8GB\\"}\\n43:{\\"name\\":\\"Bluetooth\\",\\"value\\":\\"5.4\\"}\\n44:{\\"name\\":\\"GPS\\",\\"value\\":\\"GPS A-GPS LTEPP SUPL GLONASS Galileo QZSS BeiDou\\"}\\n45:{\\"name\\":\\"Product Width (mm)\\",\\"value\\":\\"77.1\\"}\\n46:{\\"name\\":\\"Product Height (mm)\\",\\"value\\":\\"165.95\\"}\\n47:{\\"name\\":\\"Product Depth (mm)\\",\\"value\\":\\"7.99\\"}\\n48:{\\"name\\":\\"Battery\\",\\"value\\":\\"5000mAh\\"}\\n49:{\\"name\\":\\"Manufacturer\'s Warranty\\",\\"value\\":\\"2 Years\\"}\\n4a:{\\"name\\":\\"Storage Size\\",\\"value\\":\\"256GB\\"}\\n4b:{\\"name\\":\\"Colour\\",\\"value\\":\\"Charcoal Grey\\"}\\n4c:{\\"name\\":\\"Display Resolution\\",\\"value\\":\\"2388 1080\\"}\\n4d:{\\"name\\":\\"Weight (g)\\",\\"value\\":\\"180\\"}\\n4e:{\\"name\\":\\"Front Camera\\",\\"value\\":\\"8MP\\"}\\n4f:{\\"name\\":\\"Rear Camera\\",\\"value\\":\\"50MP\\"}\\n50:{\\"name\\":\\"Release Year\\",\\"value\\":\\"2024\\"}\\n3a:[\\"$3b\\",\\"$3c\\",\\"$3d\\",\\"$3e\\",\\"$3f\\",\\"$40\\",\\"$41\\",\\"$42\\",\\"$43\\",\\"$44\\",\\"$45\\",\\"$46\\",\\"$47\\",\\"$48\\",\\"$49\\",\\"$4a\\",\\"$4b\\",\\"$4c\\",\\"$4d\\",\\"$4e\\",\\"$4f\\",\\"$50\\"]\\n33:{\\"title\\":\\"Motorola Moto G75 5G 256GB Grey with Buds\\",\\"image\\":\\"https://encrypted-tbn0.gstatic.com/shopping?q=tbn:ANd9GcTN0NDdrPCDIn9NaiVIb7vTMSRVKBOQbkBMTHJyb9dzqC_WY5IGMoYuvnsDtsI8XvfpsX50GHyVY5kvPm-1nSr2bXEkwcR1sLJr1IR1dAkwVcXTXGOCB8frf7o\\",\\"variants\\":', '\\"$34\\",\\"colors\\":\\"$35\\",\\"thumbnails\\":\\"$39\\",\\"details\\":\\"Crafted from premium materials and featuring military-grade¹ durability, moto g75 5G is made for everyday life. Capture sharp photos and smooth videos using the Sony - LYTIA 600 camera with OIS. Enjoy endless entertainment on a super-bright 6.8\\\\\\" Full HD+ display backed by Dolby Atmos sound. Plus, be the first to experience the efficiency of the latest Qualcomm Snapdragon processor, a 5000mAh battery with 30W TurboPower charging²,15W wireless charging³, and 256GB⁴ of built-in storage. And it comes bundled with moto buds earbuds, featuring a large dynamic driver, and Hi-Res Audio. Immerse yourself in music and movies, experiencing high-quality, balanced sound with enhanced bass.\\",\\"specs\\":\\"$3a\\",\\"id\\":83429707,\\"reviews_count\\":976,\\"reviews_rating\\":\\"4.5\\",\\"discount\\":\\"0\\",\\"offer_amount\\":24,\\"lowest_price\\":\\"391.00\\",\\"highest_price\\":\\"499.00\\"}\\n', 'b:[[\\"$\\",\\"$L10\\",null,{\\"container\\":true,\\"justifyContent\\":\\"space-around\\",\\"spacing\\":{\\"xs\\":0,\\"md\\":0},\\"children\\":[[\\"$\\",\\"$L10\\",null,{\\"item\\":true,\\"md\\":4,\\"xs\\":12,\\"children\\":[\\"$\\",\\"$L2b\\",null,{\\"product\\":{\\"title\\":\\"Motorola Moto G75 5G 256GB Grey with Buds\\",\\"image\\":\\"https://encrypted-tbn0.gstatic.com/shopping?q=tbn:ANd9GcTN0NDdrPCDIn9NaiVIb7vTMSRVKBOQbkBMTHJyb9dzqC_WY5IGMoYuvnsDtsI8XvfpsX50GHyVY5kvPm-1nSr2bXEkwcR1sLJr1IR1dAkwVcXTXGOCB8frf7o\\",\\"variants\\":[],\\"colors\\":[{\\"gid\\":\\"15797211988331096831\\",\\"image\\":\\"https://encrypted-tbn0.gstatic.com/shopping?q=tbn:ANd9GcSMKJEcJ5xuZEACgvb5b-OsiulwL1b5Ivy7wbsYiJ3A2vpwsAhIjV_QMfs2iyap5nDsHiEzTcaeGYaz_I5WBRrUjD5abtI2D4WPYd1uowVZArHKnsIo95M\\u0026usqp=CAY\\"},{\\"gid\\":\\"7830005719273689496\\",\\"image\\":\\"https://encrypted-tbn2.gstatic.com/shopping?q=tbn:ANd9GcRj65GJdYa0MGuv8L9RWAAJVks98kaBva-KPH34o7Nn8_xgtjFvHpEsyG-G9u_PAZwKCzR1UnPFs6JC5duNRu9kW-AZSxHpJQaql2ly1iZ6Cl09iaqRzqc\\u0026usqp=CAY\\"},{\\"gid\\":\\"10929348810251206946\\",\\"image\\":\\"https://encrypted-tbn3.gstatic.com/shopping?q=tbn:ANd9GcQktEYbdVk26_5fVXmkf85U_V4MhhlgNSCKuEGMaIHFomdm78AIUKXN6e8XyuLWwiqXOJc6OF55c3TRby_V36YYx0Twj-TArJEJ3e_Z\\u0026usqp=CAY\\"}],\\"thumbnails\\":[\\"https://encrypted-tbn0.gstatic.com/shopping?q=tbn:ANd9GcSqDaT816y1UmPhBrzkea3Dn_Hh8yTT3fZX4XBtJEkQcCWOz-LJ1AMEbRRDBSKM-M061mIP09PmjUwBgDldhA0acuhIAop7lQ\\u0026usqp=CAY\\",\\"https://encrypted-tbn3.gstatic.com/shopping?q=tbn:ANd9GcQfbnmIwlniWJ2_8uNp4bDf-6Ju-12jrovvM3RkZ_F8hYC0DcS85hBW3VZ9oCT7zcvdcW7cG-u8JHbZQMXKs0v2Co4aSaICOQ\\u0026usqp=CAY\\",\\"https://encrypted-tbn0.gstatic.com/shopping?q=tbn:ANd9GcR8UqT2y3HwL6mbcrp9X3EK1qROspiqDkg2j-9eEDSoFr4zLWQaFn_YrCOAi5hlWIs3MKewSYZSOFGmiREKJJNSBeWTMR7I\\u0026usqp=CAY\\",\\"https://encrypted-tbn3.gstatic.com/shopping?q=tbn:ANd9GcSqlFWOdYRimHwGbRJI5IbP1AoXqAoJxhYRcQyn_ApjOgs6Plh_8JB3o2ty4s-L5Cg5FksrYalJmjsHi8o23nCuDdFhKywx\\u0026usqp=CAY\\",\\"https://encrypted-tbn3.gstatic.com/shopping?q=tbn:ANd9GcTGaMNVsjZ6wopAkoCqf1frqUqC33R2pndPv3vm8_EbCO6PYXg6BBsU3OD398cOK_BW1ThT4nJXKLSf30DZHd0mG8Zq0KPDnw\\u0026usqp=CAY\\",\\"https://encrypted-tbn3.gstatic.com/shopping?q=tbn:ANd9GcSNnV_WMDGVD4l6oHYCubmAQT7jpJwR2zyu-MbXinPr0z2qL-TKjOS5KkDIYnN4Fn69kQ-BiBFAiYqv9rH5kvHsmNICBre4\\u0026usqp=CAY\\",\\"https://encrypted-tbn3.gstatic.com/shopping?q=tbn:ANd9GcTT9EARYceKt_jqn9X4MH43Ey1bIDrsnZc5wPjG0wS-F-wQ9PJta1l4A-AxAAyko3Z5IvHSgO0_Gnn4enHFUQoYVIaWvMZk\\u0026usqp=CAY\\",\\"https://encrypted-tbn0.gstatic.com/shopping?q=tbn:ANd9GcTpF9PimunMhlcnHfgzkn895rKQb35EW48PS-IM0lwnuADaF5tC3szKbe9ZkxnAHAXp6fnGEBkgzmDcz0ElPmL-WzR4HBShmg\\u0026usqp=CAY\\",\\"https://encrypted-tbn2.gstatic.com/shopping?q=tbn:ANd9GcT56PnF6Ir30ACBooV4QML9XqGxPMeS0UD-J-IOmt4RfpWkpWyt9SsenHDo-DCqfhurJ2kXsVOBsMMEV9L72XZYRPTuRv6C\\u0026usqp=CAY\\",\\"https://encrypted-tbn2.gstatic.com/shopping?q=tbn:ANd9GcRG-GwVx5yd5FeS1o4JqlvUNwo3MPbl6Vc91YmWDI7TxsS8K17-ngY2Swkyvx_kAQg74KZJLwhOXKfvPq_3PHKWlmwNPzLPfg\\u0026usqp=CAY\\",\\"https://encrypted-tbn0.gstatic.com/shopping?q=tbn:ANd9GcTcKKMgCXlJBxNH38rkCOoEjV0HdTnoWIilR_2EhskIJR6-4tF8CNhNhqIGSunQGyXQXvQG3Cy2lWEVq7bg-_x8LP0YeD6ZVQ\\u0026usqp=CAY\\",\\"https://encrypted-tbn2.gstatic.com/shopping?q=tbn:ANd9GcSrenO1gNc233DGNWBIH4nRqrJPMwjW9ZIOfZ-NwBq8vYwNzpba6jAeRAkG5OVrB7tCPhPT_E-ODrd0HhJgHD33EjgK7MZTNA\\u0026usqp=CAY\\"],\\"details\\":\\"Crafted from premium materials and featuring military-grade¹ durability, moto g75 5G is made for everyday life. Capture sharp photos and smooth videos using the Sony - LYTIA 600 camera with OIS. Enjoy endless entertainment on a super-bright 6.8\\\\\\" Full HD+ display backed by Dolby Atmos sound. Plus, be the first to experience the efficiency of the latest Qualcomm Snapdragon processor, a 5000mAh battery with 30W TurboPower charging²,15W wireless charging³, and 256GB⁴ of built-in storage. And it comes bundled with moto buds earbuds, featuring a large dynamic driver, and Hi-Res Audio. Immerse yourself in music and movies, experiencing high-quality, balanced sound with enhanced bass.\\",\\"specs\\":[{\\"name\\":\\"Network\\",\\"value\\":\\"5G\\"},{\\"name\\":\\"Sim Card Type\\",\\"value\\":\\"eSIM / Nano\\"},{\\"name\\":\\"Operating System\\",\\"value\\":\\"Android 14\\"},{\\"name\\":\\"Display\\",\\"value\\":\\"6.8 inches Full HD+\\"},{\\"name\\":\\"Video Recording\\",\\"value\\":\\"4K\\"},{\\"name\\":\\"Phone Family\\",\\"value\\":\\"Moto g75\\"},{\\"name\\":\\"Expandable Storage\\",\\"value\\":\\"up to 1TB microSD card expandable\\"},{\\"name\\":\\"RAM Size\\",\\"value\\":\\"8GB\\"},{\\"name\\":\\"Bluetooth\\",\\"value\\":\\"5.4\\"},{\\"name\\":\\"GPS\\",\\"value\\":\\"GPS A-GPS LTEPP SUPL GLONASS Galileo QZSS BeiDou\\"},{\\"name\\":\\"Product Width (mm)\\",\\"value\\":\\"77.1\\"},{\\"name\\":\\"Product Height (mm)\\",\\"value\\":\\"165.95\\"},{\\"name\\":\\"Product Depth (mm)\\",\\"value\\":\\"7.99\\"},{\\"name\\":\\"Battery\\",\\"value\\":\\"5000mAh\\"},{\\"name\\":\\"Manufacturer\'s Warranty\\",\\"value\\":\\"2 Years\\"},{\\"name\\":\\"Storage Size\\",\\"value\\":\\"256GB\\"},{\\"name\\":\\"Colour\\",\\"value\\":\\"Charcoal Grey\\"},{\\"name\\":\\"Display Resolution\\",\\"value\\":\\"2388 1080\\"},{\\"name\\":\\"Weight (g)\\",\\"value\\":\\"180\\"},{\\"name\\":\\"Front Camera\\",\\"value\\":\\"8MP\\"},{\\"name\\":\\"Rear Camera\\",\\"value\\":\\"50MP\\"},{\\"name\\":\\"Release Year\\",\\"value\\":\\"2024\\"}],\\"id\\":83429707,\\"reviews_count\\":976,\\"reviews_rating\\":\\"4.5\\",\\"discount\\":\\"0\\",\\"offer_amount\\":24,\\"lowest_price\\":\\"391.00\\",\\"highest_price\\":\\"499.00\\"}}]}],[\\"$\\",\\"$L10\\",null,{\\"item\\":true,\\"md\\":8,\\"xs\\":12,\\"children\\":[\\"$\\",\\"$Ld\\",null,{\\"px\\":4,\\"sx\\":{\\"display\\":{\\"xs\\":\\"none\\",\\"md\\":\\"flex\\"}},\\"children\\":[[\\"$\\",\\"$L2c\\",null,{\\"mb\\":1,\\"children\\":\\"Motorola Moto G75 5G 256GB Grey with Buds\\"}],[\\"$\\",\\"$Lc\\",null,{\\"display\\":\\"flex\\",\\"alignItems\\":\\"center\\",\\"gap\\":1,\\"children\\":[[\\"$\\",\\"$Lc\\",null,{\\"sx\\":{\\"display\\":\\"flex\\",\\"color\\":\\"#faaf00\\"},\\"children\\":[[\\"$\\",\\"$L2d\\",\\"1\\",{\\"sx\\":{\\"fontSize\\":\\"1.25rem\\"}}],[\\"$\\",\\"$L2d\\",\\"2\\",{\\"sx\\":{\\"fontSize\\":\\"1.25rem\\"}}],[\\"$\\",\\"$L2d\\",\\"3\\",{\\"sx\\":{\\"fontSize\\":\\"1.25rem\\"}}],[\\"$\\",\\"$L2d\\",\\"4\\",{\\"sx\\":{\\"fontSize\\":\\"1.25rem\\"}}],[\\"$\\",\\"$L2e\\",\\"5\\",{\\"sx\\":{\\"fontSize\\":\\"1.25rem\\"}}]]}],[\\"$\\",\\"$L2f\\",null,{\\"lineHeight\\":\\"1\\",\\"children\\":[\\"(\\",\\"976\\",\\" reviews)\\"]}]]}],[\\"$\\",\\"$Lc\\",null,{\\"my\\":2,\\"children\\":[\\"$\\",\\"$L30\\",null,{\\"content\\":\\"Crafted from premium materials and featuring military-grade¹ durability, moto g75 5G is made for everyday life. Capture sharp photos and smooth videos using the Sony - LYTIA 600 camera with OIS. Enjoy endless entertainment on a super-bright 6.8\\\\\\" Full HD+ display backed by Dolby Atmos sound. Plus, be the first to experience the efficiency of the latest Qualcomm Snapdragon processor, a 5000mAh battery with 30W TurboPower charging²,15W wireless charging³, and 256GB⁴ of built-in storage. And it comes bundled with moto buds earbuds, featuring a large dynamic driver, and Hi-Res Audio. Immerse yourself in music and movies, experiencing high-quality, balanced sound with enhanced bass.\\"}]}],[\\"$\\",\\"$Lc\\",null,{\\"display\\":\\"flex\\",\\"alignItems\\":\\"center\\",\\"justifyContent\\":\\"space-between\\",\\"children\\":[[\\"$\\",\\"$Lc\\",null,{\\"display\\":\\"flex\\",\\"alignItems\\":\\"center\\",\\"children\\":[[\\"$\\",\\"$L2c\\",null,{\\"color\\":\\"primary.main\\",\\"mr\\":2,\\"children\\":\\"$$391.00 - $499.00\\"}],[\\"$\\",\\"$L31\\",null,{\\"children\\":[\\"in \\",24,\\" offers\\"]}]]}],[\\"$\\",\\"$L32\\",null,{\\"product\\":\\"$33\\"}]]}],[\\"$\\",\\"$Lc\\",null,{\\"display\\":\\"flex\\",\\"alignItems\\":\\"center\\",\\"my\\":1,\\"flexWrap\\":\\"wrap\\",\\"rowGap\\":1,\\"children\\":[[\\"$\\",\\"$L51\\",null,{\\"mr\\":1,\\"children\\":\\"Colour:\\"}],[[\\"$\\",\\"$Lc\\",\\"0\\",{\\"display\\":\\"flex\\",\\"justifyContent\\":\\"center\\",\\"alignItems\\":\\"center\\",\\"width\\":48,\\"height\\":48,\\"minWidth\\":48,\\"bgcolor\\":\\"white\\",\\"border\\":\\"1px solid\\",\\"borderRadius\\":\\"10px\\",\\"style\\":{\\"cursor\\":\\"unset\\"},\\"borderColor\\":\\"primary.main\\",\\"mr\\":\\"10px\\",\\"children\\":[\\"$\\",\\"$L52\\",null,{\\"title\\":false,\\"children\\":[\\"$\\",\\"$L53\\",null,{\\"href\\":\\"\\",\\"ref\\":\\"$undefined\\",\\"prefetch\\":\\"$undefined\\",\\"target\\":\\"_blank\\",\\"children\\":[\\"$\\",\\"$L54\\",null,{\\"src\\":\\"https://encrypted-tbn0.gstatic.com/shopping?q=tbn:ANd9GcSMKJEcJ5xuZEACgvb5b-OsiulwL1b5Ivy7wbsYiJ3A2vpwsAhIjV_QMfs2iyap5nDsHiEzTcaeGYaz_I5WBRrUjD5abtI2D4WPYd1uowVZArHKnsIo95M\\u0026usqp=CAY\\",\\"alt\\":\\"Motorola Moto G75 5G 256GB Grey with Buds\\",\\"width\\":40,\\"height\\":40,\\"style\\":{\\"objectFit\\":\\"contain\\"}}]}]}]}],[\\"$\\",\\"$Lc\\",\\"1\\",{\\"display\\":\\"flex\\",\\"justifyContent\\":\\"center\\",\\"alignItems\\":\\"center\\",\\"width\\":48,\\"height\\":48,\\"minWidth\\":48,\\"bgcolor\\":\\"white\\",\\"border\\":\\"1px solid\\",\\"borderRadius\\":\\"10px\\",\\"style\\":{\\"cursor\\":\\"pointer\\"},\\"borderColor\\":\\"grey.400\\",\\"mr\\":\\"10px\\",\\"children\\":[\\"$\\",\\"$L52\\",null,{\\"title\\":\\"Motorola Moto G75 5G 256GB Blue with Buds\\",\\"children\\":[\\"$\\",\\"$L53\\",null,{\\"href\\":\\"/product/motorola-moto-g75-5g-256gb-blue-with-buds\\",\\"ref\\":\\"$undefined\\",\\"prefetch\\":false,\\"target\\":\\"_blank\\",\\"children\\":[\\"$\\",\\"$L54\\",null,{\\"src\\":\\"https://encrypted-tbn2.gstatic.com/shopping?q=tbn:ANd9GcRj65GJdYa0MGuv8L9RWAAJVks98kaBva-KPH34o7Nn8_xgtjFvHpEsyG-G9u_PAZwKCzR1UnPFs6JC5duNRu9kW-AZSxHpJQaql2ly1iZ6Cl09iaqRzqc\\u0026usqp=CAY\\",\\"alt\\":\\"Motorola Moto G75 5G 256GB Blue with Buds\\",\\"width\\":40,\\"height\\":40,\\"style\\":{\\"objectFit\\":\\"contain\\"}}]}]}]}],[\\"$\\",\\"$Lc\\",\\"2\\",{\\"display\\":\\"flex\\",\\"justifyContent\\":\\"center\\",\\"alignItems\\":\\"center\\",\\"width\\":48,\\"height\\":48,\\"minWidth\\":48,\\"bgcolor\\":\\"white\\",\\"border\\":\\"1px solid\\",\\"borderRadius\\":\\"10px\\",\\"style\\":{\\"cursor\\":\\"pointer\\"},\\"borderColor\\":\\"grey.400\\",\\"mr\\":\\"auto\\",\\"children\\":[\\"$\\",\\"$L52\\",null,{\\"title\\":\\"Motorola Moto G75 5G 256GB - Succulent Green + Moto Buds\\",\\"children\\":[\\"$\\",\\"$L53\\",null,{\\"href\\":\\"/product/motorola-moto-g75-5g-256gb-succulent-green-moto-buds\\",\\"ref\\":\\"$undefined\\",\\"prefetch\\":false,\\"target\\":\\"_blank\\",\\"children\\":[\\"$\\",\\"$L54\\",null,{\\"src\\":\\"https://encrypted-tbn3.gstatic.com/shopping?q=tbn:ANd9GcQktEYbdVk26_5fVXmkf85U_V4MhhlgNSCKuEGMaIHFomdm78AIUKXN6e8XyuLWwiqXOJc6OF55c3TRby_V36YYx0Twj-TArJEJ3e_Z\\u0026usqp=CAY\\",\\"alt\\":\\"Motorola Moto G75 5G 256GB - Succulent Green + Moto Buds\\",\\"width\\":40,\\"height\\":40,\\"style\\":{\\"objectFit\\":\\"contain\\"}}]}]}]}]]]}],[]]}]}]]}],[\\"$\\",\\"$Ld\\",null,{\\"pb\\":2,\\"sx\\":{\\"display\\":{\\"xs\\":\\"flex\\",\\"md\\":\\"none\\"}},\\"children\\":[[\\"$\\",\\"$L51\\",null,{\\"children\\":\\"Motorola Moto G75 5G 256GB Grey with Buds\\"}],[\\"$\\",\\"$Ld\\",null,{\\"direction\\":\\"row\\",\\"justifyContent\\":\\"flex-start\\",\\"my\\":1,\\"children\\":[[\\"$\\",\\"$L55\\",null,{\\"color\\":\\"primary.main\\",\\"mr\\":2,\\"children\\":\\"$$391.00\\"}],[\\"$\\",\\"$Lc\\",null,{\\"display\\":\\"flex\\",\\"alignItems\\":\\"center\\",\\"gap\\":1,\\"children\\":[[\\"$\\",\\"$Lc\\",null,{\\"sx\\":{\\"display\\":\\"flex\\",\\"color\\":\\"#faaf00\\"},\\"children\\":[[\\"$\\",\\"$L2d\\",\\"1\\",{\\"sx\\":{\\"fontSize\\":\\"1.25rem\\"}}],[\\"$\\",\\"$L2d\\",\\"2\\",{\\"sx\\":{\\"fontSize\\":\\"1.25rem\\"}}],[\\"$\\",\\"$L2d\\",\\"3\\",{\\"sx\\":{\\"fontSize\\":\\"1.25rem\\"}}],[\\"$\\",\\"$L2d\\",\\"4\\",{\\"sx\\":{\\"fontSize\\":\\"1.25rem\\"}}],[\\"$\\",\\"$L2e\\",\\"5\\",{\\"sx\\":{\\"fontSize\\":\\"1.25rem\\"}}]]}],[\\"$\\",\\"$L56\\",null,{\\"children\\":[\\"(\\",\\"976\\",\\" reviews)\\"]}]]}]]}],[\\"$\\",\\"$L30\\",null,{\\"content\\":\\"Crafted from premium materials and featuring military-grade¹ durability, moto g75 5G is made for everyday life. Capture sharp photos and smooth videos using the Sony - LYTIA 600 camera with OIS. Enjoy endless entertainment on a super-bright 6.8\\\\\\" Full HD+ display backed by Dolby Atmos sound. Plus, be the first to experience the efficiency of the latest Qualcomm Snapdragon processor, a 5000mAh battery with 30W TurboPower charging²,15W wireless charging³, and 256GB⁴ of built-in storage. And it comes bundled with moto buds earbuds, featuring a large dynamic driver, and Hi-Res Audio. Immerse yourself in music and movies, experiencing high-quality, balanced sound with enhanced bass.\\",\\"fontSize\\":14,\\"maxHeight\\":63}],[\\"$\\",\\"$Lc\\",null,{\\"display\\":\\"flex\\",\\"sx\\":{\\"overflowX\\":\\"auto\\",\\"whiteSpace\\":\\"nowrap\\",\\"my\\":1},\\"children\\":[\\"$\\",\\"$Lc\\",null,{\\"display\\":\\"flex\\",\\"alignItems\\":\\"center\\",\\"children\\":[[\\"$\\",\\"$L57\\",null,{\\"mr\\":1,\\"children\\":\\"Colour:\\"}],[[\\"$\\",\\"$Lc\\",\\"0\\",{\\"display\\":\\"flex\\",\\"justifyContent\\":\\"center\\",\\"alignItems\\":\\"center\\",\\"width\\":48,\\"height\\":48,\\"minWidth\\":48,\\"bgcolor\\":\\"white\\",\\"border\\":\\"1px solid\\",\\"borderRadius\\":\\"10px\\",\\"style\\":{\\"cursor\\":\\"unset\\"},\\"borderColor\\":\\"primary.main\\",\\"mr\\":\\"6px\\",\\"children\\":[\\"$\\",\\"$L53\\",null,{\\"href\\":\\"\\",\\"ref\\":\\"$undefined\\",\\"prefetch\\":\\"$undefined\\",\\"target\\":\\"_blank\\",\\"children\\":[\\"$\\",\\"$L58\\",null,{\\"src\\":\\"https://encrypted-tbn0.gstatic.com/shopping?q=tbn:ANd9GcSMKJEcJ5xuZEACgvb5b-OsiulwL1b5Ivy7wbsYiJ3A2vpwsAhIjV_QMfs2iyap5nDsHiEzTcaeGYaz_I5WBRrUjD5abtI2D4WPYd1uowVZArHKnsIo95M\\u0026usqp=CAY\\",\\"alt\\":\\"Motorola Moto G75 5G 256GB Grey with Buds\\",\\"width\\":40,\\"height\\":40,\\"style\\":{\\"objectFit\\":\\"contain\\"}}]}]}],[\\"$\\",\\"$Lc\\",\\"1\\",{\\"display\\":\\"flex\\",\\"justifyContent\\":\\"center\\",\\"alignItems\\":\\"center\\",\\"width\\":48,\\"height\\":48,\\"minWidth\\":48,\\"bgcolor\\":\\"white\\",\\"border\\":\\"1px solid\\",\\"borderRadius\\":\\"10px\\",\\"style\\":{\\"cursor\\":\\"pointer\\"},\\"borderColor\\":\\"grey.400\\",\\"mr\\":\\"6px\\",\\"children\\":[\\"$\\",\\"$L53\\",null,{\\"href\\":\\"/product/motorola-moto-g75-5g-256gb-blue-with-buds\\",\\"ref\\":\\"$undefined\\",\\"prefetch\\":false,\\"target\\":\\"_blank\\",\\"children\\":[\\"$\\",\\"$L58\\",null,{\\"src\\":\\"https://encrypted-tbn2.gstatic.com/shopping?q=tbn:ANd9GcRj65GJdYa0MGuv8L9RWAAJVks98kaBva-KPH34o7Nn8_xgtjFvHpEsyG-G9u_PAZwKCzR1UnPFs6JC5duNRu9kW-AZSxHpJQaql2ly1iZ6Cl09iaqRzqc\\u0026usqp=CAY\\",\\"alt\\":\\"Motorola Moto G75 5G 256GB Blue with Buds\\",\\"width\\":40,\\"height\\":40,\\"style\\":{\\"objectFit\\":\\"contain\\"}}]}]}],[\\"$\\",\\"$Lc\\",\\"2\\",{\\"display\\":\\"flex\\",\\"justifyContent\\":\\"center\\",\\"alignItems\\":\\"center\\",\\"width\\":48,\\"height\\":48,\\"minWidth\\":48,\\"bgcolor\\":\\"white\\",\\"border\\":\\"1px solid\\",\\"borderRadius\\":\\"10px\\",\\"style\\":{\\"cursor\\":\\"pointer\\"},\\"borderColor\\":\\"grey.400\\",\\"mr\\":\\"auto\\",\\"children\\":[\\"$\\",\\"$L53\\",null,{\\"href\\":\\"/product/motorola-moto-g75-5g-256gb-succulent-green-moto-buds\\",\\"ref\\":\\"$undefined\\",\\"prefetch\\":false,\\"target\\":\\"_blank\\",\\"children\\":[\\"$\\",\\"$L58\\",null,{\\"src\\":\\"https://encrypted-tbn3.gstatic.com/shopping?q=tbn:ANd9GcQktEYbdVk26_5fVXmkf85U_V4MhhlgNSCKuEGMaIHFomdm78AIUKXN6e8XyuLWwiqXOJc6OF55c3TRby_V36YYx0Twj-TArJEJ3e_Z\\u0026usqp=CAY\\",\\"alt\\":\\"Motorola Moto G75 5G 256GB - Succulent Green + Moto Buds\\",\\"width\\":40,\\"height\\":40,\\"style\\":{\\"objectFit\\":\\"contain\\"}}]}]}]]]}]}],[\\"$\\",\\"$Lc\\",null,{\\"children\\":false}]]}]]\\n', '59:I[65161,[\\"3655\\",\\"static/chunks/3655-f78e4e363a5541d0.js\\",\\"6290\\",\\"static/chunks/6290-2a8ce89a0b5a3df8.js\\",\\"6381\\",\\"static/chunks/6381-2b873addadcb95f3.js\\",\\"6310\\",\\"static/chunks/6310-99207018fb617736.js\\",\\"5469\\",\\"static/chunks/5469-d5f85e2b5dbb2663.js\\",\\"6341\\",\\"static/chunks/6341-ca54939c2b36d77d.js\\",\\"6252\\",\\"static/chunks/6252-920c83842bca245b.js\\",\\"6574\\",\\"static/chunks/6574-85b13196e7d2f55e.js\\",\\"307\\",\\"static/chunks/307-cefa9bd2f7381bf5.js\\",\\"2665\\",\\"static/chunks/2665-2d172eda87a962e3.js\\",\\"684\\",\\"static/chunks/684-7de3c401504b82a2.js\\",\\"8393\\",\\"static/chunks/8393-4175fa3c3129adeb.js\\",\\"7269\\",\\"static/chunks/7269-a4bddb872ba784d5.js\\",\\"3691\\",\\"static/chunks/3691-4bb5861e2d594f2b.js\\",\\"8368\\",\\"static/chunks/8368-d0cd9f9fca0712a7.js\\",\\"1682\\",\\"static/chunks/1682-b2e703b472c280ea.js\\",\\"2917\\",\\"static/chunks/2917-184ec9877565fafd.js\\",\\"4824\\",\\"static/chunks/4824-507f78e55d96f9dc.js\\",\\"7614\\",\\"static/chunks/app/product/%5Bslug%5D/@offers/page-8d4c61690e8d9066.js\\"],\\"default\\"]\\n5a:T6c8,Bought this for my daughter and I\'m very impressed. The camera is more than capable for daylight photos and selfies. The processor and RAM are fast enough. I compared APP loading and camera launching vs my Samsung Ultra and there\'s little difference for normal use (processing video or intense gaming you can see a difference, but in normal use, they\'re close).It\'s a little on the big side, especially for a child, but the Military toughness and optional screen repair service make up for that. The battery beats my Samsung phone in real every day use hands down.Absolute standout feature for me is Wireless Charging. This means the phone is left on our charger in the living room, and doesn\'t go up to bedrooms in the evening. Google Family Link works well too.Overall ...\xa0MoreBought this for my daughter and I\'m very impressed. The camera is more than capable for daylight photos and selfies. The processor and RAM are fast enough. I compared APP loading and camera launching vs my Samsung Ultra and there\'s little difference for normal use (processing video or intense gam', "ing you can see a difference, but in normal use, they're close).It's a little on the big side, especially for a child, but the Military toughness and optional screen repair service make up for that. The battery beats my Samsung phone in real every day use hands down.Absolute standout feature for me is Wireless Charging. This means the phone is left on our charger in the living room, and doesn't go up to bedrooms in the evening. Google Family Link works well too.Overall really impressed with the quality, features and toughness. Oh, and finally Motorola have guaranteed a few years updates, I wouldn't have bought it without the new Android Update policy.", '11:[\\"$\\",\\"$L59\\",null,{\\"product\\":{\\"id\\":83429707,\\"gid\\":\\"15797211988331096831\\",\\"title\\":\\"Motorola Moto G75 5G 256GB Grey with Buds\\",\\"image\\":\\"https://encrypted-tbn0.gstatic.com/shopping?q=tbn:ANd9GcTN0NDdrPCDIn9NaiVIb7vTMSRVKBOQbkBMTHJyb9dzqC_WY5IGMoYuvnsDtsI8XvfpsX50GHyVY5kvPm-1nSr2bXEkwcR1sLJr1IR1dAkwVcXTXGOCB8frf7o\\",\\"created_at\\":\\"$D2024-11-30T20:11:12.579Z\\",\\"updated_at\\":\\"$D2024-12-01T03:20:16.117Z\\",\\"slug\\":\\"motorola-moto-g75-5g-256gb-grey-with-buds\\",\\"thumbnails\\":[\\"https://encrypted-tbn0.gstatic.com/shopping?q=tbn:ANd9GcSqDaT816y1UmPhBrzkea3Dn_Hh8yTT3fZX4XBtJEkQcCWOz-LJ1AMEbRRDBSKM-M061mIP09PmjUwBgDldhA0acuhIAop7lQ\\u0026usqp=CAY\\",\\"https://encrypted-tbn3.gstatic.com/shopping?q=tbn:ANd9GcQfbnmIwlniWJ2_8uNp4bDf-6Ju-12jrovvM3RkZ_F8hYC0DcS85hBW3VZ9oCT7zcvdcW7cG-u8JHbZQMXKs0v2Co4aSaICOQ\\u0026usqp=CAY\\",\\"https://encrypted-tbn0.gstatic.com/shopping?q=tbn:ANd9GcR8UqT2y3HwL6mbcrp9X3EK1qROspiqDkg2j-9eEDSoFr4zLWQaFn_YrCOAi5hlWIs3MKewSYZSOFGmiREKJJNSBeWTMR7I\\u0026usqp=CAY\\",\\"https://encrypted-tbn3.gstatic.com/shopping?q=tbn:ANd9GcSqlFWOdYRimHwGbRJI5IbP1AoXqAoJxhYRcQyn_ApjOgs6Plh_8JB3o2ty4s-L5Cg5FksrYalJmjsHi8o23nCuDdFhKywx\\u0026usqp=CAY\\",\\"https://encrypted-tbn3.gstatic.com/shopping?q=tbn:ANd9GcTGaMNVsjZ6wopAkoCqf1frqUqC33R2pndPv3vm8_EbCO6PYXg6BBsU3OD398cOK_BW1ThT4nJXKLSf30DZHd0mG8Zq0KPDnw\\u0026usqp=CAY\\",\\"https://encrypted-tbn3.gstatic.com/shopping?q=tbn:ANd9GcSNnV_WMDGVD4l6oHYCubmAQT7jpJwR2zyu-MbXinPr0z2qL-TKjOS5KkDIYnN4Fn69kQ-BiBFAiYqv9rH5kvHsmNICBre4\\u0026usqp=CAY\\",\\"https://encrypted-tbn3.gstatic.com/shopping?q=tbn:ANd9GcTT9EARYceKt_jqn9X4MH43Ey1bIDrsnZc5wPjG0wS-F-wQ9PJta1l4A-AxAAyko3Z5IvHSgO0_Gnn4enHFUQoYVIaWvMZk\\u0026usqp=CAY\\",\\"https://encrypted-tbn0.gstatic.com/shopping?q=tbn:ANd9GcTpF9PimunMhlcnHfgzkn895rKQb35EW48PS-IM0lwnuADaF5tC3szKbe9ZkxnAHAXp6fnGEBkgzmDcz0ElPmL-WzR4HBShmg\\u0026usqp=CAY\\",\\"https://encrypted-tbn2.gstatic.com/shopping?q=tbn:ANd9GcT56PnF6Ir30ACBooV4QML9XqGxPMeS0UD-J-IOmt4RfpWkpWyt9SsenHDo-DCqfhurJ2kXsVOBsMMEV9L72XZYRPTuRv6C\\u0026usqp=CAY\\",\\"https://encrypted-tbn2.gstatic.com/shopping?q=tbn:ANd9GcRG-GwVx5yd5FeS1o4JqlvUNwo3MPbl6Vc91YmWDI7TxsS8K17-ngY2Swkyvx_kAQg74KZJLwhOXKfvPq_3PHKWlmwNPzLPfg\\u0026usqp=CAY\\",\\"https://encrypted-tbn0.gstatic.com/shopping?q=tbn:ANd9GcTcKKMgCXlJBxNH38rkCOoEjV0HdTnoWIilR_2EhskIJR6-4tF8CNhNhqIGSunQGyXQXvQG3Cy2lWEVq7bg-_x8LP0YeD6ZVQ\\u0026usqp=CAY\\",\\"https://encrypted-tbn2.gstatic.com/shopping?q=tbn:ANd9GcSrenO1gNc233DGNWBIH4nRqrJPMwjW9ZIOfZ-NwBq8vYwNzpba6jAeRAkG5OVrB7tCPhPT_E-ODrd0HhJgHD33EjgK7MZTNA\\u0026usqp=CAY\\"],\\"details\\":\\"Crafted from premium materials and featuring military-grade¹ durability, moto g75 5G is made for everyday life. Capture sharp photos and smooth videos using the Sony - LYTIA 600 camera with OIS. Enjoy endless entertainment on a super-bright 6.8\\\\\\" Full HD+ display backed by Dolby Atmos sound. Plus, be the first to experience the efficiency of the latest Qualcomm Snapdragon processor, a 5000mAh battery with 30W TurboPower charging²,15W wireless charging³, and 256GB⁴ of built-in storage. And it comes bundled with moto buds earbuds, featuring a large dynamic driver, and Hi-Res Audio. Immerse yourself in music and movies, experiencing high-quality, balanced sound with enhanced bass.\\",\\"variants\\":[],\\"category_id\\":null,\\"offline_at\\":null,\\"colors\\":[{\\"gid\\":\\"15797211988331096831\\",\\"image\\":\\"https://encrypted-tbn0.gstatic.com/shopping?q=tbn:ANd9GcSMKJEcJ5xuZEACgvb5b-OsiulwL1b5Ivy7wbsYiJ3A2vpwsAhIjV_QMfs2iyap5nDsHiEzTcaeGYaz_I5WBRrUjD5abtI2D4WPYd1uowVZArHKnsIo95M\\u0026usqp=CAY\\"},{\\"gid\\":\\"7830005719273689496\\",\\"image\\":\\"https://encrypted-tbn2.gstatic.com/shopping?q=tbn:ANd9GcRj65GJdYa0MGuv8L9RWAAJVks98kaBva-KPH34o7Nn8_xgtjFvHpEsyG-G9u_PAZwKCzR1UnPFs6JC5duNRu9kW-AZSxHpJQaql2ly1iZ6Cl09iaqRzqc\\u0026usqp=CAY\\"},{\\"gid\\":\\"10929348810251206946\\",\\"image\\":\\"https://encrypted-tbn3.gstatic.com/shopping?q=tbn:ANd9GcQktEYbdVk26_5fVXmkf85U_V4MhhlgNSCKuEGMaIHFomdm78AIUKXN6e8XyuLWwiqXOJc6OF55c3TRby_V36YYx0Twj-TArJEJ3e_Z\\u0026usqp=CAY\\"}],\\"product_status\\":{\\"pid\\":83429707,\\"offer_amount\\":24,\\"lowest_price\\":391,\\"highest_price\\":499,\\"single_seller_id\\":null,\\"discount\\":0,\\"featured\\":true,\\"last_price_updated_at\\":\\"$D2025-09-14T01:53:37.581Z\\",\\"discount_seller_id\\":1392573,\\"last_lowest_price\\":391,\\"reviews_count\\":976,\\"reviews_rating\\":4.5,\\"country_code\\":\\"au\\",\\"language_code\\":null},\\"offers\\":[{\\"pid\\":83429707,\\"seller_product_url\\":\\"https://www.mydeal.com.au/motorola-g75-5g-256gb-with-moto-buds-charcoal-grey-au-stock-6-8-full-hd-120hz-8gb-256gb-dual-sim-50mp-16mp-water-protection-5000mah-2year-warranty-14598762\\",\\"created_at\\":\\"$D2025-09-14T01:53:37.581Z\\",\\"offer_id\\":null,\\"base_price\\":471.25,\\"shipping\\":0,\\"seller_id\\":908,\\"condition\\":\\"new\\",\\"country_code\\":null,\\"seller\\":{\\"seller_id\\":908,\\"name\\":\\"MyDeal\\",\\"url\\":\\"mydeal.com.au\\",\\"shopback\\":{\\"sb_id\\":7696,\\"sb_name\\":\\"MyDeal.com.au\\",\\"url\\":\\"www.shopback.com.au/mydeal\\",\\"commission\\":\\"Up to 3.6% Cashback\\",\\"created_at\\":\\"$D2023-08-01T09:56:13.775Z\\",\\"updated_at\\":\\"$D2023-11-25T10:32:54.782Z\\",\\"hostname\\":\\"mydeal.com.au\\"},\\"cashrewards\\":{\\"cr_id\\":1004953,\\"name\\":\\"MyDeal\\",\\"hyphenated_name\\":\\"mydeal\\",\\"logo\\":\\"//cdn.cashrewards.com/mydeal.png?t=637672695131179086\\",\\"created_at\\":\\"$D2023-07-30T11:50:50.100Z\\",\\"commission\\":4.2,\\"commission_string\\":\\"Up to 4.2% cashback\\",\\"online\\":true,\\"instore\\":false,\\"hostname\\":\\"mydeal.com.au\\",\\"updated_at\\":\\"$D2023-11-30T03:50:38.698Z\\"}}},{\\"pid\\":83429707,\\"seller_product_url\\":\\"https://www.lwt.com.au/Product/MOT5690517/PB3Y0024AU/Motorola-G75-5G-256GB-With-Moto-Buds-Charcoal-GreyAU-STOCK68Full-HD120Hz8GB-256GBDual-SIM50MP-16MPWater-Protection5000mAh2Year-Warranty/ws/Business\\",\\"created_at\\":\\"$D2025-09-14T01:53:37.581Z\\",\\"offer_id\\":null,\\"base_price\\":400.4,\\"shipping\\":16.5,\\"seller_id\\":555296346,\\"condition\\":\\"new\\",\\"country_code\\":null,\\"seller\\":{\\"seller_id\\":555296346,\\"name\\":\\"LWT\\",\\"url\\":\\"www.lwt.com.au\\",\\"shopback\\":null,\\"cashrewards\\":null}},{\\"pid\\":83429707,\\"seller_product_url\\":\\"https://www.flashtrend.com.au/motorola-g75-5g-256gb-with-moto-buds-charcoal-grey\\",\\"created_at\\":\\"$D2025-09-14T01:53:37.581Z\\",\\"offer_id\\":null,\\"base_price\\":479.77,\\"shipping\\":7.95,\\"seller_id\\":99,\\"condition\\":\\"new\\",\\"country_code\\":null,\\"seller\\":{\\"seller_id\\":99,\\"name\\":\\"Flashtrend.com.au\\",\\"url\\":\\"www.flashtrend.com.au\\",\\"shopback\\":null,\\"cashrewards\\":null}},{\\"pid\\":83429707,\\"seller_product_url\\":\\"https://shop.zelrose.com.au/products/motorola-g75-5g-256gb-with-moto-buds-charcoal-grey-au-stock-6-8-full-hd-120hz-8gb-256gb-dual-sim-50mp-16mp-water-protection-5000mah-2year-warranty?variant=50892878020887\\",\\"created_at\\":\\"$D2025-09-14T01:53:37.581Z\\",\\"offer_id\\":null,\\"base_price\\":499,\\"shipping\\":12.5,\\"seller_id\\":51017477,\\"condition\\":\\"new\\",\\"country_code\\":null,\\"seller\\":{\\"seller_id\\":51017477,\\"name\\":\\"Zelrose IT\\",\\"url\\":null,\\"shopback\\":null,\\"cashrewards\\":null}},{\\"pid\\":83429707,\\"seller_product_url\\":\\"https://www.techciti.com.au/motorola-moto-g75-5g-w-moto-buds-dual-sim-256gb-8gb-6-8-grey\\",\\"created_at\\":\\"$D2025-09-14T01:53:37.581Z\\",\\"offer_id\\":null,\\"base_price\\":438,\\"shipping\\":0,\\"seller_id\\":1400,\\"condition\\":\\"new\\",\\"country_code\\":null,\\"seller\\":{\\"seller_id\\":1400,\\"name\\":\\"Techciti\\",\\"url\\":\\"www.techciti.com.au\\",\\"shopback\\":null,\\"cashrewards\\":null}},{\\"pid\\":83429707,\\"seller_product_url\\":\\"https://betteroffice.store/products/motorola-g75-5g-256gb-with-moto-buds-charcoal-grey-au-stock-6-8full-hd-120hz8gb-256gbdual-sim50mp-16mpwater-protection5000mah2year-warranty?variant=45678834450586\\",\\"created_at\\":\\"$D2025-09-14T01:53:37.581Z\\",\\"offer_id\\":null,\\"base_price\\":499,\\"shipping\\":12,\\"seller_id\\":1210947108,\\"condition\\":\\"new\\",\\"country_code\\":null,\\"seller\\":{\\"seller_id\\":1210947108,\\"name\\":\\"betteroffice.store\\",\\"url\\":\\"betteroffice.store\\",\\"shopback\\":null,\\"cashrewards\\":null}},{\\"pid\\":83429707,\\"seller_product_url\\":\\"https://vtechindustries.com.au/products/motorola-g75-5g-256gb-with-moto-buds-charcoal-grey-au-stock-6-8-full-hd-120hz-8gb-256gb-dual-sim-50mp-16mp-water-protection-5000mah-2year-warranty-pb3y0024au?variant=50641766383904\\",\\"created_at\\":\\"$D2025-09-14T01:53:37.581Z\\",\\"offer_id\\":null,\\"base_price\\":391,\\"shipping\\":13,\\"seller_id\\":1392573,\\"condition\\":\\"new\\",\\"country_code\\":null,\\"seller\\":{\\"seller_id\\":1392573,\\"name\\":\\"VTech Industries\\",\\"url\\":\\"www.vtechindustries.com.au\\",\\"shopback\\":null,\\"cashrewards\\":null}},{\\"pid\\":83429707,\\"seller_product_url\\":\\"https://i-tech.com.au/pb3y0024au-motorola-g75-5g-256gb-with-moto-buds-charcoal-430730.html\\",\\"created_at\\":\\"$D2025-09-14T01:53:37.581Z\\",\\"offer_id\\":null,\\"base_price\\":415,\\"shipping\\":15,\\"seller_id\\":175,\\"condition\\":\\"new\\",\\"country_code\\":null,\\"seller\\":{\\"seller_id\\":175,\\"name\\":\\"www.i-tech.com.au\\",\\"url\\":\\"i-tech.com.au\\",\\"shopback\\":null,\\"cashrewards\\":null}},{\\"pid\\":83429707,\\"seller_product_url\\":\\"https://www.itnest.com.au/hardware/other/motorola-g75-5g-256gb-with-moto-buds-charcoal-grey(pb3y0024au)-pb3y0024au\\",\\"created_at\\":\\"$D2025-09-14T01:53:37.581Z\\",\\"offer_id\\":null,\\"base_price\\":409,\\"shipping\\":16.95,\\"seller_id\\":283,\\"condition\\":\\"new\\",\\"country_code\\":null,\\"seller\\":{\\"seller_id\\":283,\\"name\\":\\"itnest.com.au\\",\\"url\\":\\"www.itnest.com.au\\",\\"shopback\\":null,\\"cashrewards\\":null}},{\\"pid\\":83429707,\\"seller_product_url\\":\\"https://www.allphones.com.au/motorola-moto-g75-5g-w-moto-buds-dual-sim-256gb-8gb-6-8-grey\\",\\"created_at\\":\\"$D2025-09-14T01:53:37.581Z\\",\\"offer_id\\":null,\\"base_price\\":438,\\"shipping\\":0,\\"seller_id\\":8569,\\"condition\\":\\"new\\",\\"country_code\\":null,\\"seller\\":{\\"seller_id\\":8569,\\"name\\":\\"Allphones Online\\",\\"url\\":\\"www.allphones.com.au\\",\\"shopback\\":null,\\"cashrewards\\":null}},{\\"pid\\":83429707,\\"seller_product_url\\":\\"https://www.ozspots.com.au/product/motorola-g75-5g-256gb-with-moto-buds-charcoal-greyau-stock6-8full-hd120hz8gb-256gbdual-sim50mp-16mpwater-protection5000mah2year-warranty/\\",\\"created_at\\":\\"$D2025-09-14T01:53:37.581Z\\",\\"offer_id\\":null,\\"base_price\\":400.02,\\"shipping\\":9.7,\\"seller_id\\":1525538,\\"condition\\":\\"new\\",\\"country_code\\":null,\\"seller\\":{\\"seller_id\\":1525538,\\"name\\":\\"OzSpots Wireless\\",\\"url\\":\\"www.ozspots.com.au\\",\\"shopback\\":null,\\"cashrewards\\":null}},{\\"pid\\":83429707,\\"seller_product_url\\":\\"https://www.jw.com.au/product/motorola-moto-g75-5g-256gb-8gb-6-8-charcoal-grey\\",\\"created_at\\":\\"$D2025-09-14T01:53:37.581Z\\",\\"offer_id\\":null,\\"base_price\\":459,\\"shipping\\":0,\\"seller_id\\":138,\\"condition\\":\\"new\\",\\"country_code\\":null,\\"seller\\":{\\"seller_id\\":138,\\"name\\":\\"JW Computers\\",\\"url\\":\\"www.jw.com.au\\",\\"shopback\\":null,\\"cashrewards\\":null}},{\\"pid\\":83429707,\\"seller_product_url\\":\\"https://www.woolworths.com.au/shop/productdetails/1123910867\\",\\"created_at\\":\\"$D2025-09-14T01:53:37.581Z\\",\\"offer_id\\":null,\\"base_price\\":471.25,\\"shipping\\":10,\\"seller_id\\":97,\\"condition\\":\\"new\\",\\"country_code\\":null,\\"seller\\":{\\"seller_id\\":97,\\"name\\":\\"Woolworths\\",\\"url\\":\\"www.woolworths.com.au\\",\\"shopback\\":null,\\"cashrewards\\":null}},{\\"pid\\":83429707,\\"seller_product_url\\":\\"https://www.ebay.com.au/itm/167115114606\\",\\"created_at\\":\\"$D2025-09-14T01:53:37.581Z\\",\\"offer_id\\":null,\\"base_price\\":467.7,\\"shipping\\":0,\\"seller_id\\":1042295139,\\"condition\\":\\"new\\",\\"country_code\\":null,\\"seller\\":{\\"seller_id\\":1042295139,\\"name\\":\\"eBay\\",\\"url\\":\\"www.ebay.com.au\\",\\"shopback\\":null,\\"cashrewards\\":null}},{\\"pid\\":83429707,\\"seller_product_url\\":\\"https://ezypcsales.com.au/product/motorola-g75-5g-256gb-with-moto-buds-charcoal-greyau-stock6-8full-hd120hz8gb-256gbdual-sim50mp-16mpwater-protection5000mah2year-warranty/\\",\\"created_at\\":\\"$D2025-09-14T01:53:37.581Z\\",\\"offer_id\\":null,\\"base_price\\":391.56,\\"shipping\\":12.95,\\"seller_id\\":2808065,\\"condition\\":\\"new\\",\\"country_code\\":null,\\"seller\\":{\\"seller_id\\":2808065,\\"name\\":\\"Ezy P.C. Sales\\",\\"url\\":\\"ezypcsales.com.au\\",\\"shopback\\":null,\\"cashrewards\\":null}},{\\"pid\\":83429707,\\"seller_product_url\\":\\"https://www.dicksmith.com.au/da/buy/motorola-moto-g75-5g-bonus-moto-buds-dual-sim-256gb8gb-68-00840023276545/\\",\\"created_at\\":\\"$D2025-09-14T01:53:37.581Z\\",\\"offer_id\\":null,\\"base_price\\":438.99,\\"shipping\\":0,\\"seller_id\\":156,\\"condition\\":\\"new\\",\\"country_code\\":null,\\"seller\\":{\\"seller_id\\":156,\\"name\\":\\"Dick Smith AU\\",\\"url\\":\\"www.dicksmith.com.au\\",\\"shopback\\":null,\\"cashrewards\\":null}},{\\"pid\\":83429707,\\"seller_product_url\\":\\"https://www.bigw.com.au/product/motorola-g75-5g-256gb-with-moto-buds-charcoal-grey-au-stock-6-8-full-hd-120hz-8gb-256gb-dual-sim-50mp-16mp-water-protection-5000mah-2year-warranty/p/9901208423\\",\\"created_at\\":\\"$D2025-09-14T01:53:37.581Z\\",\\"offer_id\\":null,\\"base_price\\":471.25,\\"shipping\\":0,\\"seller_id\\":769007327,\\"condition\\":\\"new\\",\\"country_code\\":null,\\"seller\\":{\\"seller_id\\":769007327,\\"name\\":\\"BIG W - BIG W MARKET\\",\\"url\\":\\"www.bigw.com.au\\",\\"shopback\\":null,\\"cashrewards\\":null}},{\\"pid\\":83429707,\\"seller_product_url\\":\\"https://campcomprep.com.au/product/motorola-g75-5g-256gb-with-moto-buds-charcoal-greyau-stock6-8full-hd120hz8gb-256gbdual-sim50mp-16mpwater-protection5000mah2year-warranty/\\",\\"created_at\\":\\"$D2025-09-14T01:53:37.581Z\\",\\"offer_id\\":null,\\"base_price\\":499,\\"shipping\\":15,\\"seller_id\\":1374,\\"condition\\":\\"new\\",\\"country_code\\":null,\\"seller\\":{\\"seller_id\\":1374,\\"name\\":\\"Campbelltown Computer Repairs\\",\\"url\\":\\"campcomprep.com.au\\",\\"shopback\\":null,\\"cashrewards\\":null}},{\\"pid\\":83429707,\\"seller_product_url\\":\\"https://www.kogan.com/au/buy/motorola-moto-g75-5g-bonus-moto-buds-dual-sim-256gb8gb-68-00840023276545/\\",\\"created_at\\":\\"$D2025-09-14T01:53:37.581Z\\",\\"offer_id\\":null,\\"base_price\\":438.99,\\"shipping\\":0,\\"seller_id\\":103,\\"condition\\":\\"new\\",\\"country_code\\":null,\\"seller\\":{\\"seller_id\\":103,\\"name\\":\\"Kogan.com\\",\\"url\\":\\"www.kogan.com\\",\\"shopback\\":null,\\"cashrewards\\":null}},{\\"pid\\":83429707,\\"seller_product_url\\":\\"https://www.bunnings.com.au/motorola-moto-g75-5g-8gb-256gb-6-8-w-moto-buds-charcoal-grey_p0826330\\",\\"created_at\\":\\"$D2025-09-14T01:53:37.581Z\\",\\"offer_id\\":null,\\"base_price\\":495.72,\\"shipping\\":15,\\"seller_id\\":47,\\"condition\\":\\"new\\",\\"country_code\\":null,\\"seller\\":{\\"seller_id\\":47,\\"name\\":\\"Bunnings Warehouse\\",\\"url\\":\\"www.bunnings.com.au\\",\\"shopback\\":null,\\"cashrewards\\":null}},{\\"pid\\":83429707,\\"seller_product_url\\":\\"https://www.mobileciti.com.au/motorola-moto-g75-5g-w-moto-buds-dual-sim-256gb-8gb-6-8-grey\\",\\"created_at\\":\\"$D2025-09-14T01:53:37.581Z\\",\\"offer_id\\":null,\\"base_price\\":438,\\"shipping\\":0,\\"seller_id\\":202,\\"condition\\":\\"new\\",\\"country_code\\":null,\\"seller\\":{\\"seller_id\\":202,\\"name\\":\\"Mobileciti\\",\\"url\\":\\"www.mobileciti.com.au\\",\\"shopback\\":{\\"sb_id\\":8410,\\"sb_name\\":\\"Mobileciti\\",\\"url\\":\\"www.shopback.com.au/mobileciti\\",\\"commission\\":\\"Up to 2.10% Cashback\\",\\"created_at\\":\\"$D2023-08-01T09:56:13.775Z\\",\\"updated_at\\":null,\\"hostname\\":\\"mobileciti.com.au\\"},\\"cashrewards\\":{\\"cr_id\\":1005098,\\"name\\":\\"Mobileciti\\",\\"hyphenated_name\\":\\"mobileciti\\",\\"logo\\":\\"//cdn.cashrewards.com/mobileciti.jpg?t=637765071372444088\\",\\"created_at\\":\\"$D2023-07-30T11:50:50.100Z\\",\\"commission\\":2.2,\\"commission_string\\":\\"Up to 2.2% cashback\\",\\"online\\":true,\\"instore\\":false,\\"hostname\\":\\"mobileciti.com.au\\",\\"updated_at\\":null}}},{\\"pid\\":83429707,\\"seller_product_url\\":\\"https://www.thegoodguys.com.au/motorola-g75-5g-256gb-charcoal-grey-11901327984\\",\\"created_at\\":\\"$D2025-09-14T01:53:37.581Z\\",\\"offer_id\\":null,\\"base_price\\":497,\\"shipping\\":3,\\"seller_id\\":10,\\"condition\\":\\"new\\",\\"country_code\\":null,\\"seller\\":{\\"seller_id\\":10,\\"name\\":\\"The Good Guys\\",\\"url\\":\\"www.thegoodguys.com.au\\",\\"shopback\\":{\\"sb_id\\":8367,\\"sb_name\\":\\"The Good Guys\\",\\"url\\":\\"www.shopback.com.au/the-good-guys\\",\\"commission\\":\\"Up to 3% Cashback\\",\\"created_at\\":\\"$D2023-08-01T09:56:13.775Z\\",\\"updated_at\\":\\"$D2023-11-25T10:32:54.782Z\\",\\"hostname\\":\\"thegoodguys.com.au\\"},\\"cashrewards\\":{\\"cr_id\\":1004849,\\"name\\":\\"The Good Guys\\",\\"hyphenated_name\\":\\"the-good-guys\\",\\"logo\\":\\"//cdn.cashrewards.com/the-good-guys.jpg?t=637599296823973829\\",\\"created_at\\":\\"$D2023-07-30T11:50:50.100Z\\",\\"commission\\":2.3,\\"commission_string\\":\\"Up to 2.3% cashback\\",\\"online\\":true,\\"instore\\":false,\\"hostname\\":\\"thegoodguys.com.au\\",\\"updated_at\\":\\"$D2023-11-25T10:32:11.855Z\\"}}},{\\"pid\\":83429707,\\"seller_product_url\\":\\"https://www.amazon.com.au/dp/B0DKXB12CP\\",\\"created_at\\":\\"$D2025-09-14T01:53:37.581Z\\",\\"offer_id\\":null,\\"base_price\\":438,\\"shipping\\":0,\\"seller_id\\":60,\\"condition\\":\\"new\\",\\"country_code\\":null,\\"seller\\":{\\"seller_id\\":60,\\"name\\":\\"Amazon.com.au\\",\\"url\\":\\"www.amazon.com.au\\",\\"shopback\\":{\\"sb_id\\":8448,\\"sb_name\\":\\"Amazon Australia\\",\\"url\\":\\"www.shopback.com.au/amazon-australia\\",\\"commission\\":\\"Up to 7% Cashback\\",\\"created_at\\":\\"$D2023-08-01T09:56:13.775Z\\",\\"updated_at\\":\\"$D2023-11-25T10:32:54.782Z\\",\\"hostname\\":\\"amazon.com.au\\"},\\"cashrewards\\":{\\"cr_id\\":1003434,\\"name\\":\\"Amazon Australia\\",\\"hyphenated_name\\":\\"amazon-australia\\",\\"logo\\":\\"//cdn.cashrewards.com/amazon-australia.jpg\\",\\"created_at\\":\\"$D2023-07-30T11:50:50.100Z\\",\\"commission\\":7,\\"commission_string\\":\\"Up to 7% cashback\\",\\"online\\":true,\\"instore\\":false,\\"hostname\\":\\"amazon.com.au\\",\\"updated_at\\":\\"$D2023-11-30T03:50:38.698Z\\"}}},{\\"pid\\":83429707,\\"seller_product_url\\":\\"https://www.harveynorman.com.au/motorola-moto-g75-5g-256gb-charcoal-grey.html\\",\\"created_at\\":\\"$D2025-09-14T01:53:37.581Z\\",\\"offer_id\\":null,\\"base_price\\":499,\\"shipping\\":7.95,\\"seller_id\\":11,\\"condition\\":\\"new\\",\\"country_code\\":null,\\"seller\\":{\\"seller_id\\":11,\\"name\\":\\"Harvey Norman Australia\\",\\"url\\":\\"www.harveynorman.com.au\\",\\"shopback\\":null,\\"cashrewards\\":null}},{\\"pid\\":83429707,\\"seller_product_url\\":\\"https://www.lasoo.com.au/products/personal-digital/1716909/motorola-moto-g75-5g-dual-sim-256gb8gb-68-charcoal-grey\\",\\"created_at\\":\\"$D2025-08-29T20:03:27.652Z\\",\\"offer_id\\":null,\\"base_price\\":529,\\"shipping\\":0,\\"seller_id\\":6823,\\"condition\\":\\"new\\",\\"country_code\\":null,\\"seller\\":{\\"seller_id\\":6823,\\"name\\":\\"Lasoo\\",\\"url\\":\\"www.lasoo.com.au\\",\\"shopback\\":null,\\"cashrewards\\":null}},{\\"pid\\":83429707,\\"seller_product_url\\":\\"https://www.personaldigital.com.au/products/motorola-moto-g75-5g-dual-sim-256gb-8gb-6-8-bonus-moto-buds-charcoal-grey?variant=43108785651811\\",\\"created_at\\":\\"$D2025-08-28T23:53:56.005Z\\",\\"offer_id\\":null,\\"base_price\\":529,\\"shipping\\":0,\\"seller_id\\":14764,\\"condition\\":\\"new\\",\\"country_code\\":null,\\"seller\\":{\\"seller_id\\":14764,\\"name\\":\\"Personal Digital\\",\\"url\\":\\"www.personaldigital.com.au\\",\\"shopback\\":null,\\"cashrewards\\":null}},{\\"pid\\":83429707,\\"seller_product_url\\":\\"https://www.mobilewizardstore.com.au/product-page/motorola-g75-5g-256gb-with-moto-buds-charcoal-grey-au-stock-6-8-full\\",\\"created_at\\":\\"$D2025-08-23T11:01:27.827Z\\",\\"offer_id\\":null,\\"base_price\\":499,\\"shipping\\":15,\\"seller_id\\":1212885227,\\"condition\\":\\"new\\",\\"country_code\\":null,\\"seller\\":{\\"seller_id\\":1212885227,\\"name\\":\\"Mobile Wizard Store\\",\\"url\\":\\"www.mobilewizardstore.com.au\\",\\"shopback\\":null,\\"cashrewards\\":null}},{\\"pid\\":83429707,\\"seller_product_url\\":\\"https://www.bigw.com.au/product/moto-g75-5g-256gb-grey-with-moto-buds/p/6001651\\",\\"created_at\\":\\"$D2025-08-23T11:01:27.827Z\\",\\"offer_id\\":null,\\"base_price\\":399,\\"shipping\\":0,\\"seller_id\\":52,\\"condition\\":\\"new\\",\\"country_code\\":null,\\"seller\\":{\\"seller_id\\":52,\\"name\\":\\"BIG W\\",\\"url\\":\\"www.bigw.com.au\\",\\"shopback\\":{\\"sb_id\\":17706,\\"sb_name\\":\\"Big W\\",\\"url\\":\\"www.shopback.com.au/bigw\\",\\"commission\\":\\"Up to 4% Cashback\\",\\"created_at\\":\\"$D2023-08-01T09:56:13.775Z\\",\\"updated_at\\":\\"$D2023-11-25T10:32:54.782Z\\",\\"hostname\\":\\"bigw.com.au\\"},\\"cashrewards\\":{\\"cr_id\\":1004971,\\"name\\":\\"BIG W\\",\\"hyphenated_name\\":\\"big-w\\",\\"logo\\":\\"//cdn.cashrewards.com/big-w.png?t=637690919703543365\\",\\"created_at\\":\\"$D2023-07-30T11:50:50.100Z\\",\\"commission\\":2.4,\\"commission_string\\":\\"Up to 2.4% cashback\\",\\"online\\":true,\\"instore\\":false,\\"hostname\\":\\"bigw.com.au\\",\\"updated_at\\":\\"$D2023-11-30T03:50:38.698Z\\"}}},{\\"pid\\":83429707,\\"seller_product_url\\":\\"https://cybertechlab.com.au/products/motorola-g75-5g-256gb-with-moto-buds-charcoal-grey-au-stock-6-8-full-hd-120hz-8gb-256gb-dual-sim-50mp-16mp-water-protection-5000mah-2year-warranty\\",\\"created_at\\":\\"$D2025-07-28T22:35:09.370Z\\",\\"offer_id\\":null,\\"base_price\\":424.15,\\"shipping\\":20,\\"seller_id\\":1464195854,\\"condition\\":\\"new\\",\\"country_code\\":null,\\"seller\\":{\\"seller_id\\":1464195854,\\"name\\":\\"cybertechlab.com.au\\",\\"url\\":null,\\"shopback\\":null,\\"cashrewards\\":null}},{\\"pid\\":83429707,\\"seller_product_url\\":\\"https://horizonstore.com.au/products/motorola-moto-g75-5g-8gb-256gb-6-8-w-moto-buds-charcoal-grey?variant=44615659061436\\",\\"created_at\\":\\"$D2025-07-10T08:25:35.929Z\\",\\"offer_id\\":null,\\"base_price\\":399.99,\\"shipping\\":0,\\"seller_id\\":395586347,\\"condition\\":\\"new\\",\\"country_code\\":null,\\"seller\\":{\\"seller_id\\":395586347,\\"name\\":\\"Horizon Store\\",\\"url\\":\\"www.horizonstore.com.au\\",\\"shopback\\":null,\\"cashrewards\\":null}},{\\"pid\\":83429707,\\"seller_product_url\\":\\"https://www.officeworks.com.au/shop/officeworks/p/moto-g75-5g-256gb-grey-with-buds-motog75gry\\",\\"created_at\\":\\"$D2025-06-20T16:42:06.111Z\\",\\"offer_id\\":null,\\"base_price\\":277,\\"shipping\\":0,\\"seller_id\\":57,\\"condition\\":\\"new\\",\\"country_code\\":null,\\"seller\\":{\\"seller_id\\":57,\\"name\\":\\"Officeworks\\",\\"url\\":\\"www.officeworks.com.au\\",\\"shopback\\":null,\\"cashrewards\\":null}},{\\"pid\\":83429707,\\"seller_product_url\\":\\"https://www.domayne.com.au/motorola-moto-g75-5g-256gb-charcoal-grey.html\\",\\"created_at\\":\\"$D2025-06-20T16:42:06.111Z\\",\\"offer_id\\":null,\\"base_price\\":277,\\"shipping\\":7.95,\\"seller_id\\":1364130860,\\"condition\\":\\"new\\",\\"country_code\\":null,\\"seller\\":{\\"seller_id\\":1364130860,\\"name\\":\\"Domayne\\",\\"url\\":\\"www.domayne.com.au\\",\\"shopback\\":null,\\"cashrewards\\":null}},{\\"pid\\":83429707,\\"seller_product_url\\":\\"https://www.joycemayne.com.au/motorola-moto-g75-5g-256gb-charcoal-grey.html\\",\\"created_at\\":\\"$D2025-06-20T16:42:06.111Z\\",\\"offer_id\\":null,\\"base_price\\":277,\\"shipping\\":7.95,\\"seller_id\\":711746650,\\"condition\\":\\"new\\",\\"country_code\\":null,\\"seller\\":{\\"seller_id\\":711746650,\\"name\\":\\"Joyce Mayne\\",\\"url\\":\\"www.joycemayne.com.au\\",\\"shopback\\":null,\\"cashrewards\\":null}},{\\"pid\\":83429707,\\"seller_product_url\\":\\"https://www.ebay.com.au/itm/335991073910\\",\\"created_at\\":\\"$D2025-06-16T07:03:09.539Z\\",\\"offer_id\\":null,\\"base_price\\":395,\\"shipping\\":5,\\"seller_id\\":467756700,\\"condition\\":\\"new\\",\\"country_code\\":null,\\"seller\\":{\\"seller_id\\":467756700,\\"name\\":\\"eBay - ozzie_collecta\\",\\"url\\":null,\\"shopback\\":null,\\"cashrewards\\":null}},{\\"pid\\":83429707,\\"seller_product_url\\":\\"https://www.jbhifi.com.au/products/moto-g75-5g-256gb-with-moto-buds-charcoal-grey\\",\\"created_at\\":\\"$D2025-06-05T03:15:37.431Z\\",\\"offer_id\\":null,\\"base_price\\":499,\\"shipping\\":6.99,\\"seller_id\\":9,\\"condition\\":\\"new\\",\\"country_code\\":null,\\"seller\\":{\\"seller_id\\":9,\\"name\\":\\"JB Hi-Fi\\",\\"url\\":\\"www.jbhifi.com.au\\",\\"shopback\\":null,\\"cashrewards\\":null}},{\\"pid\\":83429707,\\"seller_product_url\\":\\"https://auzzistore.com.au/products/motorola-moto-g75-5g-with-moto-buds-256gb-charcoal-grey?variant=46348469862617\\",\\"created_at\\":\\"$D2025-06-01T17:31:11.420Z\\",\\"offer_id\\":null,\\"base_price\\":718.96,\\"shipping\\":0,\\"seller_id\\":6332,\\"condition\\":\\"new\\",\\"country_code\\":null,\\"seller\\":{\\"seller_id\\":6332,\\"name\\":\\"Auzzi Store\\",\\"url\\":\\"www.auzzistore.com.au\\",\\"shopback\\":null,\\"cashrewards\\":null}},{\\"pid\\":83429707,\\"seller_product_url\\":\\"https://www.lenovo.com/au/en/p/accessories-and-software/moto-phones/moto-g-series/78808445\\",\\"created_at\\":\\"$D2025-05-22T09:46:29.425Z\\",\\"offer_id\\":null,\\"base_price\\":499,\\"shipping\\":0,\\"seller_id\\":1580,\\"condition\\":\\"new\\",\\"country_code\\":null,\\"seller\\":{\\"seller_id\\":1580,\\"name\\":\\"Lenovo\\",\\"url\\":\\"www.lenovo.com\\",\\"shopback\\":{\\"sb_id\\":8373,\\"sb_name\\":\\"Lenovo\\",\\"url\\":\\"www.shopback.com.au/lenovo\\",\\"commission\\":\\"10% Cashback\\",\\"created_at\\":\\"$D2023-08-01T09:56:13.775Z\\",\\"updated_at\\":\\"$D2023-11-25T10:32:54.782Z\\",\\"hostname\\":\\"lenovo.com\\"},\\"cashrewards\\":{\\"cr_id\\":1005943,\\"name\\":\\"Lenovo\\",\\"hyphenated_name\\":\\"lenovo\\",\\"logo\\":\\"//cdn.cashrewards.com/lenovo.png?t=638261059478146003\\",\\"created_at\\":\\"$D2023-07-30T11:50:50.100Z\\",\\"commission\\":3.3,\\"commission_string\\":\\"3.3% cashback\\",\\"online\\":true,\\"instore\\":false,\\"hostname\\":\\"lenovo.com\\",\\"updated_at\\":\\"$D2023-11-30T03:50:38.698Z\\"}}},{\\"pid\\":83429707,\\"seller_product_url\\":\\"https://www.retravision.com.au/motorola-moto-g75-5g-256gb-charcoal-grey-moto-buds-11901327984-pb3y0024au\\",\\"created_at\\":\\"$D2025-05-20T07:46:42.621Z\\",\\"offer_id\\":null,\\"base_price\\":328,\\"shipping\\":7.76,\\"seller_id\\":80,\\"condition\\":\\"new\\",\\"country_code\\":null,\\"seller\\":{\\"seller_id\\":80,\\"name\\":\\"Retravision\\",\\"url\\":\\"www.retravision.com.au\\",\\"shopback\\":null,\\"cashrewards\\":null}},{\\"pid\\":83429707,\\"seller_product_url\\":\\"https://www.catch.com.au/product/motorola-moto-g75-5g-bonus-moto-buds-dual-sim-256gb-8gb-6-8-grey-33244983/\\",\\"created_at\\":\\"$D2025-05-01T20:06:57.701Z\\",\\"offer_id\\":null,\\"base_price\\":506.8,\\"shipping\\":0,\\"seller_id\\":115,\\"condition\\":\\"new\\",\\"country_code\\":null,\\"seller\\":{\\"seller_id\\":115,\\"name\\":\\"Catch.com.au\\",\\"url\\":\\"www.catch.com.au\\",\\"shopback\\":null,\\"cashrewards\\":null}},{\\"pid\\":83429707,\\"seller_product_url\\":\\"https://www.mwave.com.au/product/motorola-g75-5g-256gb-smartphone-with-buds-grey-ac82193\\",\\"created_at\\":\\"$D2025-03-30T19:36:19.814Z\\",\\"offer_id\\":null,\\"base_price\\":481.95,\\"shipping\\":9.95,\\"seller_id\\":278,\\"condition\\":\\"new\\",\\"country_code\\":null,\\"seller\\":{\\"seller_id\\":278,\\"name\\":\\"Mwave Australia\\",\\"url\\":\\"mwave.com.au\\",\\"shopback\\":{\\"sb_id\\":63702,\\"sb_name\\":\\"Mwave\\",\\"url\\":\\"www.shopback.com.au/mwave\\",\\"commission\\":\\"0.5% Cashback\\",\\"created_at\\":\\"$D2023-08-01T09:56:13.775Z\\",\\"updated_at\\":\\"$D2023-11-25T10:32:54.782Z\\",\\"hostname\\":\\"mwave.com.au\\"},\\"cashrewards\\":{\\"cr_id\\":1004885,\\"name\\":\\"Mwave\\",\\"hyphenated_name\\":\\"mwave\\",\\"logo\\":\\"//cdn.cashrewards.com/mwave.png?t=637622737569102693\\",\\"created_at\\":\\"$D2023-07-30T11:50:50.100Z\\",\\"commission\\":0.6,\\"commission_string\\":\\"0.6% cashback\\",\\"online\\":true,\\"instore\\":false,\\"hostname\\":\\"mwave.com.au\\",\\"updated_at\\":\\"$D2024-09-18T10:29:30.752Z\\"}}},{\\"pid\\":83429707,\\"seller_product_url\\":\\"https://www.ebay.com.au/itm/395926055872\\",\\"created_at\\":\\"$D2025-03-25T23:36:19.529Z\\",\\"offer_id\\":null,\\"base_price\\":388.64,\\"shipping\\":0,\\"seller_id\\":157,\\"condition\\":\\"new\\",\\"country_code\\":null,\\"seller\\":{\\"seller_id\\":157,\\"name\\":\\"eBay.com.au\\",\\"url\\":\\"www.ebay.com.au\\",\\"shopback\\":{\\"sb_id\\":25493,\\"sb_name\\":\\"eBay\\",\\"url\\":\\"www.shopback.com.au/ebay\\",\\"commission\\":\\"Up to 4% Cashback\\",\\"created_at\\":\\"$D2023-08-01T09:56:13.775Z\\",\\"updated_at\\":\\"$D2023-11-25T10:32:54.782Z\\",\\"hostname\\":\\"ebay.com.au\\"},\\"cashrewards\\":{\\"cr_id\\":1001163,\\"name\\":\\"eBay Australia\\",\\"hyphenated_name\\":\\"ebay-australia\\",\\"logo\\":\\"//cdn.cashrewards.com/ebay-australia.jpg\\",\\"created_at\\":\\"$D2023-07-30T11:50:50.100Z\\",\\"commission\\":5,\\"commission_string\\":\\"Up to 5% cashback\\",\\"online\\":true,\\"instore\\":false,\\"hostname\\":\\"stores.ebay.com.au\\",\\"updated_at\\":\\"$D2024-09-18T10:29:30.752Z\\"}}},{\\"pid\\":83429707,\\"seller_product_url\\":\\"https://www.snaffle.com.au/p/%7B%7Bprocess.slugify(decodeURIComponent(Variant.Slug))%7D%7D/\\",\\"created_at\\":\\"$D2025-03-18T23:28:30.123Z\\",\\"offer_id\\":null,\\"base_price\\":795.08,\\"shipping\\":0,\\"seller_id\\":78499855,\\"condition\\":\\"new\\",\\"country_code\\":null,\\"seller\\":{\\"seller_id\\":78499855,\\"name\\":\\"Snaffle\\",\\"url\\":\\"www.snaffle.com.au\\",\\"shopback\\":null,\\"cashrewards\\":null}},{\\"pid\\":83429707,\\"seller_product_url\\":\\"https://mylayby.com/product_via_sku/1442822\\",\\"created_at\\":\\"$D2024-12-26T09:11:29.984Z\\",\\"offer_id\\":null,\\"base_price\\":534,\\"shipping\\":0,\\"seller_id\\":215,\\"condition\\":\\"new\\",\\"country_code\\":null,\\"seller\\":{\\"seller_id\\":215,\\"name\\":\\"MyLayby\\",\\"url\\":\\"mylayby.com\\",\\"shopback\\":null,\\"cashrewards\\":null}}],\\"reviews\\":[{\\"review_id\\":12146952,\\"pid\\":83429707,\\"gid\\":\\"15797211988331096831\\",\\"title\\":\\"Excellent value for money\\",\\"details\\":\\"$5a\\",\\"rating\\":5,\\"review_date\\":\\"3 November 2024\\",\\"reviewer\\":\\"KentishLad\\",\\"store\\":\\"motorola.co.uk\\",\\"created_at\\":\\"$D2024-12-01T14:01:57.793Z\\",\\"thumbnails\\":null},{\\"review_id\\":12146960,\\"pid\\":83429707,\\"gid\\":\\"15797211988331096831\\",\\"title\\":\\"great bargain\\",\\"details\\":\\"great price ... great specs... great phone... i am satisfied\\",\\"rating\\":5,\\"review_date\\":\\"28 October 2024\\",\\"reviewer\\":\\"trindik\\",\\"store\\":\\"motorola.co.uk\\",\\"created_at\\":\\"$D2024-12-01T14:01:57.793Z\\",\\"thumbnails\\":null},{\\"review_id\\":12146959,\\"pid\\":83429707,\\"gid\\":\\"15797211988331096831\\",\\"title\\":\\"Great features.\\",\\"details\\":\\"I\'m so happy with it.Nice phone and features compared with other phones and its price too.\\",\\"rating\\":5,\\"review_date\\":\\"20 November 2024\\",\\"reviewer\\":\\"Nusrat\\",\\"store\\":\\"motorola.co.uk\\",\\"created_at\\":\\"$D2024-12-01T14:01:57.793Z\\",\\"thumbnails\\":null},{\\"review_id\\":12146961,\\"pid\\":83429707,\\"gid\\":\\"15797211988331096831\\",\\"title\\":\\"Must buy\\",\\"details\\":\\"Best budget mobile with all the best features.\\",\\"rating\\":4,\\"review_date\\":\\"16 November 2024\\",\\"reviewer\\":\\"\\",\\"store\\":\\"noon.com/uae-en/\\",\\"created_at\\":\\"$D2024-12-01T14:01:57.793Z\\",\\"thumbnails\\":null},{\\"review_id\\":12146958,\\"pid\\":83429707,\\"gid\\":\\"15797211988331096831\\",\\"title\\":\\"On internet everywhere they said this is a snapdragon 6gen3\\",\\"details\\":\\"On internet everywhere they said this is a snapdragon 6gen3, but when I received this phone and I checked microprocessor it was not the same, microprocessor is something else not the snapdragon\\",\\"rating\\":4,\\"review_date\\":\\"9 November 2024\\",\\"reviewer\\":\\"Farhan P.\\",\\"store\\":\\"noon.com/uae-en/\\",\\"created_at\\":\\"$D2024-12-01T14:01:57.793Z\\",\\"thumbnails\\":null},{\\"review_id\\":12146957,\\"pid\\":83429707,\\"gid\\":\\"15797211988331096831\\",\\"title\\":\\"people purchased thinking it was nano + nano sim\\",\\"details\\":\\"People purchased this phone thinking it was nano + nano configuration and then got sent esim + nano instead. motorola uk website showed that the mot g75 had nano sim + nano sim. but later changed it to esim + nano sim. so either motorola initially put the wrong details on the website , or it was a mess up at the factory , ie did motorola order nano + nano configuration from factory in china and they messed up ? and then when they shipped the phone with wrong configuration they just changed spec on their website ? because all the reviews that came out first stated it had nano + nano facility.\\",\\"rating\\":1,\\"review_date\\":\\"14 November 2024\\",\\"reviewer\\":\\"wizdumb\\",\\"store\\":\\"motorola.co.uk\\",\\"created_at\\":\\"$D2024-12-01T14:01:57.793Z\\",\\"thumbnails\\":[\\"https://encrypted-tbn2.gstatic.com/shopping?q=tbn:ANd9GcRIt9VoCvfxQOjQnzzO4k1rizOQl9Y5tUeODDYJu-SNtZDuqyNgnqGj38gD1_mK5EIBUxuusMz4RWvxA6-dnUELNzuNJtqQ9woySfRgPRNiej5W5URwvdQdGQ\\",\\"https://encrypted-tbn1.gstatic.com/shopping?q=tbn:ANd9GcR2HqJ4hYu9-qIowJ4Dl-TvENKO-d_dXEXLofIJInNQzlG7-Jl7AgWeF7J46DRiQSAOgDGoNf_2ESJaIoBeSBxKdKhSGrj5hNt_fXdTwkwGeic-7LPqxPFDig\\",\\"https://encrypted-tbn2.gstatic.com/shopping?q=tbn:ANd9GcSBpWTE7-ivCZyUCeAGXIyrIMXKEboYFdJdNKbeSr35-BaMg4U5mn-ilzH4fLm8YYvP6AKH3WbVknoXx8huEC9psXOzL1apuElUPsmyjXpnAYYwjvy4F90pdDE\\"]},{\\"review_id\\":12146956,\\"pid\\":83429707,\\"gid\\":\\"15797211988331096831\\",\\"title\\":\\"The only phone that has everything I want\\",\\"details\\":\\"Absolute Pinnacle of Value such a bargain. It\'s fast, has support for dual SIM and eSIM. Has expandable storage, IP68 so it can be submerged into water, it has wireless charging, Military drop tested approved, has Gorilla Glass 5. The screen is LCD rather than OLED, which in my view is better because it\'s more eye friendly than OLED (PWM method that OLED uses can cause eyestrain and headaches)I went for green because the black option does not have the faux leather on the back and I found it to be too slippy so I returned it.The battery lasts a long time, after a full days use it still shows 50 percent. I\'m very happy with image quality.Oh and the camera has Optical image stabilisation and at this price point it is hard to find.\\",\\"rating\\":5,\\"review_date\\":\\"10 November 2024\\",\\"reviewer\\":\\"Smithy\\",\\"store\\":\\"motorola.co.uk\\",\\"created_at\\":\\"$D2024-12-01T14:01:57.793Z\\",\\"thumbnails\\":[\\"https://encrypted-tbn1.gstatic.com/shopping?q=tbn:ANd9GcSb1QrN0DeSZDPRzuEYbkHKq9puZRr_-o9vzFhg5GK47QP70agUJyeMsNwDxH2PB6E1Jf2SfruHSs1pxhRdiFOKB0D9hibbbGLDvSMaLUMDB3Rc4_Arl9enpQ8\\",\\"https://encrypted-tbn1.gstatic.com/shopping?q=tbn:ANd9GcTynVt7ocP6bzQ7c56Ac_gq3REyxv0EFXGeOjgUTTMk3cZdnQN06NPOgVUDqtzOo-rAeLclMXLVRmlHW9g47fg2fViEDG-nSBVbJ9KeaqMyS4dKkp0f2kySs7g\\"]}],\\"detail\\":{\\"specs\\":[{\\"name\\":\\"Network\\",\\"value\\":\\"5G\\"},{\\"name\\":\\"Sim Card Type\\",\\"value\\":\\"eSIM / Nano\\"},{\\"name\\":\\"Operating System\\",\\"value\\":\\"Android 14\\"},{\\"name\\":\\"Display\\",\\"value\\":\\"6.8 inches Full HD+\\"},{\\"name\\":\\"Video Recording\\",\\"value\\":\\"4K\\"},{\\"name\\":\\"Phone Family\\",\\"value\\":\\"Moto g75\\"},{\\"name\\":\\"Expandable Storage\\",\\"value\\":\\"up to 1TB microSD card expandable\\"},{\\"name\\":\\"RAM Size\\",\\"value\\":\\"8GB\\"},{\\"name\\":\\"Bluetooth\\",\\"value\\":\\"5.4\\"},{\\"name\\":\\"GPS\\",\\"value\\":\\"GPS A-GPS LTEPP SUPL GLONASS Galileo QZSS BeiDou\\"},{\\"name\\":\\"Product Width (mm)\\",\\"value\\":\\"77.1\\"},{\\"name\\":\\"Product Height (mm)\\",\\"value\\":\\"165.95\\"},{\\"name\\":\\"Product Depth (mm)\\",\\"value\\":\\"7.99\\"},{\\"name\\":\\"Battery\\",\\"value\\":\\"5000mAh\\"},{\\"name\\":\\"Manufacturer\'s Warranty\\",\\"value\\":\\"2 Years\\"},{\\"name\\":\\"Storage Size\\",\\"value\\":\\"256GB\\"},{\\"name\\":\\"Colour\\",\\"value\\":\\"Charcoal Grey\\"},{\\"name\\":\\"Display Resolution\\",\\"value\\":\\"2388 1080\\"},{\\"name\\":\\"Weight (g)\\",\\"value\\":\\"180\\"},{\\"name\\":\\"Front Camera\\",\\"value\\":\\"8MP\\"},{\\"name\\":\\"Rear Camera\\",\\"value\\":\\"50MP\\"},{\\"name\\":\\"Release Year\\",\\"value\\":\\"2024\\"}],\\"pid\\":83429707,\\"gid\\":\\"15797211988331096831\\",\\"created_at\\":\\"$D2024-12-01T10:50:07.893Z\\"},\\"oz\\":[{\\"node\\":908653,\\"title\\":\\"[eBay Plus, Back Order] Motorola Moto G75 5G (Bonus: Moto Buds, Dual Sim, 256GB/8GB, 6.8\'\') $230.30 Delivered @ Allphones eBay - OzBargain\\",\\"upvotes\\":145,\\"downvotes\\":0,\\"link\\":\\"https://www.ebay.com.au/itm/167115114606\\",\\"created_at\\":\\"$D2025-06-03T02:01:01.730Z\\",\\"updated_at\\":\\"$D2025-06-03T08:00:05.574Z\\",\\"pid\\":83429707,\\"status\\":\\"out of stock\\",\\"coupon\\":\\"JUNEOFY\\",\\"seller_id\\":157},{\\"node\\":905382,\\"title\\":\\"Motorola G75 5G 8GB RAM/256GB Storage \\u0026 Bonus Moto Buds $296.10 Delivered / C\\u0026C (Everyday Rewards Required) @ BIG W - OzBargain\\",\\"upvotes\\":100,\\"downvotes\\":0,\\"link\\":\\"https://www.bigw.com.au/product/moto-g75-5g-256gb-grey-with-moto-buds/p/6001651\\",\\"created_at\\":\\"$D2025-05-12T04:00:21.738Z\\",\\"updated_at\\":\\"$D2025-05-24T06:00:24.532Z\\",\\"pid\\":83429707,\\"status\\":\\"expired\\",\\"coupon\\":\\"XMAY2025\\",\\"seller_id\\":52},{\\"node\\":905505,\\"title\\":\\"Motorola G75 5G 8GB RAM/256GB Storage \\u0026 Bonus Moto Buds $287, Dyson WashG1 $539 + Delivery ($0 C\\u0026C) @ The Good Guys - OzBargain\\",\\"upvotes\\":78,\\"downvotes\\":0,\\"link\\":\\"https://www.thegoodguys.com.au/motorola-g75-5g-256gb-charcoal-grey-11901327984\\",\\"created_at\\":\\"$D2025-05-13T00:00:20.459Z\\",\\"updated_at\\":\\"$D2025-05-14T16:00:07.499Z\\",\\"pid\\":83429707,\\"status\\":\\"expired\\",\\"coupon\\":\\"DEAL\\",\\"seller_id\\":10},{\\"node\\":905614,\\"title\\":\\"Motorola G75 5G 8GB RAM/256GB Storage \\u0026 Bonus Moto Buds \\u0026 Cord Grippers 6 Pack $260 + Delivery ($0 C\\u0026C) @ The Good Guys - OzBargain\\",\\"upvotes\\":250,\\"downvotes\\":0,\\"link\\":\\"https://www.thegoodguys.com.au/motorola-g75-5g-256gb-charcoal-grey-11901327984\\",\\"created_at\\":\\"$D2025-05-13T10:00:28.563Z\\",\\"updated_at\\":\\"$D2025-05-14T16:00:06.073Z\\",\\"pid\\":83429707,\\"status\\":\\"expired\\",\\"coupon\\":\\"DEAL\\",\\"seller_id\\":10}]}}]\\n']
INFO     custom_components.price_tracker.services.buywisely.hydration_parser:hydration_parser.py:91 [DIAG] resolved_cache: {'1': 'HL["/_next/static/media/2b3f1035ed87a788-s.p.woff2","font",{"crossOrigin":"","type":"font/woff2"}]', '2': 'HL["/_next/static/media/8bf7b2ceda89477b-s.p.woff2","font",{"crossOrigin":"","type":"font/woff2"}]', '3': 'HL["/_next/static/css/e0d445a9cf4aff75.css","style"]', '4': 'I[89562,[],""]', '7': 'I[78703,[],""]', '9': 'I[53751,[],""]', 'c': 'I[11478,["3655","static/chunks/3655-f78e4e363a5541d0.js","395","static/chunks/app/product/%5Bslug%5D/layout-afd1e0771fc65a8b.js"],""]', 'd': 'I[25719,["3655","static/chunks/3655-f78e4e363a5541d0.js","6290","static/chunks/6290-2a8ce89a0b5a3df8.js","3895","static/chunks/app/product/%5Bslug%5D/@offers/loading-91e67d2edba3eaa4.js"],"default"]', 'e': 'I[88170,["3655","static/chunks/3655-f78e4e363a5541d0.js","6290","static/chunks/6290-2a8ce89a0b5a3df8.js","3895","static/chunks/app/product/%5Bslug%5D/@offers/loading-91e67d2edba3eaa4.js"],""]', 'f': 'I[44863,["3655","static/chunks/3655-f78e4e363a5541d0.js","395","static/chunks/app/product/%5Bslug%5D/layout-afd1e0771fc65a8b.js"],""]', '10': 'I[39146,["3655","static/chunks/3655-f78e4e363a5541d0.js","6290","static/chunks/6290-2a8ce89a0b5a3df8.js","2665","static/chunks/2665-2d172eda87a962e3.js","6435","static/chunks/app/product/%5Bslug%5D/@info/loading-1c1ee849e97e6a1a.js"],""]', '13': 'I[79165,["3655","static/chunks/3655-f78e4e363a5541d0.js","6290","static/chunks/6290-2a8ce89a0b5a3df8.js","6381","static/chunks/6381-2b873addadcb95f3.js","6310","static/chunks/6310-99207018fb617736.js","5469","static/chunks/5469-d5f85e2b5dbb2663.js","6341","static/chunks/6341-ca54939c2b36d77d.js","6252","static/chunks/6252-920c83842bca245b.js","6574","static/chunks/6574-85b13196e7d2f55e.js","307","static/chunks/307-cefa9bd2f7381bf5.js","2665","static/chunks/2665-2d172eda87a962e3.js","684","static/chunks/684-7de3c401504b82a2.js","7269","static/chunks/7269-a4bddb872ba784d5.js","8327","static/chunks/8327-5596df2c7a80e7eb.js","5135","static/chunks/5135-e150b38f04bc4ae4.js","5127","static/chunks/5127-7de194f1c35db063.js","5805","static/chunks/5805-5009d17ba83b5e07.js","3185","static/chunks/app/layout-0606493c769120ee.js"],"default"]', '14': 'I[72470,["3655","static/chunks/3655-f78e4e363a5541d0.js","6290","static/chunks/6290-2a8ce89a0b5a3df8.js","6381","static/chunks/6381-2b873addadcb95f3.js","6310","static/chunks/6310-99207018fb617736.js","5469","static/chunks/5469-d5f85e2b5dbb2663', '15': 'I[68744,["3655","static/chunks/3655-f78e4e363a5541d0.js","6290","static/chunks/6290-2a8ce89a0b5a3df8.js","6381","static/chunks/6381-2b873addadcb95f3.js","6310","static/chunks/6310-99207018fb617736.js","5469","static/chunks/5469-d5f85e2b5dbb2663.js","6341","static/chunks/6341-ca54939c2b36d77d.js","6252","static/chunks/6252-920c83842bca245b.js","6574","static/chunks/6574-85b13196e7d2f55e.js","307","static/chunks/307-cefa9bd2f7381bf5.js","2665","static/chunks/2665-2d172eda87a962e3.js","684","static/chunks/684-7de3c401504b82a2.js","7269","static/chunks/7269-a4bddb872ba784d5.js","8327","static/chunks/8327-5596df2c7a80e7eb.js","5135","static/chunks/5135-e150b38f04bc4ae4.js","5127","static/chunks/5127-7de194f1c35db063.js","5805","static/chunks/5805-5009d17ba83b5e07.js","3185","static/chunks/app/layout-0606493c769120ee.js"],"EventsProvider"]', '16': 'I[58977,["3655","static/chunks/3655-f78e4e363a5541d0.js","6290","static/chunks/6290-2a8ce89a0b5a3df8.js","6381","static/chunks/6381-2b873addadcb95f3.js","6310","static/chunks/6310-99207018fb617736.js","5469","static/chunks/5469-d5f85e2b5dbb2663.js","6341","static/chunks/6341-ca54939c2b36d77d.js","6252","static/chunks/6252-920c83842bca245b.js","6574","static/chunks/6574-85b13196e7d2f55e.js","307","static/chunks/307-cefa9bd2f7381bf5.js","2665","static/chunks/2665-2d172eda87a962e3.js","684","static/chunks/684-7de3c401504b82a2.js","7269","static/chunks/7269-a4bddb872ba784d5.js","8327","static/', '17': 'I[66973,["3655","static/chunks/3655-f78e4e363a5541d0.js","6290","static/chunks/6290-2a8ce89a0b5a3df8.js","6381","static/chunks/6381-2b873addadcb95f3.js","6310","static/chunks/6310-99207018fb617736.js","5469","static/chunks/5469-d5f85e2b5dbb2663.js","6341","static/chunks/6341-ca54939c2b36d77d.js","6252","static/chunks/6252-920c83842bca245b.js","6574","static/chunks/6574-85b13196e7d2f55e.js","307","static/chunks/307-cefa9bd2f7381bf5.js","2665","static/chunks/2665-2d172eda87a962e3.js","684","static/chunks/684-7de3c401504b82a2.js","7269","static/chunks/7269-a4bddb872ba784d5.js","8327","static/chunks/8327-5596df2c7a80e7eb.js","5135","static/chunks/5135-e150b38f04bc4ae4.js","5127","static/chunks/5127-7de194f1c35db063.js","5805","static/chunks/5805-5009d17ba83b5e07.js","3185","static/chunks/app/layout-0606493c769120ee.js"],"CollectionsProvider"]', '18': 'I[32206,["3655","static/chunks/3655-f78e4e363a5541d0.js","6290","static/chunks/6290-2a8ce89a0b5a3df8.js","6381","static/chunks/6381-2b873addadcb95f3.js","6310","static/chunks/6310-99207018fb617736.js","5469","static/chunks/5469-d5f85e2b5dbb2663.js","6341","static/chunks/6341-ca54939c2b36d77d.js","6252","static/chunks/6252-920c83842bca245b.js","6574","static/chunks/6574-85b13196e7d2f55e.js","307","static/chunks/307-cefa9bd2f7381bf5.js","2665","static/chunks/2665-2d172eda87a962e3.js","684","static/chunks/684-7de3c401504b82a2.js","7269","static/chunks/7269-a4bddb872ba784d5.js","8327","static/chunks/8327-5596df2c7a80e7eb.js","5135","static/chunks/5135-e150b38f04bc4ae4.js","5127","static/chunks/5127-7de194f1c35db063.js","5805","static/chunks/5805-5009d17ba83b5e07.js","3185","static/chunks/app/layout-0606493c769120ee.js"],"SearchProvider"]', '19': 'I[25115,["3655","static/chunks/3655-f78e4e363a5541d0.js","6290","static/chunks/6290-2a8ce89a0b5a3df', '1b': 'I[20977,["3655","static/chunks/3655-f78e4e363a5541d0.js","6290","static/chunks/6290-2a8ce89a0b5a3df8.js","6381","static/chunks/6381-2b873addadcb95f3.js","6310","static/chunks/6310-99207018fb617736.js","5469","static/chunks/5469-d5f85e2b5dbb2663.js","9160","static/chunks/app/not-found-9fe2d208d6f479a3.js"],"default"]', '1c': 'I[79529,["3655","static/chunks/3655-f78e4e363a5541d0.js","6290","static/chunks/6290-2a8ce89a0b5a3df8.js","6381","static/chunks/6381-2b873addadcb95f3.js","6310","static/chunks/6310-99207018fb617736.js","5469","static/chunks/5469-d5f85e2b5dbb2663.js","6341","static/chunks/6341-ca54939c2b36d77d.js","6252","static/chunks/6252-920c83842bca245b.js","6574","static/chunks/6574-85b13196e7d2f55e.js","307","static/chunks/307-cefa9bd2f7381bf5.js","2665","static/chunks/2665-2d172eda87a962e3.js","684","static/chunks/684-7de3c401504b82a2.js","7269","static/chunks/7269-a4bddb872ba784d5.js","8327","static/chunks/8327-5596df2c7a80e7eb.js","5135","static/chunks/5135-e150b38f04bc4ae4.js","5127","static/chunks/5127-7de194f1c35db063.js","5805","static/chunks/5805-5009d17ba83b5e07.js","3185","static/chunks/app/layout-0606493c769120ee.js"],"default"]', '1d': 'I[74906,["3655","static/chunks/3655-f78e4e363a5541d0.js","6290","static/chunks/6290-2a8ce89a0b5a3df8.js","6381","static/chunks/6381-2', '1e': 'I[25327,["3655","static/chunks/3655-f78e4e363a5541d0.js","6290","static/chunks/6290-2a8ce89a0b5a3df8.js","6381","static/chunks/6381-2b873addadcb95f3.js","6310","static/chunks/6310-99207018fb617736.js","5469","static/chunks/5469-d5f85e2b5dbb2663.js","6341","static/chunks/6341-ca54939c2b36d77d.js","6252","static/chunks/6252-920c83842bca245b.js","6574","static/chunks/6574-85b13196e7d2f55e.js","307","static/chunks/307-cefa9bd2f7381bf5.js","2665","static/chunks/2665-2d172eda87a962e3.js","684","static/chunks/684-7de3c401504b82a2.js","7269","static/chunks/7269-a4bddb872ba784d5.js","8327","static/chunks/8327-5596df2c7a80e7eb.js","5135","static/chunks/5135-e150b38f04bc4ae4.js","5127","static/chunks/5127-7de194f1c35db063.js","5805","static/chunks/5805-5009d17ba83b5e07.js","3185","static/chunks/app/layout-0606493c769120ee.js"],""]', '20': 'I[51395,[],""]', '8': '["slug","motorola-moto-g75-5g-256gb-grey-with-buds","d"]', '21': '[]', '0': '[[["$","link","0",{"rel":"stylesheet","href":"/_next/static/css/e0d445a9cf4aff75.css","precedence":"next","crossOrigin":"$undefined"}]],["$","$L4",null,{"buildId":"vVT_ICiXqaGX8gcuY6VmE","assetPrefix":"","initialCanonicalUrl":"/product/motorola-moto-g75-5g-256gb-grey-with-buds","initialTree":["",{"children":["product",{"children":[["slug","motorola-moto-g75-5g-256gb-grey-with-buds","d"],{"category":["__PAGE__",{"children":["__PAGE__",{}]}],"info":["__PAGE__",{"children":["__PAGE__",{}]}],"offers":["__PAGE__",{"children":["__PAGE__",{}]}],"children":["__DEFAULT__",{}]}]}]},"$undefined","$undefined",true],"initialSeedData":["",{"children":["product",{"children":[["slug","motorola-moto-g75-5g-256gb-grey-with-buds","d"],{"category":["__PAGE__",{"children":["__PAGE__",{},[["$L5","$L6"],null],null]},["$","$L7",null,{"parallelRouterKey":"children","segmentPath":["children","product","children",["slug","motorola-moto-g75-5g-256gb-grey-with-buds","d"],"category","__PAGE__","children"],"error":"$undefined","errorStyles":"$undefined","errorScripts":"$undefined","template":["$","$L9",null,{}],"templateStyles":"$undefined","templateScripts":"$undefined","notFound":"$undefined","notFoundStyles":"$undefined","styles":null}],null],"info":["__PAGE__",{"children":["__PAGE__",{},[[null,"$Lb"],null],null]},["$","$L7",null,{"parallelRouterKey":"children","segmentPath":["children","product","children",["slug","motorola-moto-g75-5g-256gb-grey-with-buds","d"],"info","__PAGE__","children"],"error":"$undefined","errorStyles":"$undefined","errorScripts":"$undefined","template":["$","$L9",null,{}],"templateStyles":"$undefined","templateScripts":"$undefined","notFound":"$undefined","notFoundStyles":"$undefined","styles":null}],[[["$","$Lc",null,{"sx":{"display":{"xs":"flex","md":"none"},"width":"100%"},"children":["$","$Ld",null,{"width":"100%","spacing":2,"mb":2,"children":[["$","$Le",null,{"variant":"rectangular","width":"100%","height":300}],["$","$Le",null,{"variant":"rounded","height":250}]]}]}],["$","$Lc",null,{"sx":{"display":{"xs":"none","md":"flex"}},"children":["$","$Lf",null,{"children":["$","$Lc",null,{"width":"100%","mb":2,"children":["$","$L10",null,{"container":true,"justifyContent":"space-around","children":[["$","$Le",null,{"variant":"rectangular","width":380,"height":400}],["$","$L10",null,{"item":true,"md":6,"xs":12,"alignItems":"center","children":[["$","$Le",null,{"width":400,"height":50}],["$","$Lc",null,{"my":4,"children":["$","$Le",null,{"variant":"rounded","width":600,"height":200}]}]]}]]}]}]}]}]],[],[]]],"offers":["__PAGE__",{"children":["__PAGE__",{},[[null,"$L11"],null],null]},["$","$L7",null,{"parallelRouterKey":"children","segmentPath":["children","product","children",["slug","motorola-moto-g75-5g-256gb-grey-with-buds","d"],"offers","__PAGE__","children"],"error":"$undefined","errorStyles":"$undefined","errorScripts":"$undefined","template":["$","$L9",null,{}],"templateStyles":"$undefined","templateScripts":"$undefined","notFound":"$undefined","notFoundStyles":"$undefined","styles":null}],[[["$","$Lc",null,{"sx":{"display":{"xs":"flex","md":"none"}},"children":["$","$Ld",null,{"spacing":2,"width":"100%","pt":2,"children":[["$","$Le",null,{"variant":"rounded","width":"100%","height":30}],[["$","$Le","0",{"width":"100%","height":80,"variant":"rounded"}],["$","$Le","1",{"width":"100%","height":80,"variant":"rounded"}],["$","$Le","2",{"width":"100%","height":80,"variant":"rounded"}],["$","$Le","3",{"width":"100%","height":80,"variant":"rounded"}],["$","$Le","4",{"width":"100%","height":80,"variant":"rounded"}]]]}]}],["$","$Lc",null,{"sx":{"display":{"xs":"none","md":"flex"}},"children":["$","$Ld",null,{"spacing":2,"my":2,"width":"100%","children":[["$","$Le",null,{"variant":"rounded","width":280,"height":30}],["$","$Ld",null,{"spacing":2,"children":[["$","$Le","0",{"width":"100%","height":60,"variant":"rounded"}],["$","$Le","1",{"width":"100%","height":60,"variant":"rounded"}],["$","$Le","2",{"width":"100%","height":60,"variant":"rounded"}],["$","$Le","3",{"width":"100%","height":60,"variant":"rounded"}],["$","$Le","4",{"width":"100%","height":60,"variant":"rounded"}],["$","$Le","5",{"width":"100%","height":60,"variant":"rounded"}],["$","$Le","6",{"width":"100%","height":60,"variant":"rounded"}],["$","$Le","7",{"width":"100%","height":60,"variant":"rounded"}],["$","$Le","8",{"width":"100%","height":60,"variant":"rounded"}],["$","$Le","9",{"width":"100%","height":60,"variant":"rounded"}]]}]]}]}]],[],[]]],"children":["__DEFAULT__",{},[[null,"$L12"],null],null]},[["$","$Lc",null,{"children":[["$","$Lc",null,{"sx":{"bgcolor":"background.paper","boxShadow":"0 2px 4px rgba(0,0,0,0.1)"},"pt":2,"children":["$","$Lf",null,{"children":[["$","$L7",null,{"parallelRouterKey":"category","segmentPath":["children","product","children",["slug","motorola-moto-g75-5g-256gb-grey-with-buds","d"],"category"],"error":"$undefined","errorStyles":"$undefined","errorScripts":"$undefined","template":["$","$L9",null,{}],"templateStyles":"$undefined","templateScripts":"$undefined","notFound":"$undefined","notFoundStyles":"$undefined","styles":null}],["$","$L7",null,{"parallelRouterKey":"info","segmentPath":["children","product","children",["slug","motorola-moto-g75-5g-256gb-grey-with-buds","d"],"info"],"error":"$undefined","errorStyles":"$undefined","errorScripts":"$undefined","template":["$","$L9",null,{}],"templateStyles":"$undefined","templateScripts":"$undefined","notFound":"$undefined","notFoundStyles":"$undefined","styles":null}]]}]}],["$","$Lf",null,{"children":["$","$L7",null,{"parallelRouterKey":"offers","segmentPath":["children","product","children",["slug","motorola-moto-g75-5g-256gb-grey-with-buds","d"],"offers"],"error":"$undefined","errorStyles":"$undefined","errorScripts":"$undefined","template":["$","$L9",null,{}],"templateStyles":"$undefined","templateScripts":"$undefined","notFound":"$undefined","notFoundStyles":"$undefined","styles":null}]}]]}],null],null]},["$","$L7",null,{"parallelRouterKey":"children","segmentPath":["children","product","children"],"error":"$undefined","errorStyles":"$undefined","errorScripts":"$undefined","template":["$","$L9",null,{}],"templateStyles":"$undefined","templateScripts":"$undefined","notFound":"$undefined","notFoundStyles":"$undefined","styles":null}],null]},[["$","html",null,{"lang":"en","className":"__className_6b8127","children":[["$","body",null,{"children":[["$","$L13",null,{"options":{"enableCssLayer":true},"children":["$","$L14",null,{"children":["$","$L15",null,{"children":["$","$L16",null,{"children":["$","$L17",null,{"children":["$","$L18",null,{"children":["$","$L19",null,{"children":["$","$Ld",null,{"sx":{"minHeight":"100vh","display":"flex","flexDirection":"column"},"children":["$L1a",["$","$Lc",null,{"sx":{"mt":8,"flex":1},"children":["$","$L7",null,{"parallelRouterKey":"children","segmentPath":["children"],"error":"$undefined","errorStyles":"$undefined","errorScripts":"$undefined","template":["$","$L9",null,{}],"templateStyles":"$undefined","templateScripts":"$undefined","notFound":["$","$L1b",null,{}],"notFoundStyles":[],"styles":null}]}],["$","$L1c",null,{}]]}]}]}]}]}]}]}]}],["$","$L1d",null,{"gaId":"G-M91Z4R0XFN"}]]}],["$","$L1e",null,{"async":true,"strategy":"lazyOnload","src":"https://pagead2.googlesyndication.com/pagead/js/adsbygoogle.js?client=ca-pub-3043658465039401","crossOrigin":"anonymous"}]]}],null],null],"couldBeIntercepted":false,"initialHead":[null,"$L1f"],"globalErrorComponent":I[51395,[],""],"missingSlots":"$W21"}]]', 'a': 'null', '12': 'E{"digest":"NEXT_NOT_FOUND"}', '22': 'I[5821,["3655","static/chunks/3655-f78e4e363a5541d0.js","6290","static/chunks/6290-2a8ce89a0b5a3df8.js","6381","static/chunks/6381-2b873addadcb95f3.js","6310","static/chunks/6310-99207018fb617736.js","5469","static/chunks/5469-d5f85e2b5dbb2663.js","6341","static/chunks/6341-ca54939c2b36d77d.js","6252","static/chunks/6252-920c83842bca245b.js","6574","static/chunks/6574-85b13196e7d2f55e.js","307","static/chunks/307-cefa9bd2f7381bf5.js","2665","static/chunks/2665-2d172eda87a962e3.js","684","static/chunks/684-7de3c401504b82a2.js","7269","static/chunks/7269-a4bddb872ba784d5.js","8327","static/chunks/8327-5596df2c7a80e7eb.js","5135","static/chunks/5135-e150b38f04bc4ae4.js","5127","static/chunks/5127-7de194f1c35db063.js","5805","static/chunks/5805-5009d17ba83b5e07.js","3185","static/chunks/app/layout-0606493c769120ee.js"],""]', '23': 'I[6063,["3655","static/chunks/3655-f78e4e363a5541d0.js","6290","static/chunks/6290-2a8ce89a0b5a3df8.js","6381","static/chunks/6381-2b873addadcb95f3.js","6310","static/chunks/6310-99207018fb617736.js","5469","static/chunks/5469-d5f85e2b5dbb2663.js","6341","static/chunks/6341-ca54939c2b36d77d.js","6252","static/chunks/6252-920c83842bca245b.js","6574","static/chunks/6574-85b13196e7d2f55e.js","307","static/chunks/307-cefa9bd2f7381bf5.js","2665","static/chunks/2665-2d172eda87a962e3.js","684","static/chunks/684-7de3c401504b82a2.js","7269","static/chunks/7269-a4bddb872ba784d5.js","8327","static/chunks/8327-5596df2c7a80e7eb.js","5135","static/chunks/5135-e150b38f04bc4ae4.js","5127","static/chunks/5127-7de194f1c35db063.js","5805","static/chunks/5805-5009d17ba83b5e07.js","3185","static/chunks/app/layout-0606493c769120ee.js"],"default"]', '24': 'I[92163,["3655","static/chunks/3655-f78e4e363a5541d0.js","6290","static/chunks/6290-2a8ce89a0b5a3df8.js","6381","static/chunks/6381-2b873addadcb95f3.js","6310","static/chunks/6310-99207018fb617736.js","5469","static/chunks/5469-d5f85e2b5dbb2663.js","6341","static/chunks/6341-ca54939c2b36d77d.js","6252","static/chunks/6252-920c83842bca245b.js","6574","static/chunks/657', '25': 'I[5281,["3655","static/chunks/3655-f78e4e363a5541d0.js","6290","static/chunks/6290-2a8ce89a0b5a3df8.js","6381","static/chunks/6381-2b873addadcb95f3.js","6310","static/chunks/6310-99207018fb617736.js","5469","static/chunks/5469-d5f85e2b5dbb2663.js","6341","static/chunks/6341-ca54939c2b36d77d.js","6252","static/chunks/6252-920c83842bca245b.js","6574","static/chunks/6574-85b13196e7d2f55e.js","307","static/chunks/307-cefa9bd2f7381bf5.js","2665","static/chunks/2665-2d172eda87a962e3.js","684","static/chunks/684-7de3c401504b82a2.js","7269","static/chunks/7269-a4bddb872ba784d5.js","8327","static/chunks/8327-5596df2c7a80e7eb.js","5135","static/chunks/5135-e150b38f04bc4ae4.js","5127","static/chunks/5127-7de194f1c35db063.js","5805","static/chunks/5805-5009d17ba83b5e07.js","3185","static/chunks/app/layout-0606493c769120ee.js"],"default"]', '26': 'I[90996,["3655","static/chunks/3655-f78e4e363a5541d0.js","6290","static/chunks/6290-2a8ce89a0b5a3df8.js","6381","static/chunks/6381-2b873addadcb95f3.js","6310","static/chunks/6310-99207018fb617736.js","5469","static/chunks/5469-d5f85e2b5dbb2663.js","6341","static/chunks/6341-ca54939c2b36d77d.js","6252","static/chunks/6252-920c83842bca245b.js","6574","static/chunks/6574-85b13196e7d2f55e.js","307","static/chunks/307-cefa9bd2f7381bf5.js","2665","static/chunks/2665-2d172eda87a962e3.js","684","static/chunks/684-7de3c401504b82a2.js","7269","static/chunks/7269-a4bddb872ba784d5.js","8327","static/chunks/8327-5596df2c7a80e7eb.js","5135","static/chunks/5135-e150b38f04bc4ae4.js","5127","static/chunks/5127-7de194f1c35db063.js","5805","st', '1a': '["$","$L22",null,{"sx":{"backdropFilter":"blur(6px)","backgroundColor":"rgba(255, 255, 255, 0.8)","boxShadow":"0 2px 4px rgba(0,0,0,0.1)"},"children":["$","$Lf",null,{"children":[["$","$Ld",null,{"direction":"row","alignItems":"center","justifyContent":"space-between","sx":{"display":{"xs":"flex","md":"none"},"height":64},"children":[["$","$L23",null,{"isMobile":true}],["$","$L24",null,{}]]}],["$","$Ld",null,{"direction":"row","alignItems":"center","justifyContent":"space-between","sx":{"display":{"xs":"none","md":"flex"},"height":64},"children":[["$","$L23",null,{}],["$","$Lc",null,{"sx":{"display":"flex","alignItems":"center","gap":2},"children":[["$","$L25",null,{"trend":0.235162889442607,"history":[{"average_price_trend":0.235162889442607,"cycle":{"id":722,"cycle_timestamp":"$D2025-09-16T23:51:09.041Z"}},{"average_price_trend":-0.3933975791444141,"cycle":{"id":721,"cycle_timestamp":"$D2025-09-14T08:21:18.130Z"}},{"average_price_trend":0.03076422666606666,"cycle":{"id":720,"cycle_timestamp":"$D2025-09-13T12:04:33.238Z"}},{"average_price_trend":0.1977091683052522,"cycle":{"id":719,"cycle_timestamp":"$D2025-09-10T07:47:00.349Z"}},{"average_price_trend":0.04236148797531323,"cycle":{"id":718,"cycle_timestamp":"$D2025-09-06T06:54:04.013Z"}},{"average_price_trend":0.487140901639648,"cycle":{"id":717,"cycle_timestamp":"$D2025-09-03T22:06:25.743Z"}},{"average_price_trend":0.6299343931703866,"cycle":{"id":716,"cycle_timestamp":"$D2025-09-02T03:43:59.557Z"}},{"average_price_trend":0.113508464842328,"cycle":{"id":715,"cycle_timestamp":"$D2025-08-31T05:27:25.945Z"}},{"average_price_trend":-0.5754341906543936,"cycle":{"id":714,"cycle_timestamp":"$D2025-08-29T23:01:56.416Z"}},{"average_price_trend":-0.1559035659718694,"cycle":{"id":713,"cycle_timestamp":"$D2025-08-29T02:54:11.330Z"}},{"average_price_trend":0.1019465491560324,"cycle":{"id":712,"cycle_timestamp":"$D2025-08-26T02:50:00.523Z"}},{"average_price_trend":-0.01461561512320754,"cycle":{"id":711,"cycle_timestamp":"$D2025-08-23T14:42:35.806Z"}},{"average_price_trend":0.08809242857108397,"cycle":{"id":710,"cycle_timestamp":"$D2025-08-22T06:13:19.862Z"}},{"average_price_trend":0.923648449936234,"cycle":{"id":709,"cycle_timestamp":"$D2025-08-21T09:57:08.076Z"}},{"average_price_trend":1.36612974824761,"cycle":{"id":708,"cycle_timestamp":"$D2025-08-19T08:46:17.702Z"}},{"average_price_trend":-0.01859939297230051,"cycle":{"id":707,"cycle_timestamp":"$D2025-08-16T15:23:55.519Z"}},{"average_price_trend":-1.438164423979347,"cycle":{"id":706,"cycle_timestamp":"$D2025-08-15T02:13:45.730Z"}},{"average_price_trend":-0.1492754721908467,"cycle":{"id":705,"cycle_timestamp":"$D2025-08-14T06:11:54.445Z"}},{"average_price_trend":-0.0814588900931564,"cycle":{"id":704,"cycle_timestamp":"$D2025-08-08T09:30:50.961Z"}},{"average_price_trend":0.06597306483095598,"cycle":{"id":703,"cycle_timestamp":"$D2025-08-06T09:58:55.283Z"}}]}],["$","$L26",null,{}]]}]]}]]}]}]', '27': '"$Sreact.fragment"', '29': 'I[6632,["3655","static/chunks/3655-f78e4e363a5541d0.js","6381","static/chunks/6381-2b873addadcb95f3.js","635","static/chunks/635-de4a99a005c429a5.js","5153","static/chunks/app/product/%5Bslug%5D/@category/page-e562e2b22b747881.js"],""]', '2a': 'I[36049,["3655","static/chunks/3655-f78e4e363a5541d0.js","6381","static/chunks/6381-2b873addadcb95f3.js","635","static/chunks/635-de4a99a005c429a5.js","5153","static/chunks/app/product/%5Bslug%5D/@category/page-e562e2b22b747881.js"],""]', '28': '[["$","meta","0",{"name":"viewport","content":"width=device-width, initial-scale=1, maximum-scale=1"}],["$","meta","1",{"charSet":"utf-8"}],["$","title","2",{"children":"Motorola Moto G75 5G 256GB Grey with Buds - Price History, Comparison \\u0026 Alerts | BuyWisely"}],["$","meta","3",{"name":"description","content":"Crafted from premium materials and featuring military-grade¹ durability, moto g75 5G is made for everyday life. Capture sharp photos and smooth videos using the... Compare prices, track history, set alerts on BuyWisely."}],["$","meta","4",{"name":"keywords","content":"Motorola Moto G75 5G 256GB Grey with Buds, price comparison, price history, price alerts, best deals, online shopping, BuyWisely"}],["$","meta","5",{"name":"robots","content":"index, follow"}],["$","meta","6",{"name":"googlebot","content":"index, follow, max-video-preview:-1, max-image-preview:large, max-snippet:-1"}],["$","link","7",{"rel":"canonical","href":"https://buywisely.com.au/product/motorola-moto-g75-5g-256gb-grey-with-buds"}],["$","meta","8",{"property":"og:title","content":"Motorola Moto G75 5G 256GB Grey with Buds - Price History, Comparison \\u0026 Alerts"}],["$","meta","9",{"property":"og:description","content":"Crafted from premium materials and featuring military-grade¹ durability, moto g75 5G is made for everyday life. Capture sharp photos and smooth videos using the... Compare prices, track history, set alerts on BuyWisely."}],["$","meta","10",{"property":"og:image","content":"https://encrypted-tbn0.gstatic.com/shopping?q=tbn:ANd9GcTN0NDdrPCDIn9NaiVIb7vTMSRVKBOQbkBMTHJyb9dzqC_WY5IGMoYuvnsDtsI8XvfpsX50GHyVY5kvPm-1nSr2bXEkwcR1sLJr1IR1dAkwVcXTXGOCB8frf7o"}],["$","meta","11",{"name":"twitter:card","content":"summary_large_image"}],["$","meta","12",{"name":"twitter:title","content":"Price History, Comparison \\u0026 Tracking | Save Money on Your Purchases"}],["$","meta","13",{"name":"twitter:description","content":"Track price history, compare prices, and set price alerts for products across 20,000+ online shops. BuyWisely helps you find the best deals and make informed buying decisions."}],["$","meta","14",{"name":"twitter:image","content":"https://buywisely.com.au/assets/images/landing/preview.png"}],["$","meta","15",{"name":"next-size-adjust"}]]', '1f': '["$","$Sreact.fragment","k4GjLZXGGia1x7jDr8PXF",{"children":[["$","meta","0",{"name":"viewport","content":"width=device-width, initial-scale=1, maximum-scale=1"}],["$","meta","1",{"charSet":"utf-8"}],["$","title","2",{"children":"Motorola Moto G75 5G 256GB Grey with Buds - Price History, Comparison \\u0026 Alerts | BuyWisely"}],["$","meta","3",{"name":"description","content":"Crafted from premium materials and featuring military-grade¹ durability, moto g75 5G is made for everyday life. Capture sharp photos and smooth videos using the... Compare prices, track history, set alerts on BuyWisely."}],["$","meta","4",{"name":"keywords","content":"Motorola Moto G75 5G 256GB Grey with Buds, price comparison, price history, price alerts, best deals, online shopping, BuyWisely"}],["$","meta","5",{"name":"robots","content":"index, follow"}],["$","meta","6",{"name":"googlebot","content":"index, follow, max-video-preview:-1, max-image-preview:large, max-snippet:-1"}],["$","link","7",{"rel":"canonical","href":"https://buywisely.com.au/product/motorola-moto-g75-5g-256gb-grey-with-buds"}],["$","meta","8",{"property":"og:title","content":"Motorola Moto G75 5G 256GB Grey with Buds - Price History, Comparison \\u0026 Alerts"}],["$","meta","9",{"property":"og:description","content":"Crafted from premium materials and featuring military-grade¹ durability, moto g75 5G is made for everyday life. Capture sharp photos and smooth videos using the... Compare prices, track history, set alerts on BuyWisely."}],["$","meta","10",{"property":"og:image","content":"https://encrypted-tbn0.gstatic.com/shopping?q=tbn:ANd9GcTN0NDdrPCDIn9NaiVIb7vTMSRVKBOQbkBMTHJyb9dzqC_WY5IGMoYuvnsDtsI8XvfpsX50GHyVY5kvPm-1nSr2bXEkwcR1sLJr1IR1dAkwVcXTXGOCB8frf7o"}],["$","meta","11",{"name":"twitter:card","content":"summary_large_image"}],["$","meta","12",{"name":"twitter:title","content":"Price History, Comparison \\u0026 Tracking | Save Money on Your Purchases"}],["$","meta","13",{"name":"twitter:description","content":"Track price history, compare prices, and set price alerts for products across 20,000+ online shops. BuyWisely helps you find the best deals and make informed buying decisions."}],["$","meta","14",{"name":"twitter:image","content":"https://buywisely.com.au/assets/images/landing/preview.png"}],["$","meta","15",{"name":"next-size-adjust"}]]}]', '5': 'null', '6': '{"gid":"15797211988331096831","image":"https://encrypted-tbn0.gstatic.com/shopping?q=tbn:ANd9GcSMKJEcJ5xuZEACgvb5b-OsiulwL1b5Ivy7wbsYiJ3A2vpwsAhIjV_QMfs2iyap5nDsHiEzTcaeGYaz_I5WBRrUjD5abtI2D4WPYd1uowVZArHKnsIo95M\\u0026usqp=CAY"}', '2b': 'I[70760,["3655","static/chunks/3655-f78e4e363a5541d0.js","6290","static/chunks/6290-2a8ce89a0b5a3df8.js","6381","static/chunks/6381-2b873addadcb95f3.js","6310","static/chunks/6310-99207018fb617736.js","5469","static/chunks/5469-d5f85e2b5dbb2663.js","6341","static/chunks/6341-ca54939c2b36d77d.js","6252","static/chunks/6252-920c83842bca245b.js","6574","static/chunks/6574-85b13196e7d2f55e.js","307","static/chunks/307-cefa9bd2f7381bf5.js","2665","static/chunks/2665-2d172eda87a962e3.js","8393","static/chunks/8393-4175fa3c3129adeb.js","1682","static/chunks/1682-b2e703b472c280ea.js","9999","static/chunks/9999-f564e2e7fc5b6c44.js","4824","static/chunks/4824-507f78e55d96f9dc.js","1203","static/chunks/app/product/%5Bslug%5D/@info/page-4236f2b80fc1d44c.js"],"default"]', '2c': 'I[61165,["3655","static/chunks/3655-f78e4e363a5541d0.js","6290","static/chunks/6290-2a8ce89a0b5a3df8.js","6381","static/chunks/6381-2b873addadcb95f3.js","6310","static/chunks/6310-99207018fb617736.js","5469","static/chunks/5469-d5f85e2b5dbb2663.js","6341","static/chunks/6341-ca54939c2b36d77d.js","6252","static/chunks/6252-920c83842bca245b.js","6574","static/chunks/6574-85b13196e7d2f55e.js","307","static/chunks/307-cefa9bd2f7381bf5.js","2665","static/chunks/2665-2d172eda87a962e3.js","8393","static/chunks/8393-4175fa3c3129adeb.js","1682","static/chunks/1682-b2e703b472c280ea.js","9999","static/chunks/9999-f564e2e7fc5b6c44.js","4824","static/chunks/4824-507f78e55d96f9dc.js","1203","static/chunks/app/product/%5Bslug%5D/@info/page-4236f2b80fc1d44c.js"],"H2"]', '2d': 'I[67988,["3655","static/chunks/3655-f78e4e363a5541d0.js","6290","static/chunks/6290-2a8ce89a0b5a3df8.js","6381","static/chunks/6381-2b873addadcb95f3.js","6310","static/chunks/6310-99207018fb617736.js","5469","static/chunks/5469-d5f85e2b5dbb2663.js","6341","static/chunks/6341-ca54939c2b36d77d.js","6252","static/chunks/6252-920c83842bca245b.js","6574","static/chunks/6574-85b13196e7d2f55e.js","307","static/chunks/307-cefa9bd2f7381bf5.js","2665","static/chunks/2665-2d172eda87a962e3.js","8393","static/chunks', '2e': 'I[66079,["3655","static/chunks/3655-f78e4e363a5541d0.js","6290","static/chunks/6290-2a8ce89a0b5a3df8.js","6381","static/chunks/6381-2b873addadcb95f3.js","6310","static/chunks/6310-99207018fb617736.js","5469","static/chunks/5469-d5f85e2b5dbb2663.js","6341","static/chunks/6341-ca54939c2b36d77d.js","6252","static/chunks/6252-920c83842bca245b.js","6574","static/chunks/6574-85b13196e7d2f55e.js","307","static/chunks/307-cefa9bd2f7381bf5.js","2665","static/chunks/2665-2d172eda87a962e3.js","8393","static/chunks/8393-4175fa3c3129adeb.js","1682","static/chunks/1682-b2e703b472c280ea.js","9999","static/chunks/9999-f564e2e7fc5b6c44.js","4824","static/chunks/4824-507f78e55d96f9dc.js","1203","static/chunks/app/product/%5Bslug%5D/@info/page-4236f2b80fc1d44c.js"],""]', '2f': 'I[61165,["3655","static/chunks/3655-f78e4e363a5541d0.js","6290","static/chunks/6290-2a8ce89a0b5a3df8.js","6381","static/chunks/6381-2b873addadcb95f3.js","6310","static/chunks/6310-99207018fb617736.js","5469","static/chunks/5469-d5f85e2b5dbb2663.js","6341","static/chunks/6341-ca54939c2b36d77d.js","6252","static/chunks/6252-920c83842bca245b.js","6574","static/chunks/6574-85b13196e7d2f55e.js","307","static/chunks/307-cefa9bd2f7381bf5.js","2665","static/chunks/2665-2d172eda87a962e3.js","8393","static/chunks/8393-4175fa3c3129adeb.js","1682","static/chunks/1682-b2e703b472c280ea.js","9999","static/chunks/9999-f564e2e7fc5b6c44.js","4824","static/chunks/4824-507f78e55d96f9dc.js","1203","static/chunks/app/product/%5Bslug%5D/@info/page-4236f2b80fc1d44c.js"],"H6"]', '30': 'I[74191,["3655","static/chunks/3655-f78e4e363a5541d0.js","6290","static/chunks/6290-2a8ce89a0b5a3df8.js","6381","static/chunks/6381-2b873addadcb95f3.js","6310","static/chunks/6310-99207018fb617736.js","5469","static/chunks/5469-d5f85e2b5dbb2663.js","6341","stati', '31': 'I[61165,["3655","static/chunks/3655-f78e4e363a5541d0.js","6290","static/chunks/6290-2a8ce89a0b5a3df8.js","6381","static/chunks/6381-2b873addadcb95f3.js","6310","static/chunks/6310-99207018fb617736.js","5469","static/chunks/5469-d5f85e2b5dbb2663.js","6341","static/chunks/6341-ca54939c2b36d77d.js","6252","static/chunks/6252-920c83842bca245b.js","6574","static/chunks/6574-85b13196e7d2f55e.js","307","static/chunks/307-cefa9bd2f7381bf5.js","2665","static/chunks/2665-2d172eda87a962e3.js","8393","static/chunks/8393-4175fa3c3129adeb.js","1682","static/chunks/1682-b2e703b472c280ea.js","9999","static/chunks/9999-f564e2e7fc5b6c44.js","4824","static/chunks/4824-507f78e55d96f9dc.js","1203","static/chunks/app/product/%5Bslug%5D/@info/page-4236f2b80fc1d44c.js"],"Paragraph"]', '32': 'I[40958,["3655","static/chunks/3655-f78e4e363a5541d0.js","6290","static/chunks/6290-2a8ce89a0b5a3df8.js","6381","static/chunks/6381-2b873addadcb95f3.js","6310","static/chunks/6310-99207018fb617736.js","5469","static/chunks/5469-d5f85e2b5dbb2663.js","6341","static/chunks/6341-ca54939c2b36d77d.js","6252","static/chunks/6252-920c83842bca245b.js","6574","static/chunks/6574-85b13196e7d2f55e.js","307","static/chunks/307-cefa9bd2f7381bf5.js","2665","static/chunks/2665-2d172eda87a962e3.js","8393","static/chunks/8393-4175fa3c3129adeb.js","1682","static/chunks/1682-b2e703b472c280ea.js","9999","static/chunks/9999-f564e2e7fc5b6c44.js","4824","static/chunks/4824-507f78e55d96f9dc.js","1203","static/chunks/app/product/%5Bslug%5D/@info/page-4236f2b80fc1d44c.js"],"default"', '51': 'I[61165,["3655","static/chunks/3655-f78e4e363a5541d0.js","6290","static/chunks/6290-2a8ce89a0b5a3df8.js","6381","static/chunks/6381-2b873addadcb95f3.js","6310","static/chunks/6310-99207018fb617736.js","5469","static/chunks/5469-d5f85e2b5dbb2663.js","6341","static/chunks/6341-ca54939c2b36d77d.js","6252","static/chunks/6252-920c83842bca245b.js","6574","static/chunks/6574-85b13196e7d2f55e.js","307","static/chunks/307-cefa9bd2f7381bf5.js","2665","static/chunks/2665-2d172eda87a962e3.js","8393","static/chunks/8393-4175fa3c3129adeb.js","1682","static/chunks/1682-b2e703b472c280ea.js","9999","static/chunks/9999-f564e2e7fc5b6c44.js","4824","static/chunks/4824-507f78e55d96f9dc.js","1203","static/chunks/app/product/%5Bslug%5D/@info/page-4236f2b80fc1d44c.js"],"H4"]', '52': 'I[97452,["3655","static/chunks/3655-f78e4e363a5541d0.js","6290","static/chunks/6290-2a8ce89a0b5a3df8.js","6381","static/chunks/6381-2b873addadcb95f3.js","6310","static/chunks/6310-99207018fb617736.js","5469","static/chunks/5469-d5f85e2b5dbb2663.js","6341","static/chunks/6341-ca54939c2b36d77d.js","6252","static/chunks/6252-920c83842bca245b.js","6574","static/chunks/6574-85b13196e7d2f55e.js","307","static/chunks/307-cefa9bd2f7381bf5.js","2665","static/chunks/2665-2d172eda87a962e3.js","8393","static/chunks/8393-4175fa3c3129adeb.js","1682","static/chunks/1682-b2e703b472c280ea.js","9999","static/chunks/9999-f564e2e7fc5b6c44.js","4824","static/chunks/4824-507f78e55d96f9dc.js","1203","static/chunks/app/product/%5Bslug%5D/@info/page-4236f2b80fc1d44c.js"],""]', '53': 'I[65469,["3655","static/chunks/3655-f78e4e363a5541d0.js","6290","static/chunks/6290-2a8ce89a0b5a3df8.js","6381","static/chunks/6381-2b873addadcb95f3.js","6310","static/chunks/6310-99207018fb617736.js","5469","static/chunks/5469-d5f85e2b5dbb2663.js","6341","static/chunks/6341-ca54939c2b36d77d.js","6252","static/chunks/6252-920c83842bca245b.js","6574","static/chunks/6574-85b13196e7d2f55e.js","307","static/chunks/307-cefa9bd2f7381bf5.js","2665","static/chunks/2665-2d172eda87a962e3.js","8393","static/chunks/8393', '54': 'I[77509,["3655","static/chunks/3655-f78e4e363a5541d0.js","6290","static/chunks/6290-2a8ce89a0b5a3df8.js","6381","static/chunks/6381-2b873addadcb95f3.js","6310","static/chunks/6310-99207018fb617736.js","5469","static/chunks/5469-d5f85e2b5dbb2663.js","6341","static/chunks/6341-ca54939c2b36d77d.js","6252","static/chunks/6252-920c83842bca245b.js","6574","static/chunks/6574-85b13196e7d2f55e.js","307","static/chunks/307-cefa9bd2f7381bf5.js","2665","static/chunks/2665-2d172eda87a962e3.js","8393","static/chunks/8393-4175fa3c3129adeb.js","1682","static/chunks/1682-b2e703b472c280ea.js","9999","static/chunks/9999-f564e2e7fc5b6c44.js","4824","static/chunks/4824-507f78e55d96f9dc.js","1203","static/chunks/app/product/%5Bslug%5D/@info/page-4236f2b80fc1d44c.js"],"default"]', '55': 'I[61165,["3655","static/chunks/3655-f78e4e363a5541d0.js","6290","static/chunks/6290-2a8ce89a0b5a3df8.js","6381","static/chunks/6381-2b873addadcb95f3.js","6310","static/chunks/6310-99207018fb617736.js","5469","static/chunks/5469-d5f85e2b5dbb2663.js","6341","static/chunks/6341-ca54939c2b36d77d.js","6252","static/chunks/6252-920c83842bca245b.js","6574","static/chunks/6574-85b13196e7d2f55e.js","307","static/chunks/307-cefa9bd2f7381bf5.js","2665","static/chunks/2665-2d172eda87a962e3.js","8393","static/chunks/8393-4175fa3c3129adeb.js","1682","static/chunks/1682-b2e703b472c280ea.js","9999","static/chunks/9999-f564e2e7fc5b6c44.js","4824","static/chunks/4824-507f78e55d96f9dc.js","1203","static/chunks/app/product/%5Bslug%5D/@info/page-4236f2b80fc1d44c.js"],"H3"]', '56': 'I[61165,["3655","static/chunks/3655-f78e4e363a5541d0.js","6290","static/chunks/6290-2a8ce89a0b5a3df8.js","6381","static/chunks/6381-2b873addadcb95f3.js","6310","static/chunks/6310-99207018fb617736.js","5469","static/chunks/5469-d5f85e2b5dbb2663.js","6341","sta', '57': 'I[61165,["3655","static/chunks/3655-f78e4e363a5541d0.js","6290","static/chunks/6290-2a8ce89a0b5a3df8.js","6381","static/chunks/6381-2b873addadcb95f3.js","6310","static/chunks/6310-99207018fb617736.js","5469","static/chunks/5469-d5f85e2b5dbb2663.js","6341","static/chunks/6341-ca54939c2b36d77d.js","6252","static/chunks/6252-920c83842bca245b.js","6574","static/chunks/6574-85b13196e7d2f55e.js","307","static/chunks/307-cefa9bd2f7381bf5.js","2665","static/chunks/2665-2d172eda87a962e3.js","8393","static/chunks/8393-4175fa3c3129adeb.js","1682","static/chunks/1682-b2e703b472c280ea.js","9999","static/chunks/9999-f564e2e7fc5b6c44.js","4824","static/chunks/4824-507f78e55d96f9dc.js","1203","static/chunks/app/product/%5Bslug%5D/@info/page-4236f2b80fc1d44c.js"],"H5"]', '58': 'I[35658,["3655","static/chunks/3655-f78e4e363a5541d0.js","6290","static/chunks/6290-2a8ce89a0b5a3df8.js","6381","static/chunks/6381-2b873addadcb95f3.js","6310","static/chunks/6310-99207018fb617736.js","5469","static/chunks/5469-d5f85e2b5dbb2663.js","6341","static/chunks/6341-ca54939c2b36d77d.js","6252","static/chunks/6252-920c83842bca245b.js","6574","static/chunks/6574-85b13196e7d2f55e.js","307","static/chunks/307-cefa9bd2f7381bf5.js","2665","static/chunks/2665-2d172eda87a962e3.js","8393","static/chunks/8393-4175fa3c3129adeb.js","1682","static/chunks/1682-b2e703b472c280ea.js","9999","static/chunks/9999-f564e2e7fc5b6c44.js","4824","static/chunks/4824-507f78e55d96f9dc.js","1203","static/chunks/app/product/%5Bslug%5D/@info/page-4236f2b80fc1d44c.js"],"Image"]', '34': '[]', '37': '{"gid":"7830005719273689496","image":"https://encrypted-tbn2.gstatic.com/shopping?q=tbn:ANd9GcRj65GJdYa0MGuv8L9RWAAJVks98kaBva-KPH34o7Nn8_xgtjFvHpEsyG-G9u_PAZwKCzR1UnPFs6JC5duNRu9kW-AZSxHpJQaql2ly1iZ6Cl09iaqRzqc\\u0026usqp=CAY"}', '38': '{"gid":"10929348810251206946","image":"https://encrypted-tbn3.gstatic.com/shopping?q=tbn:ANd9GcQktEYbdVk26_5fVXmkf85U_V4MhhlgNSCKuEGMaIHFomdm78AIUKXN6e8XyuLWwiqXOJc6OF55c3TRby_V36YYx0Twj-TArJEJ3e_Z\\u0026usqp=CAY"}', '35': '["$36",{"gid":"7830005719273689496","image":"https://encrypted-tbn2.gstatic.com/shopping?q=tbn:ANd9GcRj65GJdYa0MGuv8L9RWAAJVks98kaBva-KPH34o7Nn8_xgtjFvHpEsyG-G9u_PAZwKCzR1UnPFs6JC5duNRu9kW-AZSxHpJQaql2ly1iZ6Cl09iaqRzqc\\u0026usqp=CAY"},{"gid":"10929348810251206946","image":"https://encrypted-tbn3.gstatic.com/shopping?q=tbn:ANd9GcQktEYbdVk26_5fVXmkf85U_V4MhhlgNSCKuEGMaIHFomdm78AIUKXN6e8XyuLWwiqXOJc6OF55c3TRby_V36YYx0Twj-TArJEJ3e_Z\\u0026usqp=CAY"}]', '39': '["https://encrypted-tbn0.gstatic.com/shopping?q=tbn:ANd9GcSqDaT816y1UmPhBrzkea3Dn_Hh8yTT3fZX4XBtJEkQcCWOz-LJ1AMEbRRDBSKM-M061mIP09PmjUwBgDldhA0acuhIAop7lQ\\u0026usqp=CAY","https://encrypted-tbn3.gstatic.com/shopping?q=tbn:ANd9GcQfbnmIwlniWJ2_8uNp4bDf-6Ju-12jrovvM3RkZ_F8hYC0DcS85hBW3VZ9oCT7zcvdcW7cG-u8JHbZQMXKs0v2Co4aSaICOQ\\u0026usqp=CAY","https://encrypted-tbn0.gstatic.com/shopping?q=tbn:ANd9GcR8UqT2y3HwL6mbcrp9X3EK1qROspiqDkg2j-9eEDSoFr4zLWQaFn_YrCOAi5hlWIs3MKewSYZSOFGmiREKJJNSBeWTMR7I\\u0026usqp=CAY","https://encrypted-tbn3.gstatic.com/shopping?q=tbn:ANd9GcSqlFWOdYRimHwGbRJI5IbP1AoXqAoJxhYRcQyn_ApjOgs6Plh_8JB3o2ty4s-L5Cg5FksrYalJmjsHi8o23nCuDdFhKywx\\u0026usqp=CAY","https://encrypted-tbn3.gstatic.com/shopping?q=tbn:ANd9GcTGaMNVsjZ6wopAkoCqf1frqUqC33R2pndPv3vm8_EbCO6PYXg6BBsU3OD398cOK_BW1ThT4nJXKLSf30DZHd0mG8Zq0KPDnw\\u0026usqp=CAY","https://encrypted-tbn3.gstatic.com/shopping?q=tbn:ANd9GcSNnV_WMDGVD4l6oHYCubmAQT7jpJwR2zyu-MbXinPr0z2qL-TKjOS5KkDIYnN4Fn69kQ-BiBFAiYqv9rH5kvHsmNICBre4\\u0026usqp=CAY","https://encrypted-tbn3.gstatic.com/shopping?q=tbn:ANd9GcTT9EARYceKt_jqn9X4MH43Ey1bIDrsnZc5wPjG0wS-F-wQ9PJta1l4A-AxAAyko3Z5IvHSgO0_Gnn4enHFUQoYVIaWvMZk\\u0026usqp=CAY","https://encrypted-tbn0.gstatic.com/shopping?q=tbn:ANd9GcTpF9PimunMhlcnHfgzkn895rKQb35EW48PS-IM0lwnuADaF5tC3szKbe9ZkxnAHAXp6fnGEBkgzmDcz0ElPmL-WzR4HBShmg\\u0026usqp=CAY","https://encrypted-tbn2.gstatic.com/shopping?q=tbn:AN', '3b': '{"name":"Network","value":"5G"}', '3c': '{"name":"Sim Card Type","value":"eSIM / Nano"}', '3d': '{"name":"Operating System","value":"Android 14"}', '3e': '{"name":"Display","value":"6.8 inches Full HD+"}', '3f': '{"name":"Video Recording","value":"4K"}', '40': '{"name":"Phone Family","value":"Moto g75"}', '41': '{"name":"Expandable Storage","value":"up to 1TB microSD card expandable"}', '42': '{"name":"RAM Size","value":"8GB"}', '43': '{"name":"Bluetooth","value":"5.4"}', '44': '{"name":"GPS","value":"GPS A-GPS LTEPP SUPL GLONASS Galileo QZSS BeiDou"}', '45': '{"name":"Product Width (mm)","value":"77.1"}', '46': '{"name":"Product Height (mm)","value":"165.95"}', '47': '{"name":"Product Depth (mm)","value":"7.99"}', '48': '{"name":"Battery","value":"5000mAh"}', '49': '{"name":"Manufacturer\'s Warranty","value":"2 Years"}', '4a': '{"name":"Storage Size","value":"256GB"}', '4b': '{"name":"Colour","value":"Charcoal Grey"}', '4c': '{"name":"Display Resolution","value":"2388 1080"}', '4d': '{"name":"Weight (g)","value":"180"}', '4e': '{"name":"Front Camera","value":"8MP"}', '4f': '{"name":"Rear Camera","value":"50MP"}', '50': '{"name":"Release Year","value":"2024"}', '3a': '[{"name":"Network","value":"5G"},{"name":"Sim Card Type","value":"eSIM / Nano"},{"name":"Operating System","value":"Android 14"},{"name":"Display","value":"6.8 inches Full HD+"},{"name":"Video Recording","value":"4K"},{"name":"Phone Family","value":"Moto g75"},{"name":"Expandable Storage","value":"up to 1TB microSD card expandable"},{"name":"RAM Size","value":"8GB"},{"name":"Bluetooth","value":"5.4"},{"name":"GPS","value":"GPS A-GPS LTEPP SUPL GLONASS Galileo QZSS BeiDou"},{"name":"Product Width (mm)","value":"77.1"},{"name":"Product Height (mm)","value":"165.95"},{"name":"Product Depth (mm)","value":"7.99"},{"name":"Battery","value":"5000mAh"},{"name":"Manufacturer\'s Warranty","value":"2 Years"},{"name":"Storage Size","value":"256GB"},{"name":"Colour","value":"Charcoal Grey"},{"name":"Display Resolution","value":"2388 1080"},{"name":"Weight (g)","value":"180"},{"name":"Front Camera","value":"8MP"},{"name":"Rear Camera","value":"50MP"},{"name":"Release Year","value":"2024"}]', '33': '{"title":"Motorola Moto G75 5G 256GB Grey with Buds","image":"https://encrypted-tbn0.gstatic.com/shopping?q=tbn:ANd9GcTN0NDdrPCDIn9NaiVIb7vTMSRVKBOQbkBMTHJyb9dzqC_WY5IGMoYuvnsDtsI8XvfpsX50GHyVY5kvPm-1nSr2bXEkwcR1sLJr1IR1dAkwVcXTXGOCB8frf7o","variants":', 'b': '[["$","$L10",null,{"container":true,"justifyContent":"space-around","spacing":{"xs":0,"md":0},"children":[["$","$L10",null,{"item":true,"md":4,"xs":12,"children":["$","$L2b",null,{"product":{"title":"Motorola Moto G75 5G 256GB Grey with Buds","image":"https://encrypted-tbn0.gstatic.com/shopping?q=tbn:ANd9GcTN0NDdrPCDIn9NaiVIb7vTMSRVKBOQbkBMTHJyb9dzqC_WY5IGMoYuvnsDtsI8XvfpsX50GHyVY5kvPm-1nSr2bXEkwcR1sLJr1IR1dAkwVcXTXGOCB8frf7o","variants":[],"colors":[{"gid":"15797211988331096831","image":"https://encrypted-tbn0.gstatic.com/shopping?q=tbn:ANd9GcSMKJEcJ5xuZEACgvb5b-OsiulwL1b5Ivy7wbsYiJ3A2vpwsAhIjV_QMfs2iyap5nDsHiEzTcaeGYaz_I5WBRrUjD5abtI2D4WPYd1uowVZArHKnsIo95M\\u0026usqp=CAY"},{"gid":"7830005719273689496","image":"https://encrypted-tbn2.gstatic.com/shopping?q=tbn:ANd9GcRj65GJdYa0MGuv8L9RWAAJVks98kaBva-KPH34o7Nn8_xgtjFvHpEsyG-G9u_PAZwKCzR1UnPFs6JC5duNRu9kW-AZSxHpJQaql2ly1iZ6Cl09iaqRzqc\\u0026usqp=CAY"},{"gid":"10929348810251206946","image":"https://encrypted-tbn3.gstatic.com/shopping?q=tbn:ANd9GcQktEYbdVk26_5fVXmkf85U_V4MhhlgNSCKuEGMaIHFomdm78AIUKXN6e8XyuLWwiqXOJc6OF55c3TRby_V36YYx0Twj-TArJEJ3e_Z\\u0026usqp=CAY"}],"thumbnails":["https://encrypted-tbn0.gstatic.com/shopping?q=tbn:ANd9GcSqDaT816y1UmPhBrzkea3Dn_Hh8yTT3fZX4XBtJEkQcCWOz-LJ1AMEbRRDBSKM-M061mIP09PmjUwBgDldhA0acuhIAop7lQ\\u0026usqp=CAY","https://encrypted-tbn3.gstatic.com/shopping?q=tbn:ANd9GcQfbnmIwlniWJ2_8uNp4bDf-6Ju-12jrovvM3RkZ_F8hYC0DcS85hBW3VZ9oCT7zcvdcW7cG-u8JHbZQMXKs0v2Co4aSaICOQ\\u0026usqp=CAY","https://encrypted-tbn0.gstatic.com/shopping?q=tbn:ANd9GcR8UqT2y3HwL6mbcrp9X3EK1qROspiqDkg2j-9eEDSoFr4zLWQaFn_YrCOAi5hlWIs3MKewSYZSOFGmiREKJJNSBeWTMR7I\\u0026usqp=CAY","https://encrypted-tbn3.gstatic.com/shopping?q=tbn:ANd9GcSqlFWOdYRimHwGbRJI5IbP1AoXqAoJxhYRcQyn_ApjOgs6Plh_8JB3o2ty4s-L5Cg5FksrYalJmjsHi8o23nCuDdFhKywx\\u0026usqp=CAY","https://encrypted-tbn3.gstatic.com/shopping?q=tbn:ANd9GcTGaMNVsjZ6wopAkoCqf1frqUqC33R2pndPv3vm8_EbCO6PYXg6BBsU3OD398cOK_BW1ThT4nJXKLSf30DZHd0mG8Zq0KPDnw\\u0026usqp=CAY","https://encrypted-tbn3.gstatic.com/shopping?q=tbn:ANd9GcSNnV_WMDGVD4l6oHYCubmAQT7jpJwR2zyu-MbXinPr0z2qL-TKjOS5KkDIYnN4Fn69kQ-BiBFAiYqv9rH5kvHsmNICBre4\\u0026usqp=CAY","https://encrypted-tbn3.gstatic.com/shopping?q=tbn:ANd9GcTT9EARYceKt_jqn9X4MH43Ey1bIDrsnZc5wPjG0wS-F-wQ9PJta1l4A-AxAAyko3Z5IvHSgO0_Gnn4enHFUQoYVIaWvMZk\\u0026usqp=CAY","https://encrypted-tbn0.gstatic.com/shopping?q=tbn:ANd9GcTpF9PimunMhlcnHfgzkn895rKQb35EW48PS-IM0lwnuADaF5tC3szKbe9ZkxnAHAXp6fnGEBkgzmDcz0ElPmL-WzR4HBShmg\\u0026usqp=CAY","https://encrypted-tbn2.gstatic.com/shopping?q=tbn:ANd9GcT56PnF6Ir30ACBooV4QML9XqGxPMeS0UD-J-IOmt4RfpWkpWyt9SsenHDo-DCqfhurJ2kXsVOBsMMEV9L72XZYRPTuRv6C\\u0026usqp=CAY","https://encrypted-tbn2.gstatic.com/shopping?q=tbn:ANd9GcRG-GwVx5yd5FeS1o4JqlvUNwo3MPbl6Vc91YmWDI7TxsS8K17-ngY2Swkyvx_kAQg74KZJLwhOXKfvPq_3PHKWlmwNPzLPfg\\u0026usqp=CAY","https://encrypted-tbn0.gstatic.com/shopping?q=tbn:ANd9GcTcKKMgCXlJBxNH38rkCOoEjV0HdTnoWIilR_2EhskIJR6-4tF8CNhNhqIGSunQGyXQXvQG3Cy2lWEVq7bg-_x8LP0YeD6ZVQ\\u0026usqp=CAY","https://encrypted-tbn2.gstatic.com/shopping?q=tbn:ANd9GcSrenO1gNc233DGNWBIH4nRqrJPMwjW9ZIOfZ-NwBq8vYwNzpba6jAeRAkG5OVrB7tCPhPT_E-ODrd0HhJgHD33EjgK7MZTNA\\u0026usqp=CAY"],"details":"Crafted from premium materials and featuring military-grade¹ durability, moto g75 5G is made for everyday life. Capture sharp photos and smooth videos using the Sony - LYTIA 600 camera with OIS. Enjoy endless entertainment on a super-bright 6.8\\\\" Full HD+ display backed by Dolby Atmos sound. Plus, be the first to experience the efficiency of the latest Qualcomm Snapdragon processor, a 5000mAh battery with 30W TurboPower charging²,15W wireless charging³, and 256GB⁴ of built-in storage. And it comes bundled with moto buds earbuds, featuring a large dynamic driver, and Hi-Res Audio. Immerse yourself in music and movies, experiencing high-quality, balanced sound with enhanced bass.","specs":[{"name":"Network","value":"5G"},{"name":"Sim Card Type","value":"eSIM / Nano"},{"name":"Operating System","value":"Android 14"},{"name":"Display","value":"6.8 inches Full HD+"},{"name":"Video Recording","value":"4K"},{"name":"Phone Family","value":"Moto g75"},{"name":"Expandable Storage","value":"up to 1TB microSD card expandable"},{"name":"RAM Size","value":"8GB"},{"name":"Bluetooth","value":"5.4"},{"name":"GPS","value":"GPS A-GPS LTEPP SUPL GLONASS Galileo QZSS BeiDou"},{"name":"Product Width (mm)","value":"77.1"},{"name":"Product Height (mm)","value":"165.95"},{"name":"Product Depth (mm)","value":"7.99"},{"name":"Battery","value":"5000mAh"},{"name":"Manufacturer\'s Warranty","value":"2 Years"},{"name":"Storage Size","value":"256GB"},{"name":"Colour","value":"Charcoal Grey"},{"name":"Display Resolution","value":"2388 1080"},{"name":"Weight (g)","value":"180"},{"name":"Front Camera","value":"8MP"},{"name":"Rear Camera","value":"50MP"},{"name":"Release Year","value":"2024"}],"id":83429707,"reviews_count":976,"reviews_rating":"4.5","discount":"0","offer_amount":24,"lowest_price":"391.00","highest_price":"499.00"}}]}],["$","$L10",null,{"item":true,"md":8,"xs":12,"children":["$","$Ld",null,{"px":4,"sx":{"display":{"xs":"none","md":"flex"}},"children":[["$","$L2c",null,{"mb":1,"children":"Motorola Moto G75 5G 256GB Grey with Buds"}],["$","$Lc",null,{"display":"flex","alignItems":"center","gap":1,"children":[["$","$Lc",null,{"sx":{"display":"flex","color":"#faaf00"},"children":[["$","$L2d","1",{"sx":{"fontSize":"1.25rem"}}],["$","$L2d","2",{"sx":{"fontSize":"1.25rem"}}],["$","$L2d","3",{"sx":{"fontSize":"1.25rem"}}],["$","$L2d","4",{"sx":{"fontSize":"1.25rem"}}],["$","$L2e","5",{"sx":{"fontSize":"1.25rem"}}]]}],["$","$L2f",null,{"lineHeight":"1","children":["(","976"," reviews)"]}]]}],["$","$Lc",null,{"my":2,"children":["$","$L30",null,{"content":"Crafted from premium materials and featuring military-grade¹ durability, moto g75 5G is made for everyday life. Capture sharp photos and smooth videos using the Sony - LYTIA 600 camera with OIS. Enjoy endless entertainment on a super-bright 6.8\\\\" Full HD+ display backed by Dolby Atmos sound. Plus, be the first to experience the efficiency of the latest Qualcomm Snapdragon processor, a 5000mAh battery with 30W TurboPower charging²,15W wireless charging³, and 256GB⁴ of built-in storage. And it comes bundled with moto buds earbuds, featuring a large dynamic driver, and Hi-Res Audio. Immerse yourself in music and movies, experiencing high-quality, balanced sound with enhanced bass."}]}],["$","$Lc",null,{"display":"flex","alignItems":"center","justifyContent":"space-between","children":[["$","$Lc",null,{"display":"flex","alignItems":"center","children":[["$","$L2c",null,{"color":"primary.main","mr":2,"children":"$$391.00 - $499.00"}],["$","$L31",null,{"children":["in ",24," offers"]}]]}],["$","$L32",null,{"product":{"title":"Motorola Moto G75 5G 256GB Grey with Buds","image":"https://encrypted-tbn0.gstatic.com/shopping?q=tbn:ANd9GcTN0NDdrPCDIn9NaiVIb7vTMSRVKBOQbkBMTHJyb9dzqC_WY5IGMoYuvnsDtsI8XvfpsX50GHyVY5kvPm-1nSr2bXEkwcR1sLJr1IR1dAkwVcXTXGOCB8frf7o","variants":}]]}],["$","$Lc",null,{"display":"flex","alignItems":"center","my":1,"flexWrap":"wrap","rowGap":1,"children":[["$","$L51",null,{"mr":1,"children":"Colour:"}],[["$","$Lc","0",{"display":"flex","justifyContent":"center","alignItems":"center","width":48,"height":48,"minWidth":48,"bgcolor":"white","border":"1px solid","borderRadius":"10px","style":{"cursor":"unset"},"borderColor":"primary.main","mr":"10px","children":["$","$L52",null,{"title":false,"children":["$","$L53",null,{"href":"","ref":"$undefined","prefetch":"$undefined","target":"_blank","children":["$","$L54",null,{"src":"https://encrypted-tbn0.gstatic.com/shopping?q=tbn:ANd9GcSMKJEcJ5xuZEACgvb5b-OsiulwL1b5Ivy7wbsYiJ3A2vpwsAhIjV_QMfs2iyap5nDsHiEzTcaeGYaz_I5WBRrUjD5abtI2D4WPYd1uowVZArHKnsIo95M\\u0026usqp=CAY","alt":"Motorola Moto G75 5G 256GB Grey with Buds","width":40,"height":40,"style":{"objectFit":"contain"}}]}]}]}],["$","$Lc","1",{"display":"flex","justifyContent":"center","alignItems":"center","width":48,"height":48,"minWidth":48,"bgcolor":"white","border":"1px solid","borderRadius":"10px","style":{"cursor":"pointer"},"borderColor":"grey.400","mr":"10px","children":["$","$L52",null,{"title":"Motorola Moto G75 5G 256GB Blue with Buds","children":["$","$L53",null,{"href":"/product/motorola-moto-g75-5g-256gb-blue-with-buds","ref":"$undefined","prefetch":false,"target":"_blank","children":["$","$L54",null,{"src":"https://encrypted-tbn2.gstatic.com/shopping?q=tbn:ANd9GcRj65GJdYa0MGuv8L9RWAAJVks98kaBva-KPH34o7Nn8_xgtjFvHpEsyG-G9u_PAZwKCzR1UnPFs6JC5duNRu9kW-AZSxHpJQaql2ly1iZ6Cl09iaqRzqc\\u0026usqp=CAY","alt":"Motorola Moto G75 5G 256GB Blue with Buds","width":40,"height":40,"style":{"objectFit":"contain"}}]}]}]}],["$","$Lc","2",{"display":"flex","justifyContent":"center","alignItems":"center","width":48,"height":48,"minWidth":48,"bgcolor":"white","border":"1px solid","borderRadius":"10px","style":{"cursor":"pointer"},"borderColor":"grey.400","mr":"auto","children":["$","$L52",null,{"title":"Motorola Moto G75 5G 256GB - Succulent Green + Moto Buds","children":["$","$L53",null,{"href":"/product/motorola-moto-g75-5g-256gb-succulent-green-moto-buds","ref":"$undefined","prefetch":false,"target":"_blank","children":["$","$L54",null,{"src":"https://encrypted-tbn3.gstatic.com/shopping?q=tbn:ANd9GcQktEYbdVk26_5fVXmkf85U_V4MhhlgNSCKuEGMaIHFomdm78AIUKXN6e8XyuLWwiqXOJc6OF55c3TRby_V36YYx0Twj-TArJEJ3e_Z\\u0026usqp=CAY","alt":"Motorola Moto G75 5G 256GB - Succulent Green + Moto Buds","width":40,"height":40,"style":{"objectFit":"contain"}}]}]}]}]]]}],[]]}]}]]}],["$","$Ld",null,{"pb":2,"sx":{"display":{"xs":"flex","md":"none"}},"children":[["$","$L51",null,{"children":"Motorola Moto G75 5G 256GB Grey with Buds"}],["$","$Ld",null,{"direction":"row","justifyContent":"flex-start","my":1,"children":[["$","$L55",null,{"color":"primary.main","mr":2,"children":"$$391.00"}],["$","$Lc",null,{"display":"flex","alignItems":"center","gap":1,"children":[["$","$Lc",null,{"sx":{"display":"flex","color":"#faaf00"},"children":[["$","$L2d","1",{"sx":{"fontSize":"1.25rem"}}],["$","$L2d","2",{"sx":{"fontSize":"1.25rem"}}],["$","$L2d","3",{"sx":{"fontSize":"1.25rem"}}],["$","$L2d","4",{"sx":{"fontSize":"1.25rem"}}],["$","$L2e","5",{"sx":{"fontSize":"1.25rem"}}]]}],["$","$L56",null,{"children":["(","976"," reviews)"]}]]}]]}],["$","$L30",null,{"content":"Crafted from premium materials and featuring military-grade¹ durability, moto g75 5G is made for everyday life. Capture sharp photos and smooth videos using the Sony - LYTIA 600 camera with OIS. Enjoy endless entertainment on a super-bright 6.8\\\\" Full HD+ display backed by Dolby Atmos sound. Plus, be the first to experience the efficiency of the latest Qualcomm Snapdragon processor, a 5000mAh battery with 30W TurboPower charging²,15W wireless charging³, and 256GB⁴ of built-in storage. And it comes bundled with moto buds earbuds, featuring a large dynamic driver, and Hi-Res Audio. Immerse yourself in music and movies, experiencing high-quality, balanced sound with enhanced bass.","fontSize":14,"maxHeight":63}],["$","$Lc",null,{"display":"flex","sx":{"overflowX":"auto","whiteSpace":"nowrap","my":1},"children":["$","$Lc",null,{"display":"flex","alignItems":"center","children":[["$","$L57",null,{"mr":1,"children":"Colour:"}],[["$","$Lc","0",{"display":"flex","justifyContent":"center","alignItems":"center","width":48,"height":48,"minWidth":48,"bgcolor":"white","border":"1px solid","borderRadius":"10px","style":{"cursor":"unset"},"borderColor":"primary.main","mr":"6px","children":["$","$L53",null,{"href":"","ref":"$undefined","prefetch":"$undefined","target":"_blank","children":["$","$L58",null,{"src":"https://encrypted-tbn0.gstatic.com/shopping?q=tbn:ANd9GcSMKJEcJ5xuZEACgvb5b-OsiulwL1b5Ivy7wbsYiJ3A2vpwsAhIjV_QMfs2iyap5nDsHiEzTcaeGYaz_I5WBRrUjD5abtI2D4WPYd1uowVZArHKnsIo95M\\u0026usqp=CAY","alt":"Motorola Moto G75 5G 256GB Grey with Buds","width":40,"height":40,"style":{"objectFit":"contain"}}]}]}],["$","$Lc","1",{"display":"flex","justifyContent":"center","alignItems":"center","width":48,"height":48,"minWidth":48,"bgcolor":"white","border":"1px solid","borderRadius":"10px","style":{"cursor":"pointer"},"borderColor":"grey.400","mr":"6px","children":["$","$L53",null,{"href":"/product/motorola-moto-g75-5g-256gb-blue-with-buds","ref":"$undefined","prefetch":false,"target":"_blank","children":["$","$L58",null,{"src":"https://encrypted-tbn2.gstatic.com/shopping?q=tbn:ANd9GcRj65GJdYa0MGuv8L9RWAAJVks98kaBva-KPH34o7Nn8_xgtjFvHpEsyG-G9u_PAZwKCzR1UnPFs6JC5duNRu9kW-AZSxHpJQaql2ly1iZ6Cl09iaqRzqc\\u0026usqp=CAY","alt":"Motorola Moto G75 5G 256GB Blue with Buds","width":40,"height":40,"style":{"objectFit":"contain"}}]}]}],["$","$Lc","2",{"display":"flex","justifyContent":"center","alignItems":"center","width":48,"height":48,"minWidth":48,"bgcolor":"white","border":"1px solid","borderRadius":"10px","style":{"cursor":"pointer"},"borderColor":"grey.400","mr":"auto","children":["$","$L53",null,{"href":"/product/motorola-moto-g75-5g-256gb-succulent-green-moto-buds","ref":"$undefined","prefetch":false,"target":"_blank","children":["$","$L58",null,{"src":"https://encrypted-tbn3.gstatic.com/shopping?q=tbn:ANd9GcQktEYbdVk26_5fVXmkf85U_V4MhhlgNSCKuEGMaIHFomdm78AIUKXN6e8XyuLWwiqXOJc6OF55c3TRby_V36YYx0Twj-TArJEJ3e_Z\\u0026usqp=CAY","alt":"Motorola Moto G75 5G 256GB - Succulent Green + Moto Buds","width":40,"height":40,"style":{"objectFit":"contain"}}]}]}]]]}]}],["$","$Lc",null,{"children":false}]]}]]', '59': 'I[65161,["3655","static/chunks/3655-f78e4e363a5541d0.js","6290","static/chunks/6290-2a8ce89a0b5a3df8.js","6381","static/chunks/6381-2b873addadcb95f3.js","6310","static/chunks/6310-99207018fb617736.js","5469","static/chunks/5469-d5f85e2b5dbb2663.js","6341","static/chunks/6341-ca54939c2b36d77d.js","6252","static/chunks/6252-920c83842bca245b.js","6574","static/chunks/6574-85b13196e7d2f55e.js","307","static/chunks/307-cefa9bd2f7381bf5.js","2665","static/chunks/2665-2d172eda87a962e3.js","684","static/chunks/684-7de3c401504b82a2.js","8393","static/chunks/8393-4175fa3c3129adeb.js","7269","static/chunks/7269-a4bddb872ba784d5.js","3691","static/chunks/3691-4bb5861e2d594f2b.js","8368","static/chunks/8368-d0cd9f9fca0712a7.js","1682","static/chunks/1682-b2e703b472c280ea.js","2917","static/chunks/2917-184ec9877565fafd.js","4824","static/chunks/4824-507f78e55d96f9dc.js","7614","static/chunks/app/product/%5Bslug%5D/@offers/page-8d4c61690e8d9066.js"],"default"]', '5a': "T6c8,Bought this for my daughter and I'm very impressed. The camera is more than capable for daylight photos and selfies. The processor and RAM are fast enough. I compared APP loading and camera launching vs my Samsung Ultra and there's little difference for normal use (processing video or intense gaming you can see a difference, but in normal use, they're close).It's a little on the big side, especially for a child, but the Military toughness and optional screen repair service make up for that. The battery beats my Samsung phone in real every day use hands down.Absolute standout feature for me is Wireless Charging. This means the phone is left on our charger in the living room, and doesn't go up to bedrooms in the evening. Google Family Link works well too.Overall ...\xa0MoreBought this for my daughter and I'm very impressed. The camera is more than capable for daylight photos and selfies. The processor and RAM are fast enough. I compared APP loading and camera launching vs my Samsung Ultra and there's little difference for normal use (processing video or intense gam", '11': '["$","$L59",null,{"product":{"id":83429707,"gid":"15797211988331096831","title":"Motorola Moto G75 5G 256GB Grey with Buds","image":"https://encrypted-tbn0.gstatic.com/shopping?q=tbn:ANd9GcTN0NDdrPCDIn9NaiVIb7vTMSRVKBOQbkBMTHJyb9dzqC_WY5IGMoYuvnsDtsI8XvfpsX50GHyVY5kvPm-1nSr2bXEkwcR1sLJr1IR1dAkwVcXTXGOCB8frf7o","created_at":"$D2024-11-30T20:11:12.579Z","updated_at":"$D2024-12-01T03:20:16.117Z","slug":"motorola-moto-g75-5g-256gb-grey-with-buds","thumbnails":["https://encrypted-tbn0.gstatic.com/shopping?q=tbn:ANd9GcSqDaT816y1UmPhBrzkea3Dn_Hh8yTT3fZX4XBtJEkQcCWOz-LJ1AMEbRRDBSKM-M061mIP09PmjUwBgDldhA0acuhIAop7lQ\\u0026usqp=CAY","https://encrypted-tbn3.gstatic.com/shopping?q=tbn:ANd9GcQfbnmIwlniWJ2_8uNp4bDf-6Ju-12jrovvM3RkZ_F8hYC0DcS85hBW3VZ9oCT7zcvdcW7cG-u8JHbZQMXKs0v2Co4aSaICOQ\\u0026usqp=CAY","https://encrypted-tbn0.gstatic.com/shopping?q=tbn:ANd9GcR8UqT2y3HwL6mbcrp9X3EK1qROspiqDkg2j-9eEDSoFr4zLWQaFn_YrCOAi5hlWIs3MKewSYZSOFGmiREKJJNSBeWTMR7I\\u0026usqp=CAY","https://encrypted-tbn3.gstatic.com/shopping?q=tbn:ANd9GcSqlFWOdYRimHwGbRJI5IbP1AoXqAoJxhYRcQyn_ApjOgs6Plh_8JB3o2ty4s-L5Cg5FksrYalJmjsHi8o23nCuDdFhKywx\\u0026usqp=CAY","https://encrypted-tbn3.gstatic.com/shopping?q=tbn:ANd9GcTGaMNVsjZ6wopAkoCqf1frqUqC33R2pndPv3vm8_EbCO6PYXg6BBsU3OD398cOK_BW1ThT4nJXKLSf30DZHd0mG8Zq0KPDnw\\u0026usqp=CAY","https://encrypted-tbn3.gstatic.com/shopping?q=tbn:ANd9GcSNnV_WMDGVD4l6oHYCubmAQT7jpJwR2zyu-MbXinPr0z2qL-TKjOS5KkDIYnN4Fn69kQ-BiBFAiYqv9rH5kvHsmNICBre4\\u0026usqp=CAY","https://encrypted-tbn3.gstatic.com/shopping?q=tbn:ANd9GcTT9EARYceKt_jqn9X4MH43Ey1bIDrsnZc5wPjG0wS-F-wQ9PJta1l4A-AxAAyko3Z5IvHSgO0_Gnn4enHFUQoYVIaWvMZk\\u0026usqp=CAY","https://encrypted-tbn0.gstatic.com/shopping?q=tbn:ANd9GcTpF9PimunMhlcnHfgzkn895rKQb35EW48PS-IM0lwnuADaF5tC3szKbe9ZkxnAHAXp6fnGEBkgzmDcz0ElPmL-WzR4HBShmg\\u0026usqp=CAY","https://encrypted-tbn2.gstatic.com/shopping?q=tbn:ANd9GcT56PnF6Ir30ACBooV4QML9XqGxPMeS0UD-J-IOmt4RfpWkpWyt9SsenHDo-DCqfhurJ2kXsVOBsMMEV9L72XZYRPTuRv6C\\u0026usqp=CAY","https://encrypted-tbn2.gstatic.com/shopping?q=tbn:ANd9GcRG-GwVx5yd5FeS1o4JqlvUNwo3MPbl6Vc91YmWDI7TxsS8K17-ngY2Swkyvx_kAQg74KZJLwhOXKfvPq_3PHKWlmwNPzLPfg\\u0026usqp=CAY","https://encrypted-tbn0.gstatic.com/shopping?q=tbn:ANd9GcTcKKMgCXlJBxNH38rkCOoEjV0HdTnoWIilR_2EhskIJR6-4tF8CNhNhqIGSunQGyXQXvQG3Cy2lWEVq7bg-_x8LP0YeD6ZVQ\\u0026usqp=CAY","https://encrypted-tbn2.gstatic.com/shopping?q=tbn:ANd9GcSrenO1gNc233DGNWBIH4nRqrJPMwjW9ZIOfZ-NwBq8vYwNzpba6jAeRAkG5OVrB7tCPhPT_E-ODrd0HhJgHD33EjgK7MZTNA\\u0026usqp=CAY"],"details":"Crafted from premium materials and featuring military-grade¹ durability, moto g75 5G is made for everyday life. Capture sharp photos and smooth videos using the Sony - LYTIA 600 camera with OIS. Enjoy endless entertainment on a super-bright 6.8\\\\" Full HD+ display backed by Dolby Atmos sound. Plus, be the first to experience the efficiency of the latest Qualcomm Snapdragon processor, a 5000mAh battery with 30W TurboPower charging²,15W wireless charging³, and 256GB⁴ of built-in storage. And it comes bundled with moto buds earbuds, featuring a large dynamic driver, and Hi-Res Audio. Immerse yourself in music and movies, experiencing high-quality, balanced sound with enhanced bass.","variants":[],"category_id":null,"offline_at":null,"colors":[{"gid":"15797211988331096831","image":"https://encrypted-tbn0.gstatic.com/shopping?q=tbn:ANd9GcSMKJEcJ5xuZEACgvb5b-OsiulwL1b5Ivy7wbsYiJ3A2vpwsAhIjV_QMfs2iyap5nDsHiEzTcaeGYaz_I5WBRrUjD5abtI2D4WPYd1uowVZArHKnsIo95M\\u0026usqp=CAY"},{"gid":"7830005719273689496","image":"https://encrypted-tbn2.gstatic.com/shopping?q=tbn:ANd9GcRj65GJdYa0MGuv8L9RWAAJVks98kaBva-KPH34o7Nn8_xgtjFvHpEsyG-G9u_PAZwKCzR1UnPFs6JC5duNRu9kW-AZSxHpJQaql2ly1iZ6Cl09iaqRzqc\\u0026usqp=CAY"},{"gid":"10929348810251206946","image":"https://encrypted-tbn3.gstatic.com/shopping?q=tbn:ANd9GcQktEYbdVk26_5fVXmkf85U_V4MhhlgNSCKuEGMaIHFomdm78AIUKXN6e8XyuLWwiqXOJc6OF55c3TRby_V36YYx0Twj-TArJEJ3e_Z\\u0026usqp=CAY"}],"product_status":{"pid":83429707,"offer_amount":24,"lowest_price":391,"highest_price":499,"single_seller_id":null,"discount":0,"featured":true,"last_price_updated_at":"$D2025-09-14T01:53:37.581Z","discount_seller_id":1392573,"last_lowest_price":391,"reviews_count":976,"reviews_rating":4.5,"country_code":"au","language_code":null},"offers":[{"pid":83429707,"seller_product_url":"https://www.mydeal.com.au/motorola-g75-5g-256gb-with-moto-buds-charcoal-grey-au-stock-6-8-full-hd-120hz-8gb-256gb-dual-sim-50mp-16mp-water-protection-5000mah-2year-warranty-14598762","created_at":"$D2025-09-14T01:53:37.581Z","offer_id":null,"base_price":471.25,"shipping":0,"seller_id":908,"condition":"new","country_code":null,"seller":{"seller_id":908,"name":"MyDeal","url":"mydeal.com.au","shopback":{"sb_id":7696,"sb_name":"MyDeal.com.au","url":"www.shopback.com.au/mydeal","commission":"Up to 3.6% Cashback","created_at":"$D2023-08-01T09:56:13.775Z","updated_at":"$D2023-11-25T10:32:54.782Z","hostname":"mydeal.com.au"},"cashrewards":{"cr_id":1004953,"name":"MyDeal","hyphenated_name":"mydeal","logo":"//cdn.cashrewards.com/mydeal.png?t=637672695131179086","created_at":"$D2023-07-30T11:50:50.100Z","commission":4.2,"commission_string":"Up to 4.2% cashback","online":true,"instore":false,"hostname":"mydeal.com.au","updated_at":"$D2023-11-30T03:50:38.698Z"}}},{"pid":83429707,"seller_product_url":"https://www.lwt.com.au/Product/MOT5690517/PB3Y0024AU/Motorola-G75-5G-256GB-With-Moto-Buds-Charcoal-GreyAU-STOCK68Full-HD120Hz8GB-256GBDual-SIM50MP-16MPWater-Protection5000mAh2Year-Warranty/ws/Business","created_at":"$D2025-09-14T01:53:37.581Z","offer_id":null,"base_price":400.4,"shipping":16.5,"seller_id":555296346,"condition":"new","country_code":null,"seller":{"seller_id":555296346,"name":"LWT","url":"www.lwt.com.au","shopback":null,"cashrewards":null}},{"pid":83429707,"seller_product_url":"https://www.flashtrend.com.au/motorola-g75-5g-256gb-with-moto-buds-charcoal-grey","created_at":"$D2025-09-14T01:53:37.581Z","offer_id":null,"base_price":479.77,"shipping":7.95,"seller_id":99,"condition":"new","country_code":null,"seller":{"seller_id":99,"name":"Flashtrend.com.au","url":"www.flashtrend.com.au","shopback":null,"cashrewards":null}},{"pid":83429707,"seller_product_url":"https://shop.zelrose.com.au/products/motorola-g75-5g-256gb-with-moto-buds-charcoal-grey-au-stock-6-8-full-hd-120hz-8gb-256gb-dual-sim-50mp-16mp-water-protection-5000mah-2year-warranty?variant=50892878020887","created_at":"$D2025-09-14T01:53:37.581Z","offer_id":null,"base_price":499,"shipping":12.5,"seller_id":51017477,"condition":"new","country_code":null,"seller":{"seller_id":51017477,"name":"Zelrose IT","url":null,"shopback":null,"cashrewards":null}},{"pid":83429707,"seller_product_url":"https://www.techciti.com.au/motorola-moto-g75-5g-w-moto-buds-dual-sim-256gb-8gb-6-8-grey","created_at":"$D2025-09-14T01:53:37.581Z","offer_id":null,"base_price":438,"shipping":0,"seller_id":1400,"condition":"new","country_code":null,"seller":{"seller_id":1400,"name":"Techciti","url":"www.techciti.com.au","shopback":null,"cashrewards":null}},{"pid":83429707,"seller_product_url":"https://betteroffice.store/products/motorola-g75-5g-256gb-with-moto-buds-charcoal-grey-au-stock-6-8full-hd-120hz8gb-256gbdual-sim50mp-16mpwater-protection5000mah2year-warranty?variant=45678834450586","created_at":"$D2025-09-14T01:53:37.581Z","offer_id":null,"base_price":499,"shipping":12,"seller_id":1210947108,"condition":"new","country_code":null,"seller":{"seller_id":1210947108,"name":"betteroffice.store","url":"betteroffice.store","shopback":null,"cashrewards":null}},{"pid":83429707,"seller_product_url":"https://vtechindustries.com.au/products/motorola-g75-5g-256gb-with-moto-buds-charcoal-grey-au-stock-6-8-full-hd-120hz-8gb-256gb-dual-sim-50mp-16mp-water-protection-5000mah-2year-warranty-pb3y0024au?variant=50641766383904","created_at":"$D2025-09-14T01:53:37.581Z","offer_id":null,"base_price":391,"shipping":13,"seller_id":1392573,"condition":"new","country_code":null,"seller":{"seller_id":1392573,"name":"VTech Industries","url":"www.vtechindustries.com.au","shopback":null,"cashrewards":null}},{"pid":83429707,"seller_product_url":"https://i-tech.com.au/pb3y0024au-motorola-g75-5g-256gb-with-moto-buds-charcoal-430730.html","created_at":"$D2025-09-14T01:53:37.581Z","offer_id":null,"base_price":415,"shipping":15,"seller_id":175,"condition":"new","country_code":null,"seller":{"seller_id":175,"name":"www.i-tech.com.au","url":"i-tech.com.au","shopback":null,"cashrewards":null}},{"pid":83429707,"seller_product_url":"https://www.itnest.com.au/hardware/other/motorola-g75-5g-256gb-with-moto-buds-charcoal-grey(pb3y0024au)-pb3y0024au","created_at":"$D2025-09-14T01:53:37.581Z","offer_id":null,"base_price":409,"shipping":16.95,"seller_id":283,"condition":"new","country_code":null,"seller":{"seller_id":283,"name":"itnest.com.au","url":"www.itnest.com.au","shopback":null,"cashrewards":null}},{"pid":83429707,"seller_product_url":"https://www.allphones.com.au/motorola-moto-g75-5g-w-moto-buds-dual-sim-256gb-8gb-6-8-grey","created_at":"$D2025-09-14T01:53:37.581Z","offer_id":null,"base_price":438,"shipping":0,"seller_id":8569,"condition":"new","country_code":null,"seller":{"seller_id":8569,"name":"Allphones Online","url":"www.allphones.com.au","shopback":null,"cashrewards":null}},{"pid":83429707,"seller_product_url":"https://www.ozspots.com.au/product/motorola-g75-5g-256gb-with-moto-buds-charcoal-greyau-stock6-8full-hd120hz8gb-256gbdual-sim50mp-16mpwater-protection5000mah2year-warranty/","created_at":"$D2025-09-14T01:53:37.581Z","offer_id":null,"base_price":400.02,"shipping":9.7,"seller_id":1525538,"condition":"new","country_code":null,"seller":{"seller_id":1525538,"name":"OzSpots Wireless","url":"www.ozspots.com.au","shopback":null,"cashrewards":null}},{"pid":83429707,"seller_product_url":"https://www.jw.com.au/product/motorola-moto-g75-5g-256gb-8gb-6-8-charcoal-grey","created_at":"$D2025-09-14T01:53:37.581Z","offer_id":null,"base_price":459,"shipping":0,"seller_id":138,"condition":"new","country_code":null,"seller":{"seller_id":138,"name":"JW Computers","url":"www.jw.com.au","shopback":null,"cashrewards":null}},{"pid":83429707,"seller_product_url":"https://www.woolworths.com.au/shop/productdetails/1123910867","created_at":"$D2025-09-14T01:53:37.581Z","offer_id":null,"base_price":471.25,"shipping":10,"seller_id":97,"condition":"new","country_code":null,"seller":{"seller_id":97,"name":"Woolworths","url":"www.woolworths.com.au","shopback":null,"cashrewards":null}},{"pid":83429707,"seller_product_url":"https://www.ebay.com.au/itm/167115114606","created_at":"$D2025-09-14T01:53:37.581Z","offer_id":null,"base_price":467.7,"shipping":0,"seller_id":1042295139,"condition":"new","country_code":null,"seller":{"seller_id":1042295139,"name":"eBay","url":"www.ebay.com.au","shopback":null,"cashrewards":null}},{"pid":83429707,"seller_product_url":"https://ezypcsales.com.au/product/motorola-g75-5g-256gb-with-moto-buds-charcoal-greyau-stock6-8full-hd120hz8gb-256gbdual-sim50mp-16mpwater-protection5000mah2year-warranty/","created_at":"$D2025-09-14T01:53:37.581Z","offer_id":null,"base_price":391.56,"shipping":12.95,"seller_id":2808065,"condition":"new","country_code":null,"seller":{"seller_id":2808065,"name":"Ezy P.C. Sales","url":"ezypcsales.com.au","shopback":null,"cashrewards":null}},{"pid":83429707,"seller_product_url":"https://www.dicksmith.com.au/da/buy/motorola-moto-g75-5g-bonus-moto-buds-dual-sim-256gb8gb-68-00840023276545/","created_at":"$D2025-09-14T01:53:37.581Z","offer_id":null,"base_price":438.99,"shipping":0,"seller_id":156,"condition":"new","country_code":null,"seller":{"seller_id":156,"name":"Dick Smith AU","url":"www.dicksmith.com.au","shopback":null,"cashrewards":null}},{"pid":83429707,"seller_product_url":"https://www.bigw.com.au/product/motorola-g75-5g-256gb-with-moto-buds-charcoal-grey-au-stock-6-8-full-hd-120hz-8gb-256gb-dual-sim-50mp-16mp-water-protection-5000mah-2year-warranty/p/9901208423","created_at":"$D2025-09-14T01:53:37.581Z","offer_id":null,"base_price":471.25,"shipping":0,"seller_id":769007327,"condition":"new","country_code":null,"seller":{"seller_id":769007327,"name":"BIG W - BIG W MARKET","url":"www.bigw.com.au","shopback":null,"cashrewards":null}},{"pid":83429707,"seller_product_url":"https://campcomprep.com.au/product/motorola-g75-5g-256gb-with-moto-buds-charcoal-greyau-stock6-8full-hd120hz8gb-256gbdual-sim50mp-16mpwater-protection5000mah2year-warranty/","created_at":"$D2025-09-14T01:53:37.581Z","offer_id":null,"base_price":499,"shipping":15,"seller_id":1374,"condition":"new","country_code":null,"seller":{"seller_id":1374,"name":"Campbelltown Computer Repairs","url":"campcomprep.com.au","shopback":null,"cashrewards":null}},{"pid":83429707,"seller_product_url":"https://www.kogan.com/au/buy/motorola-moto-g75-5g-bonus-moto-buds-dual-sim-256gb8gb-68-00840023276545/","created_at":"$D2025-09-14T01:53:37.581Z","offer_id":null,"base_price":438.99,"shipping":0,"seller_id":103,"condition":"new","country_code":null,"seller":{"seller_id":103,"name":"Kogan.com","url":"www.kogan.com","shopback":null,"cashrewards":null}},{"pid":83429707,"seller_product_url":"https://www.bunnings.com.au/motorola-moto-g75-5g-8gb-256gb-6-8-w-moto-buds-charcoal-grey_p0826330","created_at":"$D2025-09-14T01:53:37.581Z","offer_id":null,"base_price":495.72,"shipping":15,"seller_id":47,"condition":"new","country_code":null,"seller":{"seller_id":47,"name":"Bunnings Warehouse","url":"www.bunnings.com.au","shopback":null,"cashrewards":null}},{"pid":83429707,"seller_product_url":"https://www.mobileciti.com.au/motorola-moto-g75-5g-w-moto-buds-dual-sim-256gb-8gb-6-8-grey","created_at":"$D2025-09-14T01:53:37.581Z","offer_id":null,"base_price":438,"shipping":0,"seller_id":202,"condition":"new","country_code":null,"seller":{"seller_id":202,"name":"Mobileciti","url":"www.mobileciti.com.au","shopback":{"sb_id":8410,"sb_name":"Mobileciti","url":"www.shopback.com.au/mobileciti","commission":"Up to 2.10% Cashback","created_at":"$D2023-08-01T09:56:13.775Z","updated_at":null,"hostname":"mobileciti.com.au"},"cashrewards":{"cr_id":1005098,"name":"Mobileciti","hyphenated_name":"mobileciti","logo":"//cdn.cashrewards.com/mobileciti.jpg?t=637765071372444088","created_at":"$D2023-07-30T11:50:50.100Z","commission":2.2,"commission_string":"Up to 2.2% cashback","online":true,"instore":false,"hostname":"mobileciti.com.au","updated_at":null}}},{"pid":83429707,"seller_product_url":"https://www.thegoodguys.com.au/motorola-g75-5g-256gb-charcoal-grey-11901327984","created_at":"$D2025-09-14T01:53:37.581Z","offer_id":null,"base_price":497,"shipping":3,"seller_id":10,"condition":"new","country_code":null,"seller":{"seller_id":10,"name":"The Good Guys","url":"www.thegoodguys.com.au","shopback":{"sb_id":8367,"sb_name":"The Good Guys","url":"www.shopback.com.au/the-good-guys","commission":"Up to 3% Cashback","created_at":"$D2023-08-01T09:56:13.775Z","updated_at":"$D2023-11-25T10:32:54.782Z","hostname":"thegoodguys.com.au"},"cashrewards":{"cr_id":1004849,"name":"The Good Guys","hyphenated_name":"the-good-guys","logo":"//cdn.cashrewards.com/the-good-guys.jpg?t=637599296823973829","created_at":"$D2023-07-30T11:50:50.100Z","commission":2.3,"commission_string":"Up to 2.3% cashback","online":true,"instore":false,"hostname":"thegoodguys.com.au","updated_at":"$D2023-11-25T10:32:11.855Z"}}},{"pid":83429707,"seller_product_url":"https://www.amazon.com.au/dp/B0DKXB12CP","created_at":"$D2025-09-14T01:53:37.581Z","offer_id":null,"base_price":438,"shipping":0,"seller_id":60,"condition":"new","country_code":null,"seller":{"seller_id":60,"name":"Amazon.com.au","url":"www.amazon.com.au","shopback":{"sb_id":8448,"sb_name":"Amazon Australia","url":"www.shopback.com.au/amazon-australia","commission":"Up to 7% Cashback","created_at":"$D2023-08-01T09:56:13.775Z","updated_at":"$D2023-11-25T10:32:54.782Z","hostname":"amazon.com.au"},"cashrewards":{"cr_id":1003434,"name":"Amazon Australia","hyphenated_name":"amazon-australia","logo":"//cdn.cashrewards.com/amazon-australia.jpg","created_at":"$D2023-07-30T11:50:50.100Z","commission":7,"commission_string":"Up to 7% cashback","online":true,"instore":false,"hostname":"amazon.com.au","updated_at":"$D2023-11-30T03:50:38.698Z"}}},{"pid":83429707,"seller_product_url":"https://www.harveynorman.com.au/motorola-moto-g75-5g-256gb-charcoal-grey.html","created_at":"$D2025-09-14T01:53:37.581Z","offer_id":null,"base_price":499,"shipping":7.95,"seller_id":11,"condition":"new","country_code":null,"seller":{"seller_id":11,"name":"Harvey Norman Australia","url":"www.harveynorman.com.au","shopback":null,"cashrewards":null}},{"pid":83429707,"seller_product_url":"https://www.lasoo.com.au/products/personal-digital/1716909/motorola-moto-g75-5g-dual-sim-256gb8gb-68-charcoal-grey","created_at":"$D2025-08-29T20:03:27.652Z","offer_id":null,"base_price":529,"shipping":0,"seller_id":6823,"condition":"new","country_code":null,"seller":{"seller_id":6823,"name":"Lasoo","url":"www.lasoo.com.au","shopback":null,"cashrewards":null}},{"pid":83429707,"seller_product_url":"https://www.personaldigital.com.au/products/motorola-moto-g75-5g-dual-sim-256gb-8gb-6-8-bonus-moto-buds-charcoal-grey?variant=43108785651811","created_at":"$D2025-08-28T23:53:56.005Z","offer_id":null,"base_price":529,"shipping":0,"seller_id":14764,"condition":"new","country_code":null,"seller":{"seller_id":14764,"name":"Personal Digital","url":"www.personaldigital.com.au","shopback":null,"cashrewards":null}},{"pid":83429707,"seller_product_url":"https://www.mobilewizardstore.com.au/product-page/motorola-g75-5g-256gb-with-moto-buds-charcoal-grey-au-stock-6-8-full","created_at":"$D2025-08-23T11:01:27.827Z","offer_id":null,"base_price":499,"shipping":15,"seller_id":1212885227,"condition":"new","country_code":null,"seller":{"seller_id":1212885227,"name":"Mobile Wizard Store","url":"www.mobilewizardstore.com.au","shopback":null,"cashrewards":null}},{"pid":83429707,"seller_product_url":"https://www.bigw.com.au/product/moto-g75-5g-256gb-grey-with-moto-buds/p/6001651","created_at":"$D2025-08-23T11:01:27.827Z","offer_id":null,"base_price":399,"shipping":0,"seller_id":52,"condition":"new","country_code":null,"seller":{"seller_id":52,"name":"BIG W","url":"www.bigw.com.au","shopback":{"sb_id":17706,"sb_name":"Big W","url":"www.shopback.com.au/bigw","commission":"Up to 4% Cashback","created_at":"$D2023-08-01T09:56:13.775Z","updated_at":"$D2023-11-25T10:32:54.782Z","hostname":"bigw.com.au"},"cashrewards":{"cr_id":1004971,"name":"BIG W","hyphenated_name":"big-w","logo":"//cdn.cashrewards.com/big-w.png?t=637690919703543365","created_at":"$D2023-07-30T11:50:50.100Z","commission":2.4,"commission_string":"Up to 2.4% cashback","online":true,"instore":false,"hostname":"bigw.com.au","updated_at":"$D2023-11-30T03:50:38.698Z"}}},{"pid":83429707,"seller_product_url":"https://cybertechlab.com.au/products/motorola-g75-5g-256gb-with-moto-buds-charcoal-grey-au-stock-6-8-full-hd-120hz-8gb-256gb-dual-sim-50mp-16mp-water-protection-5000mah-2year-warranty","created_at":"$D2025-07-28T22:35:09.370Z","offer_id":null,"base_price":424.15,"shipping":20,"seller_id":1464195854,"condition":"new","country_code":null,"seller":{"seller_id":1464195854,"name":"cybertechlab.com.au","url":null,"shopback":null,"cashrewards":null}},{"pid":83429707,"seller_product_url":"https://horizonstore.com.au/products/motorola-moto-g75-5g-8gb-256gb-6-8-w-moto-buds-charcoal-grey?variant=44615659061436","created_at":"$D2025-07-10T08:25:35.929Z","offer_id":null,"base_price":399.99,"shipping":0,"seller_id":395586347,"condition":"new","country_code":null,"seller":{"seller_id":395586347,"name":"Horizon Store","url":"www.horizonstore.com.au","shopback":null,"cashrewards":null}},{"pid":83429707,"seller_product_url":"https://www.officeworks.com.au/shop/officeworks/p/moto-g75-5g-256gb-grey-with-buds-motog75gry","created_at":"$D2025-06-20T16:42:06.111Z","offer_id":null,"base_price":277,"shipping":0,"seller_id":57,"condition":"new","country_code":null,"seller":{"seller_id":57,"name":"Officeworks","url":"www.officeworks.com.au","shopback":null,"cashrewards":null}},{"pid":83429707,"seller_product_url":"https://www.domayne.com.au/motorola-moto-g75-5g-256gb-charcoal-grey.html","created_at":"$D2025-06-20T16:42:06.111Z","offer_id":null,"base_price":277,"shipping":7.95,"seller_id":1364130860,"condition":"new","country_code":null,"seller":{"seller_id":1364130860,"name":"Domayne","url":"www.domayne.com.au","shopback":null,"cashrewards":null}},{"pid":83429707,"seller_product_url":"https://www.joycemayne.com.au/motorola-moto-g75-5g-256gb-charcoal-grey.html","created_at":"$D2025-06-20T16:42:06.111Z","offer_id":null,"base_price":277,"shipping":7.95,"seller_id":711746650,"condition":"new","country_code":null,"seller":{"seller_id":711746650,"name":"Joyce Mayne","url":"www.joycemayne.com.au","shopback":null,"cashrewards":null}},{"pid":83429707,"seller_product_url":"https://www.ebay.com.au/itm/335991073910","created_at":"$D2025-06-16T07:03:09.539Z","offer_id":null,"base_price":395,"shipping":5,"seller_id":467756700,"condition":"new","country_code":null,"seller":{"seller_id":467756700,"name":"eBay - ozzie_collecta","url":null,"shopback":null,"cashrewards":null}},{"pid":83429707,"seller_product_url":"https://www.jbhifi.com.au/products/moto-g75-5g-256gb-with-moto-buds-charcoal-grey","created_at":"$D2025-06-05T03:15:37.431Z","offer_id":null,"base_price":499,"shipping":6.99,"seller_id":9,"condition":"new","country_code":null,"seller":{"seller_id":9,"name":"JB Hi-Fi","url":"www.jbhifi.com.au","shopback":null,"cashrewards":null}},{"pid":83429707,"seller_product_url":"https://auzzistore.com.au/products/motorola-moto-g75-5g-with-moto-buds-256gb-charcoal-grey?variant=46348469862617","created_at":"$D2025-06-01T17:31:11.420Z","offer_id":null,"base_price":718.96,"shipping":0,"seller_id":6332,"condition":"new","country_code":null,"seller":{"seller_id":6332,"name":"Auzzi Store","url":"www.auzzistore.com.au","shopback":null,"cashrewards":null}},{"pid":83429707,"seller_product_url":"https://www.lenovo.com/au/en/p/accessories-and-software/moto-phones/moto-g-series/78808445","created_at":"$D2025-05-22T09:46:29.425Z","offer_id":null,"base_price":499,"shipping":0,"seller_id":1580,"condition":"new","country_code":null,"seller":{"seller_id":1580,"name":"Lenovo","url":"www.lenovo.com","shopback":{"sb_id":8373,"sb_name":"Lenovo","url":"www.shopback.com.au/lenovo","commission":"10% Cashback","created_at":"$D2023-08-01T09:56:13.775Z","updated_at":"$D2023-11-25T10:32:54.782Z","hostname":"lenovo.com"},"cashrewards":{"cr_id":1005943,"name":"Lenovo","hyphenated_name":"lenovo","logo":"//cdn.cashrewards.com/lenovo.png?t=638261059478146003","created_at":"$D2023-07-30T11:50:50.100Z","commission":3.3,"commission_string":"3.3% cashback","online":true,"instore":false,"hostname":"lenovo.com","updated_at":"$D2023-11-30T03:50:38.698Z"}}},{"pid":83429707,"seller_product_url":"https://www.retravision.com.au/motorola-moto-g75-5g-256gb-charcoal-grey-moto-buds-11901327984-pb3y0024au","created_at":"$D2025-05-20T07:46:42.621Z","offer_id":null,"base_price":328,"shipping":7.76,"seller_id":80,"condition":"new","country_code":null,"seller":{"seller_id":80,"name":"Retravision","url":"www.retravision.com.au","shopback":null,"cashrewards":null}},{"pid":83429707,"seller_product_url":"https://www.catch.com.au/product/motorola-moto-g75-5g-bonus-moto-buds-dual-sim-256gb-8gb-6-8-grey-33244983/","created_at":"$D2025-05-01T20:06:57.701Z","offer_id":null,"base_price":506.8,"shipping":0,"seller_id":115,"condition":"new","country_code":null,"seller":{"seller_id":115,"name":"Catch.com.au","url":"www.catch.com.au","shopback":null,"cashrewards":null}},{"pid":83429707,"seller_product_url":"https://www.mwave.com.au/product/motorola-g75-5g-256gb-smartphone-with-buds-grey-ac82193","created_at":"$D2025-03-30T19:36:19.814Z","offer_id":null,"base_price":481.95,"shipping":9.95,"seller_id":278,"condition":"new","country_code":null,"seller":{"seller_id":278,"name":"Mwave Australia","url":"mwave.com.au","shopback":{"sb_id":63702,"sb_name":"Mwave","url":"www.shopback.com.au/mwave","commission":"0.5% Cashback","created_at":"$D2023-08-01T09:56:13.775Z","updated_at":"$D2023-11-25T10:32:54.782Z","hostname":"mwave.com.au"},"cashrewards":{"cr_id":1004885,"name":"Mwave","hyphenated_name":"mwave","logo":"//cdn.cashrewards.com/mwave.png?t=637622737569102693","created_at":"$D2023-07-30T11:50:50.100Z","commission":0.6,"commission_string":"0.6% cashback","online":true,"instore":false,"hostname":"mwave.com.au","updated_at":"$D2024-09-18T10:29:30.752Z"}}},{"pid":83429707,"seller_product_url":"https://www.ebay.com.au/itm/395926055872","created_at":"$D2025-03-25T23:36:19.529Z","offer_id":null,"base_price":388.64,"shipping":0,"seller_id":157,"condition":"new","country_code":null,"seller":{"seller_id":157,"name":"eBay.com.au","url":"www.ebay.com.au","shopback":{"sb_id":25493,"sb_name":"eBay","url":"www.shopback.com.au/ebay","commission":"Up to 4% Cashback","created_at":"$D2023-08-01T09:56:13.775Z","updated_at":"$D2023-11-25T10:32:54.782Z","hostname":"ebay.com.au"},"cashrewards":{"cr_id":1001163,"name":"eBay Australia","hyphenated_name":"ebay-australia","logo":"//cdn.cashrewards.com/ebay-australia.jpg","created_at":"$D2023-07-30T11:50:50.100Z","commission":5,"commission_string":"Up to 5% cashback","online":true,"instore":false,"hostname":"stores.ebay.com.au","updated_at":"$D2024-09-18T10:29:30.752Z"}}},{"pid":83429707,"seller_product_url":"https://www.snaffle.com.au/p/%7B%7Bprocess.slugify(decodeURIComponent(Variant.Slug))%7D%7D/","created_at":"$D2025-03-18T23:28:30.123Z","offer_id":null,"base_price":795.08,"shipping":0,"seller_id":78499855,"condition":"new","country_code":null,"seller":{"seller_id":78499855,"name":"Snaffle","url":"www.snaffle.com.au","shopback":null,"cashrewards":null}},{"pid":83429707,"seller_product_url":"https://mylayby.com/product_via_sku/1442822","created_at":"$D2024-12-26T09:11:29.984Z","offer_id":null,"base_price":534,"shipping":0,"seller_id":215,"condition":"new","country_code":null,"seller":{"seller_id":215,"name":"MyLayby","url":"mylayby.com","shopback":null,"cashrewards":null}}],"reviews":[{"review_id":12146952,"pid":83429707,"gid":"15797211988331096831","title":"Excellent value for money","details":T6c8,Bought this for my daughter and I\'m very impressed. The camera is more than capable for daylight photos and selfies. The processor and RAM are fast enough. I compared APP loading and camera launching vs my Samsung Ultra and there\'s little difference for normal use (processing video or intense gaming you can see a difference, but in normal use, they\'re close).It\'s a little on the big side, especially for a child, but the Military toughness and optional screen repair service make up for that. The battery beats my Samsung phone in real every day use hands down.Absolute standout feature for me is Wireless Charging. This means the phone is left on our charger in the living room, and doesn\'t go up to bedrooms in the evening. Google Family Link works well too.Overall ...\xa0MoreBought this for my daughter and I\'m very impressed. The camera is more than capable for daylight photos and selfies. The processor and RAM are fast enough. I compared APP loading and camera launching vs my Samsung Ultra and there\'s little difference for normal use (processing video or intense gam,"rating":5,"review_date":"3 November 2024","reviewer":"KentishLad","store":"motorola.co.uk","created_at":"$D2024-12-01T14:01:57.793Z","thumbnails":null},{"review_id":12146960,"pid":83429707,"gid":"15797211988331096831","title":"great bargain","details":"great price ... great specs... great phone... i am satisfied","rating":5,"review_date":"28 October 2024","reviewer":"trindik","store":"motorola.co.uk","created_at":"$D2024-12-01T14:01:57.793Z","thumbnails":null},{"review_id":12146959,"pid":83429707,"gid":"15797211988331096831","title":"Great features.","details":"I\'m so happy with it.Nice phone and features compared with other phones and its price too.","rating":5,"review_date":"20 November 2024","reviewer":"Nusrat","store":"motorola.co.uk","created_at":"$D2024-12-01T14:01:57.793Z","thumbnails":null},{"review_id":12146961,"pid":83429707,"gid":"15797211988331096831","title":"Must buy","details":"Best budget mobile with all the best features.","rating":4,"review_date":"16 November 2024","reviewer":"","store":"noon.com/uae-en/","created_at":"$D2024-12-01T14:01:57.793Z","thumbnails":null},{"review_id":12146958,"pid":83429707,"gid":"15797211988331096831","title":"On internet everywhere they said this is a snapdragon 6gen3","details":"On internet everywhere they said this is a snapdragon 6gen3, but when I received this phone and I checked microprocessor it was not the same, microprocessor is something else not the snapdragon","rating":4,"review_date":"9 November 2024","reviewer":"Farhan P.","store":"noon.com/uae-en/","created_at":"$D2024-12-01T14:01:57.793Z","thumbnails":null},{"review_id":12146957,"pid":83429707,"gid":"15797211988331096831","title":"people purchased thinking it was nano + nano sim","details":"People purchased this phone thinking it was nano + nano configuration and then got sent esim + nano instead. motorola uk website showed that the mot g75 had nano sim + nano sim. but later changed it to esim + nano sim. so either motorola initially put the wrong details on the website , or it was a mess up at the factory , ie did motorola order nano + nano configuration from factory in china and they messed up ? and then when they shipped the phone with wrong configuration they just changed spec on their website ? because all the reviews that came out first stated it had nano + nano facility.","rating":1,"review_date":"14 November 2024","reviewer":"wizdumb","store":"motorola.co.uk","created_at":"$D2024-12-01T14:01:57.793Z","thumbnails":["https://encrypted-tbn2.gstatic.com/shopping?q=tbn:ANd9GcRIt9VoCvfxQOjQnzzO4k1rizOQl9Y5tUeODDYJu-SNtZDuqyNgnqGj38gD1_mK5EIBUxuusMz4RWvxA6-dnUELNzuNJtqQ9woySfRgPRNiej5W5URwvdQdGQ","https://encrypted-tbn1.gstatic.com/shopping?q=tbn:ANd9GcR2HqJ4hYu9-qIowJ4Dl-TvENKO-d_dXEXLofIJInNQzlG7-Jl7AgWeF7J46DRiQSAOgDGoNf_2ESJaIoBeSBxKdKhSGrj5hNt_fXdTwkwGeic-7LPqxPFDig","https://encrypted-tbn2.gstatic.com/shopping?q=tbn:ANd9GcSBpWTE7-ivCZyUCeAGXIyrIMXKEboYFdJdNKbeSr35-BaMg4U5mn-ilzH4fLm8YYvP6AKH3WbVknoXx8huEC9psXOzL1apuElUPsmyjXpnAYYwjvy4F90pdDE"]},{"review_id":12146956,"pid":83429707,"gid":"15797211988331096831","title":"The only phone that has everything I want","details":"Absolute Pinnacle of Value such a bargain. It\'s fast, has support for dual SIM and eSIM. Has expandable storage, IP68 so it can be submerged into water, it has wireless charging, Military drop tested approved, has Gorilla Glass 5. The screen is LCD rather than OLED, which in my view is better because it\'s more eye friendly than OLED (PWM method that OLED uses can cause eyestrain and headaches)I went for green because the black option does not have the faux leather on the back and I found it to be too slippy so I returned it.The battery lasts a long time, after a full days use it still shows 50 percent. I\'m very happy with image quality.Oh and the camera has Optical image stabilisation and at this price point it is hard to find.","rating":5,"review_date":"10 November 2024","reviewer":"Smithy","store":"motorola.co.uk","created_at":"$D2024-12-01T14:01:57.793Z","thumbnails":["https://encrypted-tbn1.gstatic.com/shopping?q=tbn:ANd9GcSb1QrN0DeSZDPRzuEYbkHKq9puZRr_-o9vzFhg5GK47QP70agUJyeMsNwDxH2PB6E1Jf2SfruHSs1pxhRdiFOKB0D9hibbbGLDvSMaLUMDB3Rc4_Arl9enpQ8","https://encrypted-tbn1.gstatic.com/shopping?q=tbn:ANd9GcTynVt7ocP6bzQ7c56Ac_gq3REyxv0EFXGeOjgUTTMk3cZdnQN06NPOgVUDqtzOo-rAeLclMXLVRmlHW9g47fg2fViEDG-nSBVbJ9KeaqMyS4dKkp0f2kySs7g"]}],"detail":{"specs":[{"name":"Network","value":"5G"},{"name":"Sim Card Type","value":"eSIM / Nano"},{"name":"Operating System","value":"Android 14"},{"name":"Display","value":"6.8 inches Full HD+"},{"name":"Video Recording","value":"4K"},{"name":"Phone Family","value":"Moto g75"},{"name":"Expandable Storage","value":"up to 1TB microSD card expandable"},{"name":"RAM Size","value":"8GB"},{"name":"Bluetooth","value":"5.4"},{"name":"GPS","value":"GPS A-GPS LTEPP SUPL GLONASS Galileo QZSS BeiDou"},{"name":"Product Width (mm)","value":"77.1"},{"name":"Product Height (mm)","value":"165.95"},{"name":"Product Depth (mm)","value":"7.99"},{"name":"Battery","value":"5000mAh"},{"name":"Manufacturer\'s Warranty","value":"2 Years"},{"name":"Storage Size","value":"256GB"},{"name":"Colour","value":"Charcoal Grey"},{"name":"Display Resolution","value":"2388 1080"},{"name":"Weight (g)","value":"180"},{"name":"Front Camera","value":"8MP"},{"name":"Rear Camera","value":"50MP"},{"name":"Release Year","value":"2024"}],"pid":83429707,"gid":"15797211988331096831","created_at":"$D2024-12-01T10:50:07.893Z"},"oz":[{"node":908653,"title":"[eBay Plus, Back Order] Motorola Moto G75 5G (Bonus: Moto Buds, Dual Sim, 256GB/8GB, 6.8\'\') $230.30 Delivered @ Allphones eBay - OzBargain","upvotes":145,"downvotes":0,"link":"https://www.ebay.com.au/itm/167115114606","created_at":"$D2025-06-03T02:01:01.730Z","updated_at":"$D2025-06-03T08:00:05.574Z","pid":83429707,"status":"out of stock","coupon":"JUNEOFY","seller_id":157},{"node":905382,"title":"Motorola G75 5G 8GB RAM/256GB Storage \\u0026 Bonus Moto Buds $296.10 Delivered / C\\u0026C (Everyday Rewards Required) @ BIG W - OzBargain","upvotes":100,"downvotes":0,"link":"https://www.bigw.com.au/product/moto-g75-5g-256gb-grey-with-moto-buds/p/6001651","created_at":"$D2025-05-12T04:00:21.738Z","updated_at":"$D2025-05-24T06:00:24.532Z","pid":83429707,"status":"expired","coupon":"XMAY2025","seller_id":52},{"node":905505,"title":"Motorola G75 5G 8GB RAM/256GB Storage \\u0026 Bonus Moto Buds $287, Dyson WashG1 $539 + Delivery ($0 C\\u0026C) @ The Good Guys - OzBargain","upvotes":78,"downvotes":0,"link":"https://www.thegoodguys.com.au/motorola-g75-5g-256gb-charcoal-grey-11901327984","created_at":"$D2025-05-13T00:00:20.459Z","updated_at":"$D2025-05-14T16:00:07.499Z","pid":83429707,"status":"expired","coupon":"DEAL","seller_id":10},{"node":905614,"title":"Motorola G75 5G 8GB RAM/256GB Storage \\u0026 Bonus Moto Buds \\u0026 Cord Grippers 6 Pack $260 + Delivery ($0 C\\u0026C) @ The Good Guys - OzBargain","upvotes":250,"downvotes":0,"link":"https://www.thegoodguys.com.au/motorola-g75-5g-256gb-charcoal-grey-11901327984","created_at":"$D2025-05-13T10:00:28.563Z","updated_at":"$D2025-05-14T16:00:06.073Z","pid":83429707,"status":"expired","coupon":"DEAL","seller_id":10}]}}]'}
DEBUG    custom_components.price_tracker.services.buywisely.hydration_parser:hydration_parser.py:95 [DIAG] Resolved string for key 1: HL["/_next/static/media/2b3f1035ed87a788-s.p.woff2","font",{"crossOrigin":"","type":"font/woff2"}]...
DEBUG    custom_components.price_tracker.services.buywisely.hydration_parser:hydration_parser.py:95 [DIAG] Resolved string for key 2: HL["/_next/static/media/8bf7b2ceda89477b-s.p.woff2","font",{"crossOrigin":"","type":"font/woff2"}]...
DEBUG    custom_components.price_tracker.services.buywisely.hydration_parser:hydration_parser.py:95 [DIAG] Resolved string for key 3: HL["/_next/static/css/e0d445a9cf4aff75.css","style"]...
DEBUG    custom_components.price_tracker.services.buywisely.hydration_parser:hydration_parser.py:95 [DIAG] Resolved string for key 4: I[89562,[],""]...
DEBUG    custom_components.price_tracker.services.buywisely.hydration_parser:hydration_parser.py:95 [DIAG] Resolved string for key 7: I[78703,[],""]...
DEBUG    custom_components.price_tracker.services.buywisely.hydration_parser:hydration_parser.py:95 [DIAG] Resolved string for key 9: I[53751,[],""]...
DEBUG    custom_components.price_tracker.services.buywisely.hydration_parser:hydration_parser.py:95 [DIAG] Resolved string for key c: I[11478,["3655","static/chunks/3655-f78e4e363a5541d0.js","395","static/chunks/app/product/%5Bslug%5D/layout-afd1e0771fc65a8b.js"],""]...
WARNING  custom_components.price_tracker.services.buywisely.hydration_parser:hydration_parser.py:112 Could not parse resolved record c: ('Unknown identifier', 'I')
DEBUG    custom_components.price_tracker.services.buywisely.hydration_parser:hydration_parser.py:95 [DIAG] Resolved string for key d: I[25719,["3655","static/chunks/3655-f78e4e363a5541d0.js","6290","static/chunks/6290-2a8ce89a0b5a3df8.js","3895","static/chunks/app/product/%5Bslug%5D/@offers/loading-91e67d2edba3eaa4.js"],"default"]...
WARNING  custom_components.price_tracker.services.buywisely.hydration_parser:hydration_parser.py:112 Could not parse resolved record d: ('Unknown identifier', 'I')
DEBUG    custom_components.price_tracker.services.buywisely.hydration_parser:hydration_parser.py:95 [DIAG] Resolved string for key e: I[88170,["3655","static/chunks/3655-f78e4e363a5541d0.js","6290","static/chunks/6290-2a8ce89a0b5a3df8.js","3895","static/chunks/app/product/%5Bslug%5D/@offers/loading-91e67d2edba3eaa4.js"],""]...
WARNING  custom_components.price_tracker.services.buywisely.hydration_parser:hydration_parser.py:112 Could not parse resolved record e: ('Unknown identifier', 'I')
DEBUG    custom_components.price_tracker.services.buywisely.hydration_parser:hydration_parser.py:95 [DIAG] Resolved string for key f: I[44863,["3655","static/chunks/3655-f78e4e363a5541d0.js","395","static/chunks/app/product/%5Bslug%5D/layout-afd1e0771fc65a8b.js"],""]...
WARNING  custom_components.price_tracker.services.buywisely.hydration_parser:hydration_parser.py:112 Could not parse resolved record f: ('Unknown identifier', 'I')
DEBUG    custom_components.price_tracker.services.buywisely.hydration_parser:hydration_parser.py:95 [DIAG] Resolved string for key 10: I[39146,["3655","static/chunks/3655-f78e4e363a5541d0.js","6290","static/chunks/6290-2a8ce89a0b5a3df8.js","2665","static/chunks/2665-2d172eda87a962e3.js","6435","static/chunks/app/product/%5Bslug%5D/@info/loading-1c1ee849e97e6a1a.js"],""]...
WARNING  custom_components.price_tracker.services.buywisely.hydration_parser:hydration_parser.py:112 Could not parse resolved record 10: ('Unknown identifier', 'I')
DEBUG    custom_components.price_tracker.services.buywisely.hydration_parser:hydration_parser.py:95 [DIAG] Resolved string for key 13: I[79165,["3655","static/chunks/3655-f78e4e363a5541d0.js","6290","static/chunks/6290-2a8ce89a0b5a3df8.js","6381","static/chunks/6381-2b873addadcb95f3.js","6310","static/chunks/6310-99207018fb617736.js","5469","static/chunks/5469-d5f85e2b5dbb2663.js","6341","static/chunks/6341-ca54939c2b36d77d.js","6252","static/chunks/6252-920c83842bca245b.js","6574","static/chunks/6574-85b13196e7d2f55e.js","307","static/chunks/307-cefa9bd2f7381bf5.js","2665","static/chunks/2665-2d172eda87a962e3.js","684","static...
DEBUG    custom_components.price_tracker.services.buywisely.hydration_parser:hydration_parser.py:95 [DIAG] Resolved string for key 14: I[72470,["3655","static/chunks/3655-f78e4e363a5541d0.js","6290","static/chunks/6290-2a8ce89a0b5a3df8.js","6381","static/chunks/6381-2b873addadcb95f3.js","6310","static/chunks/6310-99207018fb617736.js","5469","static/chunks/5469-d5f85e2b5dbb2663...
DEBUG    custom_components.price_tracker.services.buywisely.hydration_parser:hydration_parser.py:95 [DIAG] Resolved string for key 15: I[68744,["3655","static/chunks/3655-f78e4e363a5541d0.js","6290","static/chunks/6290-2a8ce89a0b5a3df8.js","6381","static/chunks/6381-2b873addadcb95f3.js","6310","static/chunks/6310-99207018fb617736.js","5469","static/chunks/5469-d5f85e2b5dbb2663.js","6341","static/chunks/6341-ca54939c2b36d77d.js","6252","static/chunks/6252-920c83842bca245b.js","6574","static/chunks/6574-85b13196e7d2f55e.js","307","static/chunks/307-cefa9bd2f7381bf5.js","2665","static/chunks/2665-2d172eda87a962e3.js","684","static...
DEBUG    custom_components.price_tracker.services.buywisely.hydration_parser:hydration_parser.py:95 [DIAG] Resolved string for key 16: I[58977,["3655","static/chunks/3655-f78e4e363a5541d0.js","6290","static/chunks/6290-2a8ce89a0b5a3df8.js","6381","static/chunks/6381-2b873addadcb95f3.js","6310","static/chunks/6310-99207018fb617736.js","5469","static/chunks/5469-d5f85e2b5dbb2663.js","6341","static/chunks/6341-ca54939c2b36d77d.js","6252","static/chunks/6252-920c83842bca245b.js","6574","static/chunks/6574-85b13196e7d2f55e.js","307","static/chunks/307-cefa9bd2f7381bf5.js","2665","static/chunks/2665-2d172eda87a962e3.js","684","static...
DEBUG    custom_components.price_tracker.services.buywisely.hydration_parser:hydration_parser.py:95 [DIAG] Resolved string for key 17: I[66973,["3655","static/chunks/3655-f78e4e363a5541d0.js","6290","static/chunks/6290-2a8ce89a0b5a3df8.js","6381","static/chunks/6381-2b873addadcb95f3.js","6310","static/chunks/6310-99207018fb617736.js","5469","static/chunks/5469-d5f85e2b5dbb2663.js","6341","static/chunks/6341-ca54939c2b36d77d.js","6252","static/chunks/6252-920c83842bca245b.js","6574","static/chunks/6574-85b13196e7d2f55e.js","307","static/chunks/307-cefa9bd2f7381bf5.js","2665","static/chunks/2665-2d172eda87a962e3.js","684","static...
DEBUG    custom_components.price_tracker.services.buywisely.hydration_parser:hydration_parser.py:95 [DIAG] Resolved string for key 18: I[32206,["3655","static/chunks/3655-f78e4e363a5541d0.js","6290","static/chunks/6290-2a8ce89a0b5a3df8.js","6381","static/chunks/6381-2b873addadcb95f3.js","6310","static/chunks/6310-99207018fb617736.js","5469","static/chunks/5469-d5f85e2b5dbb2663.js","6341","static/chunks/6341-ca54939c2b36d77d.js","6252","static/chunks/6252-920c83842bca245b.js","6574","static/chunks/6574-85b13196e7d2f55e.js","307","static/chunks/307-cefa9bd2f7381bf5.js","2665","static/chunks/2665-2d172eda87a962e3.js","684","static...
DEBUG    custom_components.price_tracker.services.buywisely.hydration_parser:hydration_parser.py:95 [DIAG] Resolved string for key 19: I[25115,["3655","static/chunks/3655-f78e4e363a5541d0.js","6290","static/chunks/6290-2a8ce89a0b5a3df...
DEBUG    custom_components.price_tracker.services.buywisely.hydration_parser:hydration_parser.py:95 [DIAG] Resolved string for key 1b: I[20977,["3655","static/chunks/3655-f78e4e363a5541d0.js","6290","static/chunks/6290-2a8ce89a0b5a3df8.js","6381","static/chunks/6381-2b873addadcb95f3.js","6310","static/chunks/6310-99207018fb617736.js","5469","static/chunks/5469-d5f85e2b5dbb2663.js","9160","static/chunks/app/not-found-9fe2d208d6f479a3.js"],"default"]...
DEBUG    custom_components.price_tracker.services.buywisely.hydration_parser:hydration_parser.py:95 [DIAG] Resolved string for key 1c: I[79529,["3655","static/chunks/3655-f78e4e363a5541d0.js","6290","static/chunks/6290-2a8ce89a0b5a3df8.js","6381","static/chunks/6381-2b873addadcb95f3.js","6310","static/chunks/6310-99207018fb617736.js","5469","static/chunks/5469-d5f85e2b5dbb2663.js","6341","static/chunks/6341-ca54939c2b36d77d.js","6252","static/chunks/6252-920c83842bca245b.js","6574","static/chunks/6574-85b13196e7d2f55e.js","307","static/chunks/307-cefa9bd2f7381bf5.js","2665","static/chunks/2665-2d172eda87a962e3.js","684","static...
DEBUG    custom_components.price_tracker.services.buywisely.hydration_parser:hydration_parser.py:95 [DIAG] Resolved string for key 1d: I[74906,["3655","static/chunks/3655-f78e4e363a5541d0.js","6290","static/chunks/6290-2a8ce89a0b5a3df8.js","6381","static/chunks/6381-2...
DEBUG    custom_components.price_tracker.services.buywisely.hydration_parser:hydration_parser.py:95 [DIAG] Resolved string for key 1e: I[25327,["3655","static/chunks/3655-f78e4e363a5541d0.js","6290","static/chunks/6290-2a8ce89a0b5a3df8.js","6381","static/chunks/6381-2b873addadcb95f3.js","6310","static/chunks/6310-99207018fb617736.js","5469","static/chunks/5469-d5f85e2b5dbb2663.js","6341","static/chunks/6341-ca54939c2b36d77d.js","6252","static/chunks/6252-920c83842bca245b.js","6574","static/chunks/6574-85b13196e7d2f55e.js","307","static/chunks/307-cefa9bd2f7381bf5.js","2665","static/chunks/2665-2d172eda87a962e3.js","684","static...
DEBUG    custom_components.price_tracker.services.buywisely.hydration_parser:hydration_parser.py:95 [DIAG] Resolved string for key 20: I[51395,[],""]...
DEBUG    custom_components.price_tracker.services.buywisely.hydration_parser:hydration_parser.py:95 [DIAG] Resolved string for key 8: ["slug","motorola-moto-g75-5g-256gb-grey-with-buds","d"]...
DEBUG    custom_components.price_tracker.services.buywisely.hydration_parser:hydration_parser.py:95 [DIAG] Resolved string for key 21: []...
DEBUG    custom_components.price_tracker.services.buywisely.hydration_parser:hydration_parser.py:95 [DIAG] Resolved string for key 0: [[["$","link","0",{"rel":"stylesheet","href":"/_next/static/css/e0d445a9cf4aff75.css","precedence":"next","crossOrigin":"$undefined"}]],["$","$L4",null,{"buildId":"vVT_ICiXqaGX8gcuY6VmE","assetPrefix":"","initialCanonicalUrl":"/product/motorola-moto-g75-5g-256gb-grey-with-buds","initialTree":["",{"children":["product",{"children":[["slug","motorola-moto-g75-5g-256gb-grey-with-buds","d"],{"category":["__PAGE__",{"children":["__PAGE__",{}]}],"info":["__PAGE__",{"children":["__PAGE__",{}]}],"offers...
WARNING  custom_components.price_tracker.services.buywisely.hydration_parser:hydration_parser.py:112 Could not parse resolved record 0: ('Unknown identifier', 'I')
DEBUG    custom_components.price_tracker.services.buywisely.hydration_parser:hydration_parser.py:95 [DIAG] Resolved string for key a: null...
DEBUG    custom_components.price_tracker.services.buywisely.hydration_parser:hydration_parser.py:95 [DIAG] Resolved string for key 12: E{"digest":"NEXT_NOT_FOUND"}...
DEBUG    custom_components.price_tracker.services.buywisely.hydration_parser:hydration_parser.py:95 [DIAG] Resolved string for key 22: I[5821,["3655","static/chunks/3655-f78e4e363a5541d0.js","6290","static/chunks/6290-2a8ce89a0b5a3df8.js","6381","static/chunks/6381-2b873addadcb95f3.js","6310","static/chunks/6310-99207018fb617736.js","5469","static/chunks/5469-d5f85e2b5dbb2663.js","6341","static/chunks/6341-ca54939c2b36d77d.js","6252","static/chunks/6252-920c83842bca245b.js","6574","static/chunks/6574-85b13196e7d2f55e.js","307","static/chunks/307-cefa9bd2f7381bf5.js","2665","static/chunks/2665-2d172eda87a962e3.js","684","static/...
DEBUG    custom_components.price_tracker.services.buywisely.hydration_parser:hydration_parser.py:95 [DIAG] Resolved string for key 23: I[6063,["3655","static/chunks/3655-f78e4e363a5541d0.js","6290","static/chunks/6290-2a8ce89a0b5a3df8.js","6381","static/chunks/6381-2b873addadcb95f3.js","6310","static/chunks/6310-99207018fb617736.js","5469","static/chunks/5469-d5f85e2b5dbb2663.js","6341","static/chunks/6341-ca54939c2b36d77d.js","6252","static/chunks/6252-920c83842bca245b.js","6574","static/chunks/6574-85b13196e7d2f55e.js","307","static/chunks/307-cefa9bd2f7381bf5.js","2665","static/chunks/2665-2d172eda87a962e3.js","684","static/...
DEBUG    custom_components.price_tracker.services.buywisely.hydration_parser:hydration_parser.py:95 [DIAG] Resolved string for key 24: I[92163,["3655","static/chunks/3655-f78e4e363a5541d0.js","6290","static/chunks/6290-2a8ce89a0b5a3df8.js","6381","static/chunks/6381-2b873addadcb95f3.js","6310","static/chunks/6310-99207018fb617736.js","5469","static/chunks/5469-d5f85e2b5dbb2663.js","6341","static/chunks/6341-ca54939c2b36d77d.js","6252","static/chunks/6252-920c83842bca245b.js","6574","static/chunks/657...
DEBUG    custom_components.price_tracker.services.buywisely.hydration_parser:hydration_parser.py:95 [DIAG] Resolved string for key 25: I[5281,["3655","static/chunks/3655-f78e4e363a5541d0.js","6290","static/chunks/6290-2a8ce89a0b5a3df8.js","6381","static/chunks/6381-2b873addadcb95f3.js","6310","static/chunks/6310-99207018fb617736.js","5469","static/chunks/5469-d5f85e2b5dbb2663.js","6341","static/chunks/6341-ca54939c2b36d77d.js","6252","static/chunks/6252-920c83842bca245b.js","6574","static/chunks/6574-85b13196e7d2f55e.js","307","static/chunks/307-cefa9bd2f7381bf5.js","2665","static/chunks/2665-2d172eda87a962e3.js","684","static/...
DEBUG    custom_components.price_tracker.services.buywisely.hydration_parser:hydration_parser.py:95 [DIAG] Resolved string for key 26: I[90996,["3655","static/chunks/3655-f78e4e363a5541d0.js","6290","static/chunks/6290-2a8ce89a0b5a3df8.js","6381","static/chunks/6381-2b873addadcb95f3.js","6310","static/chunks/6310-99207018fb617736.js","5469","static/chunks/5469-d5f85e2b5dbb2663.js","6341","static/chunks/6341-ca54939c2b36d77d.js","6252","static/chunks/6252-920c83842bca245b.js","6574","static/chunks/6574-85b13196e7d2f55e.js","307","static/chunks/307-cefa9bd2f7381bf5.js","2665","static/chunks/2665-2d172eda87a962e3.js","684","static...
DEBUG    custom_components.price_tracker.services.buywisely.hydration_parser:hydration_parser.py:95 [DIAG] Resolved string for key 1a: ["$","$L22",null,{"sx":{"backdropFilter":"blur(6px)","backgroundColor":"rgba(255, 255, 255, 0.8)","boxShadow":"0 2px 4px rgba(0,0,0,0.1)"},"children":["$","$Lf",null,{"children":[["$","$Ld",null,{"direction":"row","alignItems":"center","justifyContent":"space-between","sx":{"display":{"xs":"flex","md":"none"},"height":64},"children":[["$","$L23",null,{"isMobile":true}],["$","$L24",null,{}]]}],["$","$Ld",null,{"direction":"row","alignItems":"center","justifyContent":"space-between","sx":{"display...
DEBUG    custom_components.price_tracker.services.buywisely.hydration_parser:hydration_parser.py:95 [DIAG] Resolved string for key 27: "$Sreact.fragment"...
DEBUG    custom_components.price_tracker.services.buywisely.hydration_parser:hydration_parser.py:95 [DIAG] Resolved string for key 29: I[6632,["3655","static/chunks/3655-f78e4e363a5541d0.js","6381","static/chunks/6381-2b873addadcb95f3.js","635","static/chunks/635-de4a99a005c429a5.js","5153","static/chunks/app/product/%5Bslug%5D/@category/page-e562e2b22b747881.js"],""]...
WARNING  custom_components.price_tracker.services.buywisely.hydration_parser:hydration_parser.py:112 Could not parse resolved record 29: ('Unknown identifier', 'I')
DEBUG    custom_components.price_tracker.services.buywisely.hydration_parser:hydration_parser.py:95 [DIAG] Resolved string for key 2a: I[36049,["3655","static/chunks/3655-f78e4e363a5541d0.js","6381","static/chunks/6381-2b873addadcb95f3.js","635","static/chunks/635-de4a99a005c429a5.js","5153","static/chunks/app/product/%5Bslug%5D/@category/page-e562e2b22b747881.js"],""]...
WARNING  custom_components.price_tracker.services.buywisely.hydration_parser:hydration_parser.py:112 Could not parse resolved record 2a: ('Unknown identifier', 'I')
DEBUG    custom_components.price_tracker.services.buywisely.hydration_parser:hydration_parser.py:95 [DIAG] Resolved string for key 28: [["$","meta","0",{"name":"viewport","content":"width=device-width, initial-scale=1, maximum-scale=1"}],["$","meta","1",{"charSet":"utf-8"}],["$","title","2",{"children":"Motorola Moto G75 5G 256GB Grey with Buds - Price History, Comparison \u0026 Alerts | BuyWisely"}],["$","meta","3",{"name":"description","content":"Crafted from premium materials and featuring military-grade¹ durability, moto g75 5G is made for everyday life. Capture sharp photos and smooth videos using the... Compare prices, tr...
INFO     custom_components.price_tracker.services.buywisely.hydration_parser:hydration_parser.py:105 [DIAG] Parsed JSON from resolved string: [['$', 'meta', '0', {'name': 'viewport', 'content': 'width=device-width, initial-scale=1, maximum-scale=1'}], ['$', 'meta', '1', {'charSet': 'utf-8'}], ['$', 'title', '2', {'children': 'Motorola Moto G75 5G 256GB Grey with Buds - Price History, Comparison & Alerts | BuyWisely'}], ['$', 'meta', '3', {'name': 'description', 'content': 'Crafted from premium materials and featuring military-grade¹ durability, moto g75 5G is made for everyday life. Capture sharp photos and smooth videos using the... Compare prices, track history, set alerts on BuyWisely.'}], ['$', 'meta', '4', {'name': 'keywords', 'content': 'Motorola Moto G75 5G 256GB Grey with Buds, price comparison, price history, price alerts, best deals, online shopping, BuyWisely'}], ['$', 'meta', '5', {'name': 'robots', 'content': 'index, follow'}], ['$', 'meta', '6', {'name': 'googlebot', 'content': 'index, follow, max-video-preview:-1, max-image-preview:large, max-snippet:-1'}], ['$', 'link', '7', {'rel': 'canonical', 'href': 'https://buywisely.com.au/product/motorola-moto-g75-5g-256gb-grey-with-buds'}], ['$', 'meta', '8', {'property': 'og:title', 'content': 'Motorola Moto G75 5G 256GB Grey with Buds - Price History, Comparison & Alerts'}], ['$', 'meta', '9', {'property': 'og:description', 'content': 'Crafted from premium materials and featuring military-grade¹ durability, moto g75 5G is made for everyday life. Capture sharp photos and smooth videos using the... Compare prices, track history, set alerts on BuyWisely.'}], ['$', 'meta', '10', {'property': 'og:image', 'content': 'https://encrypted-tbn0.gstatic.com/shopping?q=tbn:ANd9GcTN0NDdrPCDIn9NaiVIb7vTMSRVKBOQbkBMTHJyb9dzqC_WY5IGMoYuvnsDtsI8XvfpsX50GHyVY5kvPm-1nSr2bXEkwcR1sLJr1IR1dAkwVcXTXGOCB8frf7o'}], ['$', 'meta', '11', {'name': 'twitter:card', 'content': 'summary_large_image'}], ['$', 'meta', '12', {'name': 'twitter:title', 'content': 'Price History, Comparison & Tracking | Save Money on Your Purchases'}], ['$', 'meta', '13', {'name': 'twitter:description', 'content': 'Track price history, compare prices, and set price alerts for products across 20,000+ online shops. BuyWisely helps you find the best deals and make informed buying decisions.'}], ['$', 'meta', '14', {'name': 'twitter:image', 'content': 'https://buywisely.com.au/assets/images/landing/preview.png'}], ['$', 'meta', '15', {'name': 'next-size-adjust'}]]
DEBUG    custom_components.price_tracker.services.buywisely.json_parser_utils:json_parser_utils.py:94 [DIAG][find_product_with_offers_recursive] Processing data (type: <class 'list'>): [['$', 'meta', '0', {'name': 'viewport', 'content': 'width=device-width, initial-scale=1, maximum-sc...
DEBUG    custom_components.price_tracker.services.buywisely.json_parser_utils:json_parser_utils.py:105 [DIAG][find_product_with_offers_recursive] Iterating list of length 16
DEBUG    custom_components.price_tracker.services.buywisely.json_parser_utils:json_parser_utils.py:107 [DIAG][find_product_with_offers_recursive] Recursing into list item 0
DEBUG    custom_components.price_tracker.services.buywisely.json_parser_utils:json_parser_utils.py:94 [DIAG][find_product_with_offers_recursive] Processing data (type: <class 'list'>): ['$', 'meta', '0', {'name': 'viewport', 'content': 'width=device-width, initial-scale=1, maximum-sca...
DEBUG    custom_components.price_tracker.services.buywisely.json_parser_utils:json_parser_utils.py:105 [DIAG][find_product_with_offers_recursive] Iterating list of length 4
DEBUG    custom_components.price_tracker.services.buywisely.json_parser_utils:json_parser_utils.py:107 [DIAG][find_product_with_offers_recursive] Recursing into list item 0
DEBUG    custom_components.price_tracker.services.buywisely.json_parser_utils:json_parser_utils.py:94 [DIAG][find_product_with_offers_recursive] Processing data (type: <class 'str'>): $...
DEBUG    custom_components.price_tracker.services.buywisely.json_parser_utils:json_parser_utils.py:107 [DIAG][find_product_with_offers_recursive] Recursing into list item 1
DEBUG    custom_components.price_tracker.services.buywisely.json_parser_utils:json_parser_utils.py:94 [DIAG][find_product_with_offers_recursive] Processing data (type: <class 'str'>): meta...
DEBUG    custom_components.price_tracker.services.buywisely.json_parser_utils:json_parser_utils.py:107 [DIAG][find_product_with_offers_recursive] Recursing into list item 2
DEBUG    custom_components.price_tracker.services.buywisely.json_parser_utils:json_parser_utils.py:94 [DIAG][find_product_with_offers_recursive] Processing data (type: <class 'str'>): 0...
DEBUG    custom_components.price_tracker.services.buywisely.json_parser_utils:json_parser_utils.py:107 [DIAG][find_product_with_offers_recursive] Recursing into list item 3
DEBUG    custom_components.price_tracker.services.buywisely.json_parser_utils:json_parser_utils.py:94 [DIAG][find_product_with_offers_recursive] Processing data (type: <class 'dict'>): {'name': 'viewport', 'content': 'width=device-width, initial-scale=1, maximum-scale=1'}...
DEBUG    custom_components.price_tracker.services.buywisely.json_parser_utils:json_parser_utils.py:100 [DIAG][find_product_with_offers_recursive] Recursing into key 'name'
DEBUG    custom_components.price_tracker.services.buywisely.json_parser_utils:json_parser_utils.py:94 [DIAG][find_product_with_offers_recursive] Processing data (type: <class 'str'>): viewport...
DEBUG    custom_components.price_tracker.services.buywisely.json_parser_utils:json_parser_utils.py:100 [DIAG][find_product_with_offers_recursive] Recursing into key 'content'
DEBUG    custom_components.price_tracker.services.buywisely.json_parser_utils:json_parser_utils.py:94 [DIAG][find_product_with_offers_recursive] Processing data (type: <class 'str'>): width=device-width, initial-scale=1, maximum-scale=1...
DEBUG    custom_components.price_tracker.services.buywisely.json_parser_utils:json_parser_utils.py:107 [DIAG][find_product_with_offers_recursive] Recursing into list item 1
DEBUG    custom_components.price_tracker.services.buywisely.json_parser_utils:json_parser_utils.py:94 [DIAG][find_product_with_offers_recursive] Processing data (type: <class 'list'>): ['$', 'meta', '1', {'charSet': 'utf-8'}]...
DEBUG    custom_components.price_tracker.services.buywisely.json_parser_utils:json_parser_utils.py:105 [DIAG][find_product_with_offers_recursive] Iterating list of length 4
DEBUG    custom_components.price_tracker.services.buywisely.json_parser_utils:json_parser_utils.py:107 [DIAG][find_product_with_offers_recursive] Recursing into list item 0
DEBUG    custom_components.price_tracker.services.buywisely.json_parser_utils:json_parser_utils.py:94 [DIAG][find_product_with_offers_recursive] Processing data (type: <class 'str'>): $...
DEBUG    custom_components.price_tracker.services.buywisely.json_parser_utils:json_parser_utils.py:107 [DIAG][find_product_with_offers_recursive] Recursing into list item 1
DEBUG    custom_components.price_tracker.services.buywisely.json_parser_utils:json_parser_utils.py:94 [DIAG][find_product_with_offers_recursive] Processing data (type: <class 'str'>): meta...
DEBUG    custom_components.price_tracker.services.buywisely.json_parser_utils:json_parser_utils.py:107 [DIAG][find_product_with_offers_recursive] Recursing into list item 2
DEBUG    custom_components.price_tracker.services.buywisely.json_parser_utils:json_parser_utils.py:94 [DIAG][find_product_with_offers_recursive] Processing data (type: <class 'str'>): 1...
DEBUG    custom_components.price_tracker.services.buywisely.json_parser_utils:json_parser_utils.py:107 [DIAG][find_product_with_offers_recursive] Recursing into list item 3
DEBUG    custom_components.price_tracker.services.buywisely.json_parser_utils:json_parser_utils.py:94 [DIAG][find_product_with_offers_recursive] Processing data (type: <class 'dict'>): {'charSet': 'utf-8'}...
DEBUG    custom_components.price_tracker.services.buywisely.json_parser_utils:json_parser_utils.py:100 [DIAG][find_product_with_offers_recursive] Recursing into key 'charSet'
DEBUG    custom_components.price_tracker.services.buywisely.json_parser_utils:json_parser_utils.py:94 [DIAG][find_product_with_offers_recursive] Processing data (type: <class 'str'>): utf-8...
DEBUG    custom_components.price_tracker.services.buywisely.json_parser_utils:json_parser_utils.py:107 [DIAG][find_product_with_offers_recursive] Recursing into list item 2
DEBUG    custom_components.price_tracker.services.buywisely.json_parser_utils:json_parser_utils.py:94 [DIAG][find_product_with_offers_recursive] Processing data (type: <class 'list'>): ['$', 'title', '2', {'children': 'Motorola Moto G75 5G 256GB Grey with Buds - Price History, Compari...
DEBUG    custom_components.price_tracker.services.buywisely.json_parser_utils:json_parser_utils.py:105 [DIAG][find_product_with_offers_recursive] Iterating list of length 4
DEBUG    custom_components.price_tracker.services.buywisely.json_parser_utils:json_parser_utils.py:107 [DIAG][find_product_with_offers_recursive] Recursing into list item 0
DEBUG    custom_components.price_tracker.services.buywisely.json_parser_utils:json_parser_utils.py:94 [DIAG][find_product_with_offers_recursive] Processing data (type: <class 'str'>): $...
DEBUG    custom_components.price_tracker.services.buywisely.json_parser_utils:json_parser_utils.py:107 [DIAG][find_product_with_offers_recursive] Recursing into list item 1
DEBUG    custom_components.price_tracker.services.buywisely.json_parser_utils:json_parser_utils.py:94 [DIAG][find_product_with_offers_recursive] Processing data (type: <class 'str'>): title...
DEBUG    custom_components.price_tracker.services.buywisely.json_parser_utils:json_parser_utils.py:107 [DIAG][find_product_with_offers_recursive] Recursing into list item 2
DEBUG    custom_components.price_tracker.services.buywisely.json_parser_utils:json_parser_utils.py:94 [DIAG][find_product_with_offers_recursive] Processing data (type: <class 'str'>): 2...
DEBUG    custom_components.price_tracker.services.buywisely.json_parser_utils:json_parser_utils.py:107 [DIAG][find_product_with_offers_recursive] Recursing into list item 3
DEBUG    custom_components.price_tracker.services.buywisely.json_parser_utils:json_parser_utils.py:94 [DIAG][find_product_with_offers_recursive] Processing data (type: <class 'dict'>): {'children': 'Motorola Moto G75 5G 256GB Grey with Buds - Price History, Comparison & Alerts | BuyWi...
DEBUG    custom_components.price_tracker.services.buywisely.json_parser_utils:json_parser_utils.py:100 [DIAG][find_product_with_offers_recursive] Recursing into key 'children'
DEBUG    custom_components.price_tracker.services.buywisely.json_parser_utils:json_parser_utils.py:94 [DIAG][find_product_with_offers_recursive] Processing data (type: <class 'str'>): Motorola Moto G75 5G 256GB Grey with Buds - Price History, Comparison & Alerts | BuyWisely...
DEBUG    custom_components.price_tracker.services.buywisely.json_parser_utils:json_parser_utils.py:107 [DIAG][find_product_with_offers_recursive] Recursing into list item 3
DEBUG    custom_components.price_tracker.services.buywisely.json_parser_utils:json_parser_utils.py:94 [DIAG][find_product_with_offers_recursive] Processing data (type: <class 'list'>): ['$', 'meta', '3', {'name': 'description', 'content': 'Crafted from premium materials and featuring ...
DEBUG    custom_components.price_tracker.services.buywisely.json_parser_utils:json_parser_utils.py:105 [DIAG][find_product_with_offers_recursive] Iterating list of length 4
DEBUG    custom_components.price_tracker.services.buywisely.json_parser_utils:json_parser_utils.py:107 [DIAG][find_product_with_offers_recursive] Recursing into list item 0
DEBUG    custom_components.price_tracker.services.buywisely.json_parser_utils:json_parser_utils.py:94 [DIAG][find_product_with_offers_recursive] Processing data (type: <class 'str'>): $...
DEBUG    custom_components.price_tracker.services.buywisely.json_parser_utils:json_parser_utils.py:107 [DIAG][find_product_with_offers_recursive] Recursing into list item 1
DEBUG    custom_components.price_tracker.services.buywisely.json_parser_utils:json_parser_utils.py:94 [DIAG][find_product_with_offers_recursive] Processing data (type: <class 'str'>): meta...
DEBUG    custom_components.price_tracker.services.buywisely.json_parser_utils:json_parser_utils.py:107 [DIAG][find_product_with_offers_recursive] Recursing into list item 2
DEBUG    custom_components.price_tracker.services.buywisely.json_parser_utils:json_parser_utils.py:94 [DIAG][find_product_with_offers_recursive] Processing data (type: <class 'str'>): 3...
DEBUG    custom_components.price_tracker.services.buywisely.json_parser_utils:json_parser_utils.py:107 [DIAG][find_product_with_offers_recursive] Recursing into list item 3
DEBUG    custom_components.price_tracker.services.buywisely.json_parser_utils:json_parser_utils.py:94 [DIAG][find_product_with_offers_recursive] Processing data (type: <class 'dict'>): {'name': 'description', 'content': 'Crafted from premium materials and featuring military-grade¹ dur...
DEBUG    custom_components.price_tracker.services.buywisely.json_parser_utils:json_parser_utils.py:100 [DIAG][find_product_with_offers_recursive] Recursing into key 'name'
DEBUG    custom_components.price_tracker.services.buywisely.json_parser_utils:json_parser_utils.py:94 [DIAG][find_product_with_offers_recursive] Processing data (type: <class 'str'>): description...
DEBUG    custom_components.price_tracker.services.buywisely.json_parser_utils:json_parser_utils.py:100 [DIAG][find_product_with_offers_recursive] Recursing into key 'content'
DEBUG    custom_components.price_tracker.services.buywisely.json_parser_utils:json_parser_utils.py:94 [DIAG][find_product_with_offers_recursive] Processing data (type: <class 'str'>): Crafted from premium materials and featuring military-grade¹ durability, moto g75 5G is made for eve...
DEBUG    custom_components.price_tracker.services.buywisely.json_parser_utils:json_parser_utils.py:107 [DIAG][find_product_with_offers_recursive] Recursing into list item 4
DEBUG    custom_components.price_tracker.services.buywisely.json_parser_utils:json_parser_utils.py:94 [DIAG][find_product_with_offers_recursive] Processing data (type: <class 'list'>): ['$', 'meta', '4', {'name': 'keywords', 'content': 'Motorola Moto G75 5G 256GB Grey with Buds, price...
DEBUG    custom_components.price_tracker.services.buywisely.json_parser_utils:json_parser_utils.py:105 [DIAG][find_product_with_offers_recursive] Iterating list of length 4
DEBUG    custom_components.price_tracker.services.buywisely.json_parser_utils:json_parser_utils.py:107 [DIAG][find_product_with_offers_recursive] Recursing into list item 0
DEBUG    custom_components.price_tracker.services.buywisely.json_parser_utils:json_parser_utils.py:94 [DIAG][find_product_with_offers_recursive] Processing data (type: <class 'str'>): $...
DEBUG    custom_components.price_tracker.services.buywisely.json_parser_utils:json_parser_utils.py:107 [DIAG][find_product_with_offers_recursive] Recursing into list item 1
DEBUG    custom_components.price_tracker.services.buywisely.json_parser_utils:json_parser_utils.py:94 [DIAG][find_product_with_offers_recursive] Processing data (type: <class 'str'>): meta...
DEBUG    custom_components.price_tracker.services.buywisely.json_parser_utils:json_parser_utils.py:107 [DIAG][find_product_with_offers_recursive] Recursing into list item 2
DEBUG    custom_components.price_tracker.services.buywisely.json_parser_utils:json_parser_utils.py:94 [DIAG][find_product_with_offers_recursive] Processing data (type: <class 'str'>): 4...
DEBUG    custom_components.price_tracker.services.buywisely.json_parser_utils:json_parser_utils.py:107 [DIAG][find_product_with_offers_recursive] Recursing into list item 3
DEBUG    custom_components.price_tracker.services.buywisely.json_parser_utils:json_parser_utils.py:94 [DIAG][find_product_with_offers_recursive] Processing data (type: <class 'dict'>): {'name': 'keywords', 'content': 'Motorola Moto G75 5G 256GB Grey with Buds, price comparison, price ...
DEBUG    custom_components.price_tracker.services.buywisely.json_parser_utils:json_parser_utils.py:100 [DIAG][find_product_with_offers_recursive] Recursing into key 'name'
DEBUG    custom_components.price_tracker.services.buywisely.json_parser_utils:json_parser_utils.py:94 [DIAG][find_product_with_offers_recursive] Processing data (type: <class 'str'>): keywords...
DEBUG    custom_components.price_tracker.services.buywisely.json_parser_utils:json_parser_utils.py:100 [DIAG][find_product_with_offers_recursive] Recursing into key 'content'
DEBUG    custom_components.price_tracker.services.buywisely.json_parser_utils:json_parser_utils.py:94 [DIAG][find_product_with_offers_recursive] Processing data (type: <class 'str'>): Motorola Moto G75 5G 256GB Grey with Buds, price comparison, price history, price alerts, best deals...
DEBUG    custom_components.price_tracker.services.buywisely.json_parser_utils:json_parser_utils.py:107 [DIAG][find_product_with_offers_recursive] Recursing into list item 5
DEBUG    custom_components.price_tracker.services.buywisely.json_parser_utils:json_parser_utils.py:94 [DIAG][find_product_with_offers_recursive] Processing data (type: <class 'list'>): ['$', 'meta', '5', {'name': 'robots', 'content': 'index, follow'}]...
DEBUG    custom_components.price_tracker.services.buywisely.json_parser_utils:json_parser_utils.py:105 [DIAG][find_product_with_offers_recursive] Iterating list of length 4
DEBUG    custom_components.price_tracker.services.buywisely.json_parser_utils:json_parser_utils.py:107 [DIAG][find_product_with_offers_recursive] Recursing into list item 0
DEBUG    custom_components.price_tracker.services.buywisely.json_parser_utils:json_parser_utils.py:94 [DIAG][find_product_with_offers_recursive] Processing data (type: <class 'str'>): $...
DEBUG    custom_components.price_tracker.services.buywisely.json_parser_utils:json_parser_utils.py:107 [DIAG][find_product_with_offers_recursive] Recursing into list item 1
DEBUG    custom_components.price_tracker.services.buywisely.json_parser_utils:json_parser_utils.py:94 [DIAG][find_product_with_offers_recursive] Processing data (type: <class 'str'>): meta...
DEBUG    custom_components.price_tracker.services.buywisely.json_parser_utils:json_parser_utils.py:107 [DIAG][find_product_with_offers_recursive] Recursing into list item 2
DEBUG    custom_components.price_tracker.services.buywisely.json_parser_utils:json_parser_utils.py:94 [DIAG][find_product_with_offers_recursive] Processing data (type: <class 'str'>): 5...
DEBUG    custom_components.price_tracker.services.buywisely.json_parser_utils:json_parser_utils.py:107 [DIAG][find_product_with_offers_recursive] Recursing into list item 3
DEBUG    custom_components.price_tracker.services.buywisely.json_parser_utils:json_parser_utils.py:94 [DIAG][find_product_with_offers_recursive] Processing data (type: <class 'dict'>): {'name': 'robots', 'content': 'index, follow'}...
DEBUG    custom_components.price_tracker.services.buywisely.json_parser_utils:json_parser_utils.py:100 [DIAG][find_product_with_offers_recursive] Recursing into key 'name'
DEBUG    custom_components.price_tracker.services.buywisely.json_parser_utils:json_parser_utils.py:94 [DIAG][find_product_with_offers_recursive] Processing data (type: <class 'str'>): robots...
DEBUG    custom_components.price_tracker.services.buywisely.json_parser_utils:json_parser_utils.py:100 [DIAG][find_product_with_offers_recursive] Recursing into key 'content'
DEBUG    custom_components.price_tracker.services.buywisely.json_parser_utils:json_parser_utils.py:94 [DIAG][find_product_with_offers_recursive] Processing data (type: <class 'str'>): index, follow...
DEBUG    custom_components.price_tracker.services.buywisely.json_parser_utils:json_parser_utils.py:107 [DIAG][find_product_with_offers_recursive] Recursing into list item 6
DEBUG    custom_components.price_tracker.services.buywisely.json_parser_utils:json_parser_utils.py:94 [DIAG][find_product_with_offers_recursive] Processing data (type: <class 'list'>): ['$', 'meta', '6', {'name': 'googlebot', 'content': 'index, follow, max-video-preview:-1, max-image-...
DEBUG    custom_components.price_tracker.services.buywisely.json_parser_utils:json_parser_utils.py:105 [DIAG][find_product_with_offers_recursive] Iterating list of length 4
DEBUG    custom_components.price_tracker.services.buywisely.json_parser_utils:json_parser_utils.py:107 [DIAG][find_product_with_offers_recursive] Recursing into list item 0
DEBUG    custom_components.price_tracker.services.buywisely.json_parser_utils:json_parser_utils.py:94 [DIAG][find_product_with_offers_recursive] Processing data (type: <class 'str'>): $...
DEBUG    custom_components.price_tracker.services.buywisely.json_parser_utils:json_parser_utils.py:107 [DIAG][find_product_with_offers_recursive] Recursing into list item 1
DEBUG    custom_components.price_tracker.services.buywisely.json_parser_utils:json_parser_utils.py:94 [DIAG][find_product_with_offers_recursive] Processing data (type: <class 'str'>): meta...
DEBUG    custom_components.price_tracker.services.buywisely.json_parser_utils:json_parser_utils.py:107 [DIAG][find_product_with_offers_recursive] Recursing into list item 2
DEBUG    custom_components.price_tracker.services.buywisely.json_parser_utils:json_parser_utils.py:94 [DIAG][find_product_with_offers_recursive] Processing data (type: <class 'str'>): 6...
DEBUG    custom_components.price_tracker.services.buywisely.json_parser_utils:json_parser_utils.py:107 [DIAG][find_product_with_offers_recursive] Recursing into list item 3
DEBUG    custom_components.price_tracker.services.buywisely.json_parser_utils:json_parser_utils.py:94 [DIAG][find_product_with_offers_recursive] Processing data (type: <class 'dict'>): {'name': 'googlebot', 'content': 'index, follow, max-video-preview:-1, max-image-preview:large, max-...
DEBUG    custom_components.price_tracker.services.buywisely.json_parser_utils:json_parser_utils.py:100 [DIAG][find_product_with_offers_recursive] Recursing into key 'name'
DEBUG    custom_components.price_tracker.services.buywisely.json_parser_utils:json_parser_utils.py:94 [DIAG][find_product_with_offers_recursive] Processing data (type: <class 'str'>): googlebot...
DEBUG    custom_components.price_tracker.services.buywisely.json_parser_utils:json_parser_utils.py:100 [DIAG][find_product_with_offers_recursive] Recursing into key 'content'
DEBUG    custom_components.price_tracker.services.buywisely.json_parser_utils:json_parser_utils.py:94 [DIAG][find_product_with_offers_recursive] Processing data (type: <class 'str'>): index, follow, max-video-preview:-1, max-image-preview:large, max-snippet:-1...
DEBUG    custom_components.price_tracker.services.buywisely.json_parser_utils:json_parser_utils.py:107 [DIAG][find_product_with_offers_recursive] Recursing into list item 7
DEBUG    custom_components.price_tracker.services.buywisely.json_parser_utils:json_parser_utils.py:94 [DIAG][find_product_with_offers_recursive] Processing data (type: <class 'list'>): ['$', 'link', '7', {'rel': 'canonical', 'href': 'https://buywisely.com.au/product/motorola-moto-g75-...
DEBUG    custom_components.price_tracker.services.buywisely.json_parser_utils:json_parser_utils.py:105 [DIAG][find_product_with_offers_recursive] Iterating list of length 4
DEBUG    custom_components.price_tracker.services.buywisely.json_parser_utils:json_parser_utils.py:107 [DIAG][find_product_with_offers_recursive] Recursing into list item 0
DEBUG    custom_components.price_tracker.services.buywisely.json_parser_utils:json_parser_utils.py:94 [DIAG][find_product_with_offers_recursive] Processing data (type: <class 'str'>): $...
DEBUG    custom_components.price_tracker.services.buywisely.json_parser_utils:json_parser_utils.py:107 [DIAG][find_product_with_offers_recursive] Recursing into list item 1
DEBUG    custom_components.price_tracker.services.buywisely.json_parser_utils:json_parser_utils.py:94 [DIAG][find_product_with_offers_recursive] Processing data (type: <class 'str'>): link...
DEBUG    custom_components.price_tracker.services.buywisely.json_parser_utils:json_parser_utils.py:107 [DIAG][find_product_with_offers_recursive] Recursing into list item 2
DEBUG    custom_components.price_tracker.services.buywisely.json_parser_utils:json_parser_utils.py:94 [DIAG][find_product_with_offers_recursive] Processing data (type: <class 'str'>): 7...
DEBUG    custom_components.price_tracker.services.buywisely.json_parser_utils:json_parser_utils.py:107 [DIAG][find_product_with_offers_recursive] Recursing into list item 3
DEBUG    custom_components.price_tracker.services.buywisely.json_parser_utils:json_parser_utils.py:94 [DIAG][find_product_with_offers_recursive] Processing data (type: <class 'dict'>): {'rel': 'canonical', 'href': 'https://buywisely.com.au/product/motorola-moto-g75-5g-256gb-grey-with-...
DEBUG    custom_components.price_tracker.services.buywisely.json_parser_utils:json_parser_utils.py:100 [DIAG][find_product_with_offers_recursive] Recursing into key 'rel'
DEBUG    custom_components.price_tracker.services.buywisely.json_parser_utils:json_parser_utils.py:94 [DIAG][find_product_with_offers_recursive] Processing data (type: <class 'str'>): canonical...
DEBUG    custom_components.price_tracker.services.buywisely.json_parser_utils:json_parser_utils.py:100 [DIAG][find_product_with_offers_recursive] Recursing into key 'href'
DEBUG    custom_components.price_tracker.services.buywisely.json_parser_utils:json_parser_utils.py:94 [DIAG][find_product_with_offers_recursive] Processing data (type: <class 'str'>): https://buywisely.com.au/product/motorola-moto-g75-5g-256gb-grey-with-buds...
DEBUG    custom_components.price_tracker.services.buywisely.json_parser_utils:json_parser_utils.py:107 [DIAG][find_product_with_offers_recursive] Recursing into list item 8
DEBUG    custom_components.price_tracker.services.buywisely.json_parser_utils:json_parser_utils.py:94 [DIAG][find_product_with_offers_recursive] Processing data (type: <class 'list'>): ['$', 'meta', '8', {'property': 'og:title', 'content': 'Motorola Moto G75 5G 256GB Grey with Buds - ...
DEBUG    custom_components.price_tracker.services.buywisely.json_parser_utils:json_parser_utils.py:105 [DIAG][find_product_with_offers_recursive] Iterating list of length 4
DEBUG    custom_components.price_tracker.services.buywisely.json_parser_utils:json_parser_utils.py:107 [DIAG][find_product_with_offers_recursive] Recursing into list item 0
DEBUG    custom_components.price_tracker.services.buywisely.json_parser_utils:json_parser_utils.py:94 [DIAG][find_product_with_offers_recursive] Processing data (type: <class 'str'>): $...
DEBUG    custom_components.price_tracker.services.buywisely.json_parser_utils:json_parser_utils.py:107 [DIAG][find_product_with_offers_recursive] Recursing into list item 1
DEBUG    custom_components.price_tracker.services.buywisely.json_parser_utils:json_parser_utils.py:94 [DIAG][find_product_with_offers_recursive] Processing data (type: <class 'str'>): meta...
DEBUG    custom_components.price_tracker.services.buywisely.json_parser_utils:json_parser_utils.py:107 [DIAG][find_product_with_offers_recursive] Recursing into list item 2
DEBUG    custom_components.price_tracker.services.buywisely.json_parser_utils:json_parser_utils.py:94 [DIAG][find_product_with_offers_recursive] Processing data (type: <class 'str'>): 8...
DEBUG    custom_components.price_tracker.services.buywisely.json_parser_utils:json_parser_utils.py:107 [DIAG][find_product_with_offers_recursive] Recursing into list item 3
DEBUG    custom_components.price_tracker.services.buywisely.json_parser_utils:json_parser_utils.py:94 [DIAG][find_product_with_offers_recursive] Processing data (type: <class 'dict'>): {'property': 'og:title', 'content': 'Motorola Moto G75 5G 256GB Grey with Buds - Price History, Comp...
DEBUG    custom_components.price_tracker.services.buywisely.json_parser_utils:json_parser_utils.py:100 [DIAG][find_product_with_offers_recursive] Recursing into key 'property'
DEBUG    custom_components.price_tracker.services.buywisely.json_parser_utils:json_parser_utils.py:94 [DIAG][find_product_with_offers_recursive] Processing data (type: <class 'str'>): og:title...
DEBUG    custom_components.price_tracker.services.buywisely.json_parser_utils:json_parser_utils.py:100 [DIAG][find_product_with_offers_recursive] Recursing into key 'content'
DEBUG    custom_components.price_tracker.services.buywisely.json_parser_utils:json_parser_utils.py:94 [DIAG][find_product_with_offers_recursive] Processing data (type: <class 'str'>): Motorola Moto G75 5G 256GB Grey with Buds - Price History, Comparison & Alerts...
DEBUG    custom_components.price_tracker.services.buywisely.json_parser_utils:json_parser_utils.py:107 [DIAG][find_product_with_offers_recursive] Recursing into list item 9
DEBUG    custom_components.price_tracker.services.buywisely.json_parser_utils:json_parser_utils.py:94 [DIAG][find_product_with_offers_recursive] Processing data (type: <class 'list'>): ['$', 'meta', '9', {'property': 'og:description', 'content': 'Crafted from premium materials and fea...
DEBUG    custom_components.price_tracker.services.buywisely.json_parser_utils:json_parser_utils.py:105 [DIAG][find_product_with_offers_recursive] Iterating list of length 4
DEBUG    custom_components.price_tracker.services.buywisely.json_parser_utils:json_parser_utils.py:107 [DIAG][find_product_with_offers_recursive] Recursing into list item 0
DEBUG    custom_components.price_tracker.services.buywisely.json_parser_utils:json_parser_utils.py:94 [DIAG][find_product_with_offers_recursive] Processing data (type: <class 'str'>): $...
DEBUG    custom_components.price_tracker.services.buywisely.json_parser_utils:json_parser_utils.py:107 [DIAG][find_product_with_offers_recursive] Recursing into list item 1
DEBUG    custom_components.price_tracker.services.buywisely.json_parser_utils:json_parser_utils.py:94 [DIAG][find_product_with_offers_recursive] Processing data (type: <class 'str'>): meta...
DEBUG    custom_components.price_tracker.services.buywisely.json_parser_utils:json_parser_utils.py:107 [DIAG][find_product_with_offers_recursive] Recursing into list item 2
DEBUG    custom_components.price_tracker.services.buywisely.json_parser_utils:json_parser_utils.py:94 [DIAG][find_product_with_offers_recursive] Processing data (type: <class 'str'>): 9...
DEBUG    custom_components.price_tracker.services.buywisely.json_parser_utils:json_parser_utils.py:107 [DIAG][find_product_with_offers_recursive] Recursing into list item 3
DEBUG    custom_components.price_tracker.services.buywisely.json_parser_utils:json_parser_utils.py:94 [DIAG][find_product_with_offers_recursive] Processing data (type: <class 'dict'>): {'property': 'og:description', 'content': 'Crafted from premium materials and featuring military-gra...
DEBUG    custom_components.price_tracker.services.buywisely.json_parser_utils:json_parser_utils.py:100 [DIAG][find_product_with_offers_recursive] Recursing into key 'property'
DEBUG    custom_components.price_tracker.services.buywisely.json_parser_utils:json_parser_utils.py:94 [DIAG][find_product_with_offers_recursive] Processing data (type: <class 'str'>): og:description...
DEBUG    custom_components.price_tracker.services.buywisely.json_parser_utils:json_parser_utils.py:100 [DIAG][find_product_with_offers_recursive] Recursing into key 'content'
DEBUG    custom_components.price_tracker.services.buywisely.json_parser_utils:json_parser_utils.py:94 [DIAG][find_product_with_offers_recursive] Processing data (type: <class 'str'>): Crafted from premium materials and featuring military-grade¹ durability, moto g75 5G is made for eve...
DEBUG    custom_components.price_tracker.services.buywisely.json_parser_utils:json_parser_utils.py:107 [DIAG][find_product_with_offers_recursive] Recursing into list item 10
DEBUG    custom_components.price_tracker.services.buywisely.json_parser_utils:json_parser_utils.py:94 [DIAG][find_product_with_offers_recursive] Processing data (type: <class 'list'>): ['$', 'meta', '10', {'property': 'og:image', 'content': 'https://encrypted-tbn0.gstatic.com/shopping...
DEBUG    custom_components.price_tracker.services.buywisely.json_parser_utils:json_parser_utils.py:105 [DIAG][find_product_with_offers_recursive] Iterating list of length 4
DEBUG    custom_components.price_tracker.services.buywisely.json_parser_utils:json_parser_utils.py:107 [DIAG][find_product_with_offers_recursive] Recursing into list item 0
DEBUG    custom_components.price_tracker.services.buywisely.json_parser_utils:json_parser_utils.py:94 [DIAG][find_product_with_offers_recursive] Processing data (type: <class 'str'>): $...
DEBUG    custom_components.price_tracker.services.buywisely.json_parser_utils:json_parser_utils.py:107 [DIAG][find_product_with_offers_recursive] Recursing into list item 1
DEBUG    custom_components.price_tracker.services.buywisely.json_parser_utils:json_parser_utils.py:94 [DIAG][find_product_with_offers_recursive] Processing data (type: <class 'str'>): meta...
DEBUG    custom_components.price_tracker.services.buywisely.json_parser_utils:json_parser_utils.py:107 [DIAG][find_product_with_offers_recursive] Recursing into list item 2
DEBUG    custom_components.price_tracker.services.buywisely.json_parser_utils:json_parser_utils.py:94 [DIAG][find_product_with_offers_recursive] Processing data (type: <class 'str'>): 10...
DEBUG    custom_components.price_tracker.services.buywisely.json_parser_utils:json_parser_utils.py:107 [DIAG][find_product_with_offers_recursive] Recursing into list item 3
DEBUG    custom_components.price_tracker.services.buywisely.json_parser_utils:json_parser_utils.py:94 [DIAG][find_product_with_offers_recursive] Processing data (type: <class 'dict'>): {'property': 'og:image', 'content': 'https://encrypted-tbn0.gstatic.com/shopping?q=tbn:ANd9GcTN0NDdr...
DEBUG    custom_components.price_tracker.services.buywisely.json_parser_utils:json_parser_utils.py:100 [DIAG][find_product_with_offers_recursive] Recursing into key 'property'
DEBUG    custom_components.price_tracker.services.buywisely.json_parser_utils:json_parser_utils.py:94 [DIAG][find_product_with_offers_recursive] Processing data (type: <class 'str'>): og:image...
DEBUG    custom_components.price_tracker.services.buywisely.json_parser_utils:json_parser_utils.py:100 [DIAG][find_product_with_offers_recursive] Recursing into key 'content'
DEBUG    custom_components.price_tracker.services.buywisely.json_parser_utils:json_parser_utils.py:94 [DIAG][find_product_with_offers_recursive] Processing data (type: <class 'str'>): https://encrypted-tbn0.gstatic.com/shopping?q=tbn:ANd9GcTN0NDdrPCDIn9NaiVIb7vTMSRVKBOQbkBMTHJyb9dzqC...
DEBUG    custom_components.price_tracker.services.buywisely.json_parser_utils:json_parser_utils.py:107 [DIAG][find_product_with_offers_recursive] Recursing into list item 11
DEBUG    custom_components.price_tracker.services.buywisely.json_parser_utils:json_parser_utils.py:94 [DIAG][find_product_with_offers_recursive] Processing data (type: <class 'list'>): ['$', 'meta', '11', {'name': 'twitter:card', 'content': 'summary_large_image'}]...
DEBUG    custom_components.price_tracker.services.buywisely.json_parser_utils:json_parser_utils.py:105 [DIAG][find_product_with_offers_recursive] Iterating list of length 4
DEBUG    custom_components.price_tracker.services.buywisely.json_parser_utils:json_parser_utils.py:107 [DIAG][find_product_with_offers_recursive] Recursing into list item 0
DEBUG    custom_components.price_tracker.services.buywisely.json_parser_utils:json_parser_utils.py:94 [DIAG][find_product_with_offers_recursive] Processing data (type: <class 'str'>): $...
DEBUG    custom_components.price_tracker.services.buywisely.json_parser_utils:json_parser_utils.py:107 [DIAG][find_product_with_offers_recursive] Recursing into list item 1
DEBUG    custom_components.price_tracker.services.buywisely.json_parser_utils:json_parser_utils.py:94 [DIAG][find_product_with_offers_recursive] Processing data (type: <class 'str'>): meta...
DEBUG    custom_components.price_tracker.services.buywisely.json_parser_utils:json_parser_utils.py:107 [DIAG][find_product_with_offers_recursive] Recursing into list item 2
DEBUG    custom_components.price_tracker.services.buywisely.json_parser_utils:json_parser_utils.py:94 [DIAG][find_product_with_offers_recursive] Processing data (type: <class 'str'>): 11...
DEBUG    custom_components.price_tracker.services.buywisely.json_parser_utils:json_parser_utils.py:107 [DIAG][find_product_with_offers_recursive] Recursing into list item 3
DEBUG    custom_components.price_tracker.services.buywisely.json_parser_utils:json_parser_utils.py:94 [DIAG][find_product_with_offers_recursive] Processing data (type: <class 'dict'>): {'name': 'twitter:card', 'content': 'summary_large_image'}...
DEBUG    custom_components.price_tracker.services.buywisely.json_parser_utils:json_parser_utils.py:100 [DIAG][find_product_with_offers_recursive] Recursing into key 'name'
DEBUG    custom_components.price_tracker.services.buywisely.json_parser_utils:json_parser_utils.py:94 [DIAG][find_product_with_offers_recursive] Processing data (type: <class 'str'>): twitter:card...
DEBUG    custom_components.price_tracker.services.buywisely.json_parser_utils:json_parser_utils.py:100 [DIAG][find_product_with_offers_recursive] Recursing into key 'content'
DEBUG    custom_components.price_tracker.services.buywisely.json_parser_utils:json_parser_utils.py:94 [DIAG][find_product_with_offers_recursive] Processing data (type: <class 'str'>): summary_large_image...
DEBUG    custom_components.price_tracker.services.buywisely.json_parser_utils:json_parser_utils.py:107 [DIAG][find_product_with_offers_recursive] Recursing into list item 12
DEBUG    custom_components.price_tracker.services.buywisely.json_parser_utils:json_parser_utils.py:94 [DIAG][find_product_with_offers_recursive] Processing data (type: <class 'list'>): ['$', 'meta', '12', {'name': 'twitter:title', 'content': 'Price History, Comparison & Tracking | Sav...
DEBUG    custom_components.price_tracker.services.buywisely.json_parser_utils:json_parser_utils.py:105 [DIAG][find_product_with_offers_recursive] Iterating list of length 4
DEBUG    custom_components.price_tracker.services.buywisely.json_parser_utils:json_parser_utils.py:107 [DIAG][find_product_with_offers_recursive] Recursing into list item 0
DEBUG    custom_components.price_tracker.services.buywisely.json_parser_utils:json_parser_utils.py:94 [DIAG][find_product_with_offers_recursive] Processing data (type: <class 'str'>): $...
DEBUG    custom_components.price_tracker.services.buywisely.json_parser_utils:json_parser_utils.py:107 [DIAG][find_product_with_offers_recursive] Recursing into list item 1
DEBUG    custom_components.price_tracker.services.buywisely.json_parser_utils:json_parser_utils.py:94 [DIAG][find_product_with_offers_recursive] Processing data (type: <class 'str'>): meta...
DEBUG    custom_components.price_tracker.services.buywisely.json_parser_utils:json_parser_utils.py:107 [DIAG][find_product_with_offers_recursive] Recursing into list item 2
DEBUG    custom_components.price_tracker.services.buywisely.json_parser_utils:json_parser_utils.py:94 [DIAG][find_product_with_offers_recursive] Processing data (type: <class 'str'>): 12...
DEBUG    custom_components.price_tracker.services.buywisely.json_parser_utils:json_parser_utils.py:107 [DIAG][find_product_with_offers_recursive] Recursing into list item 3
DEBUG    custom_components.price_tracker.services.buywisely.json_parser_utils:json_parser_utils.py:94 [DIAG][find_product_with_offers_recursive] Processing data (type: <class 'dict'>): {'name': 'twitter:title', 'content': 'Price History, Comparison & Tracking | Save Money on Your Purc...
DEBUG    custom_components.price_tracker.services.buywisely.json_parser_utils:json_parser_utils.py:100 [DIAG][find_product_with_offers_recursive] Recursing into key 'name'
DEBUG    custom_components.price_tracker.services.buywisely.json_parser_utils:json_parser_utils.py:94 [DIAG][find_product_with_offers_recursive] Processing data (type: <class 'str'>): twitter:title...
DEBUG    custom_components.price_tracker.services.buywisely.json_parser_utils:json_parser_utils.py:100 [DIAG][find_product_with_offers_recursive] Recursing into key 'content'
DEBUG    custom_components.price_tracker.services.buywisely.json_parser_utils:json_parser_utils.py:94 [DIAG][find_product_with_offers_recursive] Processing data (type: <class 'str'>): Price History, Comparison & Tracking | Save Money on Your Purchases...
DEBUG    custom_components.price_tracker.services.buywisely.json_parser_utils:json_parser_utils.py:107 [DIAG][find_product_with_offers_recursive] Recursing into list item 13
DEBUG    custom_components.price_tracker.services.buywisely.json_parser_utils:json_parser_utils.py:94 [DIAG][find_product_with_offers_recursive] Processing data (type: <class 'list'>): ['$', 'meta', '13', {'name': 'twitter:description', 'content': 'Track price history, compare prices,...
DEBUG    custom_components.price_tracker.services.buywisely.json_parser_utils:json_parser_utils.py:105 [DIAG][find_product_with_offers_recursive] Iterating list of length 4
DEBUG    custom_components.price_tracker.services.buywisely.json_parser_utils:json_parser_utils.py:107 [DIAG][find_product_with_offers_recursive] Recursing into list item 0
DEBUG    custom_components.price_tracker.services.buywisely.json_parser_utils:json_parser_utils.py:94 [DIAG][find_product_with_offers_recursive] Processing data (type: <class 'str'>): $...
DEBUG    custom_components.price_tracker.services.buywisely.json_parser_utils:json_parser_utils.py:107 [DIAG][find_product_with_offers_recursive] Recursing into list item 1
DEBUG    custom_components.price_tracker.services.buywisely.json_parser_utils:json_parser_utils.py:94 [DIAG][find_product_with_offers_recursive] Processing data (type: <class 'str'>): meta...
DEBUG    custom_components.price_tracker.services.buywisely.json_parser_utils:json_parser_utils.py:107 [DIAG][find_product_with_offers_recursive] Recursing into list item 2
DEBUG    custom_components.price_tracker.services.buywisely.json_parser_utils:json_parser_utils.py:94 [DIAG][find_product_with_offers_recursive] Processing data (type: <class 'str'>): 13...
DEBUG    custom_components.price_tracker.services.buywisely.json_parser_utils:json_parser_utils.py:107 [DIAG][find_product_with_offers_recursive] Recursing into list item 3
DEBUG    custom_components.price_tracker.services.buywisely.json_parser_utils:json_parser_utils.py:94 [DIAG][find_product_with_offers_recursive] Processing data (type: <class 'dict'>): {'name': 'twitter:description', 'content': 'Track price history, compare prices, and set price alert...
DEBUG    custom_components.price_tracker.services.buywisely.json_parser_utils:json_parser_utils.py:100 [DIAG][find_product_with_offers_recursive] Recursing into key 'name'
DEBUG    custom_components.price_tracker.services.buywisely.json_parser_utils:json_parser_utils.py:94 [DIAG][find_product_with_offers_recursive] Processing data (type: <class 'str'>): twitter:description...
DEBUG    custom_components.price_tracker.services.buywisely.json_parser_utils:json_parser_utils.py:100 [DIAG][find_product_with_offers_recursive] Recursing into key 'content'
DEBUG    custom_components.price_tracker.services.buywisely.json_parser_utils:json_parser_utils.py:94 [DIAG][find_product_with_offers_recursive] Processing data (type: <class 'str'>): Track price history, compare prices, and set price alerts for products across 20,000+ online shops. ...
DEBUG    custom_components.price_tracker.services.buywisely.json_parser_utils:json_parser_utils.py:107 [DIAG][find_product_with_offers_recursive] Recursing into list item 14
DEBUG    custom_components.price_tracker.services.buywisely.json_parser_utils:json_parser_utils.py:94 [DIAG][find_product_with_offers_recursive] Processing data (type: <class 'list'>): ['$', 'meta', '14', {'name': 'twitter:image', 'content': 'https://buywisely.com.au/assets/images/lan...
DEBUG    custom_components.price_tracker.services.buywisely.json_parser_utils:json_parser_utils.py:105 [DIAG][find_product_with_offers_recursive] Iterating list of length 4
DEBUG    custom_components.price_tracker.services.buywisely.json_parser_utils:json_parser_utils.py:107 [DIAG][find_product_with_offers_recursive] Recursing into list item 0
DEBUG    custom_components.price_tracker.services.buywisely.json_parser_utils:json_parser_utils.py:94 [DIAG][find_product_with_offers_recursive] Processing data (type: <class 'str'>): $...
DEBUG    custom_components.price_tracker.services.buywisely.json_parser_utils:json_parser_utils.py:107 [DIAG][find_product_with_offers_recursive] Recursing into list item 1
DEBUG    custom_components.price_tracker.services.buywisely.json_parser_utils:json_parser_utils.py:94 [DIAG][find_product_with_offers_recursive] Processing data (type: <class 'str'>): meta...
DEBUG    custom_components.price_tracker.services.buywisely.json_parser_utils:json_parser_utils.py:107 [DIAG][find_product_with_offers_recursive] Recursing into list item 2
DEBUG    custom_components.price_tracker.services.buywisely.json_parser_utils:json_parser_utils.py:94 [DIAG][find_product_with_offers_recursive] Processing data (type: <class 'str'>): 14...
DEBUG    custom_components.price_tracker.services.buywisely.json_parser_utils:json_parser_utils.py:107 [DIAG][find_product_with_offers_recursive] Recursing into list item 3
DEBUG    custom_components.price_tracker.services.buywisely.json_parser_utils:json_parser_utils.py:94 [DIAG][find_product_with_offers_recursive] Processing data (type: <class 'dict'>): {'name': 'twitter:image', 'content': 'https://buywisely.com.au/assets/images/landing/preview.png'}...
DEBUG    custom_components.price_tracker.services.buywisely.json_parser_utils:json_parser_utils.py:100 [DIAG][find_product_with_offers_recursive] Recursing into key 'name'
DEBUG    custom_components.price_tracker.services.buywisely.json_parser_utils:json_parser_utils.py:94 [DIAG][find_product_with_offers_recursive] Processing data (type: <class 'str'>): twitter:image...
DEBUG    custom_components.price_tracker.services.buywisely.json_parser_utils:json_parser_utils.py:100 [DIAG][find_product_with_offers_recursive] Recursing into key 'content'
DEBUG    custom_components.price_tracker.services.buywisely.json_parser_utils:json_parser_utils.py:94 [DIAG][find_product_with_offers_recursive] Processing data (type: <class 'str'>): https://buywisely.com.au/assets/images/landing/preview.png...
DEBUG    custom_components.price_tracker.services.buywisely.json_parser_utils:json_parser_utils.py:107 [DIAG][find_product_with_offers_recursive] Recursing into list item 15
DEBUG    custom_components.price_tracker.services.buywisely.json_parser_utils:json_parser_utils.py:94 [DIAG][find_product_with_offers_recursive] Processing data (type: <class 'list'>): ['$', 'meta', '15', {'name': 'next-size-adjust'}]...
DEBUG    custom_components.price_tracker.services.buywisely.json_parser_utils:json_parser_utils.py:105 [DIAG][find_product_with_offers_recursive] Iterating list of length 4
DEBUG    custom_components.price_tracker.services.buywisely.json_parser_utils:json_parser_utils.py:107 [DIAG][find_product_with_offers_recursive] Recursing into list item 0
DEBUG    custom_components.price_tracker.services.buywisely.json_parser_utils:json_parser_utils.py:94 [DIAG][find_product_with_offers_recursive] Processing data (type: <class 'str'>): $...
DEBUG    custom_components.price_tracker.services.buywisely.json_parser_utils:json_parser_utils.py:107 [DIAG][find_product_with_offers_recursive] Recursing into list item 1
DEBUG    custom_components.price_tracker.services.buywisely.json_parser_utils:json_parser_utils.py:94 [DIAG][find_product_with_offers_recursive] Processing data (type: <class 'str'>): meta...
DEBUG    custom_components.price_tracker.services.buywisely.json_parser_utils:json_parser_utils.py:107 [DIAG][find_product_with_offers_recursive] Recursing into list item 2
DEBUG    custom_components.price_tracker.services.buywisely.json_parser_utils:json_parser_utils.py:94 [DIAG][find_product_with_offers_recursive] Processing data (type: <class 'str'>): 15...
DEBUG    custom_components.price_tracker.services.buywisely.json_parser_utils:json_parser_utils.py:107 [DIAG][find_product_with_offers_recursive] Recursing into list item 3
DEBUG    custom_components.price_tracker.services.buywisely.json_parser_utils:json_parser_utils.py:94 [DIAG][find_product_with_offers_recursive] Processing data (type: <class 'dict'>): {'name': 'next-size-adjust'}...
DEBUG    custom_components.price_tracker.services.buywisely.json_parser_utils:json_parser_utils.py:100 [DIAG][find_product_with_offers_recursive] Recursing into key 'name'
DEBUG    custom_components.price_tracker.services.buywisely.json_parser_utils:json_parser_utils.py:94 [DIAG][find_product_with_offers_recursive] Processing data (type: <class 'str'>): next-size-adjust...
DEBUG    custom_components.price_tracker.services.buywisely.hydration_parser:hydration_parser.py:95 [DIAG] Resolved string for key 1f: ["$","$Sreact.fragment","k4GjLZXGGia1x7jDr8PXF",{"children":[["$","meta","0",{"name":"viewport","content":"width=device-width, initial-scale=1, maximum-scale=1"}],["$","meta","1",{"charSet":"utf-8"}],["$","title","2",{"children":"Motorola Moto G75 5G 256GB Grey with Buds - Price History, Comparison \u0026 Alerts | BuyWisely"}],["$","meta","3",{"name":"description","content":"Crafted from premium materials and featuring military-grade¹ durability, moto g75 5G is made for everyday life. Capture sh...
INFO     custom_components.price_tracker.services.buywisely.hydration_parser:hydration_parser.py:105 [DIAG] Parsed JSON from resolved string: ['$', 'react.fragment', 'k4GjLZXGGia1x7jDr8PXF', {'children': [['$', 'meta', '0', {'name': 'viewport', 'content': 'width=device-width, initial-scale=1, maximum-scale=1'}], ['$', 'meta', '1', {'charSet': 'utf-8'}], ['$', 'title', '2', {'children': 'Motorola Moto G75 5G 256GB Grey with Buds - Price History, Comparison & Alerts | BuyWisely'}], ['$', 'meta', '3', {'name': 'description', 'content': 'Crafted from premium materials and featuring military-grade¹ durability, moto g75 5G is made for everyday life. Capture sharp photos and smooth videos using the... Compare prices, track history, set alerts on BuyWisely.'}], ['$', 'meta', '4', {'name': 'keywords', 'content': 'Motorola Moto G75 5G 256GB Grey with Buds, price comparison, price history, price alerts, best deals, online shopping, BuyWisely'}], ['$', 'meta', '5', {'name': 'robots', 'content': 'index, follow'}], ['$', 'meta', '6', {'name': 'googlebot', 'content': 'index, follow, max-video-preview:-1, max-image-preview:large, max-snippet:-1'}], ['$', 'link', '7', {'rel': 'canonical', 'href': 'https://buywisely.com.au/product/motorola-moto-g75-5g-256gb-grey-with-buds'}], ['$', 'meta', '8', {'property': 'og:title', 'content': 'Motorola Moto G75 5G 256GB Grey with Buds - Price History, Comparison & Alerts'}], ['$', 'meta', '9', {'property': 'og:description', 'content': 'Crafted from premium materials and featuring military-grade¹ durability, moto g75 5G is made for everyday life. Capture sharp photos and smooth videos using the... Compare prices, track history, set alerts on BuyWisely.'}], ['$', 'meta', '10', {'property': 'og:image', 'content': 'https://encrypted-tbn0.gstatic.com/shopping?q=tbn:ANd9GcTN0NDdrPCDIn9NaiVIb7vTMSRVKBOQbkBMTHJyb9dzqC_WY5IGMoYuvnsDtsI8XvfpsX50GHyVY5kvPm-1nSr2bXEkwcR1sLJr1IR1dAkwVcXTXGOCB8frf7o'}], ['$', 'meta', '11', {'name': 'twitter:card', 'content': 'summary_large_image'}], ['$', 'meta', '12', {'name': 'twitter:title', 'content': 'Price History, Comparison & Tracking | Save Money on Your Purchases'}], ['$', 'meta', '13', {'name': 'twitter:description', 'content': 'Track price history, compare prices, and set price alerts for products across 20,000+ online shops. BuyWisely helps you find the best deals and make informed buying decisions.'}], ['$', 'meta', '14', {'name': 'twitter:image', 'content': 'https://buywisely.com.au/assets/images/landing/preview.png'}], ['$', 'meta', '15', {'name': 'next-size-adjust'}]]}]
DEBUG    custom_components.price_tracker.services.buywisely.json_parser_utils:json_parser_utils.py:94 [DIAG][find_product_with_offers_recursive] Processing data (type: <class 'list'>): ['$', 'react.fragment', 'k4GjLZXGGia1x7jDr8PXF', {'children': [['$', 'meta', '0', {'name': 'viewport...
DEBUG    custom_components.price_tracker.services.buywisely.json_parser_utils:json_parser_utils.py:105 [DIAG][find_product_with_offers_recursive] Iterating list of length 4
DEBUG    custom_components.price_tracker.services.buywisely.json_parser_utils:json_parser_utils.py:107 [DIAG][find_product_with_offers_recursive] Recursing into list item 0
DEBUG    custom_components.price_tracker.services.buywisely.json_parser_utils:json_parser_utils.py:94 [DIAG][find_product_with_offers_recursive] Processing data (type: <class 'str'>): $...
DEBUG    custom_components.price_tracker.services.buywisely.json_parser_utils:json_parser_utils.py:107 [DIAG][find_product_with_offers_recursive] Recursing into list item 1
DEBUG    custom_components.price_tracker.services.buywisely.json_parser_utils:json_parser_utils.py:94 [DIAG][find_product_with_offers_recursive] Processing data (type: <class 'str'>): react.fragment...
DEBUG    custom_components.price_tracker.services.buywisely.json_parser_utils:json_parser_utils.py:107 [DIAG][find_product_with_offers_recursive] Recursing into list item 2
DEBUG    custom_components.price_tracker.services.buywisely.json_parser_utils:json_parser_utils.py:94 [DIAG][find_product_with_offers_recursive] Processing data (type: <class 'str'>): k4GjLZXGGia1x7jDr8PXF...
DEBUG    custom_components.price_tracker.services.buywisely.json_parser_utils:json_parser_utils.py:107 [DIAG][find_product_with_offers_recursive] Recursing into list item 3
DEBUG    custom_components.price_tracker.services.buywisely.json_parser_utils:json_parser_utils.py:94 [DIAG][find_product_with_offers_recursive] Processing data (type: <class 'dict'>): {'children': [['$', 'meta', '0', {'name': 'viewport', 'content': 'width=device-width, initial-scale=...
DEBUG    custom_components.price_tracker.services.buywisely.json_parser_utils:json_parser_utils.py:100 [DIAG][find_product_with_offers_recursive] Recursing into key 'children'
DEBUG    custom_components.price_tracker.services.buywisely.json_parser_utils:json_parser_utils.py:94 [DIAG][find_product_with_offers_recursive] Processing data (type: <class 'list'>): [['$', 'meta', '0', {'name': 'viewport', 'content': 'width=device-width, initial-scale=1, maximum-sc...
DEBUG    custom_components.price_tracker.services.buywisely.json_parser_utils:json_parser_utils.py:105 [DIAG][find_product_with_offers_recursive] Iterating list of length 16
DEBUG    custom_components.price_tracker.services.buywisely.json_parser_utils:json_parser_utils.py:107 [DIAG][find_product_with_offers_recursive] Recursing into list item 0
DEBUG    custom_components.price_tracker.services.buywisely.json_parser_utils:json_parser_utils.py:94 [DIAG][find_product_with_offers_recursive] Processing data (type: <class 'list'>): ['$', 'meta', '0', {'name': 'viewport', 'content': 'width=device-width, initial-scale=1, maximum-sca...
DEBUG    custom_components.price_tracker.services.buywisely.json_parser_utils:json_parser_utils.py:105 [DIAG][find_product_with_offers_recursive] Iterating list of length 4
DEBUG    custom_components.price_tracker.services.buywisely.json_parser_utils:json_parser_utils.py:107 [DIAG][find_product_with_offers_recursive] Recursing into list item 0
DEBUG    custom_components.price_tracker.services.buywisely.json_parser_utils:json_parser_utils.py:94 [DIAG][find_product_with_offers_recursive] Processing data (type: <class 'str'>): $...
DEBUG    custom_components.price_tracker.services.buywisely.json_parser_utils:json_parser_utils.py:107 [DIAG][find_product_with_offers_recursive] Recursing into list item 1
DEBUG    custom_components.price_tracker.services.buywisely.json_parser_utils:json_parser_utils.py:94 [DIAG][find_product_with_offers_recursive] Processing data (type: <class 'str'>): meta...
DEBUG    custom_components.price_tracker.services.buywisely.json_parser_utils:json_parser_utils.py:107 [DIAG][find_product_with_offers_recursive] Recursing into list item 2
DEBUG    custom_components.price_tracker.services.buywisely.json_parser_utils:json_parser_utils.py:94 [DIAG][find_product_with_offers_recursive] Processing data (type: <class 'str'>): 0...
DEBUG    custom_components.price_tracker.services.buywisely.json_parser_utils:json_parser_utils.py:107 [DIAG][find_product_with_offers_recursive] Recursing into list item 3
DEBUG    custom_components.price_tracker.services.buywisely.json_parser_utils:json_parser_utils.py:94 [DIAG][find_product_with_offers_recursive] Processing data (type: <class 'dict'>): {'name': 'viewport', 'content': 'width=device-width, initial-scale=1, maximum-scale=1'}...
DEBUG    custom_components.price_tracker.services.buywisely.json_parser_utils:json_parser_utils.py:100 [DIAG][find_product_with_offers_recursive] Recursing into key 'name'
DEBUG    custom_components.price_tracker.services.buywisely.json_parser_utils:json_parser_utils.py:94 [DIAG][find_product_with_offers_recursive] Processing data (type: <class 'str'>): viewport...
DEBUG    custom_components.price_tracker.services.buywisely.json_parser_utils:json_parser_utils.py:100 [DIAG][find_product_with_offers_recursive] Recursing into key 'content'
DEBUG    custom_components.price_tracker.services.buywisely.json_parser_utils:json_parser_utils.py:94 [DIAG][find_product_with_offers_recursive] Processing data (type: <class 'str'>): width=device-width, initial-scale=1, maximum-scale=1...
DEBUG    custom_components.price_tracker.services.buywisely.json_parser_utils:json_parser_utils.py:107 [DIAG][find_product_with_offers_recursive] Recursing into list item 1
DEBUG    custom_components.price_tracker.services.buywisely.json_parser_utils:json_parser_utils.py:94 [DIAG][find_product_with_offers_recursive] Processing data (type: <class 'list'>): ['$', 'meta', '1', {'charSet': 'utf-8'}]...
DEBUG    custom_components.price_tracker.services.buywisely.json_parser_utils:json_parser_utils.py:105 [DIAG][find_product_with_offers_recursive] Iterating list of length 4
DEBUG    custom_components.price_tracker.services.buywisely.json_parser_utils:json_parser_utils.py:107 [DIAG][find_product_with_offers_recursive] Recursing into list item 0
DEBUG    custom_components.price_tracker.services.buywisely.json_parser_utils:json_parser_utils.py:94 [DIAG][find_product_with_offers_recursive] Processing data (type: <class 'str'>): $...
DEBUG    custom_components.price_tracker.services.buywisely.json_parser_utils:json_parser_utils.py:107 [DIAG][find_product_with_offers_recursive] Recursing into list item 1
DEBUG    custom_components.price_tracker.services.buywisely.json_parser_utils:json_parser_utils.py:94 [DIAG][find_product_with_offers_recursive] Processing data (type: <class 'str'>): meta...
DEBUG    custom_components.price_tracker.services.buywisely.json_parser_utils:json_parser_utils.py:107 [DIAG][find_product_with_offers_recursive] Recursing into list item 2
DEBUG    custom_components.price_tracker.services.buywisely.json_parser_utils:json_parser_utils.py:94 [DIAG][find_product_with_offers_recursive] Processing data (type: <class 'str'>): 1...
DEBUG    custom_components.price_tracker.services.buywisely.json_parser_utils:json_parser_utils.py:107 [DIAG][find_product_with_offers_recursive] Recursing into list item 3
DEBUG    custom_components.price_tracker.services.buywisely.json_parser_utils:json_parser_utils.py:94 [DIAG][find_product_with_offers_recursive] Processing data (type: <class 'dict'>): {'charSet': 'utf-8'}...
DEBUG    custom_components.price_tracker.services.buywisely.json_parser_utils:json_parser_utils.py:100 [DIAG][find_product_with_offers_recursive] Recursing into key 'charSet'
DEBUG    custom_components.price_tracker.services.buywisely.json_parser_utils:json_parser_utils.py:94 [DIAG][find_product_with_offers_recursive] Processing data (type: <class 'str'>): utf-8...
DEBUG    custom_components.price_tracker.services.buywisely.json_parser_utils:json_parser_utils.py:107 [DIAG][find_product_with_offers_recursive] Recursing into list item 2
DEBUG    custom_components.price_tracker.services.buywisely.json_parser_utils:json_parser_utils.py:94 [DIAG][find_product_with_offers_recursive] Processing data (type: <class 'list'>): ['$', 'title', '2', {'children': 'Motorola Moto G75 5G 256GB Grey with Buds - Price History, Compari...
DEBUG    custom_components.price_tracker.services.buywisely.json_parser_utils:json_parser_utils.py:105 [DIAG][find_product_with_offers_recursive] Iterating list of length 4
DEBUG    custom_components.price_tracker.services.buywisely.json_parser_utils:json_parser_utils.py:107 [DIAG][find_product_with_offers_recursive] Recursing into list item 0
DEBUG    custom_components.price_tracker.services.buywisely.json_parser_utils:json_parser_utils.py:94 [DIAG][find_product_with_offers_recursive] Processing data (type: <class 'str'>): $...
DEBUG    custom_components.price_tracker.services.buywisely.json_parser_utils:json_parser_utils.py:107 [DIAG][find_product_with_offers_recursive] Recursing into list item 1
DEBUG    custom_components.price_tracker.services.buywisely.json_parser_utils:json_parser_utils.py:94 [DIAG][find_product_with_offers_recursive] Processing data (type: <class 'str'>): title...
DEBUG    custom_components.price_tracker.services.buywisely.json_parser_utils:json_parser_utils.py:107 [DIAG][find_product_with_offers_recursive] Recursing into list item 2
DEBUG    custom_components.price_tracker.services.buywisely.json_parser_utils:json_parser_utils.py:94 [DIAG][find_product_with_offers_recursive] Processing data (type: <class 'str'>): 2...
DEBUG    custom_components.price_tracker.services.buywisely.json_parser_utils:json_parser_utils.py:107 [DIAG][find_product_with_offers_recursive] Recursing into list item 3
DEBUG    custom_components.price_tracker.services.buywisely.json_parser_utils:json_parser_utils.py:94 [DIAG][find_product_with_offers_recursive] Processing data (type: <class 'dict'>): {'children': 'Motorola Moto G75 5G 256GB Grey with Buds - Price History, Comparison & Alerts | BuyWi...
DEBUG    custom_components.price_tracker.services.buywisely.json_parser_utils:json_parser_utils.py:100 [DIAG][find_product_with_offers_recursive] Recursing into key 'children'
DEBUG    custom_components.price_tracker.services.buywisely.json_parser_utils:json_parser_utils.py:94 [DIAG][find_product_with_offers_recursive] Processing data (type: <class 'str'>): Motorola Moto G75 5G 256GB Grey with Buds - Price History, Comparison & Alerts | BuyWisely...
DEBUG    custom_components.price_tracker.services.buywisely.json_parser_utils:json_parser_utils.py:107 [DIAG][find_product_with_offers_recursive] Recursing into list item 3
DEBUG    custom_components.price_tracker.services.buywisely.json_parser_utils:json_parser_utils.py:94 [DIAG][find_product_with_offers_recursive] Processing data (type: <class 'list'>): ['$', 'meta', '3', {'name': 'description', 'content': 'Crafted from premium materials and featuring ...
DEBUG    custom_components.price_tracker.services.buywisely.json_parser_utils:json_parser_utils.py:105 [DIAG][find_product_with_offers_recursive] Iterating list of length 4
DEBUG    custom_components.price_tracker.services.buywisely.json_parser_utils:json_parser_utils.py:107 [DIAG][find_product_with_offers_recursive] Recursing into list item 0
DEBUG    custom_components.price_tracker.services.buywisely.json_parser_utils:json_parser_utils.py:94 [DIAG][find_product_with_offers_recursive] Processing data (type: <class 'str'>): $...
DEBUG    custom_components.price_tracker.services.buywisely.json_parser_utils:json_parser_utils.py:107 [DIAG][find_product_with_offers_recursive] Recursing into list item 1
DEBUG    custom_components.price_tracker.services.buywisely.json_parser_utils:json_parser_utils.py:94 [DIAG][find_product_with_offers_recursive] Processing data (type: <class 'str'>): meta...
DEBUG    custom_components.price_tracker.services.buywisely.json_parser_utils:json_parser_utils.py:107 [DIAG][find_product_with_offers_recursive] Recursing into list item 2
DEBUG    custom_components.price_tracker.services.buywisely.json_parser_utils:json_parser_utils.py:94 [DIAG][find_product_with_offers_recursive] Processing data (type: <class 'str'>): 3...
DEBUG    custom_components.price_tracker.services.buywisely.json_parser_utils:json_parser_utils.py:107 [DIAG][find_product_with_offers_recursive] Recursing into list item 3
DEBUG    custom_components.price_tracker.services.buywisely.json_parser_utils:json_parser_utils.py:94 [DIAG][find_product_with_offers_recursive] Processing data (type: <class 'dict'>): {'name': 'description', 'content': 'Crafted from premium materials and featuring military-grade¹ dur...
DEBUG    custom_components.price_tracker.services.buywisely.json_parser_utils:json_parser_utils.py:100 [DIAG][find_product_with_offers_recursive] Recursing into key 'name'
DEBUG    custom_components.price_tracker.services.buywisely.json_parser_utils:json_parser_utils.py:94 [DIAG][find_product_with_offers_recursive] Processing data (type: <class 'str'>): description...
DEBUG    custom_components.price_tracker.services.buywisely.json_parser_utils:json_parser_utils.py:100 [DIAG][find_product_with_offers_recursive] Recursing into key 'content'
DEBUG    custom_components.price_tracker.services.buywisely.json_parser_utils:json_parser_utils.py:94 [DIAG][find_product_with_offers_recursive] Processing data (type: <class 'str'>): Crafted from premium materials and featuring military-grade¹ durability, moto g75 5G is made for eve...
DEBUG    custom_components.price_tracker.services.buywisely.json_parser_utils:json_parser_utils.py:107 [DIAG][find_product_with_offers_recursive] Recursing into list item 4
DEBUG    custom_components.price_tracker.services.buywisely.json_parser_utils:json_parser_utils.py:94 [DIAG][find_product_with_offers_recursive] Processing data (type: <class 'list'>): ['$', 'meta', '4', {'name': 'keywords', 'content': 'Motorola Moto G75 5G 256GB Grey with Buds, price...
DEBUG    custom_components.price_tracker.services.buywisely.json_parser_utils:json_parser_utils.py:105 [DIAG][find_product_with_offers_recursive] Iterating list of length 4
DEBUG    custom_components.price_tracker.services.buywisely.json_parser_utils:json_parser_utils.py:107 [DIAG][find_product_with_offers_recursive] Recursing into list item 0
DEBUG    custom_components.price_tracker.services.buywisely.json_parser_utils:json_parser_utils.py:94 [DIAG][find_product_with_offers_recursive] Processing data (type: <class 'str'>): $...
DEBUG    custom_components.price_tracker.services.buywisely.json_parser_utils:json_parser_utils.py:107 [DIAG][find_product_with_offers_recursive] Recursing into list item 1
DEBUG    custom_components.price_tracker.services.buywisely.json_parser_utils:json_parser_utils.py:94 [DIAG][find_product_with_offers_recursive] Processing data (type: <class 'str'>): meta...
DEBUG    custom_components.price_tracker.services.buywisely.json_parser_utils:json_parser_utils.py:107 [DIAG][find_product_with_offers_recursive] Recursing into list item 2
DEBUG    custom_components.price_tracker.services.buywisely.json_parser_utils:json_parser_utils.py:94 [DIAG][find_product_with_offers_recursive] Processing data (type: <class 'str'>): 4...
DEBUG    custom_components.price_tracker.services.buywisely.json_parser_utils:json_parser_utils.py:107 [DIAG][find_product_with_offers_recursive] Recursing into list item 3
DEBUG    custom_components.price_tracker.services.buywisely.json_parser_utils:json_parser_utils.py:94 [DIAG][find_product_with_offers_recursive] Processing data (type: <class 'dict'>): {'name': 'keywords', 'content': 'Motorola Moto G75 5G 256GB Grey with Buds, price comparison, price ...
DEBUG    custom_components.price_tracker.services.buywisely.json_parser_utils:json_parser_utils.py:100 [DIAG][find_product_with_offers_recursive] Recursing into key 'name'
DEBUG    custom_components.price_tracker.services.buywisely.json_parser_utils:json_parser_utils.py:94 [DIAG][find_product_with_offers_recursive] Processing data (type: <class 'str'>): keywords...
DEBUG    custom_components.price_tracker.services.buywisely.json_parser_utils:json_parser_utils.py:100 [DIAG][find_product_with_offers_recursive] Recursing into key 'content'
DEBUG    custom_components.price_tracker.services.buywisely.json_parser_utils:json_parser_utils.py:94 [DIAG][find_product_with_offers_recursive] Processing data (type: <class 'str'>): Motorola Moto G75 5G 256GB Grey with Buds, price comparison, price history, price alerts, best deals...
DEBUG    custom_components.price_tracker.services.buywisely.json_parser_utils:json_parser_utils.py:107 [DIAG][find_product_with_offers_recursive] Recursing into list item 5
DEBUG    custom_components.price_tracker.services.buywisely.json_parser_utils:json_parser_utils.py:94 [DIAG][find_product_with_offers_recursive] Processing data (type: <class 'list'>): ['$', 'meta', '5', {'name': 'robots', 'content': 'index, follow'}]...
DEBUG    custom_components.price_tracker.services.buywisely.json_parser_utils:json_parser_utils.py:105 [DIAG][find_product_with_offers_recursive] Iterating list of length 4
DEBUG    custom_components.price_tracker.services.buywisely.json_parser_utils:json_parser_utils.py:107 [DIAG][find_product_with_offers_recursive] Recursing into list item 0
DEBUG    custom_components.price_tracker.services.buywisely.json_parser_utils:json_parser_utils.py:94 [DIAG][find_product_with_offers_recursive] Processing data (type: <class 'str'>): $...
DEBUG    custom_components.price_tracker.services.buywisely.json_parser_utils:json_parser_utils.py:107 [DIAG][find_product_with_offers_recursive] Recursing into list item 1
DEBUG    custom_components.price_tracker.services.buywisely.json_parser_utils:json_parser_utils.py:94 [DIAG][find_product_with_offers_recursive] Processing data (type: <class 'str'>): meta...
DEBUG    custom_components.price_tracker.services.buywisely.json_parser_utils:json_parser_utils.py:107 [DIAG][find_product_with_offers_recursive] Recursing into list item 2
DEBUG    custom_components.price_tracker.services.buywisely.json_parser_utils:json_parser_utils.py:94 [DIAG][find_product_with_offers_recursive] Processing data (type: <class 'str'>): 5...
DEBUG    custom_components.price_tracker.services.buywisely.json_parser_utils:json_parser_utils.py:107 [DIAG][find_product_with_offers_recursive] Recursing into list item 3
DEBUG    custom_components.price_tracker.services.buywisely.json_parser_utils:json_parser_utils.py:94 [DIAG][find_product_with_offers_recursive] Processing data (type: <class 'dict'>): {'name': 'robots', 'content': 'index, follow'}...
DEBUG    custom_components.price_tracker.services.buywisely.json_parser_utils:json_parser_utils.py:100 [DIAG][find_product_with_offers_recursive] Recursing into key 'name'
DEBUG    custom_components.price_tracker.services.buywisely.json_parser_utils:json_parser_utils.py:94 [DIAG][find_product_with_offers_recursive] Processing data (type: <class 'str'>): robots...
DEBUG    custom_components.price_tracker.services.buywisely.json_parser_utils:json_parser_utils.py:100 [DIAG][find_product_with_offers_recursive] Recursing into key 'content'
DEBUG    custom_components.price_tracker.services.buywisely.json_parser_utils:json_parser_utils.py:94 [DIAG][find_product_with_offers_recursive] Processing data (type: <class 'str'>): index, follow...
DEBUG    custom_components.price_tracker.services.buywisely.json_parser_utils:json_parser_utils.py:107 [DIAG][find_product_with_offers_recursive] Recursing into list item 6
DEBUG    custom_components.price_tracker.services.buywisely.json_parser_utils:json_parser_utils.py:94 [DIAG][find_product_with_offers_recursive] Processing data (type: <class 'list'>): ['$', 'meta', '6', {'name': 'googlebot', 'content': 'index, follow, max-video-preview:-1, max-image-...
DEBUG    custom_components.price_tracker.services.buywisely.json_parser_utils:json_parser_utils.py:105 [DIAG][find_product_with_offers_recursive] Iterating list of length 4
DEBUG    custom_components.price_tracker.services.buywisely.json_parser_utils:json_parser_utils.py:107 [DIAG][find_product_with_offers_recursive] Recursing into list item 0
DEBUG    custom_components.price_tracker.services.buywisely.json_parser_utils:json_parser_utils.py:94 [DIAG][find_product_with_offers_recursive] Processing data (type: <class 'str'>): $...
DEBUG    custom_components.price_tracker.services.buywisely.json_parser_utils:json_parser_utils.py:107 [DIAG][find_product_with_offers_recursive] Recursing into list item 1
DEBUG    custom_components.price_tracker.services.buywisely.json_parser_utils:json_parser_utils.py:94 [DIAG][find_product_with_offers_recursive] Processing data (type: <class 'str'>): meta...
DEBUG    custom_components.price_tracker.services.buywisely.json_parser_utils:json_parser_utils.py:107 [DIAG][find_product_with_offers_recursive] Recursing into list item 2
DEBUG    custom_components.price_tracker.services.buywisely.json_parser_utils:json_parser_utils.py:94 [DIAG][find_product_with_offers_recursive] Processing data (type: <class 'str'>): 6...
DEBUG    custom_components.price_tracker.services.buywisely.json_parser_utils:json_parser_utils.py:107 [DIAG][find_product_with_offers_recursive] Recursing into list item 3
DEBUG    custom_components.price_tracker.services.buywisely.json_parser_utils:json_parser_utils.py:94 [DIAG][find_product_with_offers_recursive] Processing data (type: <class 'dict'>): {'name': 'googlebot', 'content': 'index, follow, max-video-preview:-1, max-image-preview:large, max-...
DEBUG    custom_components.price_tracker.services.buywisely.json_parser_utils:json_parser_utils.py:100 [DIAG][find_product_with_offers_recursive] Recursing into key 'name'
DEBUG    custom_components.price_tracker.services.buywisely.json_parser_utils:json_parser_utils.py:94 [DIAG][find_product_with_offers_recursive] Processing data (type: <class 'str'>): googlebot...
DEBUG    custom_components.price_tracker.services.buywisely.json_parser_utils:json_parser_utils.py:100 [DIAG][find_product_with_offers_recursive] Recursing into key 'content'
DEBUG    custom_components.price_tracker.services.buywisely.json_parser_utils:json_parser_utils.py:94 [DIAG][find_product_with_offers_recursive] Processing data (type: <class 'str'>): index, follow, max-video-preview:-1, max-image-preview:large, max-snippet:-1...
DEBUG    custom_components.price_tracker.services.buywisely.json_parser_utils:json_parser_utils.py:107 [DIAG][find_product_with_offers_recursive] Recursing into list item 7
DEBUG    custom_components.price_tracker.services.buywisely.json_parser_utils:json_parser_utils.py:94 [DIAG][find_product_with_offers_recursive] Processing data (type: <class 'list'>): ['$', 'link', '7', {'rel': 'canonical', 'href': 'https://buywisely.com.au/product/motorola-moto-g75-...
DEBUG    custom_components.price_tracker.services.buywisely.json_parser_utils:json_parser_utils.py:105 [DIAG][find_product_with_offers_recursive] Iterating list of length 4
DEBUG    custom_components.price_tracker.services.buywisely.json_parser_utils:json_parser_utils.py:107 [DIAG][find_product_with_offers_recursive] Recursing into list item 0
DEBUG    custom_components.price_tracker.services.buywisely.json_parser_utils:json_parser_utils.py:94 [DIAG][find_product_with_offers_recursive] Processing data (type: <class 'str'>): $...
DEBUG    custom_components.price_tracker.services.buywisely.json_parser_utils:json_parser_utils.py:107 [DIAG][find_product_with_offers_recursive] Recursing into list item 1
DEBUG    custom_components.price_tracker.services.buywisely.json_parser_utils:json_parser_utils.py:94 [DIAG][find_product_with_offers_recursive] Processing data (type: <class 'str'>): link...
DEBUG    custom_components.price_tracker.services.buywisely.json_parser_utils:json_parser_utils.py:107 [DIAG][find_product_with_offers_recursive] Recursing into list item 2
DEBUG    custom_components.price_tracker.services.buywisely.json_parser_utils:json_parser_utils.py:94 [DIAG][find_product_with_offers_recursive] Processing data (type: <class 'str'>): 7...
DEBUG    custom_components.price_tracker.services.buywisely.json_parser_utils:json_parser_utils.py:107 [DIAG][find_product_with_offers_recursive] Recursing into list item 3
DEBUG    custom_components.price_tracker.services.buywisely.json_parser_utils:json_parser_utils.py:94 [DIAG][find_product_with_offers_recursive] Processing data (type: <class 'dict'>): {'rel': 'canonical', 'href': 'https://buywisely.com.au/product/motorola-moto-g75-5g-256gb-grey-with-...
DEBUG    custom_components.price_tracker.services.buywisely.json_parser_utils:json_parser_utils.py:100 [DIAG][find_product_with_offers_recursive] Recursing into key 'rel'
DEBUG    custom_components.price_tracker.services.buywisely.json_parser_utils:json_parser_utils.py:94 [DIAG][find_product_with_offers_recursive] Processing data (type: <class 'str'>): canonical...
DEBUG    custom_components.price_tracker.services.buywisely.json_parser_utils:json_parser_utils.py:100 [DIAG][find_product_with_offers_recursive] Recursing into key 'href'
DEBUG    custom_components.price_tracker.services.buywisely.json_parser_utils:json_parser_utils.py:94 [DIAG][find_product_with_offers_recursive] Processing data (type: <class 'str'>): https://buywisely.com.au/product/motorola-moto-g75-5g-256gb-grey-with-buds...
DEBUG    custom_components.price_tracker.services.buywisely.json_parser_utils:json_parser_utils.py:107 [DIAG][find_product_with_offers_recursive] Recursing into list item 8
DEBUG    custom_components.price_tracker.services.buywisely.json_parser_utils:json_parser_utils.py:94 [DIAG][find_product_with_offers_recursive] Processing data (type: <class 'list'>): ['$', 'meta', '8', {'property': 'og:title', 'content': 'Motorola Moto G75 5G 256GB Grey with Buds - ...
DEBUG    custom_components.price_tracker.services.buywisely.json_parser_utils:json_parser_utils.py:105 [DIAG][find_product_with_offers_recursive] Iterating list of length 4
DEBUG    custom_components.price_tracker.services.buywisely.json_parser_utils:json_parser_utils.py:107 [DIAG][find_product_with_offers_recursive] Recursing into list item 0
DEBUG    custom_components.price_tracker.services.buywisely.json_parser_utils:json_parser_utils.py:94 [DIAG][find_product_with_offers_recursive] Processing data (type: <class 'str'>): $...
DEBUG    custom_components.price_tracker.services.buywisely.json_parser_utils:json_parser_utils.py:107 [DIAG][find_product_with_offers_recursive] Recursing into list item 1
DEBUG    custom_components.price_tracker.services.buywisely.json_parser_utils:json_parser_utils.py:94 [DIAG][find_product_with_offers_recursive] Processing data (type: <class 'str'>): meta...
DEBUG    custom_components.price_tracker.services.buywisely.json_parser_utils:json_parser_utils.py:107 [DIAG][find_product_with_offers_recursive] Recursing into list item 2
DEBUG    custom_components.price_tracker.services.buywisely.json_parser_utils:json_parser_utils.py:94 [DIAG][find_product_with_offers_recursive] Processing data (type: <class 'str'>): 8...
DEBUG    custom_components.price_tracker.services.buywisely.json_parser_utils:json_parser_utils.py:107 [DIAG][find_product_with_offers_recursive] Recursing into list item 3
DEBUG    custom_components.price_tracker.services.buywisely.json_parser_utils:json_parser_utils.py:94 [DIAG][find_product_with_offers_recursive] Processing data (type: <class 'dict'>): {'property': 'og:title', 'content': 'Motorola Moto G75 5G 256GB Grey with Buds - Price History, Comp...
DEBUG    custom_components.price_tracker.services.buywisely.json_parser_utils:json_parser_utils.py:100 [DIAG][find_product_with_offers_recursive] Recursing into key 'property'
DEBUG    custom_components.price_tracker.services.buywisely.json_parser_utils:json_parser_utils.py:94 [DIAG][find_product_with_offers_recursive] Processing data (type: <class 'str'>): og:title...
DEBUG    custom_components.price_tracker.services.buywisely.json_parser_utils:json_parser_utils.py:100 [DIAG][find_product_with_offers_recursive] Recursing into key 'content'
DEBUG    custom_components.price_tracker.services.buywisely.json_parser_utils:json_parser_utils.py:94 [DIAG][find_product_with_offers_recursive] Processing data (type: <class 'str'>): Motorola Moto G75 5G 256GB Grey with Buds - Price History, Comparison & Alerts...
DEBUG    custom_components.price_tracker.services.buywisely.json_parser_utils:json_parser_utils.py:107 [DIAG][find_product_with_offers_recursive] Recursing into list item 9
DEBUG    custom_components.price_tracker.services.buywisely.json_parser_utils:json_parser_utils.py:94 [DIAG][find_product_with_offers_recursive] Processing data (type: <class 'list'>): ['$', 'meta', '9', {'property': 'og:description', 'content': 'Crafted from premium materials and fea...
DEBUG    custom_components.price_tracker.services.buywisely.json_parser_utils:json_parser_utils.py:105 [DIAG][find_product_with_offers_recursive] Iterating list of length 4
DEBUG    custom_components.price_tracker.services.buywisely.json_parser_utils:json_parser_utils.py:107 [DIAG][find_product_with_offers_recursive] Recursing into list item 0
DEBUG    custom_components.price_tracker.services.buywisely.json_parser_utils:json_parser_utils.py:94 [DIAG][find_product_with_offers_recursive] Processing data (type: <class 'str'>): $...
DEBUG    custom_components.price_tracker.services.buywisely.json_parser_utils:json_parser_utils.py:107 [DIAG][find_product_with_offers_recursive] Recursing into list item 1
DEBUG    custom_components.price_tracker.services.buywisely.json_parser_utils:json_parser_utils.py:94 [DIAG][find_product_with_offers_recursive] Processing data (type: <class 'str'>): meta...
DEBUG    custom_components.price_tracker.services.buywisely.json_parser_utils:json_parser_utils.py:107 [DIAG][find_product_with_offers_recursive] Recursing into list item 2
DEBUG    custom_components.price_tracker.services.buywisely.json_parser_utils:json_parser_utils.py:94 [DIAG][find_product_with_offers_recursive] Processing data (type: <class 'str'>): 9...
DEBUG    custom_components.price_tracker.services.buywisely.json_parser_utils:json_parser_utils.py:107 [DIAG][find_product_with_offers_recursive] Recursing into list item 3
DEBUG    custom_components.price_tracker.services.buywisely.json_parser_utils:json_parser_utils.py:94 [DIAG][find_product_with_offers_recursive] Processing data (type: <class 'dict'>): {'property': 'og:description', 'content': 'Crafted from premium materials and featuring military-gra...
DEBUG    custom_components.price_tracker.services.buywisely.json_parser_utils:json_parser_utils.py:100 [DIAG][find_product_with_offers_recursive] Recursing into key 'property'
DEBUG    custom_components.price_tracker.services.buywisely.json_parser_utils:json_parser_utils.py:94 [DIAG][find_product_with_offers_recursive] Processing data (type: <class 'str'>): og:description...
DEBUG    custom_components.price_tracker.services.buywisely.json_parser_utils:json_parser_utils.py:100 [DIAG][find_product_with_offers_recursive] Recursing into key 'content'
DEBUG    custom_components.price_tracker.services.buywisely.json_parser_utils:json_parser_utils.py:94 [DIAG][find_product_with_offers_recursive] Processing data (type: <class 'str'>): Crafted from premium materials and featuring military-grade¹ durability, moto g75 5G is made for eve...
DEBUG    custom_components.price_tracker.services.buywisely.json_parser_utils:json_parser_utils.py:107 [DIAG][find_product_with_offers_recursive] Recursing into list item 10
DEBUG    custom_components.price_tracker.services.buywisely.json_parser_utils:json_parser_utils.py:94 [DIAG][find_product_with_offers_recursive] Processing data (type: <class 'list'>): ['$', 'meta', '10', {'property': 'og:image', 'content': 'https://encrypted-tbn0.gstatic.com/shopping...
DEBUG    custom_components.price_tracker.services.buywisely.json_parser_utils:json_parser_utils.py:105 [DIAG][find_product_with_offers_recursive] Iterating list of length 4
DEBUG    custom_components.price_tracker.services.buywisely.json_parser_utils:json_parser_utils.py:107 [DIAG][find_product_with_offers_recursive] Recursing into list item 0
DEBUG    custom_components.price_tracker.services.buywisely.json_parser_utils:json_parser_utils.py:94 [DIAG][find_product_with_offers_recursive] Processing data (type: <class 'str'>): $...
DEBUG    custom_components.price_tracker.services.buywisely.json_parser_utils:json_parser_utils.py:107 [DIAG][find_product_with_offers_recursive] Recursing into list item 1
DEBUG    custom_components.price_tracker.services.buywisely.json_parser_utils:json_parser_utils.py:94 [DIAG][find_product_with_offers_recursive] Processing data (type: <class 'str'>): meta...
DEBUG    custom_components.price_tracker.services.buywisely.json_parser_utils:json_parser_utils.py:107 [DIAG][find_product_with_offers_recursive] Recursing into list item 2
DEBUG    custom_components.price_tracker.services.buywisely.json_parser_utils:json_parser_utils.py:94 [DIAG][find_product_with_offers_recursive] Processing data (type: <class 'str'>): 10...
DEBUG    custom_components.price_tracker.services.buywisely.json_parser_utils:json_parser_utils.py:107 [DIAG][find_product_with_offers_recursive] Recursing into list item 3
DEBUG    custom_components.price_tracker.services.buywisely.json_parser_utils:json_parser_utils.py:94 [DIAG][find_product_with_offers_recursive] Processing data (type: <class 'dict'>): {'property': 'og:image', 'content': 'https://encrypted-tbn0.gstatic.com/shopping?q=tbn:ANd9GcTN0NDdr...
DEBUG    custom_components.price_tracker.services.buywisely.json_parser_utils:json_parser_utils.py:100 [DIAG][find_product_with_offers_recursive] Recursing into key 'property'
DEBUG    custom_components.price_tracker.services.buywisely.json_parser_utils:json_parser_utils.py:94 [DIAG][find_product_with_offers_recursive] Processing data (type: <class 'str'>): og:image...
DEBUG    custom_components.price_tracker.services.buywisely.json_parser_utils:json_parser_utils.py:100 [DIAG][find_product_with_offers_recursive] Recursing into key 'content'
DEBUG    custom_components.price_tracker.services.buywisely.json_parser_utils:json_parser_utils.py:94 [DIAG][find_product_with_offers_recursive] Processing data (type: <class 'str'>): https://encrypted-tbn0.gstatic.com/shopping?q=tbn:ANd9GcTN0NDdrPCDIn9NaiVIb7vTMSRVKBOQbkBMTHJyb9dzqC...
DEBUG    custom_components.price_tracker.services.buywisely.json_parser_utils:json_parser_utils.py:107 [DIAG][find_product_with_offers_recursive] Recursing into list item 11
DEBUG    custom_components.price_tracker.services.buywisely.json_parser_utils:json_parser_utils.py:94 [DIAG][find_product_with_offers_recursive] Processing data (type: <class 'list'>): ['$', 'meta', '11', {'name': 'twitter:card', 'content': 'summary_large_image'}]...
DEBUG    custom_components.price_tracker.services.buywisely.json_parser_utils:json_parser_utils.py:105 [DIAG][find_product_with_offers_recursive] Iterating list of length 4
DEBUG    custom_components.price_tracker.services.buywisely.json_parser_utils:json_parser_utils.py:107 [DIAG][find_product_with_offers_recursive] Recursing into list item 0
DEBUG    custom_components.price_tracker.services.buywisely.json_parser_utils:json_parser_utils.py:94 [DIAG][find_product_with_offers_recursive] Processing data (type: <class 'str'>): $...
DEBUG    custom_components.price_tracker.services.buywisely.json_parser_utils:json_parser_utils.py:107 [DIAG][find_product_with_offers_recursive] Recursing into list item 1
DEBUG    custom_components.price_tracker.services.buywisely.json_parser_utils:json_parser_utils.py:94 [DIAG][find_product_with_offers_recursive] Processing data (type: <class 'str'>): meta...
DEBUG    custom_components.price_tracker.services.buywisely.json_parser_utils:json_parser_utils.py:107 [DIAG][find_product_with_offers_recursive] Recursing into list item 2
DEBUG    custom_components.price_tracker.services.buywisely.json_parser_utils:json_parser_utils.py:94 [DIAG][find_product_with_offers_recursive] Processing data (type: <class 'str'>): 11...
DEBUG    custom_components.price_tracker.services.buywisely.json_parser_utils:json_parser_utils.py:107 [DIAG][find_product_with_offers_recursive] Recursing into list item 3
DEBUG    custom_components.price_tracker.services.buywisely.json_parser_utils:json_parser_utils.py:94 [DIAG][find_product_with_offers_recursive] Processing data (type: <class 'dict'>): {'name': 'twitter:card', 'content': 'summary_large_image'}...
DEBUG    custom_components.price_tracker.services.buywisely.json_parser_utils:json_parser_utils.py:100 [DIAG][find_product_with_offers_recursive] Recursing into key 'name'
DEBUG    custom_components.price_tracker.services.buywisely.json_parser_utils:json_parser_utils.py:94 [DIAG][find_product_with_offers_recursive] Processing data (type: <class 'str'>): twitter:card...
DEBUG    custom_components.price_tracker.services.buywisely.json_parser_utils:json_parser_utils.py:100 [DIAG][find_product_with_offers_recursive] Recursing into key 'content'
DEBUG    custom_components.price_tracker.services.buywisely.json_parser_utils:json_parser_utils.py:94 [DIAG][find_product_with_offers_recursive] Processing data (type: <class 'str'>): summary_large_image...
DEBUG    custom_components.price_tracker.services.buywisely.json_parser_utils:json_parser_utils.py:107 [DIAG][find_product_with_offers_recursive] Recursing into list item 12
DEBUG    custom_components.price_tracker.services.buywisely.json_parser_utils:json_parser_utils.py:94 [DIAG][find_product_with_offers_recursive] Processing data (type: <class 'list'>): ['$', 'meta', '12', {'name': 'twitter:title', 'content': 'Price History, Comparison & Tracking | Sav...
DEBUG    custom_components.price_tracker.services.buywisely.json_parser_utils:json_parser_utils.py:105 [DIAG][find_product_with_offers_recursive] Iterating list of length 4
DEBUG    custom_components.price_tracker.services.buywisely.json_parser_utils:json_parser_utils.py:107 [DIAG][find_product_with_offers_recursive] Recursing into list item 0
DEBUG    custom_components.price_tracker.services.buywisely.json_parser_utils:json_parser_utils.py:94 [DIAG][find_product_with_offers_recursive] Processing data (type: <class 'str'>): $...
DEBUG    custom_components.price_tracker.services.buywisely.json_parser_utils:json_parser_utils.py:107 [DIAG][find_product_with_offers_recursive] Recursing into list item 1
DEBUG    custom_components.price_tracker.services.buywisely.json_parser_utils:json_parser_utils.py:94 [DIAG][find_product_with_offers_recursive] Processing data (type: <class 'str'>): meta...
DEBUG    custom_components.price_tracker.services.buywisely.json_parser_utils:json_parser_utils.py:107 [DIAG][find_product_with_offers_recursive] Recursing into list item 2
DEBUG    custom_components.price_tracker.services.buywisely.json_parser_utils:json_parser_utils.py:94 [DIAG][find_product_with_offers_recursive] Processing data (type: <class 'str'>): 12...
DEBUG    custom_components.price_tracker.services.buywisely.json_parser_utils:json_parser_utils.py:107 [DIAG][find_product_with_offers_recursive] Recursing into list item 3
DEBUG    custom_components.price_tracker.services.buywisely.json_parser_utils:json_parser_utils.py:94 [DIAG][find_product_with_offers_recursive] Processing data (type: <class 'dict'>): {'name': 'twitter:title', 'content': 'Price History, Comparison & Tracking | Save Money on Your Purc...
DEBUG    custom_components.price_tracker.services.buywisely.json_parser_utils:json_parser_utils.py:100 [DIAG][find_product_with_offers_recursive] Recursing into key 'name'
DEBUG    custom_components.price_tracker.services.buywisely.json_parser_utils:json_parser_utils.py:94 [DIAG][find_product_with_offers_recursive] Processing data (type: <class 'str'>): twitter:title...
DEBUG    custom_components.price_tracker.services.buywisely.json_parser_utils:json_parser_utils.py:100 [DIAG][find_product_with_offers_recursive] Recursing into key 'content'
DEBUG    custom_components.price_tracker.services.buywisely.json_parser_utils:json_parser_utils.py:94 [DIAG][find_product_with_offers_recursive] Processing data (type: <class 'str'>): Price History, Comparison & Tracking | Save Money on Your Purchases...
DEBUG    custom_components.price_tracker.services.buywisely.json_parser_utils:json_parser_utils.py:107 [DIAG][find_product_with_offers_recursive] Recursing into list item 13
DEBUG    custom_components.price_tracker.services.buywisely.json_parser_utils:json_parser_utils.py:94 [DIAG][find_product_with_offers_recursive] Processing data (type: <class 'list'>): ['$', 'meta', '13', {'name': 'twitter:description', 'content': 'Track price history, compare prices,...
DEBUG    custom_components.price_tracker.services.buywisely.json_parser_utils:json_parser_utils.py:105 [DIAG][find_product_with_offers_recursive] Iterating list of length 4
DEBUG    custom_components.price_tracker.services.buywisely.json_parser_utils:json_parser_utils.py:107 [DIAG][find_product_with_offers_recursive] Recursing into list item 0
DEBUG    custom_components.price_tracker.services.buywisely.json_parser_utils:json_parser_utils.py:94 [DIAG][find_product_with_offers_recursive] Processing data (type: <class 'str'>): $...
DEBUG    custom_components.price_tracker.services.buywisely.json_parser_utils:json_parser_utils.py:107 [DIAG][find_product_with_offers_recursive] Recursing into list item 1
DEBUG    custom_components.price_tracker.services.buywisely.json_parser_utils:json_parser_utils.py:94 [DIAG][find_product_with_offers_recursive] Processing data (type: <class 'str'>): meta...
DEBUG    custom_components.price_tracker.services.buywisely.json_parser_utils:json_parser_utils.py:107 [DIAG][find_product_with_offers_recursive] Recursing into list item 2
DEBUG    custom_components.price_tracker.services.buywisely.json_parser_utils:json_parser_utils.py:94 [DIAG][find_product_with_offers_recursive] Processing data (type: <class 'str'>): 13...
DEBUG    custom_components.price_tracker.services.buywisely.json_parser_utils:json_parser_utils.py:107 [DIAG][find_product_with_offers_recursive] Recursing into list item 3
DEBUG    custom_components.price_tracker.services.buywisely.json_parser_utils:json_parser_utils.py:94 [DIAG][find_product_with_offers_recursive] Processing data (type: <class 'dict'>): {'name': 'twitter:description', 'content': 'Track price history, compare prices, and set price alert...
DEBUG    custom_components.price_tracker.services.buywisely.json_parser_utils:json_parser_utils.py:100 [DIAG][find_product_with_offers_recursive] Recursing into key 'name'
DEBUG    custom_components.price_tracker.services.buywisely.json_parser_utils:json_parser_utils.py:94 [DIAG][find_product_with_offers_recursive] Processing data (type: <class 'str'>): twitter:description...
DEBUG    custom_components.price_tracker.services.buywisely.json_parser_utils:json_parser_utils.py:100 [DIAG][find_product_with_offers_recursive] Recursing into key 'content'
DEBUG    custom_components.price_tracker.services.buywisely.json_parser_utils:json_parser_utils.py:94 [DIAG][find_product_with_offers_recursive] Processing data (type: <class 'str'>): Track price history, compare prices, and set price alerts for products across 20,000+ online shops. ...
DEBUG    custom_components.price_tracker.services.buywisely.json_parser_utils:json_parser_utils.py:107 [DIAG][find_product_with_offers_recursive] Recursing into list item 14
DEBUG    custom_components.price_tracker.services.buywisely.json_parser_utils:json_parser_utils.py:94 [DIAG][find_product_with_offers_recursive] Processing data (type: <class 'list'>): ['$', 'meta', '14', {'name': 'twitter:image', 'content': 'https://buywisely.com.au/assets/images/lan...
DEBUG    custom_components.price_tracker.services.buywisely.json_parser_utils:json_parser_utils.py:105 [DIAG][find_product_with_offers_recursive] Iterating list of length 4
DEBUG    custom_components.price_tracker.services.buywisely.json_parser_utils:json_parser_utils.py:107 [DIAG][find_product_with_offers_recursive] Recursing into list item 0
DEBUG    custom_components.price_tracker.services.buywisely.json_parser_utils:json_parser_utils.py:94 [DIAG][find_product_with_offers_recursive] Processing data (type: <class 'str'>): $...
DEBUG    custom_components.price_tracker.services.buywisely.json_parser_utils:json_parser_utils.py:107 [DIAG][find_product_with_offers_recursive] Recursing into list item 1
DEBUG    custom_components.price_tracker.services.buywisely.json_parser_utils:json_parser_utils.py:94 [DIAG][find_product_with_offers_recursive] Processing data (type: <class 'str'>): meta...
DEBUG    custom_components.price_tracker.services.buywisely.json_parser_utils:json_parser_utils.py:107 [DIAG][find_product_with_offers_recursive] Recursing into list item 2
DEBUG    custom_components.price_tracker.services.buywisely.json_parser_utils:json_parser_utils.py:94 [DIAG][find_product_with_offers_recursive] Processing data (type: <class 'str'>): 14...
DEBUG    custom_components.price_tracker.services.buywisely.json_parser_utils:json_parser_utils.py:107 [DIAG][find_product_with_offers_recursive] Recursing into list item 3
DEBUG    custom_components.price_tracker.services.buywisely.json_parser_utils:json_parser_utils.py:94 [DIAG][find_product_with_offers_recursive] Processing data (type: <class 'dict'>): {'name': 'twitter:image', 'content': 'https://buywisely.com.au/assets/images/landing/preview.png'}...
DEBUG    custom_components.price_tracker.services.buywisely.json_parser_utils:json_parser_utils.py:100 [DIAG][find_product_with_offers_recursive] Recursing into key 'name'
DEBUG    custom_components.price_tracker.services.buywisely.json_parser_utils:json_parser_utils.py:94 [DIAG][find_product_with_offers_recursive] Processing data (type: <class 'str'>): twitter:image...
DEBUG    custom_components.price_tracker.services.buywisely.json_parser_utils:json_parser_utils.py:100 [DIAG][find_product_with_offers_recursive] Recursing into key 'content'
DEBUG    custom_components.price_tracker.services.buywisely.json_parser_utils:json_parser_utils.py:94 [DIAG][find_product_with_offers_recursive] Processing data (type: <class 'str'>): https://buywisely.com.au/assets/images/landing/preview.png...
DEBUG    custom_components.price_tracker.services.buywisely.json_parser_utils:json_parser_utils.py:107 [DIAG][find_product_with_offers_recursive] Recursing into list item 15
DEBUG    custom_components.price_tracker.services.buywisely.json_parser_utils:json_parser_utils.py:94 [DIAG][find_product_with_offers_recursive] Processing data (type: <class 'list'>): ['$', 'meta', '15', {'name': 'next-size-adjust'}]...
DEBUG    custom_components.price_tracker.services.buywisely.json_parser_utils:json_parser_utils.py:105 [DIAG][find_product_with_offers_recursive] Iterating list of length 4
DEBUG    custom_components.price_tracker.services.buywisely.json_parser_utils:json_parser_utils.py:107 [DIAG][find_product_with_offers_recursive] Recursing into list item 0
DEBUG    custom_components.price_tracker.services.buywisely.json_parser_utils:json_parser_utils.py:94 [DIAG][find_product_with_offers_recursive] Processing data (type: <class 'str'>): $...
DEBUG    custom_components.price_tracker.services.buywisely.json_parser_utils:json_parser_utils.py:107 [DIAG][find_product_with_offers_recursive] Recursing into list item 1
DEBUG    custom_components.price_tracker.services.buywisely.json_parser_utils:json_parser_utils.py:94 [DIAG][find_product_with_offers_recursive] Processing data (type: <class 'str'>): meta...
DEBUG    custom_components.price_tracker.services.buywisely.json_parser_utils:json_parser_utils.py:107 [DIAG][find_product_with_offers_recursive] Recursing into list item 2
DEBUG    custom_components.price_tracker.services.buywisely.json_parser_utils:json_parser_utils.py:94 [DIAG][find_product_with_offers_recursive] Processing data (type: <class 'str'>): 15...
DEBUG    custom_components.price_tracker.services.buywisely.json_parser_utils:json_parser_utils.py:107 [DIAG][find_product_with_offers_recursive] Recursing into list item 3
DEBUG    custom_components.price_tracker.services.buywisely.json_parser_utils:json_parser_utils.py:94 [DIAG][find_product_with_offers_recursive] Processing data (type: <class 'dict'>): {'name': 'next-size-adjust'}...
DEBUG    custom_components.price_tracker.services.buywisely.json_parser_utils:json_parser_utils.py:100 [DIAG][find_product_with_offers_recursive] Recursing into key 'name'
DEBUG    custom_components.price_tracker.services.buywisely.json_parser_utils:json_parser_utils.py:94 [DIAG][find_product_with_offers_recursive] Processing data (type: <class 'str'>): next-size-adjust...
DEBUG    custom_components.price_tracker.services.buywisely.hydration_parser:hydration_parser.py:95 [DIAG] Resolved string for key 5: null...
DEBUG    custom_components.price_tracker.services.buywisely.hydration_parser:hydration_parser.py:95 [DIAG] Resolved string for key 6: {"gid":"15797211988331096831","image":"https://encrypted-tbn0.gstatic.com/shopping?q=tbn:ANd9GcSMKJEcJ5xuZEACgvb5b-OsiulwL1b5Ivy7wbsYiJ3A2vpwsAhIjV_QMfs2iyap5nDsHiEzTcaeGYaz_I5WBRrUjD5abtI2D4WPYd1uowVZArHKnsIo95M\u0026usqp=CAY"}...
DEBUG    custom_components.price_tracker.services.buywisely.hydration_parser:hydration_parser.py:95 [DIAG] Resolved string for key 2b: I[70760,["3655","static/chunks/3655-f78e4e363a5541d0.js","6290","static/chunks/6290-2a8ce89a0b5a3df8.js","6381","static/chunks/6381-2b873addadcb95f3.js","6310","static/chunks/6310-99207018fb617736.js","5469","static/chunks/5469-d5f85e2b5dbb2663.js","6341","static/chunks/6341-ca54939c2b36d77d.js","6252","static/chunks/6252-920c83842bca245b.js","6574","static/chunks/6574-85b13196e7d2f55e.js","307","static/chunks/307-cefa9bd2f7381bf5.js","2665","static/chunks/2665-2d172eda87a962e3.js","8393","stati...
WARNING  custom_components.price_tracker.services.buywisely.hydration_parser:hydration_parser.py:112 Could not parse resolved record 2b: ('Unknown identifier', 'I')
DEBUG    custom_components.price_tracker.services.buywisely.hydration_parser:hydration_parser.py:95 [DIAG] Resolved string for key 2c: I[61165,["3655","static/chunks/3655-f78e4e363a5541d0.js","6290","static/chunks/6290-2a8ce89a0b5a3df8.js","6381","static/chunks/6381-2b873addadcb95f3.js","6310","static/chunks/6310-99207018fb617736.js","5469","static/chunks/5469-d5f85e2b5dbb2663.js","6341","static/chunks/6341-ca54939c2b36d77d.js","6252","static/chunks/6252-920c83842bca245b.js","6574","static/chunks/6574-85b13196e7d2f55e.js","307","static/chunks/307-cefa9bd2f7381bf5.js","2665","static/chunks/2665-2d172eda87a962e3.js","8393","stati...
WARNING  custom_components.price_tracker.services.buywisely.hydration_parser:hydration_parser.py:112 Could not parse resolved record 2c: ('Unknown identifier', 'I')
DEBUG    custom_components.price_tracker.services.buywisely.hydration_parser:hydration_parser.py:95 [DIAG] Resolved string for key 2d: I[67988,["3655","static/chunks/3655-f78e4e363a5541d0.js","6290","static/chunks/6290-2a8ce89a0b5a3df8.js","6381","static/chunks/6381-2b873addadcb95f3.js","6310","static/chunks/6310-99207018fb617736.js","5469","static/chunks/5469-d5f85e2b5dbb2663.js","6341","static/chunks/6341-ca54939c2b36d77d.js","6252","static/chunks/6252-920c83842bca245b.js","6574","static/chunks/6574-85b13196e7d2f55e.js","307","static/chunks/307-cefa9bd2f7381bf5.js","2665","static/chunks/2665-2d172eda87a962e3.js","8393","stati...
DEBUG    custom_components.price_tracker.services.buywisely.hydration_parser:hydration_parser.py:95 [DIAG] Resolved string for key 2e: I[66079,["3655","static/chunks/3655-f78e4e363a5541d0.js","6290","static/chunks/6290-2a8ce89a0b5a3df8.js","6381","static/chunks/6381-2b873addadcb95f3.js","6310","static/chunks/6310-99207018fb617736.js","5469","static/chunks/5469-d5f85e2b5dbb2663.js","6341","static/chunks/6341-ca54939c2b36d77d.js","6252","static/chunks/6252-920c83842bca245b.js","6574","static/chunks/6574-85b13196e7d2f55e.js","307","static/chunks/307-cefa9bd2f7381bf5.js","2665","static/chunks/2665-2d172eda87a962e3.js","8393","stati...
WARNING  custom_components.price_tracker.services.buywisely.hydration_parser:hydration_parser.py:112 Could not parse resolved record 2e: ('Unknown identifier', 'I')
DEBUG    custom_components.price_tracker.services.buywisely.hydration_parser:hydration_parser.py:95 [DIAG] Resolved string for key 2f: I[61165,["3655","static/chunks/3655-f78e4e363a5541d0.js","6290","static/chunks/6290-2a8ce89a0b5a3df8.js","6381","static/chunks/6381-2b873addadcb95f3.js","6310","static/chunks/6310-99207018fb617736.js","5469","static/chunks/5469-d5f85e2b5dbb2663.js","6341","static/chunks/6341-ca54939c2b36d77d.js","6252","static/chunks/6252-920c83842bca245b.js","6574","static/chunks/6574-85b13196e7d2f55e.js","307","static/chunks/307-cefa9bd2f7381bf5.js","2665","static/chunks/2665-2d172eda87a962e3.js","8393","stati...
WARNING  custom_components.price_tracker.services.buywisely.hydration_parser:hydration_parser.py:112 Could not parse resolved record 2f: ('Unknown identifier', 'I')
DEBUG    custom_components.price_tracker.services.buywisely.hydration_parser:hydration_parser.py:95 [DIAG] Resolved string for key 30: I[74191,["3655","static/chunks/3655-f78e4e363a5541d0.js","6290","static/chunks/6290-2a8ce89a0b5a3df8.js","6381","static/chunks/6381-2b873addadcb95f3.js","6310","static/chunks/6310-99207018fb617736.js","5469","static/chunks/5469-d5f85e2b5dbb2663.js","6341","stati...
DEBUG    custom_components.price_tracker.services.buywisely.hydration_parser:hydration_parser.py:95 [DIAG] Resolved string for key 31: I[61165,["3655","static/chunks/3655-f78e4e363a5541d0.js","6290","static/chunks/6290-2a8ce89a0b5a3df8.js","6381","static/chunks/6381-2b873addadcb95f3.js","6310","static/chunks/6310-99207018fb617736.js","5469","static/chunks/5469-d5f85e2b5dbb2663.js","6341","static/chunks/6341-ca54939c2b36d77d.js","6252","static/chunks/6252-920c83842bca245b.js","6574","static/chunks/6574-85b13196e7d2f55e.js","307","static/chunks/307-cefa9bd2f7381bf5.js","2665","static/chunks/2665-2d172eda87a962e3.js","8393","stati...
WARNING  custom_components.price_tracker.services.buywisely.hydration_parser:hydration_parser.py:112 Could not parse resolved record 31: ('Unknown identifier', 'I')
DEBUG    custom_components.price_tracker.services.buywisely.hydration_parser:hydration_parser.py:95 [DIAG] Resolved string for key 32: I[40958,["3655","static/chunks/3655-f78e4e363a5541d0.js","6290","static/chunks/6290-2a8ce89a0b5a3df8.js","6381","static/chunks/6381-2b873addadcb95f3.js","6310","static/chunks/6310-99207018fb617736.js","5469","static/chunks/5469-d5f85e2b5dbb2663.js","6341","static/chunks/6341-ca54939c2b36d77d.js","6252","static/chunks/6252-920c83842bca245b.js","6574","static/chunks/6574-85b13196e7d2f55e.js","307","static/chunks/307-cefa9bd2f7381bf5.js","2665","static/chunks/2665-2d172eda87a962e3.js","8393","stati...
WARNING  custom_components.price_tracker.services.buywisely.hydration_parser:hydration_parser.py:112 Could not parse resolved record 32: ('Unknown identifier', 'I')
DEBUG    custom_components.price_tracker.services.buywisely.hydration_parser:hydration_parser.py:95 [DIAG] Resolved string for key 51: I[61165,["3655","static/chunks/3655-f78e4e363a5541d0.js","6290","static/chunks/6290-2a8ce89a0b5a3df8.js","6381","static/chunks/6381-2b873addadcb95f3.js","6310","static/chunks/6310-99207018fb617736.js","5469","static/chunks/5469-d5f85e2b5dbb2663.js","6341","static/chunks/6341-ca54939c2b36d77d.js","6252","static/chunks/6252-920c83842bca245b.js","6574","static/chunks/6574-85b13196e7d2f55e.js","307","static/chunks/307-cefa9bd2f7381bf5.js","2665","static/chunks/2665-2d172eda87a962e3.js","8393","stati...
WARNING  custom_components.price_tracker.services.buywisely.hydration_parser:hydration_parser.py:112 Could not parse resolved record 51: ('Unknown identifier', 'I')
DEBUG    custom_components.price_tracker.services.buywisely.hydration_parser:hydration_parser.py:95 [DIAG] Resolved string for key 52: I[97452,["3655","static/chunks/3655-f78e4e363a5541d0.js","6290","static/chunks/6290-2a8ce89a0b5a3df8.js","6381","static/chunks/6381-2b873addadcb95f3.js","6310","static/chunks/6310-99207018fb617736.js","5469","static/chunks/5469-d5f85e2b5dbb2663.js","6341","static/chunks/6341-ca54939c2b36d77d.js","6252","static/chunks/6252-920c83842bca245b.js","6574","static/chunks/6574-85b13196e7d2f55e.js","307","static/chunks/307-cefa9bd2f7381bf5.js","2665","static/chunks/2665-2d172eda87a962e3.js","8393","stati...
WARNING  custom_components.price_tracker.services.buywisely.hydration_parser:hydration_parser.py:112 Could not parse resolved record 52: ('Unknown identifier', 'I')
DEBUG    custom_components.price_tracker.services.buywisely.hydration_parser:hydration_parser.py:95 [DIAG] Resolved string for key 53: I[65469,["3655","static/chunks/3655-f78e4e363a5541d0.js","6290","static/chunks/6290-2a8ce89a0b5a3df8.js","6381","static/chunks/6381-2b873addadcb95f3.js","6310","static/chunks/6310-99207018fb617736.js","5469","static/chunks/5469-d5f85e2b5dbb2663.js","6341","static/chunks/6341-ca54939c2b36d77d.js","6252","static/chunks/6252-920c83842bca245b.js","6574","static/chunks/6574-85b13196e7d2f55e.js","307","static/chunks/307-cefa9bd2f7381bf5.js","2665","static/chunks/2665-2d172eda87a962e3.js","8393","stati...
DEBUG    custom_components.price_tracker.services.buywisely.hydration_parser:hydration_parser.py:95 [DIAG] Resolved string for key 54: I[77509,["3655","static/chunks/3655-f78e4e363a5541d0.js","6290","static/chunks/6290-2a8ce89a0b5a3df8.js","6381","static/chunks/6381-2b873addadcb95f3.js","6310","static/chunks/6310-99207018fb617736.js","5469","static/chunks/5469-d5f85e2b5dbb2663.js","6341","static/chunks/6341-ca54939c2b36d77d.js","6252","static/chunks/6252-920c83842bca245b.js","6574","static/chunks/6574-85b13196e7d2f55e.js","307","static/chunks/307-cefa9bd2f7381bf5.js","2665","static/chunks/2665-2d172eda87a962e3.js","8393","stati...
WARNING  custom_components.price_tracker.services.buywisely.hydration_parser:hydration_parser.py:112 Could not parse resolved record 54: ('Unknown identifier', 'I')
DEBUG    custom_components.price_tracker.services.buywisely.hydration_parser:hydration_parser.py:95 [DIAG] Resolved string for key 55: I[61165,["3655","static/chunks/3655-f78e4e363a5541d0.js","6290","static/chunks/6290-2a8ce89a0b5a3df8.js","6381","static/chunks/6381-2b873addadcb95f3.js","6310","static/chunks/6310-99207018fb617736.js","5469","static/chunks/5469-d5f85e2b5dbb2663.js","6341","static/chunks/6341-ca54939c2b36d77d.js","6252","static/chunks/6252-920c83842bca245b.js","6574","static/chunks/6574-85b13196e7d2f55e.js","307","static/chunks/307-cefa9bd2f7381bf5.js","2665","static/chunks/2665-2d172eda87a962e3.js","8393","stati...
WARNING  custom_components.price_tracker.services.buywisely.hydration_parser:hydration_parser.py:112 Could not parse resolved record 55: ('Unknown identifier', 'I')
DEBUG    custom_components.price_tracker.services.buywisely.hydration_parser:hydration_parser.py:95 [DIAG] Resolved string for key 56: I[61165,["3655","static/chunks/3655-f78e4e363a5541d0.js","6290","static/chunks/6290-2a8ce89a0b5a3df8.js","6381","static/chunks/6381-2b873addadcb95f3.js","6310","static/chunks/6310-99207018fb617736.js","5469","static/chunks/5469-d5f85e2b5dbb2663.js","6341","sta...
DEBUG    custom_components.price_tracker.services.buywisely.hydration_parser:hydration_parser.py:95 [DIAG] Resolved string for key 57: I[61165,["3655","static/chunks/3655-f78e4e363a5541d0.js","6290","static/chunks/6290-2a8ce89a0b5a3df8.js","6381","static/chunks/6381-2b873addadcb95f3.js","6310","static/chunks/6310-99207018fb617736.js","5469","static/chunks/5469-d5f85e2b5dbb2663.js","6341","static/chunks/6341-ca54939c2b36d77d.js","6252","static/chunks/6252-920c83842bca245b.js","6574","static/chunks/6574-85b13196e7d2f55e.js","307","static/chunks/307-cefa9bd2f7381bf5.js","2665","static/chunks/2665-2d172eda87a962e3.js","8393","stati...
WARNING  custom_components.price_tracker.services.buywisely.hydration_parser:hydration_parser.py:112 Could not parse resolved record 57: ('Unknown identifier', 'I')
DEBUG    custom_components.price_tracker.services.buywisely.hydration_parser:hydration_parser.py:95 [DIAG] Resolved string for key 58: I[35658,["3655","static/chunks/3655-f78e4e363a5541d0.js","6290","static/chunks/6290-2a8ce89a0b5a3df8.js","6381","static/chunks/6381-2b873addadcb95f3.js","6310","static/chunks/6310-99207018fb617736.js","5469","static/chunks/5469-d5f85e2b5dbb2663.js","6341","static/chunks/6341-ca54939c2b36d77d.js","6252","static/chunks/6252-920c83842bca245b.js","6574","static/chunks/6574-85b13196e7d2f55e.js","307","static/chunks/307-cefa9bd2f7381bf5.js","2665","static/chunks/2665-2d172eda87a962e3.js","8393","stati...
WARNING  custom_components.price_tracker.services.buywisely.hydration_parser:hydration_parser.py:112 Could not parse resolved record 58: ('Unknown identifier', 'I')
DEBUG    custom_components.price_tracker.services.buywisely.hydration_parser:hydration_parser.py:95 [DIAG] Resolved string for key 34: []...
DEBUG    custom_components.price_tracker.services.buywisely.hydration_parser:hydration_parser.py:95 [DIAG] Resolved string for key 37: {"gid":"7830005719273689496","image":"https://encrypted-tbn2.gstatic.com/shopping?q=tbn:ANd9GcRj65GJdYa0MGuv8L9RWAAJVks98kaBva-KPH34o7Nn8_xgtjFvHpEsyG-G9u_PAZwKCzR1UnPFs6JC5duNRu9kW-AZSxHpJQaql2ly1iZ6Cl09iaqRzqc\u0026usqp=CAY"}...
DEBUG    custom_components.price_tracker.services.buywisely.hydration_parser:hydration_parser.py:95 [DIAG] Resolved string for key 38: {"gid":"10929348810251206946","image":"https://encrypted-tbn3.gstatic.com/shopping?q=tbn:ANd9GcQktEYbdVk26_5fVXmkf85U_V4MhhlgNSCKuEGMaIHFomdm78AIUKXN6e8XyuLWwiqXOJc6OF55c3TRby_V36YYx0Twj-TArJEJ3e_Z\u0026usqp=CAY"}...
DEBUG    custom_components.price_tracker.services.buywisely.hydration_parser:hydration_parser.py:95 [DIAG] Resolved string for key 35: ["$36",{"gid":"7830005719273689496","image":"https://encrypted-tbn2.gstatic.com/shopping?q=tbn:ANd9GcRj65GJdYa0MGuv8L9RWAAJVks98kaBva-KPH34o7Nn8_xgtjFvHpEsyG-G9u_PAZwKCzR1UnPFs6JC5duNRu9kW-AZSxHpJQaql2ly1iZ6Cl09iaqRzqc\u0026usqp=CAY"},{"gid":"10929348810251206946","image":"https://encrypted-tbn3.gstatic.com/shopping?q=tbn:ANd9GcQktEYbdVk26_5fVXmkf85U_V4MhhlgNSCKuEGMaIHFomdm78AIUKXN6e8XyuLWwiqXOJc6OF55c3TRby_V36YYx0Twj-TArJEJ3e_Z\u0026usqp=CAY"}]...
DEBUG    custom_components.price_tracker.services.buywisely.hydration_parser:hydration_parser.py:95 [DIAG] Resolved string for key 39: ["https://encrypted-tbn0.gstatic.com/shopping?q=tbn:ANd9GcSqDaT816y1UmPhBrzkea3Dn_Hh8yTT3fZX4XBtJEkQcCWOz-LJ1AMEbRRDBSKM-M061mIP09PmjUwBgDldhA0acuhIAop7lQ\u0026usqp=CAY","https://encrypted-tbn3.gstatic.com/shopping?q=tbn:ANd9GcQfbnmIwlniWJ2_8uNp4bDf-6Ju-12jrovvM3RkZ_F8hYC0DcS85hBW3VZ9oCT7zcvdcW7cG-u8JHbZQMXKs0v2Co4aSaICOQ\u0026usqp=CAY","https://encrypted-tbn0.gstatic.com/shopping?q=tbn:ANd9GcR8UqT2y3HwL6mbcrp9X3EK1qROspiqDkg2j-9eEDSoFr4zLWQaFn_YrCOAi5hlWIs3MKewSYZSOFGmiREKJJNSBeWTMR7I\u0026usqp...
DEBUG    custom_components.price_tracker.services.buywisely.hydration_parser:hydration_parser.py:95 [DIAG] Resolved string for key 3b: {"name":"Network","value":"5G"}...
DEBUG    custom_components.price_tracker.services.buywisely.hydration_parser:hydration_parser.py:95 [DIAG] Resolved string for key 3c: {"name":"Sim Card Type","value":"eSIM / Nano"}...
DEBUG    custom_components.price_tracker.services.buywisely.hydration_parser:hydration_parser.py:95 [DIAG] Resolved string for key 3d: {"name":"Operating System","value":"Android 14"}...
DEBUG    custom_components.price_tracker.services.buywisely.hydration_parser:hydration_parser.py:95 [DIAG] Resolved string for key 3e: {"name":"Display","value":"6.8 inches Full HD+"}...
DEBUG    custom_components.price_tracker.services.buywisely.hydration_parser:hydration_parser.py:95 [DIAG] Resolved string for key 3f: {"name":"Video Recording","value":"4K"}...
DEBUG    custom_components.price_tracker.services.buywisely.hydration_parser:hydration_parser.py:95 [DIAG] Resolved string for key 40: {"name":"Phone Family","value":"Moto g75"}...
DEBUG    custom_components.price_tracker.services.buywisely.hydration_parser:hydration_parser.py:95 [DIAG] Resolved string for key 41: {"name":"Expandable Storage","value":"up to 1TB microSD card expandable"}...
DEBUG    custom_components.price_tracker.services.buywisely.hydration_parser:hydration_parser.py:95 [DIAG] Resolved string for key 42: {"name":"RAM Size","value":"8GB"}...
DEBUG    custom_components.price_tracker.services.buywisely.hydration_parser:hydration_parser.py:95 [DIAG] Resolved string for key 43: {"name":"Bluetooth","value":"5.4"}...
DEBUG    custom_components.price_tracker.services.buywisely.hydration_parser:hydration_parser.py:95 [DIAG] Resolved string for key 44: {"name":"GPS","value":"GPS A-GPS LTEPP SUPL GLONASS Galileo QZSS BeiDou"}...
DEBUG    custom_components.price_tracker.services.buywisely.hydration_parser:hydration_parser.py:95 [DIAG] Resolved string for key 45: {"name":"Product Width (mm)","value":"77.1"}...
DEBUG    custom_components.price_tracker.services.buywisely.hydration_parser:hydration_parser.py:95 [DIAG] Resolved string for key 46: {"name":"Product Height (mm)","value":"165.95"}...
DEBUG    custom_components.price_tracker.services.buywisely.hydration_parser:hydration_parser.py:95 [DIAG] Resolved string for key 47: {"name":"Product Depth (mm)","value":"7.99"}...
DEBUG    custom_components.price_tracker.services.buywisely.hydration_parser:hydration_parser.py:95 [DIAG] Resolved string for key 48: {"name":"Battery","value":"5000mAh"}...
DEBUG    custom_components.price_tracker.services.buywisely.hydration_parser:hydration_parser.py:95 [DIAG] Resolved string for key 49: {"name":"Manufacturer's Warranty","value":"2 Years"}...
DEBUG    custom_components.price_tracker.services.buywisely.hydration_parser:hydration_parser.py:95 [DIAG] Resolved string for key 4a: {"name":"Storage Size","value":"256GB"}...
DEBUG    custom_components.price_tracker.services.buywisely.hydration_parser:hydration_parser.py:95 [DIAG] Resolved string for key 4b: {"name":"Colour","value":"Charcoal Grey"}...
DEBUG    custom_components.price_tracker.services.buywisely.hydration_parser:hydration_parser.py:95 [DIAG] Resolved string for key 4c: {"name":"Display Resolution","value":"2388 1080"}...
DEBUG    custom_components.price_tracker.services.buywisely.hydration_parser:hydration_parser.py:95 [DIAG] Resolved string for key 4d: {"name":"Weight (g)","value":"180"}...
DEBUG    custom_components.price_tracker.services.buywisely.hydration_parser:hydration_parser.py:95 [DIAG] Resolved string for key 4e: {"name":"Front Camera","value":"8MP"}...
DEBUG    custom_components.price_tracker.services.buywisely.hydration_parser:hydration_parser.py:95 [DIAG] Resolved string for key 4f: {"name":"Rear Camera","value":"50MP"}...
DEBUG    custom_components.price_tracker.services.buywisely.hydration_parser:hydration_parser.py:95 [DIAG] Resolved string for key 50: {"name":"Release Year","value":"2024"}...
DEBUG    custom_components.price_tracker.services.buywisely.hydration_parser:hydration_parser.py:95 [DIAG] Resolved string for key 3a: [{"name":"Network","value":"5G"},{"name":"Sim Card Type","value":"eSIM / Nano"},{"name":"Operating System","value":"Android 14"},{"name":"Display","value":"6.8 inches Full HD+"},{"name":"Video Recording","value":"4K"},{"name":"Phone Family","value":"Moto g75"},{"name":"Expandable Storage","value":"up to 1TB microSD card expandable"},{"name":"RAM Size","value":"8GB"},{"name":"Bluetooth","value":"5.4"},{"name":"GPS","value":"GPS A-GPS LTEPP SUPL GLONASS Galileo QZSS BeiDou"},{"name":"Product Width...
DEBUG    custom_components.price_tracker.services.buywisely.hydration_parser:hydration_parser.py:95 [DIAG] Resolved string for key 33: {"title":"Motorola Moto G75 5G 256GB Grey with Buds","image":"https://encrypted-tbn0.gstatic.com/shopping?q=tbn:ANd9GcTN0NDdrPCDIn9NaiVIb7vTMSRVKBOQbkBMTHJyb9dzqC_WY5IGMoYuvnsDtsI8XvfpsX50GHyVY5kvPm-1nSr2bXEkwcR1sLJr1IR1dAkwVcXTXGOCB8frf7o","variants":...
DEBUG    custom_components.price_tracker.services.buywisely.hydration_parser:hydration_parser.py:95 [DIAG] Resolved string for key b: [["$","$L10",null,{"container":true,"justifyContent":"space-around","spacing":{"xs":0,"md":0},"children":[["$","$L10",null,{"item":true,"md":4,"xs":12,"children":["$","$L2b",null,{"product":{"title":"Motorola Moto G75 5G 256GB Grey with Buds","image":"https://encrypted-tbn0.gstatic.com/shopping?q=tbn:ANd9GcTN0NDdrPCDIn9NaiVIb7vTMSRVKBOQbkBMTHJyb9dzqC_WY5IGMoYuvnsDtsI8XvfpsX50GHyVY5kvPm-1nSr2bXEkwcR1sLJr1IR1dAkwVcXTXGOCB8frf7o","variants":[],"colors":[{"gid":"15797211988331096831","image":"https:...
WARNING  custom_components.price_tracker.services.buywisely.hydration_parser:hydration_parser.py:112 Could not parse resolved record b: Values must be separated by a comma
DEBUG    custom_components.price_tracker.services.buywisely.hydration_parser:hydration_parser.py:95 [DIAG] Resolved string for key 59: I[65161,["3655","static/chunks/3655-f78e4e363a5541d0.js","6290","static/chunks/6290-2a8ce89a0b5a3df8.js","6381","static/chunks/6381-2b873addadcb95f3.js","6310","static/chunks/6310-99207018fb617736.js","5469","static/chunks/5469-d5f85e2b5dbb2663.js","6341","static/chunks/6341-ca54939c2b36d77d.js","6252","static/chunks/6252-920c83842bca245b.js","6574","static/chunks/6574-85b13196e7d2f55e.js","307","static/chunks/307-cefa9bd2f7381bf5.js","2665","static/chunks/2665-2d172eda87a962e3.js","684","static...
WARNING  custom_components.price_tracker.services.buywisely.hydration_parser:hydration_parser.py:112 Could not parse resolved record 59: ('Unknown identifier', 'I')
DEBUG    custom_components.price_tracker.services.buywisely.hydration_parser:hydration_parser.py:95 [DIAG] Resolved string for key 5a: T6c8,Bought this for my daughter and I'm very impressed. The camera is more than capable for daylight photos and selfies. The processor and RAM are fast enough. I compared APP loading and camera launching vs my Samsung Ultra and there's little difference for normal use (processing video or intense gaming you can see a difference, but in normal use, they're close).It's a little on the big side, especially for a child, but the Military toughness and optional screen repair service make up for that....
DEBUG    custom_components.price_tracker.services.buywisely.hydration_parser:hydration_parser.py:95 [DIAG] Resolved string for key 11: ["$","$L59",null,{"product":{"id":83429707,"gid":"15797211988331096831","title":"Motorola Moto G75 5G 256GB Grey with Buds","image":"https://encrypted-tbn0.gstatic.com/shopping?q=tbn:ANd9GcTN0NDdrPCDIn9NaiVIb7vTMSRVKBOQbkBMTHJyb9dzqC_WY5IGMoYuvnsDtsI8XvfpsX50GHyVY5kvPm-1nSr2bXEkwcR1sLJr1IR1dAkwVcXTXGOCB8frf7o","created_at":"$D2024-11-30T20:11:12.579Z","updated_at":"$D2024-12-01T03:20:16.117Z","slug":"motorola-moto-g75-5g-256gb-grey-with-buds","thumbnails":["https://encrypted-tbn0.gstatic.com/sho...
WARNING  custom_components.price_tracker.services.buywisely.hydration_parser:hydration_parser.py:112 Could not parse resolved record 11: Values must be separated by a comma
INFO     custom_components.price_tracker.services.buywisely.hydration_parser:hydration_parser.py:114 Hydration parser found 0 product data object(s).
--------------------------- Captured stderr teardown ---------------------------
DEBUG:asyncio:Close <_UnixSelectorEventLoop running=False closed=False debug=True>
DEBUG:asyncio:Using selector: EpollSelector
---------------------------- Captured log teardown -----------------------------
DEBUG    asyncio:base_events.py:714 Close <_UnixSelectorEventLoop running=False closed=False debug=True>
DEBUG    asyncio:selector_events.py:64 Using selector: EpollSelector
=========================== short test summary info ============================
FAILED tests/buywisely/test_buywisely_parser.py::test_hydration_parser_with_real_data
============================== 1 failed in 2.41s ===============================
